
 Start         Length     Name                   Class
 0001:00401000 000ADB10H .text                   CODE
 0002:004AF000 00000D70H .itext                  ICODE
 0003:004B0000 000023B0H .data                   DATA
 0004:004B3000 00005334H .bss                    BSS
 0005:00000000 0000003CH .tls                    TLS


Detailed map of segments

 0001:00000000 00008F15 C=CODE     S=.text    G=(none)   M=System   ACBP=A9
 0001:00008F18 0000010D C=CODE     S=.text    G=(none)   M=SysInit  ACBP=A9
 0001:00009028 00000428 C=CODE     S=.text    G=(none)   M=Types    ACBP=A9
 0001:00009450 00001B15 C=CODE     S=.text    G=(none)   M=Windows  ACBP=A9
 0001:0000AF68 0000023D C=CODE     S=.text    G=(none)   M=Messages ACBP=A9
 0001:0000B1A8 00000172 C=CODE     S=.text    G=(none)   M=ActiveX  ACBP=A9
 0001:0000B31C 00000116 C=CODE     S=.text    G=(none)   M=CommCtrl ACBP=A9
 0001:0000B434 00000338 C=CODE     S=.text    G=(none)   M=SysConst ACBP=A9
 0001:0000B76C 000001A8 C=CODE     S=.text    G=(none)   M=RTLConsts ACBP=A9
 0001:0000B914 00000230 C=CODE     S=.text    G=(none)   M=Character ACBP=A9
 0001:0000BB44 00000131 C=CODE     S=.text    G=(none)   M=StrUtils ACBP=A9
 0001:0000BC78 0000C7FF C=CODE     S=.text    G=(none)   M=SysUtils ACBP=A9
 0001:00018478 000007D3 C=CODE     S=.text    G=(none)   M=VarUtils ACBP=A9
 0001:00018C4C 0000818C C=CODE     S=.text    G=(none)   M=Variants ACBP=A9
 0001:00020DD8 0000180B C=CODE     S=.text    G=(none)   M=TypInfo  ACBP=A9
 0001:000225E4 00019320 C=CODE     S=.text    G=(none)   M=Classes  ACBP=A9
 0001:0003B904 000002B0 C=CODE     S=.text    G=(none)   M=TimeSpan ACBP=A9
 0001:0003BBB4 000014EB C=CODE     S=.text    G=(none)   M=SyncObjs ACBP=A9
 0001:0003D0A0 00000D46 C=CODE     S=.text    G=(none)   M=UxTheme  ACBP=A9
 0001:0003DDE8 0000005B C=CODE     S=.text    G=(none)   M=Dwmapi   ACBP=A9
 0001:0003DE44 0000038D C=CODE     S=.text    G=(none)   M=Contnrs  ACBP=A9
 0001:0003E1D4 00001FDE C=CODE     S=.text    G=(none)   M=HelpIntfs ACBP=A9
 0001:000401B4 0000086B C=CODE     S=.text    G=(none)   M=MultiMon ACBP=A9
 0001:00040A20 00000268 C=CODE     S=.text    G=(none)   M=Consts   ACBP=A9
 0001:00040C88 000000FC C=CODE     S=.text    G=(none)   M=IOUtils  ACBP=A9
 0001:00040D84 0000007F C=CODE     S=.text    G=(none)   M=IniFiles ACBP=A9
 0001:00040E04 000030A2 C=CODE     S=.text    G=(none)   M=Registry ACBP=A9
 0001:00043EA8 0000D524 C=CODE     S=.text    G=(none)   M=Graphics ACBP=A9
 0001:000513CC 0000178A C=CODE     S=.text    G=(none)   M=GraphUtil ACBP=A9
 0001:00052B58 00004FDC C=CODE     S=.text    G=(none)   M=StdCtrls ACBP=A9
 0001:00057B34 00000026 C=CODE     S=.text    G=(none)   M=WinSpool ACBP=A9
 0001:00057B5C 00001DDB C=CODE     S=.text    G=(none)   M=Printers ACBP=A9
 0001:00059938 00000013 C=CODE     S=.text    G=(none)   M=Clipbrd  ACBP=A9
 0001:0005994C 000003FF C=CODE     S=.text    G=(none)   M=ExtCtrls ACBP=A9
 0001:00059D4C 00000415 C=CODE     S=.text    G=(none)   M=ComCtrls ACBP=A9
 0001:0005A164 000009E4 C=CODE     S=.text    G=(none)   M=Dialogs  ACBP=A9
 0001:0005AB48 00000189 C=CODE     S=.text    G=(none)   M=StdActns ACBP=A9
 0001:0005ACD4 00000387 C=CODE     S=.text    G=(none)   M=FlatSB   ACBP=A9
 0001:0005B05C 00009E75 C=CODE     S=.text    G=(none)   M=Menus    ACBP=A9
 0001:00064ED4 0001F6F4 C=CODE     S=.text    G=(none)   M=Controls ACBP=A9
 0001:000845C8 0000580E C=CODE     S=.text    G=(none)   M=Themes   ACBP=A9
 0001:00089DD8 00003961 C=CODE     S=.text    G=(none)   M=ImgList  ACBP=A9
 0001:0008D73C 0000235F C=CODE     S=.text    G=(none)   M=ActnList ACBP=A9
 0001:0008FA9C 000156DD C=CODE     S=.text    G=(none)   M=Forms    ACBP=A9
 0001:000A517C 00000346 C=CODE     S=.text    G=(none)   M=Logger   ACBP=A9
 0001:000A54C4 00000F0A C=CODE     S=.text    G=(none)   M=ALPC_LPC_Define ACBP=A9
 0001:000A63D0 00001464 C=CODE     S=.text    G=(none)   M=ALPC_Base ACBP=A9
 0001:000A7834 0000042F C=CODE     S=.text    G=(none)   M=SHA1     ACBP=A9
 0001:000A7C64 00000A2C C=CODE     S=.text    G=(none)   M=ALPC_Client ACBP=A9
 0001:000A8690 00000690 C=CODE     S=.text    G=(none)   M=ALPC_Client_Example ACBP=A9
 0001:000A8D20 00004DEF C=CODE     S=.text    G=(none)   M=FClient  ACBP=A9
 0002:00000000 000000AA C=ICODE    S=.itext   G=(none)   M=System   ACBP=A9
 0002:000000AC 00000016 C=ICODE    S=.itext   G=(none)   M=Windows  ACBP=A9
 0002:000000C4 000000B4 C=ICODE    S=.itext   G=(none)   M=SysUtils ACBP=A9
 0002:00000178 0000000F C=ICODE    S=.itext   G=(none)   M=VarUtils ACBP=A9
 0002:00000188 000000AA C=ICODE    S=.itext   G=(none)   M=Variants ACBP=A9
 0002:00000234 00000008 C=ICODE    S=.itext   G=(none)   M=TypInfo  ACBP=A9
 0002:0000023C 0000009D C=ICODE    S=.itext   G=(none)   M=Classes  ACBP=A9
 0002:000002DC 00000032 C=ICODE    S=.itext   G=(none)   M=TimeSpan ACBP=A9
 0002:00000310 0000000F C=ICODE    S=.itext   G=(none)   M=SyncObjs ACBP=A9
 0002:00000320 0000001B C=ICODE    S=.itext   G=(none)   M=UxTheme  ACBP=A9
 0002:0000033C 00000008 C=ICODE    S=.itext   G=(none)   M=HelpIntfs ACBP=A9
 0002:00000344 0000000F C=ICODE    S=.itext   G=(none)   M=MultiMon ACBP=A9
 0002:00000354 00000460 C=ICODE    S=.itext   G=(none)   M=IOUtils  ACBP=A9
 0002:000007B4 00000008 C=ICODE    S=.itext   G=(none)   M=IniFiles ACBP=A9
 0002:000007BC 00000008 C=ICODE    S=.itext   G=(none)   M=Registry ACBP=A9
 0002:000007C4 000000FB C=ICODE    S=.itext   G=(none)   M=Graphics ACBP=A9
 0002:000008C0 00000086 C=ICODE    S=.itext   G=(none)   M=GraphUtil ACBP=A9
 0002:00000948 00000008 C=ICODE    S=.itext   G=(none)   M=Printers ACBP=A9
 0002:00000950 00000078 C=ICODE    S=.itext   G=(none)   M=Clipbrd  ACBP=A9
 0002:000009C8 00000054 C=ICODE    S=.itext   G=(none)   M=ExtCtrls ACBP=A9
 0002:00000A1C 00000039 C=ICODE    S=.itext   G=(none)   M=ComCtrls ACBP=A9
 0002:00000A58 0000003D C=ICODE    S=.itext   G=(none)   M=Dialogs  ACBP=A9
 0002:00000A98 0000000F C=ICODE    S=.itext   G=(none)   M=FlatSB   ACBP=A9
 0002:00000AA8 00000085 C=ICODE    S=.itext   G=(none)   M=Menus    ACBP=A9
 0002:00000B30 00000088 C=ICODE    S=.itext   G=(none)   M=Controls ACBP=A9
 0002:00000BB8 00000008 C=ICODE    S=.itext   G=(none)   M=Themes   ACBP=A9
 0002:00000BC0 0000002A C=ICODE    S=.itext   G=(none)   M=ActnList ACBP=A9
 0002:00000BEC 0000005C C=ICODE    S=.itext   G=(none)   M=Forms    ACBP=A9
 0002:00000C48 0000000F C=ICODE    S=.itext   G=(none)   M=Logger   ACBP=A9
 0002:00000C58 00000014 C=ICODE    S=.itext   G=(none)   M=ALPC_Base ACBP=A9
 0002:00000C6C 00000032 C=ICODE    S=.itext   G=(none)   M=SHA1     ACBP=A9
 0002:00000CA0 00000079 C=ICODE    S=.itext   G=(none)   M=ALPC_Client ACBP=A9
 0002:00000D1C 00000053 C=ICODE    S=.itext   G=(none)   M=FClient  ACBP=A9
 0003:00000000 000009F4 C=DATA     S=.data    G=DGROUP   M=System   ACBP=A9
 0003:000009F4 00000024 C=DATA     S=.data    G=DGROUP   M=SysInit  ACBP=A9
 0003:00000A18 0000000C C=DATA     S=.data    G=DGROUP   M=Windows  ACBP=A9
 0003:00000A24 00000100 C=DATA     S=.data    G=DGROUP   M=Character ACBP=A9
 0003:00000B24 000002E0 C=DATA     S=.data    G=DGROUP   M=SysUtils ACBP=A9
 0003:00000E04 00000008 C=DATA     S=.data    G=DGROUP   M=VarUtils ACBP=A9
 0003:00000E0C 00000152 C=DATA     S=.data    G=DGROUP   M=Variants ACBP=A9
 0003:00000F60 0000000C C=DATA     S=.data    G=DGROUP   M=TypInfo  ACBP=A9
 0003:00000F6C 000000A4 C=DATA     S=.data    G=DGROUP   M=Classes  ACBP=A9
 0003:00001010 00000010 C=DATA     S=.data    G=DGROUP   M=IOUtils  ACBP=A9
 0003:00001020 0000000C C=DATA     S=.data    G=DGROUP   M=IniFiles ACBP=A9
 0003:0000102C 00000024 C=DATA     S=.data    G=DGROUP   M=Registry ACBP=A9
 0003:00001050 000003C8 C=DATA     S=.data    G=DGROUP   M=Graphics ACBP=A9
 0003:00001418 00000450 C=DATA     S=.data    G=DGROUP   M=GraphUtil ACBP=A9
 0003:00001868 000000A0 C=DATA     S=.data    G=DGROUP   M=StdCtrls ACBP=A9
 0003:00001908 0000000C C=DATA     S=.data    G=DGROUP   M=Printers ACBP=A9
 0003:00001914 00000010 C=DATA     S=.data    G=DGROUP   M=ComCtrls ACBP=A9
 0003:00001924 0000007C C=DATA     S=.data    G=DGROUP   M=Dialogs  ACBP=A9
 0003:000019A0 00000144 C=DATA     S=.data    G=DGROUP   M=Menus    ACBP=A9
 0003:00001AE4 000001BC C=DATA     S=.data    G=DGROUP   M=Controls ACBP=A9
 0003:00001CA0 00000068 C=DATA     S=.data    G=DGROUP   M=Themes   ACBP=A9
 0003:00001D08 00000048 C=DATA     S=.data    G=DGROUP   M=ImgList  ACBP=A9
 0003:00001D50 00000144 C=DATA     S=.data    G=DGROUP   M=Forms    ACBP=A9
 0003:00001E94 00000004 C=DATA     S=.data    G=DGROUP   M=ALPC_Base ACBP=A9
 0003:00001E98 00000020 C=DATA     S=.data    G=DGROUP   M=SHA1     ACBP=A9
 0004:00000000 00002C38 C=BSS      S=.bss     G=DGROUP   M=System   ACBP=A9
 0004:00002C38 0000000C C=BSS      S=.bss     G=DGROUP   M=SysInit  ACBP=A9
 0004:00002C44 00000008 C=BSS      S=.bss     G=DGROUP   M=Windows  ACBP=A9
 0004:00002C4C 0000001C C=BSS      S=.bss     G=DGROUP   M=Character ACBP=A9
 0004:00002C68 00002240 C=BSS      S=.bss     G=DGROUP   M=SysUtils ACBP=A9
 0004:00004EA8 0000005C C=BSS      S=.bss     G=DGROUP   M=VarUtils ACBP=A9
 0004:00004F04 00000040 C=BSS      S=.bss     G=DGROUP   M=Variants ACBP=A9
 0004:00004F44 00000004 C=BSS      S=.bss     G=DGROUP   M=TypInfo  ACBP=A9
 0004:00004F48 00000048 C=BSS      S=.bss     G=DGROUP   M=Classes  ACBP=A9
 0004:00004F90 00000014 C=BSS      S=.bss     G=DGROUP   M=TimeSpan ACBP=A9
 0004:00004FA4 00000018 C=BSS      S=.bss     G=DGROUP   M=SyncObjs ACBP=A9
 0004:00004FBC 000000CC C=BSS      S=.bss     G=DGROUP   M=UxTheme  ACBP=A9
 0004:00005088 00000008 C=BSS      S=.bss     G=DGROUP   M=HelpIntfs ACBP=A9
 0004:00005090 00000031 C=BSS      S=.bss     G=DGROUP   M=MultiMon ACBP=A9
 0004:000050C4 00000024 C=BSS      S=.bss     G=DGROUP   M=IOUtils  ACBP=A9
 0004:000050E8 00000004 C=BSS      S=.bss     G=DGROUP   M=IniFiles ACBP=A9
 0004:000050EC 00000004 C=BSS      S=.bss     G=DGROUP   M=Registry ACBP=A9
 0004:000050F0 00000064 C=BSS      S=.bss     G=DGROUP   M=Graphics ACBP=A9
 0004:00005154 00000010 C=BSS      S=.bss     G=DGROUP   M=GraphUtil ACBP=A9
 0004:00005164 00000004 C=BSS      S=.bss     G=DGROUP   M=Printers ACBP=A9
 0004:00005168 0000000C C=BSS      S=.bss     G=DGROUP   M=Clipbrd  ACBP=A9
 0004:00005174 00000008 C=BSS      S=.bss     G=DGROUP   M=ExtCtrls ACBP=A9
 0004:0000517C 00000010 C=BSS      S=.bss     G=DGROUP   M=ComCtrls ACBP=A9
 0004:0000518C 0000000C C=BSS      S=.bss     G=DGROUP   M=Dialogs  ACBP=A9
 0004:00005198 00000034 C=BSS      S=.bss     G=DGROUP   M=FlatSB   ACBP=A9
 0004:000051CC 00000010 C=BSS      S=.bss     G=DGROUP   M=Menus    ACBP=A9
 0004:000051DC 0000008C C=BSS      S=.bss     G=DGROUP   M=Controls ACBP=A9
 0004:00005268 0000000C C=BSS      S=.bss     G=DGROUP   M=Themes   ACBP=A9
 0004:00005274 00000008 C=BSS      S=.bss     G=DGROUP   M=ImgList  ACBP=A9
 0004:0000527C 00000004 C=BSS      S=.bss     G=DGROUP   M=ActnList ACBP=A9
 0004:00005280 00000028 C=BSS      S=.bss     G=DGROUP   M=Forms    ACBP=A9
 0004:000052A8 0000000C C=BSS      S=.bss     G=DGROUP   M=Logger   ACBP=A9
 0004:000052B4 00000038 C=BSS      S=.bss     G=DGROUP   M=ALPC_Base ACBP=A9
 0004:000052EC 00000014 C=BSS      S=.bss     G=DGROUP   M=SHA1     ACBP=A9
 0004:00005300 00000030 C=BSS      S=.bss     G=DGROUP   M=ALPC_Client ACBP=A9
 0004:00005330 00000004 C=BSS      S=.bss     G=DGROUP   M=ALPC_Client_Example ACBP=A9
 0005:00000000 00000008 C=TLS      S=.tls     G=(none)   M=System   ACBP=A9
 0005:00000008 0000000C C=TLS      S=.tls     G=(none)   M=Classes  ACBP=A9
 0005:00000014 00000004 C=TLS      S=.tls     G=(none)   M=SyncObjs ACBP=A9
 0005:00000018 00000024 C=TLS      S=.tls     G=(none)   M=GraphUtil ACBP=A9


  Address             Publics by Name

 0001:0000B30C       ActiveX.OleInitialize
 0001:0000B314       ActiveX.OleUninitialize
 0004:0000527C       ActnList..9
 0001:0008E924       ActnList..TActionLink
 0001:0008DA44       ActnList..TActionListEnumerator
 0001:0008D73C       ActnList..TContainedAction
 0001:0008E2F0       ActnList..TCustomAction
 0001:0008DCB4       ActnList..TCustomActionList
 0001:0008E0C8       ActnList..TShortCutList
 0002:00000BC0       ActnList.ActnList
 0001:0008FA94       ActnList.Finalization
 0001:0008F0DC       ActnList.TActionLink.IsCaptionLinked
 0001:0008F0F0       ActnList.TActionLink.IsCheckedLinked
 0001:0008F104       ActnList.TActionLink.IsEnabledLinked
 0001:0008F118       ActnList.TActionLink.IsGroupIndexLinked
 0001:0008F12C       ActnList.TActionLink.IsHelpContextLinked
 0001:0008F140       ActnList.TActionLink.IsHelpLinked
 0001:0008F154       ActnList.TActionLink.IsHintLinked
 0001:0008F168       ActnList.TActionLink.IsImageIndexLinked
 0001:0008F17C       ActnList.TActionLink.IsShortCutLinked
 0001:0008F190       ActnList.TActionLink.IsVisibleLinked
 0001:0008F1A4       ActnList.TActionLink.SetAutoCheck
 0001:0008F1A8       ActnList.TActionLink.SetCaption
 0001:0008F1AC       ActnList.TActionLink.SetChecked
 0001:0008F1B0       ActnList.TActionLink.SetEnabled
 0001:0008F1B4       ActnList.TActionLink.SetGroupIndex
 0001:0008F1B8       ActnList.TActionLink.SetHelpContext
 0001:0008F1BC       ActnList.TActionLink.SetHelpKeyword
 0001:0008F1C0       ActnList.TActionLink.SetHelpType
 0001:0008F1C4       ActnList.TActionLink.SetHint
 0001:0008F1C8       ActnList.TActionLink.SetImageIndex
 0001:0008F1CC       ActnList.TActionLink.SetShortCut
 0001:0008F1D0       ActnList.TActionLink.SetVisible
 0001:0008EC40       ActnList.TActionListEnumerator.Create
 0001:0008EC84       ActnList.TActionListEnumerator.GetCurrent
 0001:0008EC90       ActnList.TActionListEnumerator.MoveNext
 0001:0008EA2C       ActnList.TContainedAction.Destroy
 0001:0008EB98       ActnList.TContainedAction.Execute
 0001:0008EA60       ActnList.TContainedAction.GetIndex
 0001:0008EA7C       ActnList.TContainedAction.GetParentComponent
 0001:0008EA8C       ActnList.TContainedAction.HasParent
 0001:0008EA78       ActnList.TContainedAction.IsCategoryStored
 0001:0008EA9C       ActnList.TContainedAction.ReadState
 0001:0008EB44       ActnList.TContainedAction.SetActionList
 0001:0008EB18       ActnList.TContainedAction.SetCategory
 0001:0008EAD0       ActnList.TContainedAction.SetIndex
 0001:0008EB6C       ActnList.TContainedAction.SetParentComponent
 0001:0008EBF0       ActnList.TContainedAction.Update
 0001:0008F280       ActnList.TCustomAction.AssignTo
 0001:0008F1D4       ActnList.TCustomAction.Create
 0001:0008F228       ActnList.TCustomAction.Destroy
 0001:0008F90C       ActnList.TCustomAction.DoHint
 0001:0008F934       ActnList.TCustomAction.Execute
 0001:0008F998       ActnList.TCustomAction.GetSecondaryShortCuts
 0001:0008FA18       ActnList.TCustomAction.HandleShortCut
 0001:0008F9F4       ActnList.TCustomAction.IsSecondaryShortCutsStored
 0001:0008F38C       ActnList.TCustomAction.SetAutoCheck
 0001:0008F3EC       ActnList.TCustomAction.SetCaption
 0001:0008F44C       ActnList.TCustomAction.SetChecked
 0001:0008F554       ActnList.TCustomAction.SetEnabled
 0001:0008F5D0       ActnList.TCustomAction.SetGroupIndex
 0001:0008F6E8       ActnList.TCustomAction.SetHelpContext
 0001:0008F680       ActnList.TCustomAction.SetHelpKeyword
 0001:0008F628       ActnList.TCustomAction.SetHelpType
 0001:0008F740       ActnList.TCustomAction.SetHint
 0001:0008F7A0       ActnList.TCustomAction.SetImageIndex
 0001:0008F8C0       ActnList.TCustomAction.SetName
 0001:0008F9C0       ActnList.TCustomAction.SetSecondaryShortCuts
 0001:0008F7FC       ActnList.TCustomAction.SetShortCut
 0001:0008F860       ActnList.TCustomAction.SetVisible
 0001:0008EEA4       ActnList.TCustomActionList.AddAction
 0001:0008EEEC       ActnList.TCustomActionList.Change
 0001:0008ECAC       ActnList.TCustomActionList.Create
 0001:0008ED18       ActnList.TCustomActionList.Destroy
 0001:0008EFF8       ActnList.TCustomActionList.ExecuteAction
 0001:0008EDE8       ActnList.TCustomActionList.GetAction
 0001:0008EDFC       ActnList.TCustomActionList.GetActionCount
 0001:0008ED70       ActnList.TCustomActionList.GetChildren
 0001:0008EE04       ActnList.TCustomActionList.GetEnumerator
 0001:0008EE48       ActnList.TCustomActionList.ImageListChange
 0001:0008EF54       ActnList.TCustomActionList.IsShortCut
 0001:0008EE54       ActnList.TCustomActionList.Notification
 0001:0008EEC4       ActnList.TCustomActionList.RemoveAction
 0001:0008EDB8       ActnList.TCustomActionList.SetChildOrder
 0001:0008EE14       ActnList.TCustomActionList.SetImages
 0001:0008F038       ActnList.TCustomActionList.SetState
 0001:0008F018       ActnList.TCustomActionList.UpdateAction
 0001:0008FA24       ActnList.TShortCutList.Add
 0001:0008FA50       ActnList.TShortCutList.IndexOfShortCut
 0004:000052E8       ALPC_Base..7
 0001:000A66D0       ALPC_Base..AlpcMessageAttributes
 0001:000A6B40       ALPC_Base..AlpcPortAttributes
 0001:000A6DCC       ALPC_Base..AlpcTransportBase
 0001:000A63FC       ALPC_Base..MessageStructures
 0001:000A6C94       ALPC_Base..ObjectAttributes
 0001:000A6834       ALPC_Base..TAlpcCarrier
 0001:000A70D0       ALPC_Base.AlpcMessageAttributes.AllocateFlags
 0001:000A70AC       ALPC_Base.AlpcMessageAttributes.AssignView
 0001:000A6FBC       ALPC_Base.AlpcMessageAttributes.Initialize
 0001:000A7088       ALPC_Base.AlpcMessageAttributes.Terminate
 0001:000A73F8       ALPC_Base.AlpcPortAttributes.Initialize
 0001:000A745C       ALPC_Base.AlpcPortAttributes.Terminate
 0001:000A74B8       ALPC_Base.AlpcTransportBase.CreateCarrier
 0001:000A74F8       ALPC_Base.AlpcTransportBase.CreateLocalView
 0004:000052BC       ALPC_Base.AlpcTransportBase.fAllocatedSectionSize
 0004:000052B4       ALPC_Base.AlpcTransportBase.fBlock
 0004:000052C0       ALPC_Base.AlpcTransportBase.fDataSizeOfQuotaIfNotUseView
 0004:000052E4       ALPC_Base.AlpcTransportBase.fMessageSize
 0004:000052C4       ALPC_Base.AlpcTransportBase.fMsgAttrAllocatedFlags
 0004:000052CC       ALPC_Base.AlpcTransportBase.fObjectAttr
 0004:000052C8       ALPC_Base.AlpcTransportBase.fPortAttr
 0004:000052D8       ALPC_Base.AlpcTransportBase.fPortHandle
 0004:000052B8       ALPC_Base.AlpcTransportBase.fSectionHandle
 0001:000A755C       ALPC_Base.AlpcTransportBase.Initialize
 0001:000A7600       ALPC_Base.AlpcTransportBase.NewMem
 0004:000052E0       ALPC_Base.AlpcTransportBase.pLocalView
 0004:000052DC       ALPC_Base.AlpcTransportBase.pPortName
 0004:000052D4       ALPC_Base.AlpcTransportBase.pReciver
 0004:000052D0       ALPC_Base.AlpcTransportBase.pSender
 0001:000A769C       ALPC_Base.AlpcTransportBase.RTL_CONSTANT_STRING
 0001:000A7714       ALPC_Base.AlpcTransportBase.Terminate
 0002:00000C58       ALPC_Base.ALPC_Base
 0001:000A77DC       ALPC_Base.Finalization
 0001:000A6EA0       ALPC_Base.MessageStructures.Initialize
 0001:000A6F50       ALPC_Base.MessageStructures.Terminate
 0001:000A6F74       ALPC_Base.MessageStructures.Zero
 0001:000A7470       ALPC_Base.ObjectAttributes.Initialize
 0001:000A74A4       ALPC_Base.ObjectAttributes.Terminate
 0003:00001E94       ALPC_Base.rpc_mark
 0001:000A71EC       ALPC_Base.TAlpcCarrier.Create
 0001:000A7260       ALPC_Base.TAlpcCarrier.Destroy
 0001:000A72A8       ALPC_Base.TAlpcCarrier.Pop
 0001:000A72F8       ALPC_Base.TAlpcCarrier.Pop_V2
 0001:000A7314       ALPC_Base.TAlpcCarrier.Push
 0001:000A73B4       ALPC_Base.TAlpcCarrier.Push_V2
 0004:00005328       ALPC_Client..1
 0001:000A7E58       ALPC_Client..TClient
 0001:000A8078       ALPC_Client.Abort
 0002:00000CA0       ALPC_Client.ALPC_Client
 0004:0000532C       ALPC_Client.Client
 0004:00005310       ALPC_Client.ClientViewer
 0004:00005308       ALPC_Client.Connect
 0001:000A8674       ALPC_Client.Finalization
 0001:000A8304       ALPC_Client.GetHashTable
 0004:00005300       ALPC_Client.Initialize
 0004:00005320       ALPC_Client.Invoke
 0004:00005318       ALPC_Client.ServerViewer
 0001:000A808C       ALPC_Client.TClient.Connect
 0001:000A81EC       ALPC_Client.TClient.Create
 0001:000A820C       ALPC_Client.TClient.Destroy
 0001:000A822C       ALPC_Client.TClient.Initialize
 0001:000A8250       ALPC_Client.TClient.Invoke
 0001:000A82D4       ALPC_Client.TClient.ReturnClientViewAddr
 0001:000A82E8       ALPC_Client.TClient.ReturnServerViewAddr
 0001:000A82FC       ALPC_Client.TClient.Terminate
 0001:000A8540       ALPC_Client._StubViewer.DecodeDynamicData
 0001:000A847C       ALPC_Client._StubViewer.EncodeDynamicData
 0001:000A8418       ALPC_Client._StubViewer.IsSucessful
 0001:000A859C       ALPC_Client._StubViewer.Marshal
 0001:000A83F0       ALPC_Client._StubViewer.pArg
 0001:000A8384       ALPC_Client._StubViewer.pArg
 0001:000A85A0       ALPC_Client._StubViewer.PopErrMessage
 0001:000A85B4       ALPC_Client._StubViewer.SetFuncID
 0001:000A8690       ALPC_Client_Example..TClient
 0004:00005330       ALPC_Client_Example.Client
 0001:000A8B68       ALPC_Client_Example.getVersion
 0001:000A8A0C       ALPC_Client_Example.sum
 0001:000A8AC8       ALPC_Client_Example.TClient.Button1Click
 0001:000A8C5C       ALPC_Client_Example.TClient.Button2Click
 0001:000A8CD4       ALPC_Client_Example.TClient.FormCreate
 0001:000A63C0       ALPC_LPC_Define.AlpcGetHeaderSize
 0001:000A63A8       ALPC_LPC_Define.AlpcInitializeMessageAttribute
 0001:000A6398       ALPC_LPC_Define.NtAlpcConnectPort
 0001:000A63B0       ALPC_LPC_Define.NtAlpcCreatePortSection
 0001:000A63B8       ALPC_LPC_Define.NtAlpcCreateSectionView
 0001:000A63A0       ALPC_LPC_Define.NtAlpcSendWaitReceivePort
 0001:000A63C8       ALPC_LPC_Define.NtClose
 0004:00002C58       Character.CategoryTable
 0004:00002C50       Character.CatIndexPrimary
 0004:00002C54       Character.CatIndexSecondary
 0004:00002C4C       Character.DataTable
 0003:00000A24       Character.Latin1Categories
 0004:00002C64       Character.NumericValueTable
 0004:00002C5C       Character.NumIndexPrimary
 0004:00002C60       Character.NumIndexSecondary
 0001:0000B914       Character.TCharacter.CheckLetter
 0001:0000B920       Character.TCharacter.CheckLetterOrDigit
 0001:0000BA3C       Character.TCharacter.GetUnicodeCategory
 0001:0000BA9C       Character.TCharacter.Initialize
 0001:0000BA30       Character.TCharacter.IsAscii
 0001:0000B930       Character.TCharacter.IsLatin1
 0001:0000B93C       Character.TCharacter.IsLetter
 0001:0000B9C8       Character.TCharacter.IsLetterOrDigit
 0004:00004F58       Classes..66
 0001:00022F18       Classes..EBitsError
 0001:00022CB0       Classes..EClassNotFound
 0001:00023050       Classes..EComponentError
 0001:000229B8       Classes..EFCreateError
 0001:00022AEC       Classes..EFilerError
 0001:000228BC       Classes..EFileStreamError
 0001:00022A54       Classes..EFOpenError
 0001:00022D4C       Classes..EInvalidImage
 0001:00023190       Classes..EInvalidOperation
 0001:00022E84       Classes..EListError
 0001:000230F0       Classes..EOutOfResources
 0001:00022B84       Classes..EReadError
 0001:00022DE8       Classes..EResNotFound
 0001:00022820       Classes..EStreamError
 0001:00022FAC       Classes..EStringListError
 0001:0002A074       Classes..EThread
 0001:00022C18       Classes..EWriteError
 0001:0002BA1C       Classes..TBasicAction
 0001:0002B800       Classes..TBasicActionLink
 0001:00023F38       Classes..TBits
 0001:00027974       Classes..TClassFinder
 0001:000247BC       Classes..TCollection
 0001:00024618       Classes..TCollectionEnumerator
 0001:000243AC       Classes..TCollectionItem
 0001:0002AEB8       Classes..TComponent
 0001:0003A53C       Classes..TComponent.FindComponent$ActRec
 0001:0002AA60       Classes..TComponentEnumerator
 0001:00026BB8       Classes..TCustomMemoryStream
 0001:00027D48       Classes..TFiler
 0001:000269D4       Classes..TFileStream
 0001:000267BC       Classes..THandleStream
 0001:0002D8D0       Classes..TIntConst
 0001:00024238       Classes..TInterfacedPersistent
 0001:0002356C       Classes..TList
 0001:0002E7FC       Classes..TList.Sort$ActRec
 0001:00023398       Classes..TListEnumerator
 0001:00026E00       Classes..TMemoryStream
 0001:00024070       Classes..TPersistent
 0001:00032B04       Classes..TPropFixup
 0001:00032D30       Classes..TPropIntfFixup
 0001:00028760       Classes..TReader
 0001:0002BFB0       Classes..TRegGroup
 0001:0002C410       Classes..TRegGroups
 0001:00027048       Classes..TResourceStream
 0001:000261B0       Classes..TStream
 0001:000273C8       Classes..TStreamAdapter
 0001:00025B34       Classes..TStringList
 0001:00024EBC       Classes..TStrings
 0001:00024D14       Classes..TStringsEnumerator
 0001:0002A268       Classes..TThread
 0001:00023C80       Classes..TThreadList
 0001:00029668       Classes..TWriter
 0001:0002D85C       Classes.ActivateClassGroup
 0003:00000F6C       Classes.AddDataModule
 0001:0003305C       Classes.AddFinished
 0001:00033094       Classes.AddNotFinished
 0001:00033D00       Classes.AddSubComponentsToLoaded
 0001:0003B6A8       Classes.AllocateHWnd
 0001:0003729C       Classes.AncestorIsValid
 0003:00000F7C       Classes.ApplicationHandleException
 0003:00000F84       Classes.ApplicationShowException
 0001:0002DD3C       Classes.BeginGlobalLoading
 0003:00000FE4       Classes.BlockCode
 0001:0002BF74       Classes.Bounds
 0001:0003B508       Classes.CalcJmpOffset
 0001:00033D3C       Classes.CheckSubComponents
 0001:00038DF4       Classes.CheckSynchronize
 0002:0000024C       Classes.Classes
 0001:0002D5A0       Classes.ClassNotFound
 0001:0003B5BC       Classes.CleanupInstFreeList
 0001:0002DFDC       Classes.CollectionsEqual
 0001:00033E1C       Classes.ComponentCreated
 0001:00035D3C       Classes.CopyBinary
 0001:00035CAC       Classes.CopyBytes
 0001:00035C60       Classes.CopyList
 0001:00035BD8       Classes.CopySetBody
 0001:00033E9C       Classes.CreateComponent
 0003:00000F8C       Classes.CreateVCLComObjectProc
 0001:0003B75C       Classes.DeallocateHWnd
 0001:00038D1C       Classes.DoneThreadSynchronization
 0001:0002FE40       Classes.DoWrite
 0003:00000F9C       Classes.Dummy32bitResHeader
 0001:0003B784       Classes.EFileStreamError.Create
 0001:0002DDC4       Classes.EndGlobalLoading
 0001:0003293C       Classes.Error
 0001:0002D044       Classes.Error
 0004:00004F84       Classes.ExternalThreads
 0003:00000F98       Classes.FilerSignature
 0001:0003B834       Classes.Finalization
 0001:0003698C       Classes.FindAncestor
 0001:0002D678       Classes.FindClass
 0001:0003404C       Classes.FindExistingComponent
 0001:0002DC54       Classes.FindGlobalComponent
 0004:00004F64       Classes.FindGlobalComponentProcs
 0001:0002DAF8       Classes.FindIdentToInt
 0001:0002DA7C       Classes.FindIntToIdent
 0001:00037710       Classes.FindMethodName
 0001:00032F64       Classes.FindNestedComponent
 0001:000350C8       Classes.FindUniqueName
 0001:00038D34       Classes.FreeExternalThreads
 0001:0003B468       Classes.FreeIntConstList
 0001:0003B5A8       Classes.FreeObjectInstance
 0001:0002D60C       Classes.GetClass
 0001:00037E04       Classes.GetComponentValue
 0001:0002F29C       Classes.GetDesigner
 0001:0002D594       Classes.GetFieldClassTable
 0001:0003B5F8       Classes.GetFreeInstBlockItemCount
 0004:00004F68       Classes.GlobalFixupList
 0001:000330DC       Classes.GlobalFixupReferences
 0005:00000010       Classes.GlobalLists
 0005:0000000C       Classes.GlobalLoaded
 0004:00004F4C       Classes.GlobalNameSpace
 0001:0002D7F0       Classes.GroupDescendentsWith
 0001:0003485C       Classes.HandleException
 0001:0002DB74       Classes.IdentToInt
 0001:0002DE20       Classes.InitComponent
 0001:0002DEAC       Classes.InitInheritedComponent
 0001:00038CE8       Classes.InitThreadSynchronization
 0004:00004F88       Classes.InstBlockList
 0004:00004F8C       Classes.InstFreeList
 0004:00004F5C       Classes.IntConstList
 0001:0002DCB8       Classes.InternalReadComponentRes
 0001:0002DBB8       Classes.IntToIdent
 0001:0002BF9C       Classes.InvalidPoint
 0001:00037490       Classes.IsDefault
 0001:0003730C       Classes.IsDefaultFloatProp
 0001:00037368       Classes.IsDefaultInt64Prop
 0001:00037634       Classes.IsDefaultInterfaceProp
 0001:00037768       Classes.IsDefaultMethodProp
 0001:000374E8       Classes.IsDefaultObjectProp
 0001:000372B4       Classes.IsDefaultOrdProp
 0001:000378A0       Classes.IsDefaultPropertyValue
 0001:000373C0       Classes.IsDefaultStrProp
 0001:00037568       Classes.IsDefaultValue
 0001:00037808       Classes.IsDefaultVariantProp
 0001:0002DC94       Classes.IsUniqueGlobalComponentName
 0004:00004F50       Classes.IsUniqueGlobalComponentNameProc
 0001:0003B510       Classes.MakeObjectInstance
 0001:0002EEEC       Classes.Min
 0001:0003B4E0       Classes.ModuleUnload
 0003:00000FBC       Classes.NilMethod
 0001:0002F340       Classes.NotifyDesigner
 0001:0002DD94       Classes.NotifyGlobalLoading
 0001:00037450       Classes.ObjectAncestorMatch
 0001:00037DEC       Classes.OwnedBy
 0001:0002BF2C       Classes.Point
 0003:00000FC8       Classes.Priorities
 0001:0003341C       Classes.PropertyNotFound
 0001:0003492C       Classes.PropPathError
 0001:00033410       Classes.PropValueError
 0001:0002E6C4       Classes.QuickSort
 0001:00031AF4       Classes.RaiseException
 0001:00036224       Classes.ReadCustomVariant
 0001:000333F8       Classes.ReadError
 0001:00033E3C       Classes.Recover
 0001:0002BF4C       Classes.Rect
 0004:00004F60       Classes.RegGroups
 0001:0002D698       Classes.RegisterClass
 0001:0002DBFC       Classes.RegisterFindGlobalComponentProc
 0001:0002DA50       Classes.RegisterIntegerConsts
 0001:0003B628       Classes.ReleaseObjectInstanceBlocks
 0003:00000F74       Classes.RemoveDataModule
 0001:000332B0       Classes.RemoveFixupReferences
 0001:00033364       Classes.RemoveFixups
 0001:00033760       Classes.RemoveGlobalFixup
 0001:00038DC0       Classes.ResetSyncEvent
 0001:0002FFAC       Classes.ReturnAddr
 0001:0002E240       Classes.ReturnAddr
 0001:00033FAC       Classes.SetCompName
 0001:00033448       Classes.SetElementValue
 0001:00034CA4       Classes.SetInterfaceReference
 0001:00034BC0       Classes.SetIntIdent
 0001:00034C08       Classes.SetObjectIdent
 0001:00033DB4       Classes.SetSubComponentState
 0001:00034C48       Classes.SetVariantReference
 0001:00038DE8       Classes.SignalSyncEvent
 0001:00035994       Classes.SkipBinary
 0001:000359C4       Classes.SkipCollection
 0001:00035968       Classes.SkipList
 0001:0002D788       Classes.StartClassGroup
 0001:0003B4E8       Classes.StdWndProc
 0001:000318E0       Classes.StringListCompareStrings
 0004:00004F54       Classes.SyncEvent
 0003:00000FC4       Classes.SyncList
 0001:0003AED4       Classes.TBasicAction.Change
 0001:0003AD60       Classes.TBasicAction.Create
 0001:0003ADA4       Classes.TBasicAction.Destroy
 0001:0003AE40       Classes.TBasicAction.Execute
 0001:0003AE10       Classes.TBasicAction.ExecuteTarget
 0001:0003AE0C       Classes.TBasicAction.HandlesTarget
 0001:0003AE14       Classes.TBasicAction.Notification
 0001:0003AEE8       Classes.TBasicAction.RegisterChanges
 0001:0003AF34       Classes.TBasicAction.SetActionComponent
 0001:0003AE78       Classes.TBasicAction.SetOnExecute
 0001:0003AEF4       Classes.TBasicAction.UnRegisterChanges
 0001:0003AE5C       Classes.TBasicAction.Update
 0001:0003AE3C       Classes.TBasicAction.UpdateTarget
 0001:0003ACB0       Classes.TBasicActionLink.AssignClient
 0001:0003ACE8       Classes.TBasicActionLink.Change
 0001:0003AC6C       Classes.TBasicActionLink.Create
 0001:0003ACB4       Classes.TBasicActionLink.Destroy
 0001:0003AD00       Classes.TBasicActionLink.Execute
 0001:0003AD48       Classes.TBasicActionLink.IsOnExecuteLinked
 0001:0003AD1C       Classes.TBasicActionLink.SetAction
 0001:0003AD4C       Classes.TBasicActionLink.SetOnExecute
 0001:0003AD54       Classes.TBasicActionLink.Update
 0001:0002EEA4       Classes.TBits.Destroy
 0001:0002EED4       Classes.TBits.Error
 0001:0002EFC8       Classes.TBits.OpenBit
 0001:0002EF9C       Classes.TBits.SetBit
 0001:0002EEF8       Classes.TBits.SetSize
 0001:0002D300       Classes.TClassFinder.Create
 0001:0002D440       Classes.TClassFinder.Destroy
 0001:0002D470       Classes.TClassFinder.GetClass
 0001:0002D50C       Classes.TClassFinder.GetClasses
 0001:0002F670       Classes.TCollection.Add
 0001:0002FB8C       Classes.TCollection.Added
 0001:0002F690       Classes.TCollection.Assign
 0001:0002F738       Classes.TCollection.BeginUpdate
 0001:0002F73C       Classes.TCollection.Changed
 0001:0002F74C       Classes.TCollection.Clear
 0001:0002F5D8       Classes.TCollection.Create
 0001:0002FB50       Classes.TCollection.Delete
 0001:0002FB90       Classes.TCollection.Deleting
 0001:0002F624       Classes.TCollection.Destroy
 0001:0002F7B4       Classes.TCollection.EndUpdate
 0001:0002F7C0       Classes.TCollection.FindItemID
 0001:0002F7F4       Classes.TCollection.GetAttr
 0001:0002F7F0       Classes.TCollection.GetAttrCount
 0001:0002F814       Classes.TCollection.GetCapacity
 0001:0002F83C       Classes.TCollection.GetCount
 0001:0002F804       Classes.TCollection.GetEnumerator
 0001:0002F844       Classes.TCollection.GetItem
 0001:0002F81C       Classes.TCollection.GetItemAttr
 0001:0002F858       Classes.TCollection.GetNamePath
 0001:0002F90C       Classes.TCollection.GetPropName
 0001:0002FA60       Classes.TCollection.Insert
 0001:0002FA7C       Classes.TCollection.InsertItem
 0001:0002FB94       Classes.TCollection.Notify
 0001:0002FB80       Classes.TCollection.Owner
 0001:0002FAE4       Classes.TCollection.RemoveItem
 0001:0002FB38       Classes.TCollection.SetCapacity
 0001:0002FB48       Classes.TCollection.SetItemName
 0001:0002FB4C       Classes.TCollection.Update
 0001:0002F56C       Classes.TCollectionEnumerator.Create
 0001:0002F5B0       Classes.TCollectionEnumerator.GetCurrent
 0001:0002F5BC       Classes.TCollectionEnumerator.MoveNext
 0001:0002F40C       Classes.TCollectionItem.Changed
 0001:0002F3A4       Classes.TCollectionItem.Create
 0001:0002F3DC       Classes.TCollectionItem.Destroy
 0001:0002F448       Classes.TCollectionItem.GetDisplayName
 0001:0002F430       Classes.TCollectionItem.GetIndex
 0001:0002F45C       Classes.TCollectionItem.GetNamePath
 0001:0002F508       Classes.TCollectionItem.GetOwner
 0001:0002F50C       Classes.TCollectionItem.SetCollection
 0001:0002F534       Classes.TCollectionItem.SetDisplayName
 0001:0002F53C       Classes.TCollectionItem.SetIndex
 0001:0003A764       Classes.TComponent.AddSortedComponent
 0001:00039F80       Classes.TComponent.BeforeDestruction
 0001:0003A818       Classes.TComponent.ChangeName
 0001:00039EEC       Classes.TComponent.Create
 0001:0003A32C       Classes.TComponent.DefineProperties
 0001:00039F38       Classes.TComponent.Destroy
 0001:0003A1B0       Classes.TComponent.DestroyComponents
 0001:0003A21C       Classes.TComponent.Destroying
 0001:0003A974       Classes.TComponent.ExecuteAction
 0001:0003A600       Classes.TComponent.FindComponent
 0001:0003A5F4       Classes.TComponent.FindComponent$ActRec.$0$Body
 0001:0003A6EC       Classes.TComponent.FindSortedComponent
 0001:00039FCC       Classes.TComponent.FreeNotification
 0001:0003AAA8       Classes.TComponent.FreeOnRelease
 0001:0003A3D0       Classes.TComponent.GetChildOwner
 0001:0003A3D4       Classes.TComponent.GetChildParent
 0001:0003A3C8       Classes.TComponent.GetChildren
 0001:0003A9D8       Classes.TComponent.GetComObject
 0001:0003A86C       Classes.TComponent.GetComponent
 0001:0003A898       Classes.TComponent.GetComponentCount
 0001:0003A850       Classes.TComponent.GetComponentIndex
 0001:0003A3D8       Classes.TComponent.GetEnumerator
 0001:0003A3E8       Classes.TComponent.GetNamePath
 0001:0003A3FC       Classes.TComponent.GetOwner
 0001:0003A404       Classes.TComponent.GetParentComponent
 0001:0003A3C4       Classes.TComponent.HasParent
 0001:0003A060       Classes.TComponent.Insert
 0001:0003A114       Classes.TComponent.InsertComponent
 0001:0003AB40       Classes.TComponent.IntfGetComponent
 0001:0003AB44       Classes.TComponent.IsImplementorOf
 0001:0003A424       Classes.TComponent.Loaded
 0001:0003A2CC       Classes.TComponent.Notification
 0001:0003A430       Classes.TComponent.PaletteCreated
 0001:0003AAC0       Classes.TComponent.QueryInterface
 0001:0003A020       Classes.TComponent.ReadLeft
 0001:0003A434       Classes.TComponent.ReadState
 0001:0003A034       Classes.TComponent.ReadTop
 0001:0003ABC4       Classes.TComponent.ReferenceInterface
 0001:0003A09C       Classes.TComponent.Remove
 0001:0003A178       Classes.TComponent.RemoveComponent
 0001:0003A2B0       Classes.TComponent.RemoveFreeNotification
 0001:00039F8C       Classes.TComponent.RemoveFreeNotifications
 0001:0003A258       Classes.TComponent.RemoveNotification
 0001:0003AA90       Classes.TComponent.SafeCallException
 0001:0003A400       Classes.TComponent.SetChildOrder
 0001:0003A8A8       Classes.TComponent.SetComponentIndex
 0001:0003A8FC       Classes.TComponent.SetDesigning
 0001:0003A788       Classes.TComponent.SetName
 0001:0003A408       Classes.TComponent.SetParentComponent
 0001:0003A94C       Classes.TComponent.SetReference
 0001:0003A9C4       Classes.TComponent.SetSubComponent
 0001:0003A99C       Classes.TComponent.UpdateAction
 0001:0003A418       Classes.TComponent.Updated
 0001:0003AAB8       Classes.TComponent.UpdateRegistry
 0001:0003A40C       Classes.TComponent.Updating
 0001:0003A4CC       Classes.TComponent.ValidateContainer
 0001:0003A4E0       Classes.TComponent.ValidateInsert
 0001:0003A444       Classes.TComponent.ValidateRename
 0001:0003A048       Classes.TComponent.WriteLeft
 0001:0003A43C       Classes.TComponent.WriteState
 0001:0003A054       Classes.TComponent.WriteTop
 0001:0003AB00       Classes.TComponent._AddRef
 0001:0003AB20       Classes.TComponent._Release
 0001:00039E80       Classes.TComponentEnumerator.Create
 0001:00039EC4       Classes.TComponentEnumerator.GetCurrent
 0001:00039ED0       Classes.TComponentEnumerator.MoveNext
 0001:000325D0       Classes.TCustomMemoryStream.Read
 0001:00032644       Classes.TCustomMemoryStream.SaveToFile
 0001:0003262C       Classes.TCustomMemoryStream.SaveToStream
 0001:00032608       Classes.TCustomMemoryStream.Seek
 0001:000325C8       Classes.TCustomMemoryStream.SetPointer
 0001:00032A90       Classes.TFiler.Create
 0001:00028100       Classes.TFiler.DefineBinaryProperty
 0001:000280F8       Classes.TFiler.DefineProperty
 0001:00032AD8       Classes.TFiler.Destroy
 0001:00028108       Classes.TFiler.FlushBuffer
 0001:00032B00       Classes.TFiler.SetRoot
 0001:00032420       Classes.TFileStream.Create
 0001:000323DC       Classes.TFileStream.Create
 0001:00032594       Classes.TFileStream.Destroy
 0001:00032318       Classes.THandleStream.Create
 0001:00032354       Classes.THandleStream.Read
 0001:00032374       Classes.THandleStream.Seek
 0001:000323A0       Classes.THandleStream.SetSize
 0001:000323B4       Classes.THandleStream.SetSize
 0001:00032364       Classes.THandleStream.Write
 0004:00004F6C       Classes.ThreadLock
 0001:00038FE8       Classes.ThreadProc
 0001:0002DA18       Classes.TIntConst.Create
 0001:0002F1E4       Classes.TInterfacedPersistent.AfterConstruction
 0001:0002F274       Classes.TInterfacedPersistent.QueryInterface
 0001:0002F234       Classes.TInterfacedPersistent._AddRef
 0001:0002F254       Classes.TInterfacedPersistent._Release
 0001:0002E180       Classes.TList.Add
 0001:0002E9BC       Classes.TList.Assign
 0001:0002E1C0       Classes.TList.Clear
 0001:0002E1D8       Classes.TList.Delete
 0001:0002E160       Classes.TList.Destroy
 0001:0002E244       Classes.TList.Error
 0001:0002E27C       Classes.TList.Error
 0001:0002E2D0       Classes.TList.Exchange
 0001:0002E320       Classes.TList.Expand
 0001:0002E960       Classes.TList.Extract
 0001:0002E968       Classes.TList.ExtractItem
 0001:0002E338       Classes.TList.First
 0001:0002E340       Classes.TList.Get
 0001:0002E364       Classes.TList.GetEnumerator
 0001:0002E374       Classes.TList.Grow
 0001:0002E3A8       Classes.TList.IndexOf
 0001:0002E3CC       Classes.TList.IndexOfItem
 0001:0002E3F8       Classes.TList.Insert
 0001:0002E470       Classes.TList.Last
 0001:0002E494       Classes.TList.Move
 0001:0002E9B8       Classes.TList.Notify
 0001:0002E570       Classes.TList.Pack
 0001:0002E4EC       Classes.TList.Put
 0001:0002E548       Classes.TList.Remove
 0001:0002E550       Classes.TList.RemoveItem
 0001:0002E5E4       Classes.TList.SetCapacity
 0001:0002E620       Classes.TList.SetCount
 0001:0002E8C0       Classes.TList.Sort
 0001:0002E8B4       Classes.TList.Sort$ActRec.$0$Body
 0001:0002E940       Classes.TList.SortList
 0001:0002E0F8       Classes.TListEnumerator.Create
 0001:0002E13C       Classes.TListEnumerator.GetCurrent
 0001:0002E148       Classes.TListEnumerator.MoveNext
 0001:000326C8       Classes.TMemoryStream.Clear
 0001:0003269C       Classes.TMemoryStream.Destroy
 0001:00032718       Classes.TMemoryStream.LoadFromFile
 0001:000326E0       Classes.TMemoryStream.LoadFromStream
 0001:000327C0       Classes.TMemoryStream.Realloc
 0001:0003276C       Classes.TMemoryStream.SetCapacity
 0001:00032794       Classes.TMemoryStream.SetSize
 0001:00032840       Classes.TMemoryStream.Write
 0001:0002F06C       Classes.TPersistent.Assign
 0001:0002F080       Classes.TPersistent.AssignError
 0001:0002F13C       Classes.TPersistent.AssignTo
 0001:0002F144       Classes.TPersistent.DefineProperties
 0001:0002F040       Classes.TPersistent.Destroy
 0001:0002F148       Classes.TPersistent.GetNamePath
 0001:0002F1E0       Classes.TPersistent.GetOwner
 0001:00032E18       Classes.TPropFixup.Create
 0001:00032E70       Classes.TPropFixup.MakeGlobalReference
 0001:00032ED0       Classes.TPropFixup.ResolveReference
 0001:00032EE0       Classes.TPropIntfFixup.ResolveReference
 0001:0003349C       Classes.TReader.BeginReferences
 0001:00033504       Classes.TReader.CheckValue
 0001:00035D94       Classes.TReader.CopyValue
 0001:00033564       Classes.TReader.DefineBinaryProperty
 0001:00033528       Classes.TReader.DefineProperty
 0001:00033460       Classes.TReader.Destroy
 0001:000337E8       Classes.TReader.DoFixupReferences
 0001:0003364C       Classes.TReader.EndOfList
 0001:00033660       Classes.TReader.EndReferences
 0001:0003367C       Classes.TReader.Error
 0001:00036070       Classes.TReader.FindAncestorComponent
 0001:00036168       Classes.TReader.FindComponentClass
 0001:00033710       Classes.TReader.FindMethod
 0001:000336A0       Classes.TReader.FindMethodInstance
 0001:0003392C       Classes.TReader.FixupReferences
 0001:00033964       Classes.TReader.FlushBuffer
 0001:00033988       Classes.TReader.FreeFixups
 0001:000339C4       Classes.TReader.GetFieldClass
 0001:00033A58       Classes.TReader.GetPosition
 0001:00033A70       Classes.TReader.NextValue
 0001:00033A80       Classes.TReader.PropertyError
 0001:00033A94       Classes.TReader.Read
 0001:00033B1C       Classes.TReader.ReadBoolean
 0001:00033AE0       Classes.TReader.ReadBuffer
 0001:00033B30       Classes.TReader.ReadChar
 0001:00033C24       Classes.TReader.ReadCollection
 0001:000340F0       Classes.TReader.ReadComponent
 0001:00035464       Classes.TReader.ReadComponents
 0001:00034530       Classes.TReader.ReadCurrency
 0001:00034330       Classes.TReader.ReadData
 0001:000343A0       Classes.TReader.ReadDataInner
 0001:00034580       Classes.TReader.ReadDate
 0001:000344A8       Classes.TReader.ReadDouble
 0001:00034470       Classes.TReader.ReadFloat
 0001:000345C4       Classes.TReader.ReadIdent
 0001:000347C8       Classes.TReader.ReadInt64
 0001:0003475C       Classes.TReader.ReadInteger
 0001:0003480C       Classes.TReader.ReadListBegin
 0001:00034814       Classes.TReader.ReadListEnd
 0001:0003481C       Classes.TReader.ReadPrefix
 0001:00034948       Classes.TReader.ReadProperty
 0001:00034D64       Classes.TReader.ReadPropValue
 0001:00035130       Classes.TReader.ReadRootComponent
 0001:00035554       Classes.TReader.ReadSet
 0001:00035610       Classes.TReader.ReadSignature
 0001:000344EC       Classes.TReader.ReadSingle
 0001:00035634       Classes.TReader.ReadStr
 0001:000356C4       Classes.TReader.ReadString
 0001:000358EC       Classes.TReader.ReadValue
 0001:000363EC       Classes.TReader.ReadVariant
 0001:00033BC4       Classes.TReader.ReadWideChar
 0001:000357AC       Classes.TReader.ReadWideString
 0001:00036128       Classes.TReader.ReferenceName
 0001:00036140       Classes.TReader.SetName
 0001:00035900       Classes.TReader.SetPosition
 0001:000361DC       Classes.TReader.SkipBytes
 0001:00035FC4       Classes.TReader.SkipComponent
 0001:00035F7C       Classes.TReader.SkipProperty
 0001:00035920       Classes.TReader.SkipSetBody
 0001:00035A28       Classes.TReader.SkipValue
 0001:0002C8EC       Classes.TRegGroup.AddClass
 0001:0002C8F8       Classes.TRegGroup.BestClass
 0001:0002C958       Classes.TRegGroup.BestGroup
 0001:0002C9C8       Classes.TRegGroup.Create
 0001:0002CA24       Classes.TRegGroup.Destroy
 0001:0002CA64       Classes.TRegGroup.GetClass
 0001:0002CAB4       Classes.TRegGroup.GetClasses
 0001:0002CAFC       Classes.TRegGroup.IndexOfClass
 0001:0002CB74       Classes.TRegGroup.InGroup
 0001:0002CBB8       Classes.TRegGroup.RegisterClass
 0001:0002CC6C       Classes.TRegGroup.RegisterClassAlias
 0001:0002CCA4       Classes.TRegGroup.Registered
 0001:0002CCBC       Classes.TRegGroup.UnregisterClass
 0001:0002CD1C       Classes.TRegGroup.UnregisterModuleClasses
 0001:0002CE5C       Classes.TRegGroups.Activate
 0001:0002CEA8       Classes.TRegGroups.AddClass
 0001:0002CEC8       Classes.TRegGroups.Create
 0001:0002CF3C       Classes.TRegGroups.Destroy
 0001:0002CF9C       Classes.TRegGroups.FindGroup
 0001:0002CFE0       Classes.TRegGroups.GetClass
 0001:0002D024       Classes.TRegGroups.GroupedWith
 0001:0002D0C8       Classes.TRegGroups.GroupWith
 0001:0002D19C       Classes.TRegGroups.Lock
 0001:0002D1A8       Classes.TRegGroups.RegisterClass
 0001:0002D1C0       Classes.TRegGroups.RegisterClassAlias
 0001:0002D1E0       Classes.TRegGroups.Registered
 0001:0002D224       Classes.TRegGroups.StartGroup
 0001:0002D274       Classes.TRegGroups.Unlock
 0001:0002D280       Classes.TRegGroups.UnregisterClass
 0001:0002D2B0       Classes.TRegGroups.UnregisterModuleClasses
 0001:00032890       Classes.TResourceStream.Create
 0001:000328E8       Classes.TResourceStream.CreateFromID
 0001:00032A48       Classes.TResourceStream.Destroy
 0001:000329DC       Classes.TResourceStream.Initialize
 0001:00032A78       Classes.TResourceStream.Write
 0001:00031CCC       Classes.TStream.CopyFrom
 0001:00032134       Classes.TStream.FixupResourceHeader
 0001:00031A08       Classes.TStream.GetPosition
 0001:00031A3C       Classes.TStream.GetSize
 0001:000267AC       Classes.TStream.Read
 0001:00031C5C       Classes.TStream.ReadBuffer
 0001:00031DC0       Classes.TStream.ReadComponent
 0001:00031E84       Classes.TStream.ReadComponentRes
 0001:0003222C       Classes.TStream.ReadResHeader
 0001:00031BEC       Classes.TStream.Seek
 0001:00031B68       Classes.TStream.Seek
 0001:00031A28       Classes.TStream.SetPosition
 0001:00031A88       Classes.TStream.SetSize
 0001:00031AA0       Classes.TStream.SetSize
 0001:00031A8C       Classes.TStream.SetSize64
 0001:000267B4       Classes.TStream.Write
 0001:00031C94       Classes.TStream.WriteBuffer
 0001:00031E20       Classes.TStream.WriteComponent
 0001:00031EA0       Classes.TStream.WriteComponentRes
 0001:00031E28       Classes.TStream.WriteDescendent
 0001:000321F8       Classes.TStream.WriteDescendentRes
 0001:00031EA8       Classes.TStream.WriteResourceHeader
 0001:0003B450       Classes.TStreamAdapter.Clone
 0001:0003B3A4       Classes.TStreamAdapter.Commit
 0001:0003B19C       Classes.TStreamAdapter.CopyTo
 0001:0003AF60       Classes.TStreamAdapter.Create
 0001:0003AFAC       Classes.TStreamAdapter.Destroy
 0001:0003B3BC       Classes.TStreamAdapter.LockRegion
 0001:0003AFE4       Classes.TStreamAdapter.Read
 0001:0003B3B0       Classes.TStreamAdapter.Revert
 0001:0003B0B4       Classes.TStreamAdapter.Seek
 0001:0003B138       Classes.TStreamAdapter.SetSize
 0001:0003B3D4       Classes.TStreamAdapter.Stat
 0001:0003B3C8       Classes.TStreamAdapter.UnlockRegion
 0001:0003B04C       Classes.TStreamAdapter.Write
 0001:000312F0       Classes.TStringList.Add
 0001:00031300       Classes.TStringList.AddObject
 0001:00031364       Classes.TStringList.Changed
 0001:00031380       Classes.TStringList.Changing
 0001:0003139C       Classes.TStringList.Clear
 0001:00031948       Classes.TStringList.CompareStrings
 0001:00031964       Classes.TStringList.Create
 0001:0003199C       Classes.TStringList.Create
 0001:00031910       Classes.TStringList.CustomSort
 0001:00031404       Classes.TStringList.Delete
 0001:0003126C       Classes.TStringList.Destroy
 0001:00031484       Classes.TStringList.Exchange
 0001:000314E0       Classes.TStringList.ExchangeItems
 0001:00031504       Classes.TStringList.Find
 0001:00031588       Classes.TStringList.Get
 0001:000315B8       Classes.TStringList.GetCapacity
 0001:000315BC       Classes.TStringList.GetCount
 0001:000315C0       Classes.TStringList.GetObject
 0001:000315E4       Classes.TStringList.Grow
 0001:00031618       Classes.TStringList.IndexOf
 0001:00031654       Classes.TStringList.Insert
 0001:000316B8       Classes.TStringList.InsertItem
 0001:00031664       Classes.TStringList.InsertObject
 0001:00031734       Classes.TStringList.Put
 0001:0003178C       Classes.TStringList.PutObject
 0001:000317C8       Classes.TStringList.QuickSort
 0001:00031860       Classes.TStringList.SetCapacity
 0001:000319E0       Classes.TStringList.SetCaseSensitive
 0001:000318A0       Classes.TStringList.SetSorted
 0001:000318C0       Classes.TStringList.SetUpdateState
 0001:00031900       Classes.TStringList.Sort
 0001:0002FC60       Classes.TStrings.Add
 0001:0002FC84       Classes.TStrings.AddObject
 0001:0002FCB4       Classes.TStrings.AddStrings
 0001:0002FCA8       Classes.TStrings.Append
 0001:0002FD6C       Classes.TStrings.Assign
 0001:0002FE28       Classes.TStrings.BeginUpdate
 0001:00025A34       Classes.TStrings.Clear
 0001:00031224       Classes.TStrings.CompareStrings
 0001:0002FE98       Classes.TStrings.DefineProperties
 0001:00025A3C       Classes.TStrings.Delete
 0001:0002FC30       Classes.TStrings.Destroy
 0001:0002FEF0       Classes.TStrings.EndUpdate
 0001:0002FF04       Classes.TStrings.Equals
 0001:0002FFB0       Classes.TStrings.Error
 0001:0002FFE8       Classes.TStrings.Error
 0001:00030040       Classes.TStrings.Exchange
 0001:0003012C       Classes.TStrings.GetCapacity
 0001:00030134       Classes.TStrings.GetCommaText
 0001:000301CC       Classes.TStrings.GetDelimitedText
 0001:00031110       Classes.TStrings.GetDelimiter
 0001:0003043C       Classes.TStrings.GetEnumerator
 0001:0003112C       Classes.TStrings.GetLineBreak
 0001:00031230       Classes.TStrings.GetNameValueSeparator
 0001:0003044C       Classes.TStrings.GetObject
 0001:00031168       Classes.TStrings.GetQuoteChar
 0001:00031184       Classes.TStrings.GetStrictDelimiter
 0001:00030450       Classes.TStrings.GetText
 0001:000304A4       Classes.TStrings.GetTextStr
 0001:0003063C       Classes.TStrings.IndexOf
 0001:000306C8       Classes.TStrings.IndexOfName
 0001:0003079C       Classes.TStrings.IndexOfObject
 0001:00025A44       Classes.TStrings.Insert
 0001:000307D0       Classes.TStrings.InsertObject
 0001:00030854       Classes.TStrings.LoadFromFile
 0001:00030800       Classes.TStrings.LoadFromFile
 0001:000308BC       Classes.TStrings.LoadFromStream
 0001:000308B0       Classes.TStrings.LoadFromStream
 0001:000309B0       Classes.TStrings.Move
 0001:00030A60       Classes.TStrings.Put
 0001:00030A90       Classes.TStrings.PutObject
 0001:00030A94       Classes.TStrings.ReadData
 0001:00030B44       Classes.TStrings.SaveToFile
 0001:00030B54       Classes.TStrings.SaveToFile
 0001:00030BC4       Classes.TStrings.SaveToStream
 0001:00030BB4       Classes.TStrings.SaveToStream
 0001:00030C7C       Classes.TStrings.SetCapacity
 0001:00030C80       Classes.TStrings.SetCommaText
 0001:00030F60       Classes.TStrings.SetDelimitedText
 0001:0003119C       Classes.TStrings.SetDelimiter
 0001:000311BC       Classes.TStrings.SetLineBreak
 0001:0003124C       Classes.TStrings.SetNameValueSeparator
 0001:000311E8       Classes.TStrings.SetQuoteChar
 0001:00031208       Classes.TStrings.SetStrictDelimiter
 0001:00030CA8       Classes.TStrings.SetStringsAdapter
 0001:00030CDC       Classes.TStrings.SetText
 0001:00030D2C       Classes.TStrings.SetTextStr
 0001:00030ED8       Classes.TStrings.SetUpdateState
 0001:00030EDC       Classes.TStrings.WriteData
 0001:0002FBB8       Classes.TStringsEnumerator.Create
 0001:0002FBFC       Classes.TStringsEnumerator.GetCurrent
 0001:0002FC14       Classes.TStringsEnumerator.MoveNext
 0004:00004F48       Classes.TThread.$ClassInitFlag
 0001:0003923C       Classes.TThread.AfterConstruction
 0001:000392E4       Classes.TThread.CallOnTerminate
 0001:00039250       Classes.TThread.CheckThreadError
 0001:000392CC       Classes.TThread.CheckThreadError
 0001:0003909C       Classes.TThread.Create
 0002:0000023C       Classes.TThread.Create@
 0001:000391A0       Classes.TThread.Destroy
 0001:00039214       Classes.TThread.Destroy@
 0001:000392F8       Classes.TThread.DoTerminate
 0005:00000008       Classes.TThread.FCurrentThread
 0001:0003930C       Classes.TThread.GetPriority
 0001:00039348       Classes.TThread.InternalStart
 0001:00039DE0       Classes.TThread.NameThreadForDebugging
 0001:00039420       Classes.TThread.Queue
 0001:00039574       Classes.TThread.Queue
 0001:000394A8       Classes.TThread.Queue
 0001:000399DC       Classes.TThread.Queue
 0001:00039B70       Classes.TThread.RemoveQueuedEvents
 0001:00039614       Classes.TThread.RemoveQueuedEvents
 0001:00039C14       Classes.TThread.RemoveQueuedEvents
 0001:00039CD4       Classes.TThread.Resume
 0001:000393F4       Classes.TThread.SetPriority
 0001:00039C28       Classes.TThread.SetSuspended
 0001:00039C40       Classes.TThread.SpinWait
 0001:00039C5C       Classes.TThread.Start
 0001:000396D8       Classes.TThread.StaticQueue
 0001:00039B5C       Classes.TThread.StaticSynchronize
 0001:00039C64       Classes.TThread.Suspend
 0001:000396EC       Classes.TThread.Synchronize
 0001:000398B0       Classes.TThread.Synchronize
 0001:0003994C       Classes.TThread.Synchronize
 0001:00039AC0       Classes.TThread.Synchronize
 0001:000398E4       Classes.TThread.Synchronize
 0001:00039CFC       Classes.TThread.Terminate
 0001:00039D20       Classes.TThread.WaitFor
 0001:0002ED58       Classes.TThreadList.Add
 0001:0002EDE0       Classes.TThreadList.Clear
 0001:0002EC88       Classes.TThreadList.Create
 0001:0002ECDC       Classes.TThreadList.Destroy
 0001:0002EE28       Classes.TThreadList.LockList
 0001:0002EE3C       Classes.TThreadList.Remove
 0001:0002EE44       Classes.TThreadList.RemoveItem
 0001:0002EE98       Classes.TThreadList.UnlockList
 0001:00036638       Classes.TWriter.AddAncestor
 0001:0003666C       Classes.TWriter.DefineBinaryProperty
 0001:00036644       Classes.TWriter.DefineProperty
 0001:0003660C       Classes.TWriter.Destroy
 0001:000366A8       Classes.TWriter.FindMethodName
 0001:000366F0       Classes.TWriter.FlushBuffer
 0001:00038CC4       Classes.TWriter.GetLookupInfo
 0001:00036698       Classes.TWriter.GetPosition
 0001:000366F8       Classes.TWriter.SetPosition
 0001:00036734       Classes.TWriter.SetRoot
 0001:0003674C       Classes.TWriter.Write
 0001:00036798       Classes.TWriter.WriteBinary
 0001:00036838       Classes.TWriter.WriteBoolean
 0001:00036820       Classes.TWriter.WriteBuffer
 0001:0003684C       Classes.TWriter.WriteChar
 0001:000368EC       Classes.TWriter.WriteCollection
 0001:000369DC       Classes.TWriter.WriteComponent
 0001:00036F84       Classes.TWriter.WriteCurrency
 0001:00036B30       Classes.TWriter.WriteData
 0001:00036FA8       Classes.TWriter.WriteDate
 0001:00036EF0       Classes.TWriter.WriteDescendent
 0001:00036F60       Classes.TWriter.WriteDouble
 0001:00036F18       Classes.TWriter.WriteFloat
 0001:00036FCC       Classes.TWriter.WriteIdent
 0001:000370B0       Classes.TWriter.WriteInteger
 0001:00037124       Classes.TWriter.WriteInteger
 0001:0003717C       Classes.TWriter.WriteListBegin
 0001:00037184       Classes.TWriter.WriteListEnd
 0001:00038988       Classes.TWriter.WriteMinStr
 0001:0003718C       Classes.TWriter.WritePrefix
 0001:000371D4       Classes.TWriter.WriteProperties
 0001:0003832C       Classes.TWriter.WriteProperty
 0001:00038860       Classes.TWriter.WritePropName
 0001:000388B4       Classes.TWriter.WriteRootComponent
 0001:000388BC       Classes.TWriter.WriteSignature
 0001:00036F3C       Classes.TWriter.WriteSingle
 0001:000388CC       Classes.TWriter.WriteStr
 0001:00038ABC       Classes.TWriter.WriteString
 0001:00038BD4       Classes.TWriter.WriteUTF8Str
 0001:00038CB0       Classes.TWriter.WriteValue
 0001:00038480       Classes.TWriter.WriteVariant
 0001:0003689C       Classes.TWriter.WriteWideChar
 0001:00038CA8       Classes.TWriter.WriteWideString
 0001:0002DC3C       Classes.UnregisterFindGlobalComponentProc
 0001:0002D720       Classes.UnRegisterModuleClasses
 0003:00000FE8       Classes.UtilWindowClass
 0001:00038DCC       Classes.WaitForSyncEvent
 0003:00000F90       Classes.WakeMainThread
 0001:0002DF70       Classes.WriteCollection
 0001:00037B5C       Classes.WriteCollectionProp
 0001:00037CF8       Classes.WriteFloatProp
 0001:00037D38       Classes.WriteInt64Prop
 0001:0003815C       Classes.WriteInterfaceProp
 0001:00037AF0       Classes.WriteIntProp
 0001:00038238       Classes.WriteMethodProp
 0001:00037F48       Classes.WriteObjectProp
 0001:00037C00       Classes.WriteOrdProp
 0001:00037A04       Classes.WritePropPath
 0001:00037A5C       Classes.WriteSet
 0001:00037D74       Classes.WriteStrProp
 0001:000382C8       Classes.WriteVariantProp
 0004:0000516C       Clipbrd..3
 0004:0000516A       Clipbrd.CF_COMPONENT
 0004:00005168       Clipbrd.CF_PICTURE
 0002:00000950       Clipbrd.Clipbrd
 0004:00005170       Clipbrd.FClipboard
 0001:00059938       Clipbrd.Finalization
 0004:0000517C       ComCtrls..96
 0001:00059D4C       ComCtrls..TConversion
 0002:00000A1C       ComCtrls.ComCtrls
 0004:00005180       ComCtrls.ConversionFormatList
 0001:0005A0E4       ComCtrls.Finalization
 0001:0005A084       ComCtrls.FreeConversionFormatList
 0004:00005188       ComCtrls.FRichEditModule
 0003:00001914       ComCtrls.RTFConversionFormat
 0004:00005184       ComCtrls.ShellModule
 0001:00059FCC       ComCtrls.TConversion.ConvertReadStream
 0001:0005A028       ComCtrls.TConversion.ConvertWriteStream
 0001:00059F94       ComCtrls.TConversion.Create
 0003:0000191C       ComCtrls.TextConversionFormat
 0001:0000B404       CommCtrl.FlatSB_GetScrollInfo
 0001:0000B40C       CommCtrl.FlatSB_GetScrollPos
 0001:0000B414       CommCtrl.FlatSB_SetScrollInfo
 0001:0000B41C       CommCtrl.FlatSB_SetScrollPos
 0001:0000B424       CommCtrl.FlatSB_SetScrollProp
 0001:0000B33C       CommCtrl.ImageList_Add
 0001:0000B39C       CommCtrl.ImageList_BeginDrag
 0001:0000B394       CommCtrl.ImageList_Copy
 0001:0000B31C       CommCtrl.ImageList_Create
 0001:0000B324       CommCtrl.ImageList_Destroy
 0001:0000B3AC       CommCtrl.ImageList_DragEnter
 0001:0000B3B4       CommCtrl.ImageList_DragLeave
 0001:0000B3BC       CommCtrl.ImageList_DragMove
 0001:0000B3C4       CommCtrl.ImageList_DragShowNolock
 0001:0000B364       CommCtrl.ImageList_Draw
 0001:0000B374       CommCtrl.ImageList_DrawEx
 0001:0000B3A4       CommCtrl.ImageList_EndDrag
 0001:0000B354       CommCtrl.ImageList_GetBkColor
 0001:0000B3CC       CommCtrl.ImageList_GetDragImage
 0001:0000B384       CommCtrl.ImageList_GetIcon
 0001:0000B3E4       CommCtrl.ImageList_GetIconSize
 0001:0000B32C       CommCtrl.ImageList_GetImageCount
 0001:0000B3F4       CommCtrl.ImageList_GetImageInfo
 0001:0000B38C       CommCtrl.ImageList_LoadImage
 0001:0000B3D4       CommCtrl.ImageList_Read
 0001:0000B37C       CommCtrl.ImageList_Remove
 0001:0000B36C       CommCtrl.ImageList_Replace
 0001:0000B344       CommCtrl.ImageList_ReplaceIcon
 0001:0000B34C       CommCtrl.ImageList_SetBkColor
 0001:0000B3EC       CommCtrl.ImageList_SetIconSize
 0001:0000B334       CommCtrl.ImageList_SetImageCount
 0001:0000B35C       CommCtrl.ImageList_SetOverlayImage
 0001:0000B3DC       CommCtrl.ImageList_Write
 0001:0000B42C       CommCtrl.InitializeFlatSB
 0001:0000B3FC       CommCtrl._TrackMouseEvent
 0001:0003DE44       Contnrs..TOrderedList
 0001:0003E05C       Contnrs..TStack
 0001:0003E0EC       Contnrs.TOrderedList.AtLeast
 0001:0003E118       Contnrs.TOrderedList.Count
 0001:0003E120       Contnrs.TOrderedList.Create
 0001:0003E164       Contnrs.TOrderedList.Destroy
 0001:0003E0F8       Contnrs.TOrderedList.Peek
 0001:0003E194       Contnrs.TOrderedList.PeekItem
 0001:0003E100       Contnrs.TOrderedList.Pop
 0001:0003E1A8       Contnrs.TOrderedList.PopItem
 0001:0003E108       Contnrs.TOrderedList.Push
 0001:0003E1C8       Contnrs.TStack.PushItem
 0004:000051EC       Controls..44
 0001:00065788       Controls..TBaseDragControlObject
 0001:000695E8       Controls..TControl
 0001:00066414       Controls..TControlActionLink
 0001:00065FFC       Controls..TControlCanvas
 0001:0006CE28       Controls..TCustomControl
 0001:00066240       Controls..TCustomControlAction
 0001:000676C8       Controls..TCustomGestureCollectionItem
 0001:00067F08       Controls..TCustomGestureEngine
 0001:00067928       Controls..TCustomGestureManager
 0001:0006F3D0       Controls..TCustomHint
 0001:0006F178       Controls..TCustomHintShowHideThread
 0001:0006ED3C       Controls..TCustomHintWindow
 0001:0006E564       Controls..TCustomPanningWindow
 0001:000680DC       Controls..TCustomTouchManager
 0001:0006E1F0       Controls..TDockTree
 0001:0006DC08       Controls..TDockZone
 0001:00065924       Controls..TDragControlObject
 0001:00065A60       Controls..TDragControlObjectEx
 0001:00065B6C       Controls..TDragDockObject
 0001:00065EE4       Controls..TDragDockObjectEx
 0001:0006D504       Controls..TDragImageList
 0001:00065284       Controls..TDragObject
 0001:0006D044       Controls..THintWindow
 0001:0006D960       Controls..TImageList
 0001:00066D00       Controls..TMargins
 0001:0006E814       Controls..TMouse
 0001:000671E4       Controls..TPadding
 0001:000700C8       Controls..TSiteList
 0001:00066A98       Controls..TSizeConstraints
 0001:00068690       Controls..TTouchManager
 0001:0006B964       Controls..TWinControl
 0001:0006B3A8       Controls..TWinControlActionLink
 0001:0007087C       Controls.AbsMin
 0004:00005220       Controls.ActiveDrag
 0001:000775F8       Controls.AlignNestedControls
 0001:000775A4       Controls.AlignWork
 0003:00001AF0       Controls.AnchorAlign
 0003:00001AE4       Controls.AnimateWindowProc
 0003:00001C6C       Controls.AnimationStyle
 0001:00073A90       Controls.BackgroundClipped
 0001:00081F88       Controls.CalcSplitterPos
 0001:00071900       Controls.CancelDrag
 0004:00005234       Controls.CanvasList
 0003:00001BA8       Controls.CaptureControl
 0001:00071568       Controls.CheckUndock
 0001:0007ECBC       Controls.ClientToWindow
 0004:000051F2       Controls.ControlAtom
 0004:000051F8       Controls.ControlAtomString
 0002:00000B30       Controls.Controls
 0003:00001C00       Controls.CPan
 0003:00001BFC       Controls.CPanOoptions
 0003:00001C30       Controls.CPanSingleFingerHorizontal
 0003:00001C28       Controls.CPanSingleFingerVertical
 0003:00001C38       Controls.CPanWithGutter
 0003:00001C40       Controls.CPanWithInertia
 0003:00001C18       Controls.CPressAndTap
 0003:00001AEC       Controls.CreationControl
 0003:00001C10       Controls.CRotate
 0003:00001BEC       Controls.Ctl3DStyles
 0003:00001C20       Controls.CTwoFingerTap
 0003:00001AF8       Controls.Cursors
 0001:0006FEA8       Controls.CursorToIdent
 0003:00001C08       Controls.CZoom
 0003:00001AE8       Controls.DefaultDockTreeClass
 0001:000789D0       Controls.DestroyChildWindow
 0001:00077870       Controls.DoAdjustSize
 0001:00077418       Controls.DoAlign
 0001:0007CC84       Controls.DoCalcConstraints
 0004:00005228       Controls.DockSiteList
 0001:00079920       Controls.DoControlMsg
 0001:00070E7C       Controls.DoDragOver
 0001:0007F9B4       Controls.DoFindControlZone
 0001:000800E0       Controls.DoFindZone
 0001:0007FA38       Controls.DoForEach
 0001:00081758       Controls.DoGetNextLimit
 0001:00082894       Controls.DoneControls
 0001:000773D0       Controls.DoPosition
 0001:00080C04       Controls.DoPrune
 0001:0008114C       Controls.DoSaveZone
 0001:00081450       Controls.DoSetNewBounds
 0001:0007864C       Controls.DoWriteDesignSize
 0001:00075024       Controls.DoWriteExplicit
 0001:00074FF0       Controls.DoWriteIsControl
 0004:0000520C       Controls.DragCapture
 0004:00005200       Controls.DragControl
 0001:000715DC       Controls.DragDone
 0001:00070E2C       Controls.DragFindTarget
 0001:00070E00       Controls.DragFindWindow
 0004:00005224       Controls.DragImageList
 0001:00071240       Controls.DragInit
 0001:000713B0       Controls.DragInitControl
 0004:00005208       Controls.DragInternalObject
 0001:00070D48       Controls.DragMessage
 0004:00005204       Controls.DragObject
 0004:00005230       Controls.DragSave
 0004:00005218       Controls.DragSaveCursor
 0004:00005210       Controls.DragStartPos
 0004:0000521C       Controls.DragThreshold
 0001:00070F58       Controls.DragTo
 0001:00080684       Controls.DrawCloseButton
 0001:00080718       Controls.DrawGrabberLine
 0001:000807A4       Controls.DrawThemedGrabber
 0001:00079E3C       Controls.DrawThemeEdge
 0003:00001BDC       Controls.EdgeStyles
 0001:00084558       Controls.Finalization
 0001:0006FB38       Controls.FindControl
 0001:0007194C       Controls.FindDragTarget
 0001:00071918       Controls.FindVCLWindow
 0004:00005238       Controls.FlagControl
 0001:00071A40       Controls.FreeDeviceContext
 0001:00071B08       Controls.FreeDeviceContexts
 0003:00001BF4       Controls.GestureMap
 0001:0007005C       Controls.GetCaptureControl
 0001:00077238       Controls.GetClientSize
 0001:00078EDC       Controls.GetControlAtPos
 0001:00081838       Controls.GetDockAlign
 0001:00070BA0       Controls.GetDockSiteAtPos
 0001:00070EB8       Controls.GetDropCtl
 0001:0007F6E4       Controls.GetLastChildZone
 0001:0006FF10       Controls.GetLongHint
 0001:0006FEC8       Controls.GetShortHint
 0001:0007028C       Controls.GetTopParent
 0001:000818B4       Controls.HideZone
 0001:0006FEB8       Controls.IdentToCursor
 0003:00001C94       Controls.IMM32DLL
 0001:00082880       Controls.Imm32IsIME
 0001:00082934       Controls.InitControls
 0001:0008244C       Controls.InitIMM32
 0001:0006F9F4       Controls.InitWndProc
 0003:00001BBC       Controls.InnerStyles
 0001:000772A0       Controls.InsertBefore
 0001:00070960       Controls.IsBeforeTargetWindow
 0001:00070DA0       Controls.IsDelphiHandle
 0001:0007F0FC       Controls.IsOrientationSet
 0001:00070B5C       Controls.IsSiteChildOfClient
 0001:0006FB94       Controls.IsVCLControl
 0004:000051E0       Controls.IsVCLControlHook
 0001:00083BAC       Controls.LatestHintWindow
 0001:00071998       Controls.ListAdd
 0001:000719C0       Controls.ListRemove
 0003:00001C80       Controls.MakeLast
 0001:000762A8       Controls.MinVar
 0003:00001C98       Controls.ModeMap
 0004:000051DC       Controls.Mouse
 0001:0006F9B8       Controls.MouseOriginToShiftState
 0001:00071A10       Controls.MoveWindowOrg
 0004:000051E8       Controls.NewStyleControls
 0001:0007F0E0       Controls.NextVisibleZone
 0001:0006FB04       Controls.ObjectFromHWnd
 0003:00001C48       Controls.Options
 0003:00001C78       Controls.OrientArray
 0003:00001BCC       Controls.OuterStyles
 0003:00001BAC       Controls.PaintMessage
 0001:0007F50C       Controls.ParentNotLast
 0001:0006FFA8       Controls.PerformBufferedPrintClient
 0001:0006FF58       Controls.PerformEraseBackground
 0001:00078638       Controls.PointsEqual
 0004:0000522C       Controls.QualifyingSites
 0001:0008027C       Controls.ReadControlName
 0001:00070CEC       Controls.RegisterDockSite
 0004:000051FC       Controls.RM_GetObjectInstance
 0001:0006FBC4       Controls.SendAppMessage
 0001:00070084       Controls.SetCaptureControl
 0001:000827A8       Controls.SetImeMode
 0001:00075B20       Controls.SetParentColor
 0003:00001BB4       Controls.ShowFlags
 0001:00081934       Controls.ShowZone
 0003:00001C8C       Controls.SizeCursors
 0001:00070660       Controls.TBaseDragControlObject.Assign
 0001:00070624       Controls.TBaseDragControlObject.Create
 0001:0007068C       Controls.TBaseDragControlObject.EndDrag
 0001:000706B8       Controls.TBaseDragControlObject.Finished
 0001:00075FD8       Controls.TControl.ActionChange
 0001:000763CC       Controls.TControl.AdjustSize
 0001:000761FC       Controls.TControl.AssignTo
 0001:00073E30       Controls.TControl.BeginAutoDrag
 0001:00073E4C       Controls.TControl.BeginDrag
 0001:000738E0       Controls.TControl.BringToFront
 0001:000749F4       Controls.TControl.CalcCursorPos
 0001:00074BAC       Controls.TControl.CalcDockSizes
 0001:000748F4       Controls.TControl.CanAutoSize
 0001:000748F8       Controls.TControl.CanResize
 0001:00073230       Controls.TControl.Changed
 0001:00073240       Controls.TControl.ChangeScale
 0001:00075650       Controls.TControl.CheckNewSize
 0001:00075424       Controls.TControl.Click
 0001:00076608       Controls.TControl.ClientToParent
 0001:00073034       Controls.TControl.ClientToScreen
 0001:00075C9C       Controls.TControl.CMBiDiModeChanged
 0001:00075B14       Controls.TControl.CMColorChanged
 0001:00075E18       Controls.TControl.CMDesignHitTest
 0001:00075AFC       Controls.TControl.CMEnabledChanged
 0001:00075F78       Controls.TControl.CMFloat
 0001:00075B08       Controls.TControl.CMFontChanged
 0001:00075C28       Controls.TControl.CMGesture
 0001:00076458       Controls.TControl.CMHintShow
 0001:00075D48       Controls.TControl.CMHitTest
 0001:00076828       Controls.TControl.CMMouseActivate
 0001:00075D50       Controls.TControl.CMMouseEnter
 0001:00075DB4       Controls.TControl.CMMouseLeave
 0001:00075BB8       Controls.TControl.CMMouseWheel
 0001:00075B94       Controls.TControl.CMParentBiDiModeChanged
 0001:00075B58       Controls.TControl.CMParentColorChanged
 0001:00075CF4       Controls.TControl.CMParentFontChanged
 0001:00075CB8       Controls.TControl.CMParentShowHintChanged
 0001:00075E20       Controls.TControl.CMParentTabletOptionsChanged
 0001:00075D24       Controls.TControl.CMSysFontChanged
 0001:00075AD4       Controls.TControl.CMVisibleChanged
 0001:000749C4       Controls.TControl.ConstrainedResize
 0001:00072298       Controls.TControl.Create
 0001:00075E54       Controls.TControl.CreateFloatingDockSite
 0001:00075ED4       Controls.TControl.CreateTouchManager
 0001:0007549C       Controls.TControl.DblClick
 0001:0007432C       Controls.TControl.DefaultDockImage
 0001:00074F3C       Controls.TControl.DefaultHandler
 0001:00075244       Controls.TControl.DefineProperties
 0001:00074A20       Controls.TControl.DesignWndProc
 0001:000723E0       Controls.TControl.Destroy
 0001:000760D8       Controls.TControl.DoActionChange
 0001:00074928       Controls.TControl.DoCanAutoSize
 0001:00074994       Controls.TControl.DoCanResize
 0001:00072CE0       Controls.TControl.Dock
 0001:00074118       Controls.TControl.DockTrackNoTarget
 0001:00074A54       Controls.TControl.DoConstrainedResize
 0001:000748E8       Controls.TControl.DoConstraintsChange
 0001:000765C8       Controls.TControl.DoContextPopup
 0001:00072E10       Controls.TControl.DoDock
 0001:00074478       Controls.TControl.DoDragMsg
 0001:00074130       Controls.TControl.DoEndDock
 0001:00074018       Controls.TControl.DoEndDrag
 0001:00073FF8       Controls.TControl.DoGesture
 0001:00073FFC       Controls.TControl.DoGetGestureOptions
 0001:0007684C       Controls.TControl.DoMarginChange
 0001:0007418C       Controls.TControl.DoMouseActivate
 0001:000754F4       Controls.TControl.DoMouseDown
 0001:00075890       Controls.TControl.DoMouseUp
 0001:000741C0       Controls.TControl.DoMouseWheel
 0001:00074294       Controls.TControl.DoMouseWheelDown
 0001:000742E0       Controls.TControl.DoMouseWheelUp
 0001:0007415C       Controls.TControl.DoStartDock
 0001:00073FD8       Controls.TControl.DoStartDrag
 0001:00073F60       Controls.TControl.DragCanceled
 0001:00073FAC       Controls.TControl.DragDrop
 0001:00073F64       Controls.TControl.Dragging
 0001:00073F70       Controls.TControl.DragOver
 0001:00074458       Controls.TControl.DrawDragDockImage
 0001:000763EC       Controls.TControl.DrawTextBiDiModeFlags
 0001:0007642C       Controls.TControl.DrawTextBiDiModeFlagsReadingOnly
 0001:00073F2C       Controls.TControl.EndDrag
 0001:00074468       Controls.TControl.EraseDragDockImage
 0001:000736F0       Controls.TControl.FontChanged
 0001:0007259C       Controls.TControl.GetAction
 0001:000760FC       Controls.TControl.GetActionLinkClass
 0001:00076870       Controls.TControl.GetAlignWithMargins
 0001:00072EC8       Controls.TControl.GetBoundsRect
 0001:00072F64       Controls.TControl.GetClientHeight
 0001:00072FA4       Controls.TControl.GetClientOrigin
 0001:00072F0C       Controls.TControl.GetClientRect
 0001:00072F24       Controls.TControl.GetClientWidth
 0001:00073DC8       Controls.TControl.GetControlsAlignment
 0001:00074B84       Controls.TControl.GetCustomHint
 0001:000739E8       Controls.TControl.GetDeviceContext
 0001:000762E8       Controls.TControl.GetDockEdge
 0001:000724DC       Controls.TControl.GetDragImages
 0001:0007278C       Controls.TControl.GetDragMode
 0001:000724E0       Controls.TControl.GetEnabled
 0001:00076398       Controls.TControl.GetFloating
 0001:000763C4       Controls.TControl.GetFloatingDockSiteClass
 0001:00073600       Controls.TControl.GetLRDockWidth
 0001:000738A8       Controls.TControl.GetMouseCapture
 0001:000724E8       Controls.TControl.GetPalette
 0001:000724F4       Controls.TControl.GetParentComponent
 0001:0007564C       Controls.TControl.GetPopupMenu
 0001:000735EC       Controls.TControl.GetTBDockHeight
 0001:00073638       Controls.TControl.GetText
 0001:000735B8       Controls.TControl.GetTextBuf
 0001:000735A8       Controls.TControl.GetTextLen
 0001:000735C4       Controls.TControl.GetUndockHeight
 0001:000735D8       Controls.TControl.GetUndockWidth
 0001:000724EC       Controls.TControl.HasParent
 0001:00073C74       Controls.TControl.Hide
 0001:00076448       Controls.TControl.InitiateAction
 0001:00073BAC       Controls.TControl.Invalidate
 0001:00073B18       Controls.TControl.InvalidateControl
 0001:000726C8       Controls.TControl.IsAnchorsStored
 0001:00073764       Controls.TControl.IsBiDiModeStored
 0001:00076104       Controls.TControl.IsCaptionStored
 0001:0007383C       Controls.TControl.IsColorStored
 0001:00076124       Controls.TControl.IsEnabledStored
 0001:00073744       Controls.TControl.IsFontStored
 0001:00076164       Controls.TControl.IsHelpContextStored
 0001:00076144       Controls.TControl.IsHintStored
 0001:000761A4       Controls.TControl.IsOnClickStored
 0001:00073DCC       Controls.TControl.IsRightToLeft
 0001:00073758       Controls.TControl.IsShowHintStored
 0001:000726E0       Controls.TControl.IsTouchPropertyStored
 0001:00076184       Controls.TControl.IsVisibleStored
 0001:000761C4       Controls.TControl.Loaded
 0001:00074568       Controls.TControl.ManualDock
 0001:00074754       Controls.TControl.ManualFloat
 0001:00073BC0       Controls.TControl.MouseActivate
 0001:000754BC       Controls.TControl.MouseDown
 0001:0007579C       Controls.TControl.MouseMove
 0001:00075858       Controls.TControl.MouseUp
 0001:00073C08       Controls.TControl.MouseWheelHandler
 0001:00072864       Controls.TControl.Notification
 0001:00072520       Controls.TControl.PaletteChanged
 0001:00076718       Controls.TControl.ParentToClient
 0001:00074B70       Controls.TControl.Perform
 0001:00074B28       Controls.TControl.Perform
 0001:00074B5C       Controls.TControl.Perform
 0001:00074044       Controls.TControl.PositionDockRect
 0001:00076948       Controls.TControl.ReadExplicitHeight
 0001:00076960       Controls.TControl.ReadExplicitLeft
 0001:00076930       Controls.TControl.ReadExplicitTop
 0001:00076908       Controls.TControl.ReadExplicitWidth
 0001:00074FD0       Controls.TControl.ReadIsControl
 0001:000727B4       Controls.TControl.ReadState
 0001:00073CC0       Controls.TControl.Refresh
 0001:00073CCC       Controls.TControl.Repaint
 0001:000747F4       Controls.TControl.ReplaceDockedControl
 0001:0007277C       Controls.TControl.RequestAlign
 0001:00072794       Controls.TControl.Resize
 0001:00073060       Controls.TControl.ScaleConstraints
 0001:000730E4       Controls.TControl.ScaleMargins
 0001:00073168       Controls.TControl.ScreenToClient
 0001:00073194       Controls.TControl.SendCancelMode
 0001:000731C4       Controls.TControl.SendDockNotification
 0001:000738F0       Controls.TControl.SendToBack
 0001:0007264C       Controls.TControl.SetAction
 0001:000728E0       Controls.TControl.SetAlign
 0001:00076878       Controls.TControl.SetAlignWithMargins
 0001:000725AC       Controls.TControl.SetAnchors
 0001:00073408       Controls.TControl.SetAutoSize
 0001:000736D4       Controls.TControl.SetBiDiMode
 0001:000729C8       Controls.TControl.SetBounds
 0001:00072EE8       Controls.TControl.SetBoundsRect
 0001:00072F7C       Controls.TControl.SetClientHeight
 0001:000734C4       Controls.TControl.SetClientSize
 0001:00072F3C       Controls.TControl.SetClientWidth
 0001:000737F0       Controls.TControl.SetColor
 0001:000765FC       Controls.TControl.SetConstraints
 0001:0007388C       Controls.TControl.SetCursor
 0001:000739B0       Controls.TControl.SetCustomHint
 0001:00072740       Controls.TControl.SetDesignVisible
 0001:00072778       Controls.TControl.SetDragMode
 0001:00073590       Controls.TControl.SetEnabled
 0001:00073734       Controls.TControl.SetFont
 0001:00072CAC       Controls.TControl.SetHeight
 0001:00072E68       Controls.TControl.SetHelpContext
 0001:00072E7C       Controls.TControl.SetHelpKeyword
[...]
 0004:00005030       UxTheme.GetThemeSysColor
 0004:00005034       UxTheme.GetThemeSysColorBrush
 0004:00005038       UxTheme.GetThemeSysBool
 0004:0000503C       UxTheme.GetThemeSysSize
 0004:00005040       UxTheme.GetThemeSysFont
 0004:00005044       UxTheme.GetThemeSysString
 0004:00005048       UxTheme.GetThemeSysInt
 0004:0000504C       UxTheme.IsThemeActive
 0004:00005050       UxTheme.IsAppThemed
 0004:00005054       UxTheme.GetWindowTheme
 0004:00005058       UxTheme.EnableThemeDialogTexture
 0004:0000505C       UxTheme.IsThemeDialogTextureEnabled
 0004:00005060       UxTheme.GetThemeAppProperties
 0004:00005064       UxTheme.SetThemeAppProperties
 0004:00005068       UxTheme.GetCurrentThemeName
 0004:0000506C       UxTheme.GetThemeDocumentationProperty
 0004:00005070       UxTheme.DrawThemeParentBackground
 0004:00005074       UxTheme.EnableTheming
 0004:00005078       UxTheme..1
 0004:0000507C       UxTheme.ThemeLibrary
 0004:00005080       UxTheme.ReferenceCount
 0004:00005084       UxTheme.Lock
 0004:00005088       HelpIntfs..2
 0004:0000508C       HelpIntfs.HelpManager
 0004:00005090       MultiMon.GetSystemMetrics
 0004:00005094       MultiMon.MonitorFromWindow
 0004:00005098       MultiMon.MonitorFromRect
 0004:0000509C       MultiMon.MonitorFromPoint
 0004:000050A0       MultiMon.GetMonitorInfo
 0004:000050A4       MultiMon.GetMonitorInfoA
 0004:000050A8       MultiMon.GetMonitorInfoW
 0004:000050AC       MultiMon.EnumDisplayMonitors
 0004:000050B0       MultiMon..1
 0004:000050B4       MultiMon.User32Dll
 0004:000050B8       MultiMon.InitApis
 0004:000050C0       MultiMon.MMAvailable
 0004:000050C4       IOUtils.TPath.FAltDirectorySeparatorChar
 0004:000050C6       IOUtils.TPath.FDirectorySeparatorChar
 0004:000050C8       IOUtils.TPath.FPathSeparator
 0004:000050CA       IOUtils.TPath.FVolumeSeparatorChar
 0004:000050CC       IOUtils.TPath.FExtensionSeparatorChar
 0004:000050D0       IOUtils.TPath.FInvalidPathChars
 0004:000050D4       IOUtils.TPath.FInvalidFileNameChars
 0004:000050D8       IOUtils.TPath.FPathWildcardChars
 0004:000050DC       IOUtils.TPath.FFileNameWildCardChars
 0004:000050E0       IOUtils.TPath.$ClassInitFlag
 0004:000050E4       IOUtils..1
 0004:000050E8       IniFiles..7
 0004:000050EC       Registry..5
 0004:000050F0       Graphics.TWICImage.FImagingFactory
 0004:000050F4       Graphics.SystemPalette16
 0004:000050F8       Graphics..32
 0004:000050FC       Graphics.ScreenLogPixels
 0004:00005100       Graphics.StockPen
 0004:00005104       Graphics.StockBrush
 0004:00005108       Graphics.StockFont
 0004:0000510C       Graphics.StockIcon
 0004:00005110       Graphics.BitmapImageLock
 0004:00005128       Graphics.CounterLock
 0004:00005140       Graphics.FontManager
 0004:00005144       Graphics.PenManager
 0004:00005148       Graphics.BrushManager
 0004:0000514C       Graphics.CanvasList
 0004:00005150       Graphics.PatternManager
 0004:00005154       GraphUtil..2
 0004:00005158       GraphUtil.MsImgHandle
 0004:0000515C       GraphUtil.MsImgInitialized
 0004:00005160       GraphUtil.GradientFillFunc
 0004:00005164       Printers..3
 0004:00005168       Clipbrd.CF_PICTURE
 0004:0000516A       Clipbrd.CF_COMPONENT
 0004:0000516C       Clipbrd..3
 0004:00005170       Clipbrd.FClipboard
 0004:00005174       ExtCtrls.TCustomTrayIcon.RM_TaskbarCreated
 0004:00005178       ExtCtrls..94
 0004:0000517C       ComCtrls..96
 0004:00005180       ComCtrls.ConversionFormatList
 0004:00005184       ComCtrls.ShellModule
 0004:00005188       ComCtrls.FRichEditModule
 0004:0000518C       Dialogs..03
 0004:00005190       Dialogs.HelpMsg
 0004:00005194       Dialogs.FindMsg
 0004:00005198       FlatSB.FlatSB_EnableScrollBar
 0004:0000519C       FlatSB.FlatSB_ShowScrollBar
 0004:000051A0       FlatSB.FlatSB_GetScrollRange
 0004:000051A4       FlatSB.FlatSB_GetScrollInfo
 0004:000051A8       FlatSB.FlatSB_GetScrollPos
 0004:000051AC       FlatSB.FlatSB_SetScrollPos
 0004:000051B0       FlatSB.FlatSB_SetScrollInfo
 0004:000051B4       FlatSB.FlatSB_SetScrollRange
 0004:000051B8       FlatSB..1
 0004:000051BC       FlatSB._FlatSB_GetScrollProp
 0004:000051C0       FlatSB._FlatSB_SetScrollProp
 0004:000051C4       FlatSB._InitializeFlatSB
 0004:000051C8       FlatSB._UninitializeFlatSB
 0004:000051CC       Menus.PopupList
 0004:000051D0       Menus.ShortCutItems
 0004:000051D4       Menus..01
 0004:000051D8       Menus.CommandPool
 0004:000051DC       Controls.Mouse
 0004:000051E0       Controls.IsVCLControlHook
 0004:000051E8       Controls.NewStyleControls
 0004:000051EC       Controls..44
 0004:000051F0       Controls.WindowAtom
 0004:000051F2       Controls.ControlAtom
 0004:000051F4       Controls.WindowAtomString
 0004:000051F8       Controls.ControlAtomString
 0004:000051FC       Controls.RM_GetObjectInstance
 0004:00005200       Controls.DragControl
 0004:00005204       Controls.DragObject
 0004:00005208       Controls.DragInternalObject
 0004:0000520C       Controls.DragCapture
 0004:00005210       Controls.DragStartPos
 0004:00005218       Controls.DragSaveCursor
 0004:0000521C       Controls.DragThreshold
 0004:00005220       Controls.ActiveDrag
 0004:00005224       Controls.DragImageList
 0004:00005228       Controls.DockSiteList
 0004:0000522C       Controls.QualifyingSites
 0004:00005230       Controls.DragSave
 0004:00005234       Controls.CanvasList
 0004:00005238       Controls.FlagControl
 0004:0000523C       Controls._WINNLSEnableIME
 0004:00005240       Controls._ImmGetContext
 0004:00005244       Controls._ImmReleaseContext
 0004:00005248       Controls._ImmGetConversionStatus
 0004:0000524C       Controls._ImmSetConversionStatus
 0004:00005250       Controls._ImmSetOpenStatus
 0004:00005254       Controls._ImmSetCompositionWindow
 0004:00005258       Controls._ImmSetCompositionFont
 0004:0000525C       Controls._ImmGetCompositionString
 0004:00005260       Controls._ImmIsIME
 0004:00005264       Controls._ImmNotifyIME
 0004:00005268       Themes..2
 0004:0000526C       Themes.InternalServices
 0004:00005270       Themes.RM_UnthemedDesigner
 0004:00005274       ImgList.CachedComCtrlVer
 0004:00005278       ImgList.ImageListWriteExProc
 0004:0000527C       ActnList..9
 0004:00005280       Forms.Application
 0004:00005284       Forms.Screen
 0004:00005288       Forms..51
 0004:0000528C       Forms.RM_TaskbarCreated
 0004:00005290       Forms.HintThreadID
 0004:00005294       Forms.HintDoneEvent
 0004:00005298       Forms.HintHook
 0004:0000529C       Forms.HintThread
 0004:000052A0       Forms.IdleTimerHandle
 0004:000052A4       Forms.IdleTimerDelegate
 0004:000052A8       Logger..1
 0004:000052AC       Logger.HConsole
 0004:000052B0       Logger.IsLoggerEnabled
 0004:000052B4       ALPC_Base.AlpcTransportBase.fBlock
 0004:000052B8       ALPC_Base.AlpcTransportBase.fSectionHandle
 0004:000052BC       ALPC_Base.AlpcTransportBase.fAllocatedSectionSize
 0004:000052C0       ALPC_Base.AlpcTransportBase.fDataSizeOfQuotaIfNotUseView
 0004:000052C4       ALPC_Base.AlpcTransportBase.fMsgAttrAllocatedFlags
 0004:000052C8       ALPC_Base.AlpcTransportBase.fPortAttr
 0004:000052CC       ALPC_Base.AlpcTransportBase.fObjectAttr
 0004:000052D0       ALPC_Base.AlpcTransportBase.pSender
 0004:000052D4       ALPC_Base.AlpcTransportBase.pReciver
 0004:000052D8       ALPC_Base.AlpcTransportBase.fPortHandle
 0004:000052DC       ALPC_Base.AlpcTransportBase.pPortName
 0004:000052E0       ALPC_Base.AlpcTransportBase.pLocalView
 0004:000052E4       ALPC_Base.AlpcTransportBase.fMessageSize
 0004:000052E8       ALPC_Base..7
 0004:000052EC       SHA1..1
 0004:000052F0       SHA1.LogicalFunctions
 0004:00005300       ALPC_Client.Initialize
 0004:00005308       ALPC_Client.Connect
 0004:00005310       ALPC_Client.ClientViewer
 0004:00005318       ALPC_Client.ServerViewer
 0004:00005320       ALPC_Client.Invoke
 0004:00005328       ALPC_Client..1
 0004:0000532C       ALPC_Client.Client
 0004:00005330       ALPC_Client_Example.Client
 0005:00000000       System.RaiseListPtr
 0005:00000004       System.InOutRes
 0005:00000008       Classes.TThread.FCurrentThread
 0005:0000000C       Classes.GlobalLoaded
 0005:00000010       Classes.GlobalLists
 0005:00000014       SyncObjs.OleThreadWnd
 0005:00000018       GraphUtil.CachedHighlightLum
 0005:0000001C       GraphUtil.CachedHighlightColor
 0005:00000020       GraphUtil.CachedHighlight
 0005:00000024       GraphUtil.CachedShadowLum
 0005:00000028       GraphUtil.CachedShadowColor
 0005:0000002C       GraphUtil.CachedShadow
 0005:00000030       GraphUtil.CachedColorValue
 0005:00000034       GraphUtil.CachedLumValue
 0005:00000038       GraphUtil.CachedColorAdjustLuma
 0005:0000003C       SysInit.TlsLast


Line numbers for Logger(Logger.pas) segment .text

   662 0001:000A517C   663 0001:000A519E   664 0001:000A51AC   665 0001:000A51EF
   667 0001:000A5216   669 0001:000A522E   693 0001:000A5290   694 0001:000A52AA
   709 0001:000A52B7   711 0001:000A52BC   714 0001:000A532B   730 0001:000A5337
   731 0001:000A5341   735 0001:000A5434   756 0001:000A543B   766 0001:000A543C
   767 0001:000A5461   768 0001:000A5466   769 0001:000A5486   770 0001:000A548B
   786 0001:000A54B4   788 0001:000A54C1

Line numbers for Logger(Logger.pas) segment .itext

   780 0002:00000C48   782 0002:00000C51   784 0002:00000C56

Line numbers for ALPC_LPC_Define(ALPC_LPC_Define.Pas) segment .text

   458 0001:000A6398   466 0001:000A63A0   471 0001:000A63A8   493 0001:000A63B0
   497 0001:000A63B8   518 0001:000A63C0   558 0001:000A63C8   590 0001:000A63CE

Line numbers for ALPC_Base(ALPC_Base.Pas) segment .text

   180 0001:000A6EA0   181 0001:000A6EA9   182 0001:000A6EAD   184 0001:000A6EB3
   185 0001:000A6EB9   186 0001:000A6F34   187 0001:000A6F3A   188 0001:000A6F40
   189 0001:000A6F44   192 0001:000A6F50   193 0001:000A6F51   194 0001:000A6F70
   198 0001:000A6F74   199 0001:000A6F78   201 0001:000A6F8A   202 0001:000A6F8C
   204 0001:000A6F96   205 0001:000A6FA2   206 0001:000A6FB0   207 0001:000A6FB4
   212 0001:000A6FBC   213 0001:000A6FC8   214 0001:000A6FCD   215 0001:000A6FDB
   216 0001:000A6FE3   217 0001:000A705D   218 0001:000A7063   228 0001:000A7069
   229 0001:000A7073   230 0001:000A7078   233 0001:000A7088   234 0001:000A7089
   235 0001:000A70A8   238 0001:000A70AC   239 0001:000A70AD   241 0001:000A70B7
   242 0001:000A70BB   243 0001:000A70C1   244 0001:000A70C7   247 0001:000A70CD
   252 0001:000A70D0   253 0001:000A70DA   254 0001:000A70DF   255 0001:000A70F9
   257 0001:000A710B   259 0001:000A7119   260 0001:000A7121   263 0001:000A712A
   265 0001:000A7138   266 0001:000A7141   269 0001:000A714A   271 0001:000A7158
   272 0001:000A7161   275 0001:000A716A   277 0001:000A7178   278 0001:000A7181
   281 0001:000A718A   283 0001:000A7198   284 0001:000A71A1   287 0001:000A71AA
   289 0001:000A71B8   290 0001:000A71C1   293 0001:000A71CA   295 0001:000A71D8
   298 0001:000A71E1   299 0001:000A71E3   306 0001:000A71EC   307 0001:000A7206
   308 0001:000A7217   309 0001:000A7221   310 0001:000A7232   311 0001:000A723C
   316 0001:000A7260   318 0001:000A726B   319 0001:000A7273   321 0001:000A727B
   322 0001:000A7283   324 0001:000A728B   325 0001:000A7297   330 0001:000A72A8
   331 0001:000A72AE   333 0001:000A72BA   334 0001:000A72C5   338 0001:000A72E4
   340 0001:000A72F3   343 0001:000A72F8   344 0001:000A72F9   345 0001:000A7311
   349 0001:000A7314   350 0001:000A731D   351 0001:000A732F   352 0001:000A733B
   354 0001:000A733F   355 0001:000A7343   356 0001:000A7350   357 0001:000A735B
   358 0001:000A7369   362 0001:000A737E   363 0001:000A7382   364 0001:000A7392
   365 0001:000A739D   368 0001:000A73AD   371 0001:000A73B4   372 0001:000A73BA
   373 0001:000A73CC   374 0001:000A73D7   376 0001:000A73DF   378 0001:000A73F5
   383 0001:000A73F8   384 0001:000A7402   385 0001:000A7411   386 0001:000A7413
   387 0001:000A7419   388 0001:000A741E   389 0001:000A7425   390 0001:000A742C
   391 0001:000A7433   392 0001:000A743A   393 0001:000A7441   394 0001:000A7448
   395 0001:000A744F   396 0001:000A7453   397 0001:000A7457   401 0001:000A745C
   402 0001:000A746F   407 0001:000A7470   408 0001:000A7477   409 0001:000A7486
   410 0001:000A7494   411 0001:000A749D   412 0001:000A74A0   416 0001:000A74A4
   417 0001:000A74B7   427 0001:000A74B8   431 0001:000A74D6   436 0001:000A74F4
   441 0001:000A74F8   443 0001:000A74F9   451 0001:000A7513   453 0001:000A7517
   454 0001:000A7525   455 0001:000A7533   456 0001:000A753C   457 0001:000A7546
   463 0001:000A7559   469 0001:000A755C   470 0001:000A7568   471 0001:000A7577
   472 0001:000A7586   473 0001:000A7595   474 0001:000A75A6   475 0001:000A75B5
   476 0001:000A75C6   477 0001:000A75D6   478 0001:000A75DC   479 0001:000A75E6
   480 0001:000A75EE   481 0001:000A75F6   485 0001:000A7600   486 0001:000A760C
   487 0001:000A7673   514 0001:000A769C   516 0001:000A76A3   517 0001:000A76B4
   518 0001:000A76C5   519 0001:000A76CE   520 0001:000A76D6   521 0001:000A76DE
   522 0001:000A76F8   523 0001:000A770F   566 0001:000A7714   568 0001:000A771D
   569 0001:000A7727   571 0001:000A7739   573 0001:000A7742   574 0001:000A774C
   576 0001:000A775E   577 0001:000A7779   578 0001:000A7794   579 0001:000A77AC
   580 0001:000A77C4   581 0001:000A77D8

Line numbers for ALPC_Base(ALPC_Base.Pas) segment .itext

   583 0002:00000C58

Line numbers for SHA1(SHA1.pas) segment .text

    55 0001:000A7834    56 0001:000A787D    57 0001:000A7885    58 0001:000A7893
    59 0001:000A78A1    60 0001:000A78AF    61 0001:000A78BD    64 0001:000A78CB
    65 0001:000A78CD    66 0001:000A78D0    67 0001:000A78D5    68 0001:000A78D7
    69 0001:000A78DA    71 0001:000A78DD    73 0001:000A78EA    77 0001:000A78EF
    79 0001:000A78F5    83 0001:000A78FA    87 0001:000A78FE    88 0001:000A7907
    91 0001:000A7912    92 0001:000A7913    93 0001:000A7914    94 0001:000A7917
    95 0001:000A791A    96 0001:000A791D    97 0001:000A7920    98 0001:000A7921
    99 0001:000A7923   100 0001:000A7925   101 0001:000A7928   102 0001:000A792D
   103 0001:000A792F   104 0001:000A7931   105 0001:000A7933   106 0001:000A7934
   109 0001:000A7935   110 0001:000A793F   112 0001:000A7954   113 0001:000A795E
   110 0001:000A7961   114 0001:000A7966   116 0001:000A7972   117 0001:000A797D
   118 0001:000A7988   119 0001:000A7993   121 0001:000A799E   122 0001:000A79AC
   123 0001:000A79BA   124 0001:000A79C8   127 0001:000A79D6   128 0001:000A79D9
   129 0001:000A79DC   131 0001:000A79DF   132 0001:000A79E1   133 0001:000A79E3
   134 0001:000A79E5   135 0001:000A79E8   136 0001:000A79E9   139 0001:000A79EB
   143 0001:000A7A02   145 0001:000A7A0A   146 0001:000A7A1E   143 0001:000A7A22
   148 0001:000A7A27   150 0001:000A7A32   152 0001:000A7A40   153 0001:000A7A43
   154 0001:000A7A45   156 0001:000A7A48   157 0001:000A7A4E   148 0001:000A7A52
   159 0001:000A7A57   160 0001:000A7A5D   161 0001:000A7A63   162 0001:000A7A69
   163 0001:000A7A6F   167 0001:000A7A75   170 0001:000A7A7D   171 0001:000A7A80
   172 0001:000A7A83   174 0001:000A7A86   175 0001:000A7A93   176 0001:000A7ABC
   177 0001:000A7AC2   179 0001:000A7AC8   180 0001:000A7ACB   181 0001:000A7ACE
   183 0001:000A7AD1   184 0001:000A7AD7   185 0001:000A7ADA   167 0001:000A7ADE
   189 0001:000A7AE3   190 0001:000A7AF5   191 0001:000A7B07   192 0001:000A7B19
   193 0001:000A7B2B   194 0001:000A7B3D   139 0001:000A7B40   195 0001:000A7B49
   197 0001:000A7B51   200 0001:000A7C00   205 0001:000A7C2C   206 0001:000A7C2D
   207 0001:000A7C2F   208 0001:000A7C31   209 0001:000A7C33   210 0001:000A7C35
   211 0001:000A7C37   212 0001:000A7C38   217 0001:000A7C3C   218 0001:000A7C3E
   219 0001:000A7C40   224 0001:000A7C44   225 0001:000A7C45   226 0001:000A7C47
   227 0001:000A7C49   228 0001:000A7C4B   229 0001:000A7C4D   230 0001:000A7C4F
   231 0001:000A7C51   232 0001:000A7C52   237 0001:000A7C54   238 0001:000A7C56
   239 0001:000A7C58

Line numbers for SHA1(SHA1.pas) segment .itext

   241 0002:00000C6C   244 0002:00000C75   245 0002:00000C7F   246 0002:00000C89
   247 0002:00000C93   249 0002:00000C9D

Line numbers for ALPC_Client(ALPC_Client.Pas) segment .text

    66 0001:000A8078    67 0001:000A8089    77 0001:000A808C    79 0001:000A8093
    81 0001:000A809A    83 0001:000A80A2    84 0001:000A80C7    85 0001:000A80E3
    86 0001:000A80F4   102 0001:000A8151   103 0001:000A816D   117 0001:000A81B0
   119 0001:000A81B4   120 0001:000A81BF   121 0001:000A81D3   123 0001:000A81E6
   126 0001:000A81EC   128 0001:000A81F8   131 0001:000A820C   132 0001:000A8217
   133 0001:000A821E   137 0001:000A822C   147 0001:000A824D   153 0001:000A8250
   154 0001:000A8264   155 0001:000A8278   164 0001:000A82CA   165 0001:000A82D3
   169 0001:000A82D4   170 0001:000A82E7   174 0001:000A82E8   175 0001:000A82FB
   179 0001:000A82FC   180 0001:000A8303

Line numbers for ALPC_Client(StubViewerBody.Inc) segment .text

    13 0001:000A8304    14 0001:000A8325    15 0001:000A8360    34 0001:000A8384
    35 0001:000A839F    36 0001:000A83A1    38 0001:000A83B2    39 0001:000A83C0
    45 0001:000A83E6    63 0001:000A83F0    64 0001:000A83F9    65 0001:000A8413
    75 0001:000A8418    76 0001:000A8432    77 0001:000A8440    79 0001:000A8444
    80 0001:000A8448    82 0001:000A8457    91 0001:000A847C    92 0001:000A8483
    93 0001:000A8487    94 0001:000A848C    95 0001:000A849C    96 0001:000A84A2
    98 0001:000A84AC   100 0001:000A84BD   101 0001:000A84CE   102 0001:000A84F3
   103 0001:000A8501   104 0001:000A8512   105 0001:000A8523   106 0001:000A8533
    98 0001:000A8534   108 0001:000A8537   114 0001:000A8540   115 0001:000A8547
   116 0001:000A8553   117 0001:000A8560   119 0001:000A8571   120 0001:000A8582
   121 0001:000A8590   117 0001:000A8591   122 0001:000A8594   127 0001:000A859C
   128 0001:000A859F   136 0001:000A85A0   137 0001:000A85A6   138 0001:000A85B0
   148 0001:000A85B4   149 0001:000A85CF   150 0001:000A85E9   151 0001:000A8649

Line numbers for ALPC_Client(ALPC_Client.Pas) segment .text

   195 0001:000A8674   196 0001:000A868F

Line numbers for ALPC_Client(ALPC_Client.Pas) segment .itext

   186 0002:00000CA0   187 0002:00000CAF   188 0002:00000CBD   190 0002:00000CCF
   191 0002:00000CE1   192 0002:00000CF3   193 0002:00000D05   194 0002:00000D17

Line numbers for ALPC_Client_Example(ALPC_Client_Example.Pas) segment .text

    38 0001:000A8A0C    39 0001:000A8A1C    40 0001:000A8A2A    41 0001:000A8A39
    42 0001:000A8A46    43 0001:000A8A51    44 0001:000A8A5E    45 0001:000A8A69
    46 0001:000A8A73    48 0001:000A8A7E    49 0001:000A8A88    50 0001:000A8A9C
    51 0001:000A8AAD    59 0001:000A8AC8    60 0001:000A8AE1    61 0001:000A8AF9
    62 0001:000A8B11    63 0001:000A8B24    66 0001:000A8B68    67 0001:000A8B8A
    68 0001:000A8B98    69 0001:000A8BA7    70 0001:000A8BB4    71 0001:000A8BC2
    72 0001:000A8BCC    74 0001:000A8BD7    75 0001:000A8BE1    76 0001:000A8BFC
    77 0001:000A8C13    78 0001:000A8C2E    83 0001:000A8C5C    84 0001:000A8C71
    85 0001:000A8C9B    86 0001:000A8CAE    89 0001:000A8CD4    90 0001:000A8CD5
    91 0001:000A8CE5    92 0001:000A8CF2    94 0001:000A8D27

Line numbers for FClient(FClient.dpr) segment .itext

    12 0002:00000D1C    13 0002:00000D2C    14 0002:00000D38    15 0002:00000D46
    16 0002:00000D5E    17 0002:00000D6A

Bound resource files

c:\program files (x86)\embarcadero\rad studio\7.0\lib\Character.res
c:\program files (x86)\embarcadero\rad studio\7.0\lib\controls.res
ALPC_Client_Example.dfm
FClient.res
FClient.drf


Program entry point at 0002:00000D1C
