
 Start         Length     Name                   Class
 0001:00401000 000BBCA8H .text                   CODE
 0002:004BD000 00000D40H .itext                  ICODE
 0003:004BE000 000025FCH .data                   DATA
 0004:004C1000 0000543CH .bss                    BSS
 0005:00000000 0000003CH .tls                    TLS


Detailed map of segments

 0001:00000000 00008F5D C=CODE     S=.text    G=(none)   M=System   ACBP=A9
 0001:00008F60 0000010D C=CODE     S=.text    G=(none)   M=SysInit  ACBP=A9
 0001:00009070 00000428 C=CODE     S=.text    G=(none)   M=Types    ACBP=A9
 0001:00009498 00001A61 C=CODE     S=.text    G=(none)   M=Windows  ACBP=A9
 0001:0000AEFC 0000023D C=CODE     S=.text    G=(none)   M=Messages ACBP=A9
 0001:0000B13C 00000192 C=CODE     S=.text    G=(none)   M=ActiveX  ACBP=A9
 0001:0000B2D0 000002AC C=CODE     S=.text    G=(none)   M=CommCtrl ACBP=A9
 0001:0000B57C 00000338 C=CODE     S=.text    G=(none)   M=SysConst ACBP=A9
 0001:0000B8B4 000001B8 C=CODE     S=.text    G=(none)   M=RTLConsts ACBP=A9
 0001:0000BA6C 00000230 C=CODE     S=.text    G=(none)   M=Character ACBP=A9
 0001:0000BC9C 00000155 C=CODE     S=.text    G=(none)   M=StrUtils ACBP=A9
 0001:0000BDF4 0000FF5F C=CODE     S=.text    G=(none)   M=SysUtils ACBP=A9
 0001:0001BD54 000007D3 C=CODE     S=.text    G=(none)   M=VarUtils ACBP=A9
 0001:0001C528 0000818C C=CODE     S=.text    G=(none)   M=Variants ACBP=A9
 0001:000246B4 0000180B C=CODE     S=.text    G=(none)   M=TypInfo  ACBP=A9
 0001:00025EC0 000194A0 C=CODE     S=.text    G=(none)   M=Classes  ACBP=A9
 0001:0003F360 000002B0 C=CODE     S=.text    G=(none)   M=TimeSpan ACBP=A9
 0001:0003F610 000014EB C=CODE     S=.text    G=(none)   M=SyncObjs ACBP=A9
 0001:00040AFC 00000D46 C=CODE     S=.text    G=(none)   M=UxTheme  ACBP=A9
 0001:00041844 0000005B C=CODE     S=.text    G=(none)   M=Dwmapi   ACBP=A9
 0001:000418A0 0000038D C=CODE     S=.text    G=(none)   M=Contnrs  ACBP=A9
 0001:00041C30 00001FDE C=CODE     S=.text    G=(none)   M=HelpIntfs ACBP=A9
 0001:00043C10 0000086B C=CODE     S=.text    G=(none)   M=MultiMon ACBP=A9
 0001:0004447C 00000094 C=CODE     S=.text    G=(none)   M=Wincodec ACBP=A9
 0001:00044510 00000300 C=CODE     S=.text    G=(none)   M=Consts   ACBP=A9
 0001:00044810 000000FC C=CODE     S=.text    G=(none)   M=IOUtils  ACBP=A9
 0001:0004490C 0000007F C=CODE     S=.text    G=(none)   M=IniFiles ACBP=A9
 0001:0004498C 000030A2 C=CODE     S=.text    G=(none)   M=Registry ACBP=A9
 0001:00047A30 00011AC4 C=CODE     S=.text    G=(none)   M=Graphics ACBP=A9
 0001:000594F4 0000178A C=CODE     S=.text    G=(none)   M=GraphUtil ACBP=A9
 0001:0005AC80 000067D0 C=CODE     S=.text    G=(none)   M=StdCtrls ACBP=A9
 0001:00061450 00000026 C=CODE     S=.text    G=(none)   M=WinSpool ACBP=A9
 0001:00061478 00001DDB C=CODE     S=.text    G=(none)   M=Printers ACBP=A9
 0001:00063254 00000047 C=CODE     S=.text    G=(none)   M=WideStrUtils ACBP=A9
 0001:0006329C 00000013 C=CODE     S=.text    G=(none)   M=Clipbrd  ACBP=A9
 0001:000632B0 00001483 C=CODE     S=.text    G=(none)   M=ExtCtrls ACBP=A9
 0001:00064734 00000461 C=CODE     S=.text    G=(none)   M=ComCtrls ACBP=A9
 0001:00064B98 00005244 C=CODE     S=.text    G=(none)   M=Dialogs  ACBP=A9
 0001:00069DDC 00000189 C=CODE     S=.text    G=(none)   M=StdActns ACBP=A9
 0001:00069F68 00000387 C=CODE     S=.text    G=(none)   M=FlatSB   ACBP=A9
 0001:0006A2F0 00009E75 C=CODE     S=.text    G=(none)   M=Menus    ACBP=A9
 0001:00074168 0001FA2C C=CODE     S=.text    G=(none)   M=Controls ACBP=A9
 0001:00093B94 0000580E C=CODE     S=.text    G=(none)   M=Themes   ACBP=A9
 0001:000993A4 00003961 C=CODE     S=.text    G=(none)   M=ImgList  ACBP=A9
 0001:0009CD08 0000235F C=CODE     S=.text    G=(none)   M=ActnList ACBP=A9
 0001:0009F068 000156DD C=CODE     S=.text    G=(none)   M=Forms    ACBP=A9
 0001:000B4748 000002AA C=CODE     S=.text    G=(none)   M=Logger   ACBP=A9
 0001:000B49F4 000008DA C=CODE     S=.text    G=(none)   M=ALPC_LPC_Define ACBP=A9
 0001:000B52D0 00001010 C=CODE     S=.text    G=(none)   M=ALPC_Base ACBP=A9
 0001:000B62E0 000006E0 C=CODE     S=.text    G=(none)   M=ALPC_Client ACBP=A9
 0001:000B69C0 00000530 C=CODE     S=.text    G=(none)   M=ALPC_Client_Example ACBP=A9
 0001:000B6EF0 00004DB6 C=CODE     S=.text    G=(none)   M=FClient  ACBP=A9
 0002:00000000 000000AA C=ICODE    S=.itext   G=(none)   M=System   ACBP=A9
 0002:000000AC 00000016 C=ICODE    S=.itext   G=(none)   M=Windows  ACBP=A9
 0002:000000C4 000000B4 C=ICODE    S=.itext   G=(none)   M=SysUtils ACBP=A9
 0002:00000178 0000000F C=ICODE    S=.itext   G=(none)   M=VarUtils ACBP=A9
 0002:00000188 000000AA C=ICODE    S=.itext   G=(none)   M=Variants ACBP=A9
 0002:00000234 00000008 C=ICODE    S=.itext   G=(none)   M=TypInfo  ACBP=A9
 0002:0000023C 0000009D C=ICODE    S=.itext   G=(none)   M=Classes  ACBP=A9
 0002:000002DC 00000032 C=ICODE    S=.itext   G=(none)   M=TimeSpan ACBP=A9
 0002:00000310 0000000F C=ICODE    S=.itext   G=(none)   M=SyncObjs ACBP=A9
 0002:00000320 0000001B C=ICODE    S=.itext   G=(none)   M=UxTheme  ACBP=A9
 0002:0000033C 00000008 C=ICODE    S=.itext   G=(none)   M=HelpIntfs ACBP=A9
 0002:00000344 0000000F C=ICODE    S=.itext   G=(none)   M=MultiMon ACBP=A9
 0002:00000354 00000460 C=ICODE    S=.itext   G=(none)   M=IOUtils  ACBP=A9
 0002:000007B4 00000008 C=ICODE    S=.itext   G=(none)   M=IniFiles ACBP=A9
 0002:000007BC 00000008 C=ICODE    S=.itext   G=(none)   M=Registry ACBP=A9
 0002:000007C4 000000FB C=ICODE    S=.itext   G=(none)   M=Graphics ACBP=A9
 0002:000008C0 00000086 C=ICODE    S=.itext   G=(none)   M=GraphUtil ACBP=A9
 0002:00000948 00000008 C=ICODE    S=.itext   G=(none)   M=Printers ACBP=A9
 0002:00000950 00000078 C=ICODE    S=.itext   G=(none)   M=Clipbrd  ACBP=A9
 0002:000009C8 00000054 C=ICODE    S=.itext   G=(none)   M=ExtCtrls ACBP=A9
 0002:00000A1C 00000039 C=ICODE    S=.itext   G=(none)   M=ComCtrls ACBP=A9
 0002:00000A58 0000003D C=ICODE    S=.itext   G=(none)   M=Dialogs  ACBP=A9
 0002:00000A98 0000000F C=ICODE    S=.itext   G=(none)   M=FlatSB   ACBP=A9
 0002:00000AA8 00000085 C=ICODE    S=.itext   G=(none)   M=Menus    ACBP=A9
 0002:00000B30 00000088 C=ICODE    S=.itext   G=(none)   M=Controls ACBP=A9
 0002:00000BB8 00000008 C=ICODE    S=.itext   G=(none)   M=Themes   ACBP=A9
 0002:00000BC0 0000002A C=ICODE    S=.itext   G=(none)   M=ActnList ACBP=A9
 0002:00000BEC 0000005C C=ICODE    S=.itext   G=(none)   M=Forms    ACBP=A9
 0002:00000C48 0000000F C=ICODE    S=.itext   G=(none)   M=Logger   ACBP=A9
 0002:00000C58 00000014 C=ICODE    S=.itext   G=(none)   M=ALPC_Base ACBP=A9
 0002:00000C6C 0000007E C=ICODE    S=.itext   G=(none)   M=ALPC_Client ACBP=A9
 0002:00000CEC 00000053 C=ICODE    S=.itext   G=(none)   M=FClient  ACBP=A9
 0003:00000000 000009F4 C=DATA     S=.data    G=DGROUP   M=System   ACBP=A9
 0003:000009F4 00000024 C=DATA     S=.data    G=DGROUP   M=SysInit  ACBP=A9
 0003:00000A18 0000000C C=DATA     S=.data    G=DGROUP   M=Windows  ACBP=A9
 0003:00000A24 00000010 C=DATA     S=.data    G=DGROUP   M=ActiveX  ACBP=A9
 0003:00000A34 00000100 C=DATA     S=.data    G=DGROUP   M=Character ACBP=A9
 0003:00000B34 000002E0 C=DATA     S=.data    G=DGROUP   M=SysUtils ACBP=A9
 0003:00000E14 00000008 C=DATA     S=.data    G=DGROUP   M=VarUtils ACBP=A9
 0003:00000E1C 00000152 C=DATA     S=.data    G=DGROUP   M=Variants ACBP=A9
 0003:00000F70 0000000C C=DATA     S=.data    G=DGROUP   M=TypInfo  ACBP=A9
 0003:00000F7C 000000A4 C=DATA     S=.data    G=DGROUP   M=Classes  ACBP=A9
 0003:00001020 00000090 C=DATA     S=.data    G=DGROUP   M=Wincodec ACBP=A9
 0003:000010B0 00000010 C=DATA     S=.data    G=DGROUP   M=IOUtils  ACBP=A9
 0003:000010C0 0000000C C=DATA     S=.data    G=DGROUP   M=IniFiles ACBP=A9
 0003:000010CC 00000024 C=DATA     S=.data    G=DGROUP   M=Registry ACBP=A9
 0003:000010F0 000003C8 C=DATA     S=.data    G=DGROUP   M=Graphics ACBP=A9
 0003:000014B8 00000450 C=DATA     S=.data    G=DGROUP   M=GraphUtil ACBP=A9
 0003:00001908 000000C0 C=DATA     S=.data    G=DGROUP   M=StdCtrls ACBP=A9
 0003:000019C8 0000000C C=DATA     S=.data    G=DGROUP   M=Printers ACBP=A9
 0003:000019D4 00000010 C=DATA     S=.data    G=DGROUP   M=ComCtrls ACBP=A9
 0003:000019E4 00000198 C=DATA     S=.data    G=DGROUP   M=Dialogs  ACBP=A9
 0003:00001B7C 00000144 C=DATA     S=.data    G=DGROUP   M=Menus    ACBP=A9
 0003:00001CC0 000001BC C=DATA     S=.data    G=DGROUP   M=Controls ACBP=A9
 0003:00001E7C 00000068 C=DATA     S=.data    G=DGROUP   M=Themes   ACBP=A9
 0003:00001EE4 00000048 C=DATA     S=.data    G=DGROUP   M=ImgList  ACBP=A9
 0003:00001F2C 00000144 C=DATA     S=.data    G=DGROUP   M=Forms    ACBP=A9
 0003:00002070 00000004 C=DATA     S=.data    G=DGROUP   M=ALPC_Base ACBP=A9
 0003:00002074 00000004 C=DATA     S=.data    G=DGROUP   M=ALPC_Client ACBP=A9
 0004:00000000 00002C38 C=BSS      S=.bss     G=DGROUP   M=System   ACBP=A9
 0004:00002C38 0000000C C=BSS      S=.bss     G=DGROUP   M=SysInit  ACBP=A9
 0004:00002C44 00000008 C=BSS      S=.bss     G=DGROUP   M=Windows  ACBP=A9
 0004:00002C4C 0000000C C=BSS      S=.bss     G=DGROUP   M=CommCtrl ACBP=A9
 0004:00002C58 0000001C C=BSS      S=.bss     G=DGROUP   M=Character ACBP=A9
 0004:00002C74 00002240 C=BSS      S=.bss     G=DGROUP   M=SysUtils ACBP=A9
 0004:00004EB4 0000005C C=BSS      S=.bss     G=DGROUP   M=VarUtils ACBP=A9
 0004:00004F10 00000040 C=BSS      S=.bss     G=DGROUP   M=Variants ACBP=A9
 0004:00004F50 00000004 C=BSS      S=.bss     G=DGROUP   M=TypInfo  ACBP=A9
 0004:00004F54 00000048 C=BSS      S=.bss     G=DGROUP   M=Classes  ACBP=A9
 0004:00004F9C 00000014 C=BSS      S=.bss     G=DGROUP   M=TimeSpan ACBP=A9
 0004:00004FB0 00000018 C=BSS      S=.bss     G=DGROUP   M=SyncObjs ACBP=A9
 0004:00004FC8 000000CC C=BSS      S=.bss     G=DGROUP   M=UxTheme  ACBP=A9
 0004:00005094 00000008 C=BSS      S=.bss     G=DGROUP   M=HelpIntfs ACBP=A9
 0004:0000509C 00000031 C=BSS      S=.bss     G=DGROUP   M=MultiMon ACBP=A9
 0004:000050D0 00000024 C=BSS      S=.bss     G=DGROUP   M=IOUtils  ACBP=A9
 0004:000050F4 00000004 C=BSS      S=.bss     G=DGROUP   M=IniFiles ACBP=A9
 0004:000050F8 00000004 C=BSS      S=.bss     G=DGROUP   M=Registry ACBP=A9
 0004:000050FC 00000064 C=BSS      S=.bss     G=DGROUP   M=Graphics ACBP=A9
 0004:00005160 00000010 C=BSS      S=.bss     G=DGROUP   M=GraphUtil ACBP=A9
 0004:00005170 00000004 C=BSS      S=.bss     G=DGROUP   M=Printers ACBP=A9
 0004:00005174 0000000C C=BSS      S=.bss     G=DGROUP   M=Clipbrd  ACBP=A9
 0004:00005180 00000008 C=BSS      S=.bss     G=DGROUP   M=ExtCtrls ACBP=A9
 0004:00005188 00000010 C=BSS      S=.bss     G=DGROUP   M=ComCtrls ACBP=A9
 0004:00005198 0000003C C=BSS      S=.bss     G=DGROUP   M=Dialogs  ACBP=A9
 0004:000051D4 00000034 C=BSS      S=.bss     G=DGROUP   M=FlatSB   ACBP=A9
 0004:00005208 00000010 C=BSS      S=.bss     G=DGROUP   M=Menus    ACBP=A9
 0004:00005218 0000008C C=BSS      S=.bss     G=DGROUP   M=Controls ACBP=A9
 0004:000052A4 0000000C C=BSS      S=.bss     G=DGROUP   M=Themes   ACBP=A9
 0004:000052B0 00000008 C=BSS      S=.bss     G=DGROUP   M=ImgList  ACBP=A9
 0004:000052B8 00000004 C=BSS      S=.bss     G=DGROUP   M=ActnList ACBP=A9
 0004:000052BC 00000028 C=BSS      S=.bss     G=DGROUP   M=Forms    ACBP=A9
 0004:000052E4 0000000C C=BSS      S=.bss     G=DGROUP   M=Logger   ACBP=A9
 0004:000052F0 00000058 C=BSS      S=.bss     G=DGROUP   M=ALPC_Base ACBP=A9
 0004:00005348 000000F0 C=BSS      S=.bss     G=DGROUP   M=ALPC_Client ACBP=A9
 0004:00005438 00000004 C=BSS      S=.bss     G=DGROUP   M=ALPC_Client_Example ACBP=A9
 0005:00000000 00000008 C=TLS      S=.tls     G=(none)   M=System   ACBP=A9
 0005:00000008 0000000C C=TLS      S=.tls     G=(none)   M=Classes  ACBP=A9
 0005:00000014 00000004 C=TLS      S=.tls     G=(none)   M=SyncObjs ACBP=A9
 0005:00000018 00000024 C=TLS      S=.tls     G=(none)   M=GraphUtil ACBP=A9


  Address             Publics by Name

 0001:0000B2A8       ActiveX.CoCreateInstance
 0001:0000B2B0       ActiveX.CoTaskMemAlloc
 0001:0000B2B8       ActiveX.CoTaskMemFree
 0003:00000A24       ActiveX.GUID_NULL
 0001:0000B2A0       ActiveX.IsEqualGUID
 0001:0000B2C0       ActiveX.OleInitialize
 0001:0000B2C8       ActiveX.OleUninitialize
 0004:000052B8       ActnList..9
 0001:0009DEF0       ActnList..TActionLink
 0001:0009D010       ActnList..TActionListEnumerator
 0001:0009CD08       ActnList..TContainedAction
 0001:0009D8BC       ActnList..TCustomAction
 0001:0009D280       ActnList..TCustomActionList
 0001:0009D694       ActnList..TShortCutList
 0002:00000BC0       ActnList.ActnList
 0001:0009F060       ActnList.Finalization
 0001:0009E6A8       ActnList.TActionLink.IsCaptionLinked
 0001:0009E6BC       ActnList.TActionLink.IsCheckedLinked
 0001:0009E6D0       ActnList.TActionLink.IsEnabledLinked
 0001:0009E6E4       ActnList.TActionLink.IsGroupIndexLinked
 0001:0009E6F8       ActnList.TActionLink.IsHelpContextLinked
 0001:0009E70C       ActnList.TActionLink.IsHelpLinked
 0001:0009E720       ActnList.TActionLink.IsHintLinked
 0001:0009E734       ActnList.TActionLink.IsImageIndexLinked
 0001:0009E748       ActnList.TActionLink.IsShortCutLinked
 0001:0009E75C       ActnList.TActionLink.IsVisibleLinked
 0001:0009E770       ActnList.TActionLink.SetAutoCheck
 0001:0009E774       ActnList.TActionLink.SetCaption
 0001:0009E778       ActnList.TActionLink.SetChecked
 0001:0009E77C       ActnList.TActionLink.SetEnabled
 0001:0009E780       ActnList.TActionLink.SetGroupIndex
 0001:0009E784       ActnList.TActionLink.SetHelpContext
 0001:0009E788       ActnList.TActionLink.SetHelpKeyword
 0001:0009E78C       ActnList.TActionLink.SetHelpType
 0001:0009E790       ActnList.TActionLink.SetHint
 0001:0009E794       ActnList.TActionLink.SetImageIndex
 0001:0009E798       ActnList.TActionLink.SetShortCut
 0001:0009E79C       ActnList.TActionLink.SetVisible
 0001:0009E20C       ActnList.TActionListEnumerator.Create
 0001:0009E250       ActnList.TActionListEnumerator.GetCurrent
 0001:0009E25C       ActnList.TActionListEnumerator.MoveNext
 0001:0009DFF8       ActnList.TContainedAction.Destroy
 0001:0009E164       ActnList.TContainedAction.Execute
 0001:0009E02C       ActnList.TContainedAction.GetIndex
 0001:0009E048       ActnList.TContainedAction.GetParentComponent
 0001:0009E058       ActnList.TContainedAction.HasParent
 0001:0009E044       ActnList.TContainedAction.IsCategoryStored
 0001:0009E068       ActnList.TContainedAction.ReadState
 0001:0009E110       ActnList.TContainedAction.SetActionList
 0001:0009E0E4       ActnList.TContainedAction.SetCategory
 0001:0009E09C       ActnList.TContainedAction.SetIndex
 0001:0009E138       ActnList.TContainedAction.SetParentComponent
 0001:0009E1BC       ActnList.TContainedAction.Update
 0001:0009E84C       ActnList.TCustomAction.AssignTo
 0001:0009E7A0       ActnList.TCustomAction.Create
 0001:0009E7F4       ActnList.TCustomAction.Destroy
 0001:0009EED8       ActnList.TCustomAction.DoHint
 0001:0009EF00       ActnList.TCustomAction.Execute
 0001:0009EF64       ActnList.TCustomAction.GetSecondaryShortCuts
 0001:0009EFE4       ActnList.TCustomAction.HandleShortCut
 0001:0009EFC0       ActnList.TCustomAction.IsSecondaryShortCutsStored
 0001:0009E958       ActnList.TCustomAction.SetAutoCheck
 0001:0009E9B8       ActnList.TCustomAction.SetCaption
 0001:0009EA18       ActnList.TCustomAction.SetChecked
 0001:0009EB20       ActnList.TCustomAction.SetEnabled
 0001:0009EB9C       ActnList.TCustomAction.SetGroupIndex
 0001:0009ECB4       ActnList.TCustomAction.SetHelpContext
 0001:0009EC4C       ActnList.TCustomAction.SetHelpKeyword
 0001:0009EBF4       ActnList.TCustomAction.SetHelpType
 0001:0009ED0C       ActnList.TCustomAction.SetHint
 0001:0009ED6C       ActnList.TCustomAction.SetImageIndex
 0001:0009EE8C       ActnList.TCustomAction.SetName
 0001:0009EF8C       ActnList.TCustomAction.SetSecondaryShortCuts
 0001:0009EDC8       ActnList.TCustomAction.SetShortCut
 0001:0009EE2C       ActnList.TCustomAction.SetVisible
 0001:0009E470       ActnList.TCustomActionList.AddAction
 0001:0009E4B8       ActnList.TCustomActionList.Change
 0001:0009E278       ActnList.TCustomActionList.Create
 0001:0009E2E4       ActnList.TCustomActionList.Destroy
 0001:0009E5C4       ActnList.TCustomActionList.ExecuteAction
 0001:0009E3B4       ActnList.TCustomActionList.GetAction
 0001:0009E3C8       ActnList.TCustomActionList.GetActionCount
 0001:0009E33C       ActnList.TCustomActionList.GetChildren
 0001:0009E3D0       ActnList.TCustomActionList.GetEnumerator
 0001:0009E414       ActnList.TCustomActionList.ImageListChange
 0001:0009E520       ActnList.TCustomActionList.IsShortCut
 0001:0009E420       ActnList.TCustomActionList.Notification
 0001:0009E490       ActnList.TCustomActionList.RemoveAction
 0001:0009E384       ActnList.TCustomActionList.SetChildOrder
 0001:0009E3E0       ActnList.TCustomActionList.SetImages
 0001:0009E604       ActnList.TCustomActionList.SetState
 0001:0009E5E4       ActnList.TCustomActionList.UpdateAction
 0001:0009EFF0       ActnList.TShortCutList.Add
 0001:0009F01C       ActnList.TShortCutList.IndexOfShortCut
 0004:00005344       ALPC_Base..7
 0001:000B54B8       ALPC_Base..AlpcMessageAttributes
 0001:000B58A0       ALPC_Base..AlpcTransportBase
 0001:000B52FC       ALPC_Base..MessageStructures
 0001:000B5594       ALPC_Base..TAlpcCarrier
 0001:000B5B88       ALPC_Base.AlpcMessageAttributes.AllocateFlags
 0001:000B5B64       ALPC_Base.AlpcMessageAttributes.AssignView
 0004:00005300       ALPC_Base.AlpcMessageAttributes.fBlock
 0004:00005304       ALPC_Base.AlpcMessageAttributes.fMsgAttrBufferSize
 0001:000B5A70       ALPC_Base.AlpcMessageAttributes.Initialize
 0004:0000530C       ALPC_Base.AlpcMessageAttributes.pAttrContext
 0004:00005308       ALPC_Base.AlpcMessageAttributes.pAttrHeader
 0001:000B5B40       ALPC_Base.AlpcMessageAttributes.Terminate
 0001:000B5E98       ALPC_Base.AlpcPortAttributes.Initialize
 0004:00005310       ALPC_Base.AlpcPortAttributes.pPortAttrHeader
 0001:000B5F3C       ALPC_Base.AlpcPortAttributes.Terminate
 0001:000B5FAC       ALPC_Base.AlpcTransportBase.CreateCarrier
 0001:000B5FEC       ALPC_Base.AlpcTransportBase.CreateLocalView
 0004:00005320       ALPC_Base.AlpcTransportBase.fAllocatedSectionSize
 0004:00005318       ALPC_Base.AlpcTransportBase.fBlock
 0004:00005324       ALPC_Base.AlpcTransportBase.fDataSizeOfQuotaIfNotUseView
 0004:00005340       ALPC_Base.AlpcTransportBase.fMessageSize
 0004:00005328       ALPC_Base.AlpcTransportBase.fMsgAttrAllocatedFlags
 0004:00005334       ALPC_Base.AlpcTransportBase.fPortHandle
 0004:0000531C       ALPC_Base.AlpcTransportBase.fSectionHandle
 0001:000B6050       ALPC_Base.AlpcTransportBase.Initialize
 0004:0000533C       ALPC_Base.AlpcTransportBase.pLocalView
 0004:00005338       ALPC_Base.AlpcTransportBase.pPortName
 0004:00005330       ALPC_Base.AlpcTransportBase.pReciver
 0004:0000532C       ALPC_Base.AlpcTransportBase.pSender
 0001:000B60E4       ALPC_Base.AlpcTransportBase.RTL_CONSTANT_STRING
 0001:000B61E0       ALPC_Base.AlpcTransportBase.Terminate
 0002:00000C58       ALPC_Base.ALPC_Base
 0001:000B6268       ALPC_Base.Finalization
 0004:000052F0       ALPC_Base.MessageStructures.fBlock
 0004:000052FE       ALPC_Base.MessageStructures.fDataCacheHeaderSize
 0004:000052FC       ALPC_Base.MessageStructures.fMsgbufferSize
 0001:000B5940       ALPC_Base.MessageStructures.Initialize
 0004:000052F8       ALPC_Base.MessageStructures.pMsgContext
 0004:000052F4       ALPC_Base.MessageStructures.pMsgHeader
 0001:000B59F8       ALPC_Base.MessageStructures.Terminate
 0001:000B5A1C       ALPC_Base.MessageStructures.Zero
 0001:000B5F58       ALPC_Base.ObjectAttributes.Initialize
 0004:00005314       ALPC_Base.ObjectAttributes.pObjectAttrHeader
 0001:000B5F90       ALPC_Base.ObjectAttributes.Terminate
 0003:00002070       ALPC_Base.rpc_mark
 0001:000B5CBC       ALPC_Base.TAlpcCarrier.Create
 0001:000B5D00       ALPC_Base.TAlpcCarrier.Destroy
 0001:000B5D30       ALPC_Base.TAlpcCarrier.Pop
 0001:000B5D8C       ALPC_Base.TAlpcCarrier.Pop_V2
 0001:000B5DA0       ALPC_Base.TAlpcCarrier.Push
 0001:000B5E54       ALPC_Base.TAlpcCarrier.Push_V2
 0004:00005370       ALPC_Client..1
 0001:000B6334       ALPC_Client..TClient
 0001:000B6520       ALPC_Client.Abort
 0002:00000C6C       ALPC_Client.ALPC_Client
 0003:00002074       ALPC_Client.baseOffSet
 0004:00005374       ALPC_Client.Client
 0004:00005358       ALPC_Client.ClientViewer
 0004:00005350       ALPC_Client.Connect
 0001:000B69A4       ALPC_Client.Finalization
 0001:000B698C       ALPC_Client.GetBaseOffSet
 0004:00005348       ALPC_Client.Initialize
 0004:00005368       ALPC_Client.Invoke
 0004:00005378       ALPC_Client.in_List
 0004:00005360       ALPC_Client.ServerViewer
 0001:000B67A0       ALPC_Client.TClient.Connect
 0001:000B68A8       ALPC_Client.TClient.Create
 0001:000B68C8       ALPC_Client.TClient.Destroy
 0001:000B68E8       ALPC_Client.TClient.Initialize
 0001:000B690C       ALPC_Client.TClient.Invoke
 0001:000B6964       ALPC_Client.TClient.ReturnClientViewAddr
 0001:000B6974       ALPC_Client.TClient.ReturnServerViewAddr
 0001:000B6984       ALPC_Client.TClient.Terminate
 0001:000B6644       ALPC_Client._ViewCache.Finalize
 0001:000B65FC       ALPC_Client._ViewCache.Initialize
 0001:000B65CC       ALPC_Client._ViewCache.Push
 0001:000B656C       ALPC_Client._ViewCache.return
 0001:000B679C       ALPC_Client._ViewCache.SetID
 0001:000B69C0       ALPC_Client_Example..TClient
 0004:00005438       ALPC_Client_Example.Client
 0001:000B6C88       ALPC_Client_Example.sum
 0001:000B6DA8       ALPC_Client_Example.TClient.Button1Click
 0001:000B6EA4       ALPC_Client_Example.TClient.FormCreate
 0001:000B52C0       ALPC_LPC_Define.AlpcGetHeaderSize
 0001:000B52A8       ALPC_LPC_Define.AlpcInitializeMessageAttribute
 0001:000B5298       ALPC_LPC_Define.NtAlpcConnectPort
 0001:000B52B0       ALPC_LPC_Define.NtAlpcCreatePortSection
 0001:000B52B8       ALPC_LPC_Define.NtAlpcCreateSectionView
 0001:000B52A0       ALPC_LPC_Define.NtAlpcSendWaitReceivePort
 0001:000B52C8       ALPC_LPC_Define.NtClose
 0004:00002C64       Character.CategoryTable
 0004:00002C5C       Character.CatIndexPrimary
 0004:00002C60       Character.CatIndexSecondary
 0004:00002C58       Character.DataTable
 0003:00000A34       Character.Latin1Categories
 0004:00002C70       Character.NumericValueTable
 0004:00002C68       Character.NumIndexPrimary
 0004:00002C6C       Character.NumIndexSecondary
 0001:0000BA6C       Character.TCharacter.CheckLetter
 0001:0000BA78       Character.TCharacter.CheckLetterOrDigit
 0001:0000BB94       Character.TCharacter.GetUnicodeCategory
 0001:0000BBF4       Character.TCharacter.Initialize
 0001:0000BB88       Character.TCharacter.IsAscii
 0001:0000BA88       Character.TCharacter.IsLatin1
 0001:0000BA94       Character.TCharacter.IsLetter
 0001:0000BB20       Character.TCharacter.IsLetterOrDigit
 0004:00004F64       Classes..66
 0001:000267F4       Classes..EBitsError
 0001:0002658C       Classes..EClassNotFound
 0001:0002692C       Classes..EComponentError
 0001:00026294       Classes..EFCreateError
 0001:000263C8       Classes..EFilerError
 0001:00026198       Classes..EFileStreamError
 0001:00026330       Classes..EFOpenError
 0001:00026628       Classes..EInvalidImage
 0001:00026A6C       Classes..EInvalidOperation
 0001:00026760       Classes..EListError
 0001:000269CC       Classes..EOutOfResources
 0001:00026460       Classes..EReadError
 0001:000266C4       Classes..EResNotFound
 0001:000260FC       Classes..EStreamError
 0001:00026888       Classes..EStringListError
 0001:0002DA88       Classes..EThread
 0001:000264F4       Classes..EWriteError
 0001:0002F430       Classes..TBasicAction
 0001:0002F214       Classes..TBasicActionLink
 0001:00027814       Classes..TBits
 0001:0002B388       Classes..TClassFinder
 0001:00028098       Classes..TCollection
 0001:00027EF4       Classes..TCollectionEnumerator
 0001:00027C88       Classes..TCollectionItem
 0001:0002E8CC       Classes..TComponent
 0001:0003DF98       Classes..TComponent.FindComponent$ActRec
 0001:0002E474       Classes..TComponentEnumerator
 0001:0002A5CC       Classes..TCustomMemoryStream
 0001:0002B75C       Classes..TFiler
 0001:0002A3E8       Classes..TFileStream
 0001:0002A1D0       Classes..THandleStream
 0001:000312E4       Classes..TIntConst
 0001:00027B14       Classes..TInterfacedPersistent
 0001:00026E48       Classes..TList
 0001:00032210       Classes..TList.Sort$ActRec
 0001:00026C74       Classes..TListEnumerator
 0001:0002A814       Classes..TMemoryStream
 0001:00028530       Classes..TOwnedCollection
 0001:0002794C       Classes..TPersistent
 0001:00036560       Classes..TPropFixup
 0001:0003678C       Classes..TPropIntfFixup
 0001:0002C174       Classes..TReader
 0001:0002F9C4       Classes..TRegGroup
 0001:0002FE24       Classes..TRegGroups
 0001:0002AA5C       Classes..TResourceStream
 0001:00029BC4       Classes..TStream
 0001:0002ADDC       Classes..TStreamAdapter
 0001:00029548       Classes..TStringList
 0001:000288D0       Classes..TStrings
 0001:00028728       Classes..TStringsEnumerator
 0001:0002DC7C       Classes..TThread
 0001:0002755C       Classes..TThreadList
 0001:0002D07C       Classes..TWriter
 0001:00031270       Classes.ActivateClassGroup
 0003:00000F7C       Classes.AddDataModule
 0001:00036AB8       Classes.AddFinished
 0001:00036AF0       Classes.AddNotFinished
 0001:0003775C       Classes.AddSubComponentsToLoaded
 0001:0003F104       Classes.AllocateHWnd
 0001:0003ACF8       Classes.AncestorIsValid
 0003:00000F8C       Classes.ApplicationHandleException
 0003:00000F94       Classes.ApplicationShowException
 0001:00031750       Classes.BeginGlobalLoading
 0003:00000FF4       Classes.BlockCode
 0001:0002F988       Classes.Bounds
 0001:0003EF64       Classes.CalcJmpOffset
 0001:00037798       Classes.CheckSubComponents
 0001:0003C850       Classes.CheckSynchronize
 0002:0000024C       Classes.Classes
 0001:00030FB4       Classes.ClassNotFound
 0001:0003F018       Classes.CleanupInstFreeList
 0001:000319F0       Classes.CollectionsEqual
 0001:00037878       Classes.ComponentCreated
 0001:00039798       Classes.CopyBinary
 0001:00039708       Classes.CopyBytes
 0001:000396BC       Classes.CopyList
 0001:00039634       Classes.CopySetBody
 0001:000378F8       Classes.CreateComponent
 0003:00000F9C       Classes.CreateVCLComObjectProc
 0001:0003F1B8       Classes.DeallocateHWnd
 0001:0003C778       Classes.DoneThreadSynchronization
 0001:0003389C       Classes.DoWrite
 0003:00000FAC       Classes.Dummy32bitResHeader
 0001:0003F1E0       Classes.EFileStreamError.Create
 0001:000317D8       Classes.EndGlobalLoading
 0001:00036398       Classes.Error
 0001:00030A58       Classes.Error
 0004:00004F90       Classes.ExternalThreads
 0003:00000FA8       Classes.FilerSignature
 0001:0003F290       Classes.Finalization
 0001:0003A3E8       Classes.FindAncestor
 0001:0003108C       Classes.FindClass
 0001:00037AA8       Classes.FindExistingComponent
 0001:00031668       Classes.FindGlobalComponent
 0004:00004F70       Classes.FindGlobalComponentProcs
 0001:0003150C       Classes.FindIdentToInt
 0001:00031490       Classes.FindIntToIdent
 0001:0003B16C       Classes.FindMethodName
 0001:000369C0       Classes.FindNestedComponent
 0001:00038B24       Classes.FindUniqueName
 0001:0003C790       Classes.FreeExternalThreads
 0001:0003EEC4       Classes.FreeIntConstList
 0001:0003F004       Classes.FreeObjectInstance
 0001:00031020       Classes.GetClass
 0001:0003B860       Classes.GetComponentValue
 0001:00032CB0       Classes.GetDesigner
 0001:00030FA8       Classes.GetFieldClassTable
 0001:0003F054       Classes.GetFreeInstBlockItemCount
 0004:00004F74       Classes.GlobalFixupList
 0001:00036B38       Classes.GlobalFixupReferences
 0005:00000010       Classes.GlobalLists
 0005:0000000C       Classes.GlobalLoaded
 0004:00004F58       Classes.GlobalNameSpace
 0001:00031204       Classes.GroupDescendentsWith
 0001:000382B8       Classes.HandleException
 0001:00031588       Classes.IdentToInt
 0001:00031834       Classes.InitComponent
 0001:000318C0       Classes.InitInheritedComponent
 0001:0003C744       Classes.InitThreadSynchronization
 0004:00004F94       Classes.InstBlockList
 0004:00004F98       Classes.InstFreeList
 0004:00004F68       Classes.IntConstList
 0001:000316CC       Classes.InternalReadComponentRes
 0001:000315CC       Classes.IntToIdent
 0001:0002F9B0       Classes.InvalidPoint
 0001:0003AEEC       Classes.IsDefault
 0001:0003AD68       Classes.IsDefaultFloatProp
 0001:0003ADC4       Classes.IsDefaultInt64Prop
 0001:0003B090       Classes.IsDefaultInterfaceProp
 0001:0003B1C4       Classes.IsDefaultMethodProp
 0001:0003AF44       Classes.IsDefaultObjectProp
 0001:0003AD10       Classes.IsDefaultOrdProp
 0001:0003B2FC       Classes.IsDefaultPropertyValue
 0001:0003AE1C       Classes.IsDefaultStrProp
 0001:0003AFC4       Classes.IsDefaultValue
 0001:0003B264       Classes.IsDefaultVariantProp
 0001:000316A8       Classes.IsUniqueGlobalComponentName
 0004:00004F5C       Classes.IsUniqueGlobalComponentNameProc
 0001:0003EF6C       Classes.MakeObjectInstance
 0001:00032900       Classes.Min
 0001:0003EF3C       Classes.ModuleUnload
 0003:00000FCC       Classes.NilMethod
 0001:00032D54       Classes.NotifyDesigner
 0001:000317A8       Classes.NotifyGlobalLoading
 0001:0003AEAC       Classes.ObjectAncestorMatch
 0001:0003B848       Classes.OwnedBy
 0001:0002F940       Classes.Point
 0003:00000FD8       Classes.Priorities
 0001:00036E78       Classes.PropertyNotFound
 0001:00038388       Classes.PropPathError
 0001:00036E6C       Classes.PropValueError
 0001:000320D8       Classes.QuickSort
 0001:00035550       Classes.RaiseException
 0001:00039C80       Classes.ReadCustomVariant
 0001:00036E54       Classes.ReadError
 0001:00037898       Classes.Recover
 0001:0002F960       Classes.Rect
 0004:00004F6C       Classes.RegGroups
 0001:000310AC       Classes.RegisterClass
 0001:00031610       Classes.RegisterFindGlobalComponentProc
 0001:00031464       Classes.RegisterIntegerConsts
 0001:0003F084       Classes.ReleaseObjectInstanceBlocks
 0003:00000F84       Classes.RemoveDataModule
 0001:00036D0C       Classes.RemoveFixupReferences
 0001:00036DC0       Classes.RemoveFixups
 0001:000371BC       Classes.RemoveGlobalFixup
 0001:0003C81C       Classes.ResetSyncEvent
 0001:00033A08       Classes.ReturnAddr
 0001:00031C54       Classes.ReturnAddr
 0001:00037A08       Classes.SetCompName
 0001:00036EA4       Classes.SetElementValue
 0001:00038700       Classes.SetInterfaceReference
 0001:0003861C       Classes.SetIntIdent
 0001:00038664       Classes.SetObjectIdent
 0001:00037810       Classes.SetSubComponentState
 0001:000386A4       Classes.SetVariantReference
 0001:0003C844       Classes.SignalSyncEvent
 0001:000393F0       Classes.SkipBinary
 0001:00039420       Classes.SkipCollection
 0001:000393C4       Classes.SkipList
 0001:0003119C       Classes.StartClassGroup
 0001:0003EF44       Classes.StdWndProc
 0001:0003533C       Classes.StringListCompareStrings
 0004:00004F60       Classes.SyncEvent
 0003:00000FD4       Classes.SyncList
 0001:0003E930       Classes.TBasicAction.Change
 0001:0003E7BC       Classes.TBasicAction.Create
 0001:0003E800       Classes.TBasicAction.Destroy
 0001:0003E89C       Classes.TBasicAction.Execute
 0001:0003E86C       Classes.TBasicAction.ExecuteTarget
 0001:0003E868       Classes.TBasicAction.HandlesTarget
 0001:0003E870       Classes.TBasicAction.Notification
 0001:0003E944       Classes.TBasicAction.RegisterChanges
 0001:0003E990       Classes.TBasicAction.SetActionComponent
 0001:0003E8D4       Classes.TBasicAction.SetOnExecute
 0001:0003E950       Classes.TBasicAction.UnRegisterChanges
 0001:0003E8B8       Classes.TBasicAction.Update
 0001:0003E898       Classes.TBasicAction.UpdateTarget
 0001:0003E70C       Classes.TBasicActionLink.AssignClient
 0001:0003E744       Classes.TBasicActionLink.Change
 0001:0003E6C8       Classes.TBasicActionLink.Create
 0001:0003E710       Classes.TBasicActionLink.Destroy
 0001:0003E75C       Classes.TBasicActionLink.Execute
 0001:0003E7A4       Classes.TBasicActionLink.IsOnExecuteLinked
 0001:0003E778       Classes.TBasicActionLink.SetAction
 0001:0003E7A8       Classes.TBasicActionLink.SetOnExecute
 0001:0003E7B0       Classes.TBasicActionLink.Update
 0001:000328B8       Classes.TBits.Destroy
 0001:000328E8       Classes.TBits.Error
 0001:000329DC       Classes.TBits.OpenBit
 0001:000329B0       Classes.TBits.SetBit
 0001:0003290C       Classes.TBits.SetSize
 0001:00030D14       Classes.TClassFinder.Create
 0001:00030E54       Classes.TClassFinder.Destroy
 0001:00030E84       Classes.TClassFinder.GetClass
 0001:00030F20       Classes.TClassFinder.GetClasses
 0001:00033084       Classes.TCollection.Add
 0001:000335A0       Classes.TCollection.Added
 0001:000330A4       Classes.TCollection.Assign
 0001:0003314C       Classes.TCollection.BeginUpdate
 0001:00033150       Classes.TCollection.Changed
 0001:00033160       Classes.TCollection.Clear
 0001:00032FEC       Classes.TCollection.Create
 0001:00033564       Classes.TCollection.Delete
 0001:000335A4       Classes.TCollection.Deleting
 0001:00033038       Classes.TCollection.Destroy
 0001:000331C8       Classes.TCollection.EndUpdate
 0001:000331D4       Classes.TCollection.FindItemID
 0001:00033208       Classes.TCollection.GetAttr
 0001:00033204       Classes.TCollection.GetAttrCount
 0001:00033228       Classes.TCollection.GetCapacity
 0001:00033250       Classes.TCollection.GetCount
 0001:00033218       Classes.TCollection.GetEnumerator
 0001:00033258       Classes.TCollection.GetItem
 0001:00033230       Classes.TCollection.GetItemAttr
 0001:0003326C       Classes.TCollection.GetNamePath
 0001:00033320       Classes.TCollection.GetPropName
 0001:00033474       Classes.TCollection.Insert
 0001:00033490       Classes.TCollection.InsertItem
 0001:000335A8       Classes.TCollection.Notify
 0001:00033594       Classes.TCollection.Owner
 0001:000334F8       Classes.TCollection.RemoveItem
 0001:0003354C       Classes.TCollection.SetCapacity
 0001:0003355C       Classes.TCollection.SetItemName
 0001:00033560       Classes.TCollection.Update
 0001:00032F80       Classes.TCollectionEnumerator.Create
 0001:00032FC4       Classes.TCollectionEnumerator.GetCurrent
 0001:00032FD0       Classes.TCollectionEnumerator.MoveNext
 0001:00032E20       Classes.TCollectionItem.Changed
 0001:00032DB8       Classes.TCollectionItem.Create
 0001:00032DF0       Classes.TCollectionItem.Destroy
 0001:00032E5C       Classes.TCollectionItem.GetDisplayName
 0001:00032E44       Classes.TCollectionItem.GetIndex
 0001:00032E70       Classes.TCollectionItem.GetNamePath
 0001:00032F1C       Classes.TCollectionItem.GetOwner
 0001:00032F20       Classes.TCollectionItem.SetCollection
 0001:00032F48       Classes.TCollectionItem.SetDisplayName
 0001:00032F50       Classes.TCollectionItem.SetIndex
 0001:0003E1C0       Classes.TComponent.AddSortedComponent
 0001:0003D9DC       Classes.TComponent.BeforeDestruction
 0001:0003E274       Classes.TComponent.ChangeName
 0001:0003D948       Classes.TComponent.Create
 0001:0003DD88       Classes.TComponent.DefineProperties
 0001:0003D994       Classes.TComponent.Destroy
 0001:0003DC0C       Classes.TComponent.DestroyComponents
 0001:0003DC78       Classes.TComponent.Destroying
 0001:0003E3D0       Classes.TComponent.ExecuteAction
 0001:0003E05C       Classes.TComponent.FindComponent
 0001:0003E050       Classes.TComponent.FindComponent$ActRec.$0$Body
 0001:0003E148       Classes.TComponent.FindSortedComponent
 0001:0003DA28       Classes.TComponent.FreeNotification
 0001:0003E504       Classes.TComponent.FreeOnRelease
 0001:0003DE2C       Classes.TComponent.GetChildOwner
 0001:0003DE30       Classes.TComponent.GetChildParent
 0001:0003DE24       Classes.TComponent.GetChildren
 0001:0003E434       Classes.TComponent.GetComObject
 0001:0003E2C8       Classes.TComponent.GetComponent
 0001:0003E2F4       Classes.TComponent.GetComponentCount
 0001:0003E2AC       Classes.TComponent.GetComponentIndex
 0001:0003DE34       Classes.TComponent.GetEnumerator
 0001:0003DE44       Classes.TComponent.GetNamePath
 0001:0003DE58       Classes.TComponent.GetOwner
 0001:0003DE60       Classes.TComponent.GetParentComponent
 0001:0003DE20       Classes.TComponent.HasParent
 0001:0003DABC       Classes.TComponent.Insert
 0001:0003DB70       Classes.TComponent.InsertComponent
 0001:0003E59C       Classes.TComponent.IntfGetComponent
 0001:0003E5A0       Classes.TComponent.IsImplementorOf
 0001:0003DE80       Classes.TComponent.Loaded
 0001:0003DD28       Classes.TComponent.Notification
 0001:0003DE8C       Classes.TComponent.PaletteCreated
 0001:0003E51C       Classes.TComponent.QueryInterface
 0001:0003DA7C       Classes.TComponent.ReadLeft
 0001:0003DE90       Classes.TComponent.ReadState
 0001:0003DA90       Classes.TComponent.ReadTop
 0001:0003E620       Classes.TComponent.ReferenceInterface
 0001:0003DAF8       Classes.TComponent.Remove
 0001:0003DBD4       Classes.TComponent.RemoveComponent
 0001:0003DD0C       Classes.TComponent.RemoveFreeNotification
 0001:0003D9E8       Classes.TComponent.RemoveFreeNotifications
 0001:0003DCB4       Classes.TComponent.RemoveNotification
 0001:0003E4EC       Classes.TComponent.SafeCallException
 0001:0003DE5C       Classes.TComponent.SetChildOrder
 0001:0003E304       Classes.TComponent.SetComponentIndex
 0001:0003E358       Classes.TComponent.SetDesigning
 0001:0003E1E4       Classes.TComponent.SetName
 0001:0003DE64       Classes.TComponent.SetParentComponent
 0001:0003E3A8       Classes.TComponent.SetReference
 0001:0003E420       Classes.TComponent.SetSubComponent
 0001:0003E3F8       Classes.TComponent.UpdateAction
 0001:0003DE74       Classes.TComponent.Updated
 0001:0003E514       Classes.TComponent.UpdateRegistry
 0001:0003DE68       Classes.TComponent.Updating
 0001:0003DF28       Classes.TComponent.ValidateContainer
 0001:0003DF3C       Classes.TComponent.ValidateInsert
 0001:0003DEA0       Classes.TComponent.ValidateRename
 0001:0003DAA4       Classes.TComponent.WriteLeft
 0001:0003DE98       Classes.TComponent.WriteState
 0001:0003DAB0       Classes.TComponent.WriteTop
 0001:0003E55C       Classes.TComponent._AddRef
 0001:0003E57C       Classes.TComponent._Release
 0001:0003D8DC       Classes.TComponentEnumerator.Create
 0001:0003D920       Classes.TComponentEnumerator.GetCurrent
 0001:0003D92C       Classes.TComponentEnumerator.MoveNext
 0001:0003602C       Classes.TCustomMemoryStream.Read
 0001:000360A0       Classes.TCustomMemoryStream.SaveToFile
 0001:00036088       Classes.TCustomMemoryStream.SaveToStream
 0001:00036064       Classes.TCustomMemoryStream.Seek
 0001:00036024       Classes.TCustomMemoryStream.SetPointer
 0001:000364EC       Classes.TFiler.Create
 0001:0002BB14       Classes.TFiler.DefineBinaryProperty
 0001:0002BB0C       Classes.TFiler.DefineProperty
 0001:00036534       Classes.TFiler.Destroy
 0001:0002BB1C       Classes.TFiler.FlushBuffer
 0001:0003655C       Classes.TFiler.SetRoot
 0001:00035E7C       Classes.TFileStream.Create
 0001:00035E38       Classes.TFileStream.Create
 0001:00035FF0       Classes.TFileStream.Destroy
 0001:00035D74       Classes.THandleStream.Create
 0001:00035DB0       Classes.THandleStream.Read
 0001:00035DD0       Classes.THandleStream.Seek
 0001:00035E10       Classes.THandleStream.SetSize
 0001:00035DFC       Classes.THandleStream.SetSize
 0001:00035DC0       Classes.THandleStream.Write
 0004:00004F78       Classes.ThreadLock
 0001:0003CA44       Classes.ThreadProc
 0001:0003142C       Classes.TIntConst.Create
 0001:00032BF8       Classes.TInterfacedPersistent.AfterConstruction
 0001:00032C88       Classes.TInterfacedPersistent.QueryInterface
 0001:00032C48       Classes.TInterfacedPersistent._AddRef
 0001:00032C68       Classes.TInterfacedPersistent._Release
 0001:00031B94       Classes.TList.Add
 0001:000323D0       Classes.TList.Assign
 0001:00031BD4       Classes.TList.Clear
 0001:00031BEC       Classes.TList.Delete
 0001:00031B74       Classes.TList.Destroy
 0001:00031C58       Classes.TList.Error
 0001:00031C90       Classes.TList.Error
 0001:00031CE4       Classes.TList.Exchange
 0001:00031D34       Classes.TList.Expand
 0001:00032374       Classes.TList.Extract
 0001:0003237C       Classes.TList.ExtractItem
 0001:00031D4C       Classes.TList.First
 0001:00031D54       Classes.TList.Get
 0001:00031D78       Classes.TList.GetEnumerator
 0001:00031D88       Classes.TList.Grow
 0001:00031DBC       Classes.TList.IndexOf
 0001:00031DE0       Classes.TList.IndexOfItem
 0001:00031E0C       Classes.TList.Insert
 0001:00031E84       Classes.TList.Last
 0001:00031EA8       Classes.TList.Move
 0001:000323CC       Classes.TList.Notify
 0001:00031F84       Classes.TList.Pack
 0001:00031F00       Classes.TList.Put
 0001:00031F5C       Classes.TList.Remove
 0001:00031F64       Classes.TList.RemoveItem
 0001:00031FF8       Classes.TList.SetCapacity
 0001:00032034       Classes.TList.SetCount
 0001:000322D4       Classes.TList.Sort
 0001:000322C8       Classes.TList.Sort$ActRec.$0$Body
 0001:00032354       Classes.TList.SortList
 0001:00031B0C       Classes.TListEnumerator.Create
 0001:00031B50       Classes.TListEnumerator.GetCurrent
 0001:00031B5C       Classes.TListEnumerator.MoveNext
 0001:00036124       Classes.TMemoryStream.Clear
 0001:000360F8       Classes.TMemoryStream.Destroy
 0001:00036174       Classes.TMemoryStream.LoadFromFile
 0001:0003613C       Classes.TMemoryStream.LoadFromStream
 0001:0003621C       Classes.TMemoryStream.Realloc
 0001:000361C8       Classes.TMemoryStream.SetCapacity
 0001:000361F0       Classes.TMemoryStream.SetSize
 0001:0003629C       Classes.TMemoryStream.Write
 0001:000335CC       Classes.TOwnedCollection.Create
 0001:00033610       Classes.TOwnedCollection.GetOwner
 0001:00032A80       Classes.TPersistent.Assign
 0001:00032A94       Classes.TPersistent.AssignError
 0001:00032B50       Classes.TPersistent.AssignTo
 0001:00032B58       Classes.TPersistent.DefineProperties
 0001:00032A54       Classes.TPersistent.Destroy
 0001:00032B5C       Classes.TPersistent.GetNamePath
 0001:00032BF4       Classes.TPersistent.GetOwner
 0001:00036874       Classes.TPropFixup.Create
 0001:000368CC       Classes.TPropFixup.MakeGlobalReference
 0001:0003692C       Classes.TPropFixup.ResolveReference
 0001:0003693C       Classes.TPropIntfFixup.ResolveReference
 0001:00036EF8       Classes.TReader.BeginReferences
 0001:00036F60       Classes.TReader.CheckValue
 0001:000397F0       Classes.TReader.CopyValue
 0001:00036FC0       Classes.TReader.DefineBinaryProperty
 0001:00036F84       Classes.TReader.DefineProperty
 0001:00036EBC       Classes.TReader.Destroy
 0001:00037244       Classes.TReader.DoFixupReferences
 0001:000370A8       Classes.TReader.EndOfList
 0001:000370BC       Classes.TReader.EndReferences
 0001:000370D8       Classes.TReader.Error
 0001:00039ACC       Classes.TReader.FindAncestorComponent
 0001:00039BC4       Classes.TReader.FindComponentClass
 0001:0003716C       Classes.TReader.FindMethod
 0001:000370FC       Classes.TReader.FindMethodInstance
 0001:00037388       Classes.TReader.FixupReferences
 0001:000373C0       Classes.TReader.FlushBuffer
 0001:000373E4       Classes.TReader.FreeFixups
 0001:00037420       Classes.TReader.GetFieldClass
 0001:000374B4       Classes.TReader.GetPosition
 0001:000374CC       Classes.TReader.NextValue
 0001:000374DC       Classes.TReader.PropertyError
 0001:000374F0       Classes.TReader.Read
 0001:00037578       Classes.TReader.ReadBoolean
 0001:0003753C       Classes.TReader.ReadBuffer
 0001:0003758C       Classes.TReader.ReadChar
 0001:00037680       Classes.TReader.ReadCollection
 0001:00037B4C       Classes.TReader.ReadComponent
 0001:00038EC0       Classes.TReader.ReadComponents
 0001:00037F8C       Classes.TReader.ReadCurrency
 0001:00037D8C       Classes.TReader.ReadData
 0001:00037DFC       Classes.TReader.ReadDataInner
 0001:00037FDC       Classes.TReader.ReadDate
 0001:00037F04       Classes.TReader.ReadDouble
 0001:00037ECC       Classes.TReader.ReadFloat
 0001:00038020       Classes.TReader.ReadIdent
 0001:00038224       Classes.TReader.ReadInt64
 0001:000381B8       Classes.TReader.ReadInteger
 0001:00038268       Classes.TReader.ReadListBegin
 0001:00038270       Classes.TReader.ReadListEnd
 0001:00038278       Classes.TReader.ReadPrefix
 0001:000383A4       Classes.TReader.ReadProperty
 0001:000387C0       Classes.TReader.ReadPropValue
 0001:00038B8C       Classes.TReader.ReadRootComponent
 0001:00038FB0       Classes.TReader.ReadSet
 0001:0003906C       Classes.TReader.ReadSignature
 0001:00037F48       Classes.TReader.ReadSingle
 0001:00039090       Classes.TReader.ReadStr
 0001:00039120       Classes.TReader.ReadString
 0001:00039348       Classes.TReader.ReadValue
 0001:00039E48       Classes.TReader.ReadVariant
 0001:00037620       Classes.TReader.ReadWideChar
 0001:00039208       Classes.TReader.ReadWideString
 0001:00039B84       Classes.TReader.ReferenceName
 0001:00039B9C       Classes.TReader.SetName
 0001:0003935C       Classes.TReader.SetPosition
 0001:00039C38       Classes.TReader.SkipBytes
 0001:00039A20       Classes.TReader.SkipComponent
 0001:000399D8       Classes.TReader.SkipProperty
 0001:0003937C       Classes.TReader.SkipSetBody
 0001:00039484       Classes.TReader.SkipValue
 0001:00030300       Classes.TRegGroup.AddClass
 0001:0003030C       Classes.TRegGroup.BestClass
 0001:0003036C       Classes.TRegGroup.BestGroup
 0001:000303DC       Classes.TRegGroup.Create
 0001:00030438       Classes.TRegGroup.Destroy
 0001:00030478       Classes.TRegGroup.GetClass
 0001:000304C8       Classes.TRegGroup.GetClasses
 0001:00030510       Classes.TRegGroup.IndexOfClass
 0001:00030588       Classes.TRegGroup.InGroup
 0001:000305CC       Classes.TRegGroup.RegisterClass
 0001:00030680       Classes.TRegGroup.RegisterClassAlias
 0001:000306B8       Classes.TRegGroup.Registered
 0001:000306D0       Classes.TRegGroup.UnregisterClass
 0001:00030730       Classes.TRegGroup.UnregisterModuleClasses
 0001:00030870       Classes.TRegGroups.Activate
 0001:000308BC       Classes.TRegGroups.AddClass
 0001:000308DC       Classes.TRegGroups.Create
 0001:00030950       Classes.TRegGroups.Destroy
 0001:000309B0       Classes.TRegGroups.FindGroup
 0001:000309F4       Classes.TRegGroups.GetClass
 0001:00030A38       Classes.TRegGroups.GroupedWith
 0001:00030ADC       Classes.TRegGroups.GroupWith
 0001:00030BB0       Classes.TRegGroups.Lock
 0001:00030BBC       Classes.TRegGroups.RegisterClass
 0001:00030BD4       Classes.TRegGroups.RegisterClassAlias
 0001:00030BF4       Classes.TRegGroups.Registered
 0001:00030C38       Classes.TRegGroups.StartGroup
 0001:00030C88       Classes.TRegGroups.Unlock
 0001:00030C94       Classes.TRegGroups.UnregisterClass
 0001:00030CC4       Classes.TRegGroups.UnregisterModuleClasses
 0001:000362EC       Classes.TResourceStream.Create
 0001:00036344       Classes.TResourceStream.CreateFromID
 0001:000364A4       Classes.TResourceStream.Destroy
 0001:00036438       Classes.TResourceStream.Initialize
 0001:000364D4       Classes.TResourceStream.Write
 0001:00035728       Classes.TStream.CopyFrom
 0001:00035B90       Classes.TStream.FixupResourceHeader
 0001:00035464       Classes.TStream.GetPosition
 0001:00035498       Classes.TStream.GetSize
 0001:0002A1C0       Classes.TStream.Read
 0001:000356B8       Classes.TStream.ReadBuffer
 0001:0003581C       Classes.TStream.ReadComponent
 0001:000358E0       Classes.TStream.ReadComponentRes
 0001:00035C88       Classes.TStream.ReadResHeader
 0001:00035648       Classes.TStream.Seek
 0001:000355C4       Classes.TStream.Seek
 0001:00035484       Classes.TStream.SetPosition
 0001:000354FC       Classes.TStream.SetSize
 0001:000354E4       Classes.TStream.SetSize
 0001:000354E8       Classes.TStream.SetSize64
 0001:0002A1C8       Classes.TStream.Write
 0001:000356F0       Classes.TStream.WriteBuffer
 0001:0003587C       Classes.TStream.WriteComponent
 0001:000358FC       Classes.TStream.WriteComponentRes
 0001:00035884       Classes.TStream.WriteDescendent
 0001:00035C54       Classes.TStream.WriteDescendentRes
 0001:00035904       Classes.TStream.WriteResourceHeader
 0001:0003EEAC       Classes.TStreamAdapter.Clone
 0001:0003EE00       Classes.TStreamAdapter.Commit
 0001:0003EBF8       Classes.TStreamAdapter.CopyTo
 0001:0003E9BC       Classes.TStreamAdapter.Create
 0001:0003EA08       Classes.TStreamAdapter.Destroy
 0001:0003EE18       Classes.TStreamAdapter.LockRegion
 0001:0003EA40       Classes.TStreamAdapter.Read
 0001:0003EE0C       Classes.TStreamAdapter.Revert
 0001:0003EB10       Classes.TStreamAdapter.Seek
 0001:0003EB94       Classes.TStreamAdapter.SetSize
 0001:0003EE30       Classes.TStreamAdapter.Stat
 0001:0003EE24       Classes.TStreamAdapter.UnlockRegion
 0001:0003EAA8       Classes.TStreamAdapter.Write
 0001:00034D4C       Classes.TStringList.Add
 0001:00034D5C       Classes.TStringList.AddObject
 0001:00034DC0       Classes.TStringList.Changed
 0001:00034DDC       Classes.TStringList.Changing
 0001:00034DF8       Classes.TStringList.Clear
 0001:000353A4       Classes.TStringList.CompareStrings
 0001:000353F8       Classes.TStringList.Create
 0001:000353C0       Classes.TStringList.Create
 0001:0003536C       Classes.TStringList.CustomSort
 0001:00034E60       Classes.TStringList.Delete
 0001:00034CC8       Classes.TStringList.Destroy
 0001:00034EE0       Classes.TStringList.Exchange
 0001:00034F3C       Classes.TStringList.ExchangeItems
 0001:00034F60       Classes.TStringList.Find
 0001:00034FE4       Classes.TStringList.Get
 0001:00035014       Classes.TStringList.GetCapacity
 0001:00035018       Classes.TStringList.GetCount
 0001:0003501C       Classes.TStringList.GetObject
 0001:00035040       Classes.TStringList.Grow
 0001:00035074       Classes.TStringList.IndexOf
 0001:000350B0       Classes.TStringList.Insert
 0001:00035114       Classes.TStringList.InsertItem
 0001:000350C0       Classes.TStringList.InsertObject
 0001:00035190       Classes.TStringList.Put
 0001:000351E8       Classes.TStringList.PutObject
 0001:00035224       Classes.TStringList.QuickSort
 0001:000352BC       Classes.TStringList.SetCapacity
 0001:0003543C       Classes.TStringList.SetCaseSensitive
 0001:000352FC       Classes.TStringList.SetSorted
 0001:0003531C       Classes.TStringList.SetUpdateState
 0001:0003535C       Classes.TStringList.Sort
 0001:000336BC       Classes.TStrings.Add
 0001:000336E0       Classes.TStrings.AddObject
 0001:00033710       Classes.TStrings.AddStrings
 0001:00033704       Classes.TStrings.Append
 0001:000337C8       Classes.TStrings.Assign
 0001:00033884       Classes.TStrings.BeginUpdate
 0001:00029448       Classes.TStrings.Clear
 0001:00034C80       Classes.TStrings.CompareStrings
 0001:000338F4       Classes.TStrings.DefineProperties
 0001:00029450       Classes.TStrings.Delete
 0001:0003368C       Classes.TStrings.Destroy
 0001:0003394C       Classes.TStrings.EndUpdate
 0001:00033960       Classes.TStrings.Equals
 0001:00033A0C       Classes.TStrings.Error
 0001:00033A44       Classes.TStrings.Error
 0001:00033A9C       Classes.TStrings.Exchange
 0001:00033B88       Classes.TStrings.GetCapacity
 0001:00033B90       Classes.TStrings.GetCommaText
 0001:00033C28       Classes.TStrings.GetDelimitedText
 0001:00034B6C       Classes.TStrings.GetDelimiter
 0001:00033E98       Classes.TStrings.GetEnumerator
 0001:00034B88       Classes.TStrings.GetLineBreak
 0001:00034C8C       Classes.TStrings.GetNameValueSeparator
 0001:00033EA8       Classes.TStrings.GetObject
 0001:00034BC4       Classes.TStrings.GetQuoteChar
 0001:00034BE0       Classes.TStrings.GetStrictDelimiter
 0001:00033EAC       Classes.TStrings.GetText
 0001:00033F00       Classes.TStrings.GetTextStr
 0001:00034098       Classes.TStrings.IndexOf
 0001:00034124       Classes.TStrings.IndexOfName
 0001:000341F8       Classes.TStrings.IndexOfObject
 0001:00029458       Classes.TStrings.Insert
 0001:0003422C       Classes.TStrings.InsertObject
 0001:0003425C       Classes.TStrings.LoadFromFile
 0001:000342B0       Classes.TStrings.LoadFromFile
 0001:0003430C       Classes.TStrings.LoadFromStream
 0001:00034318       Classes.TStrings.LoadFromStream
 0001:0003440C       Classes.TStrings.Move
 0001:000344BC       Classes.TStrings.Put
 0001:000344EC       Classes.TStrings.PutObject
 0001:000344F0       Classes.TStrings.ReadData
 0001:000345B0       Classes.TStrings.SaveToFile
 0001:000345A0       Classes.TStrings.SaveToFile
 0001:00034620       Classes.TStrings.SaveToStream
 0001:00034610       Classes.TStrings.SaveToStream
 0001:000346D8       Classes.TStrings.SetCapacity
 0001:000346DC       Classes.TStrings.SetCommaText
 0001:000349BC       Classes.TStrings.SetDelimitedText
 0001:00034BF8       Classes.TStrings.SetDelimiter
 0001:00034C18       Classes.TStrings.SetLineBreak
 0001:00034CA8       Classes.TStrings.SetNameValueSeparator
 0001:00034C44       Classes.TStrings.SetQuoteChar
 0001:00034C64       Classes.TStrings.SetStrictDelimiter
 0001:00034704       Classes.TStrings.SetStringsAdapter
 0001:00034738       Classes.TStrings.SetText
 0001:00034788       Classes.TStrings.SetTextStr
 0001:00034934       Classes.TStrings.SetUpdateState
 0001:00034938       Classes.TStrings.WriteData
 0001:00033614       Classes.TStringsEnumerator.Create
 0001:00033658       Classes.TStringsEnumerator.GetCurrent
 0001:00033670       Classes.TStringsEnumerator.MoveNext
 0004:00004F54       Classes.TThread.$ClassInitFlag
 0001:0003CC98       Classes.TThread.AfterConstruction
 0001:0003CD40       Classes.TThread.CallOnTerminate
 0001:0003CCAC       Classes.TThread.CheckThreadError
 0001:0003CD28       Classes.TThread.CheckThreadError
 0001:0003CAF8       Classes.TThread.Create
 0002:0000023C       Classes.TThread.Create@
 0001:0003CBFC       Classes.TThread.Destroy
 0001:0003CC70       Classes.TThread.Destroy@
 0001:0003CD54       Classes.TThread.DoTerminate
 0005:00000008       Classes.TThread.FCurrentThread
 0001:0003CD68       Classes.TThread.GetPriority
 0001:0003CDA4       Classes.TThread.InternalStart
 0001:0003D83C       Classes.TThread.NameThreadForDebugging
 0001:0003CF04       Classes.TThread.Queue
 0001:0003CFD0       Classes.TThread.Queue
 0001:0003CE7C       Classes.TThread.Queue
 0001:0003D438       Classes.TThread.Queue
 0001:0003D670       Classes.TThread.RemoveQueuedEvents
 0001:0003D5CC       Classes.TThread.RemoveQueuedEvents
 0001:0003D070       Classes.TThread.RemoveQueuedEvents
 0001:0003D730       Classes.TThread.Resume
 0001:0003CE50       Classes.TThread.SetPriority
 0001:0003D684       Classes.TThread.SetSuspended
 0001:0003D69C       Classes.TThread.SpinWait
 0001:0003D6B8       Classes.TThread.Start
 0001:0003D134       Classes.TThread.StaticQueue
 0001:0003D5B8       Classes.TThread.StaticSynchronize
 0001:0003D6C0       Classes.TThread.Suspend
 0001:0003D51C       Classes.TThread.Synchronize
 0001:0003D3A8       Classes.TThread.Synchronize
 0001:0003D340       Classes.TThread.Synchronize
 0001:0003D30C       Classes.TThread.Synchronize
 0001:0003D148       Classes.TThread.Synchronize
 0001:0003D758       Classes.TThread.Terminate
 0001:0003D77C       Classes.TThread.WaitFor
 0001:0003276C       Classes.TThreadList.Add
 0001:000327F4       Classes.TThreadList.Clear
 0001:0003269C       Classes.TThreadList.Create
 0001:000326F0       Classes.TThreadList.Destroy
 0001:0003283C       Classes.TThreadList.LockList
 0001:00032850       Classes.TThreadList.Remove
 0001:00032858       Classes.TThreadList.RemoveItem
 0001:000328AC       Classes.TThreadList.UnlockList
 0001:0003A094       Classes.TWriter.AddAncestor
 0001:0003A0C8       Classes.TWriter.DefineBinaryProperty
 0001:0003A0A0       Classes.TWriter.DefineProperty
 0001:0003A068       Classes.TWriter.Destroy
 0001:0003A104       Classes.TWriter.FindMethodName
 0001:0003A14C       Classes.TWriter.FlushBuffer
 0001:0003C720       Classes.TWriter.GetLookupInfo
 0001:0003A0F4       Classes.TWriter.GetPosition
 0001:0003A154       Classes.TWriter.SetPosition
 0001:0003A190       Classes.TWriter.SetRoot
 0001:0003A1A8       Classes.TWriter.Write
 0001:0003A1F4       Classes.TWriter.WriteBinary
 0001:0003A294       Classes.TWriter.WriteBoolean
 0001:0003A27C       Classes.TWriter.WriteBuffer
 0001:0003A2A8       Classes.TWriter.WriteChar
 0001:0003A348       Classes.TWriter.WriteCollection
 0001:0003A438       Classes.TWriter.WriteComponent
 0001:0003A9E0       Classes.TWriter.WriteCurrency
 0001:0003A58C       Classes.TWriter.WriteData
 0001:0003AA04       Classes.TWriter.WriteDate
 0001:0003A94C       Classes.TWriter.WriteDescendent
 0001:0003A9BC       Classes.TWriter.WriteDouble
 0001:0003A974       Classes.TWriter.WriteFloat
 0001:0003AA28       Classes.TWriter.WriteIdent
 0001:0003AB80       Classes.TWriter.WriteInteger
 0001:0003AB0C       Classes.TWriter.WriteInteger
 0001:0003ABD8       Classes.TWriter.WriteListBegin
 0001:0003ABE0       Classes.TWriter.WriteListEnd
 0001:0003C3E4       Classes.TWriter.WriteMinStr
 0001:0003ABE8       Classes.TWriter.WritePrefix
 0001:0003AC30       Classes.TWriter.WriteProperties
 0001:0003BD88       Classes.TWriter.WriteProperty
 0001:0003C2BC       Classes.TWriter.WritePropName
 0001:0003C310       Classes.TWriter.WriteRootComponent
 0001:0003C318       Classes.TWriter.WriteSignature
 0001:0003A998       Classes.TWriter.WriteSingle
 0001:0003C328       Classes.TWriter.WriteStr
 0001:0003C518       Classes.TWriter.WriteString
 0001:0003C630       Classes.TWriter.WriteUTF8Str
 0001:0003C70C       Classes.TWriter.WriteValue
 0001:0003BEDC       Classes.TWriter.WriteVariant
 0001:0003A2F8       Classes.TWriter.WriteWideChar
 0001:0003C704       Classes.TWriter.WriteWideString
 0001:00031650       Classes.UnregisterFindGlobalComponentProc
 0001:00031134       Classes.UnRegisterModuleClasses
 0003:00000FF8       Classes.UtilWindowClass
 0001:0003C828       Classes.WaitForSyncEvent
 0003:00000FA0       Classes.WakeMainThread
 0001:00031984       Classes.WriteCollection
 0001:0003B5B8       Classes.WriteCollectionProp
 0001:0003B754       Classes.WriteFloatProp
 0001:0003B794       Classes.WriteInt64Prop
 0001:0003BBB8       Classes.WriteInterfaceProp
 0001:0003B54C       Classes.WriteIntProp
 0001:0003BC94       Classes.WriteMethodProp
 0001:0003B9A4       Classes.WriteObjectProp
 0001:0003B65C       Classes.WriteOrdProp
 0001:0003B460       Classes.WritePropPath
 0001:0003B4B8       Classes.WriteSet
 0001:0003B7D0       Classes.WriteStrProp
 0001:0003BD24       Classes.WriteVariantProp
 0004:00005178       Clipbrd..3
 0004:00005176       Clipbrd.CF_COMPONENT
 0004:00005174       Clipbrd.CF_PICTURE
 0002:00000950       Clipbrd.Clipbrd
 0004:0000517C       Clipbrd.FClipboard
 0001:0006329C       Clipbrd.Finalization
 0004:00005188       ComCtrls..96
 0001:00064780       ComCtrls..TConversion
 0002:00000A1C       ComCtrls.ComCtrls
 0004:0000518C       ComCtrls.ConversionFormatList
 0001:00064B18       ComCtrls.Finalization
 0001:00064AB8       ComCtrls.FreeConversionFormatList
 0004:00005194       ComCtrls.FRichEditModule
 0003:000019D4       ComCtrls.RTFConversionFormat
 0004:00005190       ComCtrls.ShellModule
 0001:00064A00       ComCtrls.TConversion.ConvertReadStream
 0001:00064A5C       ComCtrls.TConversion.ConvertWriteStream
 0001:000649C8       ComCtrls.TConversion.Create
 0003:000019DC       ComCtrls.TextConversionFormat
 0004:00002C4C       CommCtrl.ComCtl32DLL
 0001:0000B4AC       CommCtrl.FlatSB_GetScrollInfo
 0001:0000B4B4       CommCtrl.FlatSB_GetScrollPos
 0001:0000B4BC       CommCtrl.FlatSB_SetScrollInfo
 0001:0000B4C4       CommCtrl.FlatSB_SetScrollPos
 0001:0000B4CC       CommCtrl.FlatSB_SetScrollProp
 0001:0000B3E4       CommCtrl.ImageList_Add
 0001:0000B444       CommCtrl.ImageList_BeginDrag
 0001:0000B43C       CommCtrl.ImageList_Copy
 0001:0000B3C4       CommCtrl.ImageList_Create
 0001:0000B3CC       CommCtrl.ImageList_Destroy
 0001:0000B454       CommCtrl.ImageList_DragEnter
 0001:0000B45C       CommCtrl.ImageList_DragLeave
 0001:0000B464       CommCtrl.ImageList_DragMove
 0001:0000B46C       CommCtrl.ImageList_DragShowNolock
 0001:0000B40C       CommCtrl.ImageList_Draw
 0001:0000B41C       CommCtrl.ImageList_DrawEx
 0001:0000B44C       CommCtrl.ImageList_EndDrag
 0001:0000B3FC       CommCtrl.ImageList_GetBkColor
 0001:0000B474       CommCtrl.ImageList_GetDragImage
 0001:0000B42C       CommCtrl.ImageList_GetIcon
 0001:0000B48C       CommCtrl.ImageList_GetIconSize
 0001:0000B3D4       CommCtrl.ImageList_GetImageCount
 0001:0000B49C       CommCtrl.ImageList_GetImageInfo
 0001:0000B434       CommCtrl.ImageList_LoadImage
 0001:0000B47C       CommCtrl.ImageList_Read
 0001:0000B424       CommCtrl.ImageList_Remove
 0001:0000B414       CommCtrl.ImageList_Replace
 0001:0000B3EC       CommCtrl.ImageList_ReplaceIcon
 0001:0000B3F4       CommCtrl.ImageList_SetBkColor
 0001:0000B494       CommCtrl.ImageList_SetIconSize
 0001:0000B3DC       CommCtrl.ImageList_SetImageCount
 0001:0000B404       CommCtrl.ImageList_SetOverlayImage
 0001:0000B484       CommCtrl.ImageList_Write
 0001:0000B344       CommCtrl.InitComCtl
 0001:0000B4D4       CommCtrl.InitializeFlatSB
 0001:0000B4DC       CommCtrl.TaskDialogIndirect
 0004:00002C50       CommCtrl._InitCommonControlsEx
 0004:00002C54       CommCtrl._TaskDialogIndirect
 0001:0000B4A4       CommCtrl._TrackMouseEvent
 0001:000418A0       Contnrs..TOrderedList
 0001:00041AB8       Contnrs..TStack
 0001:00041B48       Contnrs.TOrderedList.AtLeast
 0001:00041B74       Contnrs.TOrderedList.Count
 0001:00041B7C       Contnrs.TOrderedList.Create
 0001:00041BC0       Contnrs.TOrderedList.Destroy
 0001:00041B54       Contnrs.TOrderedList.Peek
 0001:00041BF0       Contnrs.TOrderedList.PeekItem
 0001:00041B5C       Contnrs.TOrderedList.Pop
 0001:00041C04       Contnrs.TOrderedList.PopItem
 0001:00041B64       Contnrs.TOrderedList.Push
 0001:00041C24       Contnrs.TStack.PushItem
 0004:00005228       Controls..44
 0001:00074A1C       Controls..TBaseDragControlObject
 0001:0007887C       Controls..TControl
 0001:000756A8       Controls..TControlActionLink
 0001:00075290       Controls..TControlCanvas
 0001:0007C28C       Controls..TCustomControl
 0001:000754D4       Controls..TCustomControlAction
 0001:0007695C       Controls..TCustomGestureCollectionItem
 0001:0007719C       Controls..TCustomGestureEngine
 0001:00076BBC       Controls..TCustomGestureManager
 0001:0007E834       Controls..TCustomHint
 0001:0007E5DC       Controls..TCustomHintShowHideThread
 0001:0007E1A0       Controls..TCustomHintWindow
 0001:0007D9C8       Controls..TCustomPanningWindow
 0001:00077370       Controls..TCustomTouchManager
 0001:0007D654       Controls..TDockTree
 0001:0007D06C       Controls..TDockZone
 0001:00074BB8       Controls..TDragControlObject
 0001:00074CF4       Controls..TDragControlObjectEx
 0001:00074E00       Controls..TDragDockObject
 0001:00075178       Controls..TDragDockObjectEx
 0001:0007C968       Controls..TDragImageList
 0001:00074518       Controls..TDragObject
 0001:0007C0BC       Controls..TGraphicControl
 0001:0007C4A8       Controls..THintWindow
 0001:0007CDC4       Controls..TImageList
 0001:00075F94       Controls..TMargins
 0001:0007DC78       Controls..TMouse
 0001:00076478       Controls..TPadding
 0001:0007F540       Controls..TSiteList
 0001:00075D2C       Controls..TSizeConstraints
 0001:00077924       Controls..TTouchManager
 0001:0007ABF8       Controls..TWinControl
 0001:0007A63C       Controls..TWinControlActionLink
 0001:0007FCF4       Controls.AbsMin
 0004:0000525C       Controls.ActiveDrag
 0001:00086A70       Controls.AlignNestedControls
 0001:00086A1C       Controls.AlignWork
 0003:00001CCC       Controls.AnchorAlign
 0003:00001CC0       Controls.AnimateWindowProc
 0003:00001E48       Controls.AnimationStyle
 0001:00082F08       Controls.BackgroundClipped
 0001:00091554       Controls.CalcSplitterPos
 0001:00080D78       Controls.CancelDrag
 0004:00005270       Controls.CanvasList
 0003:00001D84       Controls.CaptureControl
 0001:0007EE58       Controls.ChangeBiDiModeAlignment
 0001:000809E0       Controls.CheckUndock
 0001:0008E288       Controls.ClientToWindow
 0004:0000522E       Controls.ControlAtom
 0004:00005234       Controls.ControlAtomString
 0002:00000B30       Controls.Controls
 0003:00001DDC       Controls.CPan
 0003:00001DD8       Controls.CPanOoptions
 0003:00001E0C       Controls.CPanSingleFingerHorizontal
 0003:00001E04       Controls.CPanSingleFingerVertical
 0003:00001E14       Controls.CPanWithGutter
 0003:00001E1C       Controls.CPanWithInertia
 0003:00001DF4       Controls.CPressAndTap
 0003:00001CC8       Controls.CreationControl
 0003:00001DEC       Controls.CRotate
 0003:00001DC8       Controls.Ctl3DStyles
 0003:00001DFC       Controls.CTwoFingerTap
 0003:00001CD4       Controls.Cursors
 0001:0007F320       Controls.CursorToIdent
 0003:00001DE4       Controls.CZoom
 0003:00001CC4       Controls.DefaultDockTreeClass
 0001:00087E48       Controls.DestroyChildWindow
 0001:00086CE8       Controls.DoAdjustSize
 0001:00086890       Controls.DoAlign
 0001:0008C0FC       Controls.DoCalcConstraints
 0004:00005264       Controls.DockSiteList
 0001:00088D98       Controls.DoControlMsg
 0001:000802F4       Controls.DoDragOver
 0001:0008EF80       Controls.DoFindControlZone
 0001:0008F6AC       Controls.DoFindZone
 0001:0008F004       Controls.DoForEach
 0001:00090D24       Controls.DoGetNextLimit
 0001:00091E60       Controls.DoneControls
 0001:00086848       Controls.DoPosition
 0001:000901D0       Controls.DoPrune
 0001:00090718       Controls.DoSaveZone
 0001:00090A1C       Controls.DoSetNewBounds
 0001:00087AC4       Controls.DoWriteDesignSize
 0001:0008449C       Controls.DoWriteExplicit
 0001:00084468       Controls.DoWriteIsControl
 0004:00005248       Controls.DragCapture
 0004:0000523C       Controls.DragControl
 0001:00080A54       Controls.DragDone
 0001:000802A4       Controls.DragFindTarget
 0001:00080278       Controls.DragFindWindow
 0004:00005260       Controls.DragImageList
 0001:000806B8       Controls.DragInit
 0001:00080828       Controls.DragInitControl
 0004:00005244       Controls.DragInternalObject
 0001:000801C0       Controls.DragMessage
 0004:00005240       Controls.DragObject
 0004:0000526C       Controls.DragSave
 0004:00005254       Controls.DragSaveCursor
 0004:0000524C       Controls.DragStartPos
 0004:00005258       Controls.DragThreshold
 0001:000803D0       Controls.DragTo
 0001:0008FC50       Controls.DrawCloseButton
 0001:0008FCE4       Controls.DrawGrabberLine
 0001:0008FD70       Controls.DrawThemedGrabber
 0001:000892B4       Controls.DrawThemeEdge
 0003:00001DB8       Controls.EdgeStyles
 0001:00093B24       Controls.Finalization
 0001:0007EFB0       Controls.FindControl
 0001:00080DC4       Controls.FindDragTarget
 0001:00080D90       Controls.FindVCLWindow
 0004:00005274       Controls.FlagControl
 0001:00080EB8       Controls.FreeDeviceContext
 0001:00080F80       Controls.FreeDeviceContexts
 0003:00001DD0       Controls.GestureMap
 0001:0007F4D4       Controls.GetCaptureControl
 0001:000866B0       Controls.GetClientSize
 0001:00088354       Controls.GetControlAtPos
 0001:00090E04       Controls.GetDockAlign
 0001:00080018       Controls.GetDockSiteAtPos
 0001:00080330       Controls.GetDropCtl
 0001:0008ECB0       Controls.GetLastChildZone
 0001:0007F388       Controls.GetLongHint
 0001:0007F340       Controls.GetShortHint
 0001:0007F704       Controls.GetTopParent
 0001:00090E80       Controls.HideZone
 0001:0007F330       Controls.IdentToCursor
 0003:00001E70       Controls.IMM32DLL
 0001:00091E4C       Controls.Imm32IsIME
 0001:00091F00       Controls.InitControls
 0001:00091A18       Controls.InitIMM32
 0001:0007EE6C       Controls.InitWndProc
 0003:00001D98       Controls.InnerStyles
 0001:00086718       Controls.InsertBefore
 0001:0007FDD8       Controls.IsBeforeTargetWindow
 0001:00080218       Controls.IsDelphiHandle
 0001:0008E6C8       Controls.IsOrientationSet
 0001:0007FFD4       Controls.IsSiteChildOfClient
 0001:0007F00C       Controls.IsVCLControl
 0004:0000521C       Controls.IsVCLControlHook
 0001:00093178       Controls.LatestHintWindow
 0001:00080E10       Controls.ListAdd
 0001:00080E38       Controls.ListRemove
 0003:00001E5C       Controls.MakeLast
 0001:00085720       Controls.MinVar
 0003:00001E74       Controls.ModeMap
 0004:00005218       Controls.Mouse
 0001:0007EE1C       Controls.MouseOriginToShiftState
 0001:00080E88       Controls.MoveWindowOrg
 0004:00005224       Controls.NewStyleControls
 0001:0008E6AC       Controls.NextVisibleZone
 0001:0007EF7C       Controls.ObjectFromHWnd
 0003:00001E24       Controls.Options
 0003:00001E54       Controls.OrientArray
 0003:00001DA8       Controls.OuterStyles
 0003:00001D88       Controls.PaintMessage
 0001:0008EAD8       Controls.ParentNotLast
 0001:0007F420       Controls.PerformBufferedPrintClient
 0001:0007F3D0       Controls.PerformEraseBackground
 0001:00087AB0       Controls.PointsEqual
 0004:00005268       Controls.QualifyingSites
 0001:0008F848       Controls.ReadControlName
 0001:00080164       Controls.RegisterDockSite
 0004:00005238       Controls.RM_GetObjectInstance
 0001:0007F03C       Controls.SendAppMessage
 0001:0007F4FC       Controls.SetCaptureControl
 0001:00091D74       Controls.SetImeMode
 0001:00084F98       Controls.SetParentColor
 0003:00001D90       Controls.ShowFlags
 0001:00090F00       Controls.ShowZone
 0003:00001E68       Controls.SizeCursors
 0001:0007FAD8       Controls.TBaseDragControlObject.Assign
 0001:0007FA9C       Controls.TBaseDragControlObject.Create
 0001:0007FB04       Controls.TBaseDragControlObject.EndDrag
 0001:0007FB30       Controls.TBaseDragControlObject.Finished
 0001:00085450       Controls.TControl.ActionChange
 0001:00085844       Controls.TControl.AdjustSize
 0001:00085674       Controls.TControl.AssignTo
 0001:000832A8       Controls.TControl.BeginAutoDrag
 0001:000832C4       Controls.TControl.BeginDrag
 0001:00082D58       Controls.TControl.BringToFront
 0001:00083E6C       Controls.TControl.CalcCursorPos
 0001:00084024       Controls.TControl.CalcDockSizes
 0001:00083D6C       Controls.TControl.CanAutoSize
 0001:00083D70       Controls.TControl.CanResize
 0001:000826A8       Controls.TControl.Changed
 0001:000826B8       Controls.TControl.ChangeScale
 0001:00084AC8       Controls.TControl.CheckNewSize
 0001:0008489C       Controls.TControl.Click
 0001:00085A80       Controls.TControl.ClientToParent
 0001:000824AC       Controls.TControl.ClientToScreen
 0001:00085114       Controls.TControl.CMBiDiModeChanged
 0001:00084F8C       Controls.TControl.CMColorChanged
 0001:00085290       Controls.TControl.CMDesignHitTest
 0001:00084F74       Controls.TControl.CMEnabledChanged
 0001:000853F0       Controls.TControl.CMFloat
 0001:00084F80       Controls.TControl.CMFontChanged
 0001:000850A0       Controls.TControl.CMGesture
 0001:000858D0       Controls.TControl.CMHintShow
 0001:000851C0       Controls.TControl.CMHitTest
 0001:00085CA0       Controls.TControl.CMMouseActivate
 0001:000851C8       Controls.TControl.CMMouseEnter
 0001:0008522C       Controls.TControl.CMMouseLeave
 0001:00085030       Controls.TControl.CMMouseWheel
 0001:0008500C       Controls.TControl.CMParentBiDiModeChanged
 0001:00084FD0       Controls.TControl.CMParentColorChanged
 0001:0008516C       Controls.TControl.CMParentFontChanged
 0001:00085130       Controls.TControl.CMParentShowHintChanged
 0001:00085298       Controls.TControl.CMParentTabletOptionsChanged
 0001:0008519C       Controls.TControl.CMSysFontChanged
 0001:00084F4C       Controls.TControl.CMVisibleChanged
 0001:00083E3C       Controls.TControl.ConstrainedResize
 0001:00081710       Controls.TControl.Create
 0001:000852CC       Controls.TControl.CreateFloatingDockSite
 0001:0008534C       Controls.TControl.CreateTouchManager
 0001:00084914       Controls.TControl.DblClick
 0001:000837A4       Controls.TControl.DefaultDockImage
 0001:000843B4       Controls.TControl.DefaultHandler
 0001:000846BC       Controls.TControl.DefineProperties
 0001:00083E98       Controls.TControl.DesignWndProc
 0001:00081858       Controls.TControl.Destroy
 0001:00085550       Controls.TControl.DoActionChange
 0001:00083DA0       Controls.TControl.DoCanAutoSize
 0001:00083E0C       Controls.TControl.DoCanResize
 0001:00082158       Controls.TControl.Dock
 0001:00083590       Controls.TControl.DockTrackNoTarget
 0001:00083ECC       Controls.TControl.DoConstrainedResize
 0001:00083D60       Controls.TControl.DoConstraintsChange
 0001:00085A40       Controls.TControl.DoContextPopup
 0001:00082288       Controls.TControl.DoDock
 0001:000838F0       Controls.TControl.DoDragMsg
 0001:000835A8       Controls.TControl.DoEndDock
 0001:00083490       Controls.TControl.DoEndDrag
 0001:00083470       Controls.TControl.DoGesture
 0001:00083474       Controls.TControl.DoGetGestureOptions
 0001:00085CC4       Controls.TControl.DoMarginChange
 0001:00083604       Controls.TControl.DoMouseActivate
 0001:0008496C       Controls.TControl.DoMouseDown
 0001:00084D08       Controls.TControl.DoMouseUp
 0001:00083638       Controls.TControl.DoMouseWheel
 0001:0008370C       Controls.TControl.DoMouseWheelDown
 0001:00083758       Controls.TControl.DoMouseWheelUp
 0001:000835D4       Controls.TControl.DoStartDock
 0001:00083450       Controls.TControl.DoStartDrag
 0001:000833D8       Controls.TControl.DragCanceled
 0001:00083424       Controls.TControl.DragDrop
 0001:000833DC       Controls.TControl.Dragging
 0001:000833E8       Controls.TControl.DragOver
 0001:000838D0       Controls.TControl.DrawDragDockImage
 0001:00085864       Controls.TControl.DrawTextBiDiModeFlags
 0001:000858A4       Controls.TControl.DrawTextBiDiModeFlagsReadingOnly
 0001:000833A4       Controls.TControl.EndDrag
 0001:000838E0       Controls.TControl.EraseDragDockImage
 0001:00082B68       Controls.TControl.FontChanged
 0001:00081A14       Controls.TControl.GetAction
 0001:00085574       Controls.TControl.GetActionLinkClass
 0001:00085CE8       Controls.TControl.GetAlignWithMargins
 0001:00082340       Controls.TControl.GetBoundsRect
 0001:000823DC       Controls.TControl.GetClientHeight
 0001:0008241C       Controls.TControl.GetClientOrigin
 0001:00082384       Controls.TControl.GetClientRect
 0001:0008239C       Controls.TControl.GetClientWidth
 0001:00083240       Controls.TControl.GetControlsAlignment
 0001:00083FFC       Controls.TControl.GetCustomHint
 0001:00082E60       Controls.TControl.GetDeviceContext
 0001:00085760       Controls.TControl.GetDockEdge
 0001:00081954       Controls.TControl.GetDragImages
 0001:00081C04       Controls.TControl.GetDragMode
 0001:00081958       Controls.TControl.GetEnabled
 0001:00085810       Controls.TControl.GetFloating
 0001:0008583C       Controls.TControl.GetFloatingDockSiteClass
 0001:00082A78       Controls.TControl.GetLRDockWidth
 0001:00082D20       Controls.TControl.GetMouseCapture
 0001:00081960       Controls.TControl.GetPalette
 0001:0008196C       Controls.TControl.GetParentComponent
 0001:00084AC4       Controls.TControl.GetPopupMenu
 0001:00082A64       Controls.TControl.GetTBDockHeight
 0001:00082AB0       Controls.TControl.GetText
 0001:00082A30       Controls.TControl.GetTextBuf
 0001:00082A20       Controls.TControl.GetTextLen
 0001:00082A3C       Controls.TControl.GetUndockHeight
 0001:00082A50       Controls.TControl.GetUndockWidth
 0001:00081964       Controls.TControl.HasParent
 0001:000830EC       Controls.TControl.Hide
 0001:000858C0       Controls.TControl.InitiateAction
 0001:00083024       Controls.TControl.Invalidate
 0001:00082F90       Controls.TControl.InvalidateControl
 0001:00081B40       Controls.TControl.IsAnchorsStored
 0001:00082BDC       Controls.TControl.IsBiDiModeStored
 0001:0008557C       Controls.TControl.IsCaptionStored
 0001:00082CB4       Controls.TControl.IsColorStored
 0001:0008559C       Controls.TControl.IsEnabledStored
 0001:00082BBC       Controls.TControl.IsFontStored
 0001:000855DC       Controls.TControl.IsHelpContextStored
 0001:000855BC       Controls.TControl.IsHintStored
 0001:0008561C       Controls.TControl.IsOnClickStored
 0001:00083244       Controls.TControl.IsRightToLeft
 0001:00082BD0       Controls.TControl.IsShowHintStored
 0001:00081B58       Controls.TControl.IsTouchPropertyStored
 0001:000855FC       Controls.TControl.IsVisibleStored
 0001:0008563C       Controls.TControl.Loaded
 0001:000839E0       Controls.TControl.ManualDock
 0001:00083BCC       Controls.TControl.ManualFloat
 0001:00083038       Controls.TControl.MouseActivate
 0001:00084934       Controls.TControl.MouseDown
 0001:00084C14       Controls.TControl.MouseMove
 0001:00084CD0       Controls.TControl.MouseUp
 0001:00083080       Controls.TControl.MouseWheelHandler
 0001:00081CDC       Controls.TControl.Notification
 0001:00081998       Controls.TControl.PaletteChanged
 0001:00085B90       Controls.TControl.ParentToClient
 0001:00083FE8       Controls.TControl.Perform
 0001:00083FA0       Controls.TControl.Perform
 0001:00083FD4       Controls.TControl.Perform
 0001:000834BC       Controls.TControl.PositionDockRect
 0001:00085DC0       Controls.TControl.ReadExplicitHeight
 0001:00085DD8       Controls.TControl.ReadExplicitLeft
 0001:00085DA8       Controls.TControl.ReadExplicitTop
 0001:00085D80       Controls.TControl.ReadExplicitWidth
 0001:00084448       Controls.TControl.ReadIsControl
 0001:00081C2C       Controls.TControl.ReadState
 0001:00083138       Controls.TControl.Refresh
 0001:00083144       Controls.TControl.Repaint
 0001:00083C6C       Controls.TControl.ReplaceDockedControl
 0001:00081BF4       Controls.TControl.RequestAlign
 0001:00081C0C       Controls.TControl.Resize
 0001:000824D8       Controls.TControl.ScaleConstraints
 0001:0008255C       Controls.TControl.ScaleMargins
 0001:000825E0       Controls.TControl.ScreenToClient
 0001:0008260C       Controls.TControl.SendCancelMode
 0001:0008263C       Controls.TControl.SendDockNotification
 0001:00082D68       Controls.TControl.SendToBack
 0001:00081AC4       Controls.TControl.SetAction
[...]
 0004:00004EF0       VarUtils.VarR8FromStr
 0004:00004EF4       VarUtils.VarDateFromStr
 0004:00004EF8       VarUtils.VarCyFromStr
 0004:00004EFC       VarUtils.VarBoolFromStr
 0004:00004F00       VarUtils.VarBstrFromCy
 0004:00004F04       VarUtils.VarBstrFromDate
 0004:00004F08       VarUtils.VarBstrFromBool
 0004:00004F0C       VarUtils..5
 0004:00004F10       Variants.EmptyParam
 0004:00004F20       Variants.VarDispProc
 0004:00004F24       Variants.ClearAnyProc
 0004:00004F28       Variants.ChangeAnyProc
 0004:00004F2C       Variants.RefAnyProc
 0004:00004F30       Variants..81
 0004:00004F34       Variants.LVarTypes
 0004:00004F38       Variants.LVarTypeSync
 0004:00004F50       TypInfo..5
 0004:00004F54       Classes.TThread.$ClassInitFlag
 0004:00004F58       Classes.GlobalNameSpace
 0004:00004F5C       Classes.IsUniqueGlobalComponentNameProc
 0004:00004F60       Classes.SyncEvent
 0004:00004F64       Classes..66
 0004:00004F68       Classes.IntConstList
 0004:00004F6C       Classes.RegGroups
 0004:00004F70       Classes.FindGlobalComponentProcs
 0004:00004F74       Classes.GlobalFixupList
 0004:00004F78       Classes.ThreadLock
 0004:00004F90       Classes.ExternalThreads
 0004:00004F94       Classes.InstBlockList
 0004:00004F98       Classes.InstFreeList
 0004:00004F9C       TimeSpan.TTimeSpan.$ClassInitFlag
 0004:00004FA0       TimeSpan.TTimeSpan.FMinValue
 0004:00004FA8       TimeSpan.TTimeSpan.FMaxValue
 0004:00004FB0       SyncObjs..01
 0004:00004FB4       SyncObjs.CoWaitForMultipleHandlesProc
 0004:00004FB8       SyncObjs.InitializeConditionVariableProc
 0004:00004FBC       SyncObjs.SleepConditionVariableCSProc
 0004:00004FC0       SyncObjs.WakeConditionVariableProc
 0004:00004FC4       SyncObjs.WakeAllConditionVariableProc
 0004:00004FC8       UxTheme.OpenThemeData
 0004:00004FCC       UxTheme.CloseThemeData
 0004:00004FD0       UxTheme.DrawThemeBackground
 0004:00004FD4       UxTheme.DrawThemeText
 0004:00004FD8       UxTheme.GetThemeBackgroundContentRect
 0004:00004FDC       UxTheme.GetThemeBackgroundExtent
 0004:00004FE0       UxTheme.GetThemePartSize
 0004:00004FE4       UxTheme.GetThemeTextExtent
 0004:00004FE8       UxTheme.GetThemeTextMetrics
 0004:00004FEC       UxTheme.GetThemeBackgroundRegion
 0004:00004FF0       UxTheme.HitTestThemeBackground
 0004:00004FF4       UxTheme.DrawThemeEdge
 0004:00004FF8       UxTheme.DrawThemeIcon
 0004:00004FFC       UxTheme.IsThemePartDefined
 0004:00005000       UxTheme.IsThemeBackgroundPartiallyTransparent
 0004:00005004       UxTheme.GetThemeColor
 0004:00005008       UxTheme.GetThemeMetric
 0004:0000500C       UxTheme.GetThemeString
 0004:00005010       UxTheme.GetThemeBool
 0004:00005014       UxTheme.GetThemeInt
 0004:00005018       UxTheme.GetThemeEnumValue
 0004:0000501C       UxTheme.GetThemePosition
 0004:00005020       UxTheme.GetThemeFont
 0004:00005024       UxTheme.GetThemeRect
 0004:00005028       UxTheme.GetThemeMargins
 0004:0000502C       UxTheme.GetThemeIntList
 0004:00005030       UxTheme.GetThemePropertyOrigin
 0004:00005034       UxTheme.SetWindowTheme
 0004:00005038       UxTheme.GetThemeFilename
 0004:0000503C       UxTheme.GetThemeSysColor
 0004:00005040       UxTheme.GetThemeSysColorBrush
 0004:00005044       UxTheme.GetThemeSysBool
 0004:00005048       UxTheme.GetThemeSysSize
 0004:0000504C       UxTheme.GetThemeSysFont
 0004:00005050       UxTheme.GetThemeSysString
 0004:00005054       UxTheme.GetThemeSysInt
 0004:00005058       UxTheme.IsThemeActive
 0004:0000505C       UxTheme.IsAppThemed
 0004:00005060       UxTheme.GetWindowTheme
 0004:00005064       UxTheme.EnableThemeDialogTexture
 0004:00005068       UxTheme.IsThemeDialogTextureEnabled
 0004:0000506C       UxTheme.GetThemeAppProperties
 0004:00005070       UxTheme.SetThemeAppProperties
 0004:00005074       UxTheme.GetCurrentThemeName
 0004:00005078       UxTheme.GetThemeDocumentationProperty
 0004:0000507C       UxTheme.DrawThemeParentBackground
 0004:00005080       UxTheme.EnableTheming
 0004:00005084       UxTheme..1
 0004:00005088       UxTheme.ThemeLibrary
 0004:0000508C       UxTheme.ReferenceCount
 0004:00005090       UxTheme.Lock
 0004:00005094       HelpIntfs..2
 0004:00005098       HelpIntfs.HelpManager
 0004:0000509C       MultiMon.GetSystemMetrics
 0004:000050A0       MultiMon.MonitorFromWindow
 0004:000050A4       MultiMon.MonitorFromRect
 0004:000050A8       MultiMon.MonitorFromPoint
 0004:000050AC       MultiMon.GetMonitorInfo
 0004:000050B0       MultiMon.GetMonitorInfoA
 0004:000050B4       MultiMon.GetMonitorInfoW
 0004:000050B8       MultiMon.EnumDisplayMonitors
 0004:000050BC       MultiMon..1
 0004:000050C0       MultiMon.User32Dll
 0004:000050C4       MultiMon.InitApis
 0004:000050CC       MultiMon.MMAvailable
 0004:000050D0       IOUtils.TPath.FAltDirectorySeparatorChar
 0004:000050D2       IOUtils.TPath.FDirectorySeparatorChar
 0004:000050D4       IOUtils.TPath.FPathSeparator
 0004:000050D6       IOUtils.TPath.FVolumeSeparatorChar
 0004:000050D8       IOUtils.TPath.FExtensionSeparatorChar
 0004:000050DC       IOUtils.TPath.FInvalidPathChars
 0004:000050E0       IOUtils.TPath.FInvalidFileNameChars
 0004:000050E4       IOUtils.TPath.FPathWildcardChars
 0004:000050E8       IOUtils.TPath.FFileNameWildCardChars
 0004:000050EC       IOUtils.TPath.$ClassInitFlag
 0004:000050F0       IOUtils..1
 0004:000050F4       IniFiles..7
 0004:000050F8       Registry..5
 0004:000050FC       Graphics.TWICImage.FImagingFactory
 0004:00005100       Graphics.SystemPalette16
 0004:00005104       Graphics..32
 0004:00005108       Graphics.ScreenLogPixels
 0004:0000510C       Graphics.StockPen
 0004:00005110       Graphics.StockBrush
 0004:00005114       Graphics.StockFont
 0004:00005118       Graphics.StockIcon
 0004:0000511C       Graphics.BitmapImageLock
 0004:00005134       Graphics.CounterLock
 0004:0000514C       Graphics.FontManager
 0004:00005150       Graphics.PenManager
 0004:00005154       Graphics.BrushManager
 0004:00005158       Graphics.CanvasList
 0004:0000515C       Graphics.PatternManager
 0004:00005160       GraphUtil..2
 0004:00005164       GraphUtil.MsImgHandle
 0004:00005168       GraphUtil.MsImgInitialized
 0004:0000516C       GraphUtil.GradientFillFunc
 0004:00005170       Printers..3
 0004:00005174       Clipbrd.CF_PICTURE
 0004:00005176       Clipbrd.CF_COMPONENT
 0004:00005178       Clipbrd..3
 0004:0000517C       Clipbrd.FClipboard
 0004:00005180       ExtCtrls.TCustomTrayIcon.RM_TaskbarCreated
 0004:00005184       ExtCtrls..94
 0004:00005188       ComCtrls..96
 0004:0000518C       ComCtrls.ConversionFormatList
 0004:00005190       ComCtrls.ShellModule
 0004:00005194       ComCtrls.FRichEditModule
 0004:00005198       Dialogs..03
 0004:0000519C       Dialogs.HelpMsg
 0004:000051A0       Dialogs.FindMsg
 0004:000051A4       Dialogs.ButtonWidths
 0004:000051D4       FlatSB.FlatSB_EnableScrollBar
 0004:000051D8       FlatSB.FlatSB_ShowScrollBar
 0004:000051DC       FlatSB.FlatSB_GetScrollRange
 0004:000051E0       FlatSB.FlatSB_GetScrollInfo
 0004:000051E4       FlatSB.FlatSB_GetScrollPos
 0004:000051E8       FlatSB.FlatSB_SetScrollPos
 0004:000051EC       FlatSB.FlatSB_SetScrollInfo
 0004:000051F0       FlatSB.FlatSB_SetScrollRange
 0004:000051F4       FlatSB..1
 0004:000051F8       FlatSB._FlatSB_GetScrollProp
 0004:000051FC       FlatSB._FlatSB_SetScrollProp
 0004:00005200       FlatSB._InitializeFlatSB
 0004:00005204       FlatSB._UninitializeFlatSB
 0004:00005208       Menus.PopupList
 0004:0000520C       Menus.ShortCutItems
 0004:00005210       Menus..01
 0004:00005214       Menus.CommandPool
 0004:00005218       Controls.Mouse
 0004:0000521C       Controls.IsVCLControlHook
 0004:00005224       Controls.NewStyleControls
 0004:00005228       Controls..44
 0004:0000522C       Controls.WindowAtom
 0004:0000522E       Controls.ControlAtom
 0004:00005230       Controls.WindowAtomString
 0004:00005234       Controls.ControlAtomString
 0004:00005238       Controls.RM_GetObjectInstance
 0004:0000523C       Controls.DragControl
 0004:00005240       Controls.DragObject
 0004:00005244       Controls.DragInternalObject
 0004:00005248       Controls.DragCapture
 0004:0000524C       Controls.DragStartPos
 0004:00005254       Controls.DragSaveCursor
 0004:00005258       Controls.DragThreshold
 0004:0000525C       Controls.ActiveDrag
 0004:00005260       Controls.DragImageList
 0004:00005264       Controls.DockSiteList
 0004:00005268       Controls.QualifyingSites
 0004:0000526C       Controls.DragSave
 0004:00005270       Controls.CanvasList
 0004:00005274       Controls.FlagControl
 0004:00005278       Controls._WINNLSEnableIME
 0004:0000527C       Controls._ImmGetContext
 0004:00005280       Controls._ImmReleaseContext
 0004:00005284       Controls._ImmGetConversionStatus
 0004:00005288       Controls._ImmSetConversionStatus
 0004:0000528C       Controls._ImmSetOpenStatus
 0004:00005290       Controls._ImmSetCompositionWindow
 0004:00005294       Controls._ImmSetCompositionFont
 0004:00005298       Controls._ImmGetCompositionString
 0004:0000529C       Controls._ImmIsIME
 0004:000052A0       Controls._ImmNotifyIME
 0004:000052A4       Themes..2
 0004:000052A8       Themes.InternalServices
 0004:000052AC       Themes.RM_UnthemedDesigner
 0004:000052B0       ImgList.CachedComCtrlVer
 0004:000052B4       ImgList.ImageListWriteExProc
 0004:000052B8       ActnList..9
 0004:000052BC       Forms.Application
 0004:000052C0       Forms.Screen
 0004:000052C4       Forms..51
 0004:000052C8       Forms.RM_TaskbarCreated
 0004:000052CC       Forms.HintThreadID
 0004:000052D0       Forms.HintDoneEvent
 0004:000052D4       Forms.HintHook
 0004:000052D8       Forms.HintThread
 0004:000052DC       Forms.IdleTimerHandle
 0004:000052E0       Forms.IdleTimerDelegate
 0004:000052E4       Logger..1
 0004:000052E8       Logger.HConsole
 0004:000052EC       Logger.IsLoggerEnabled
 0004:000052F0       ALPC_Base.MessageStructures.fBlock
 0004:000052F4       ALPC_Base.MessageStructures.pMsgHeader
 0004:000052F8       ALPC_Base.MessageStructures.pMsgContext
 0004:000052FC       ALPC_Base.MessageStructures.fMsgbufferSize
 0004:000052FE       ALPC_Base.MessageStructures.fDataCacheHeaderSize
 0004:00005300       ALPC_Base.AlpcMessageAttributes.fBlock
 0004:00005304       ALPC_Base.AlpcMessageAttributes.fMsgAttrBufferSize
 0004:00005308       ALPC_Base.AlpcMessageAttributes.pAttrHeader
 0004:0000530C       ALPC_Base.AlpcMessageAttributes.pAttrContext
 0004:00005310       ALPC_Base.AlpcPortAttributes.pPortAttrHeader
 0004:00005314       ALPC_Base.ObjectAttributes.pObjectAttrHeader
 0004:00005318       ALPC_Base.AlpcTransportBase.fBlock
 0004:0000531C       ALPC_Base.AlpcTransportBase.fSectionHandle
 0004:00005320       ALPC_Base.AlpcTransportBase.fAllocatedSectionSize
 0004:00005324       ALPC_Base.AlpcTransportBase.fDataSizeOfQuotaIfNotUseView
 0004:00005328       ALPC_Base.AlpcTransportBase.fMsgAttrAllocatedFlags
 0004:0000532C       ALPC_Base.AlpcTransportBase.pSender
 0004:00005330       ALPC_Base.AlpcTransportBase.pReciver
 0004:00005334       ALPC_Base.AlpcTransportBase.fPortHandle
 0004:00005338       ALPC_Base.AlpcTransportBase.pPortName
 0004:0000533C       ALPC_Base.AlpcTransportBase.pLocalView
 0004:00005340       ALPC_Base.AlpcTransportBase.fMessageSize
 0004:00005344       ALPC_Base..7
 0004:00005348       ALPC_Client.Initialize
 0004:00005350       ALPC_Client.Connect
 0004:00005358       ALPC_Client.ClientViewer
 0004:00005360       ALPC_Client.ServerViewer
 0004:00005368       ALPC_Client.Invoke
 0004:00005370       ALPC_Client..1
 0004:00005374       ALPC_Client.Client
 0004:00005378       ALPC_Client.in_List
 0004:00005438       ALPC_Client_Example.Client
 0005:00000000       System.RaiseListPtr
 0005:00000004       System.InOutRes
 0005:00000008       Classes.TThread.FCurrentThread
 0005:0000000C       Classes.GlobalLoaded
 0005:00000010       Classes.GlobalLists
 0005:00000014       SyncObjs.OleThreadWnd
 0005:00000018       GraphUtil.CachedHighlightLum
 0005:0000001C       GraphUtil.CachedHighlightColor
 0005:00000020       GraphUtil.CachedHighlight
 0005:00000024       GraphUtil.CachedShadowLum
 0005:00000028       GraphUtil.CachedShadowColor
 0005:0000002C       GraphUtil.CachedShadow
 0005:00000030       GraphUtil.CachedColorValue
 0005:00000034       GraphUtil.CachedLumValue
 0005:00000038       GraphUtil.CachedColorAdjustLuma
 0005:0000003C       SysInit.TlsLast


Line numbers for Logger(Logger.pas) segment .text

   661 0001:000B4748   662 0001:000B476A   663 0001:000B4778   664 0001:000B47BB
   666 0001:000B47E2   668 0001:000B47FA   692 0001:000B485C   693 0001:000B4878
   708 0001:000B4881   709 0001:000B4886   711 0001:000B48C0   727 0001:000B48CC
   728 0001:000B48D6   732 0001:000B496C   753 0001:000B4973   756 0001:000B4974
   757 0001:000B499B   758 0001:000B49A0   759 0001:000B49B5   760 0001:000B49BA
   783 0001:000B49E4   785 0001:000B49F1

Line numbers for Logger(Logger.pas) segment .itext

   777 0002:00000C48   779 0002:00000C51   781 0002:00000C56

Line numbers for ALPC_LPC_Define(ALPC_LPC_Define.Pas) segment .text

   479 0001:000B5298   487 0001:000B52A0   492 0001:000B52A8   514 0001:000B52B0
   518 0001:000B52B8   539 0001:000B52C0   579 0001:000B52C8   611 0001:000B52CE

Line numbers for ALPC_Base(ALPC_Base.Pas) segment .text

   180 0001:000B5940   181 0001:000B5947   182 0001:000B594B   184 0001:000B5954
   185 0001:000B595A   186 0001:000B59D0   187 0001:000B59DA   188 0001:000B59E7
   189 0001:000B59EB   193 0001:000B59F8   194 0001:000B5A1B   198 0001:000B5A1C
   199 0001:000B5A1D   201 0001:000B5A35   202 0001:000B5A37   204 0001:000B5A41
   205 0001:000B5A4F   206 0001:000B5A60   207 0001:000B5A6A   212 0001:000B5A70
   213 0001:000B5A7A   214 0001:000B5A7F   215 0001:000B5A8D   216 0001:000B5A9A
   217 0001:000B5B0F   218 0001:000B5B19   228 0001:000B5B26   229 0001:000B5B2E
   230 0001:000B5B33   234 0001:000B5B40   235 0001:000B5B63   239 0001:000B5B64
   241 0001:000B5B71   242 0001:000B5B75   243 0001:000B5B7B   244 0001:000B5B81
   247 0001:000B5B87   252 0001:000B5B88   253 0001:000B5B8E   254 0001:000B5B95
   255 0001:000B5BB7   257 0001:000B5BCB   259 0001:000B5BD9   260 0001:000B5BE4
   263 0001:000B5BED   265 0001:000B5BFB   266 0001:000B5C07   269 0001:000B5C10
   271 0001:000B5C1E   272 0001:000B5C2A   275 0001:000B5C33   277 0001:000B5C41
   278 0001:000B5C4D   281 0001:000B5C56   283 0001:000B5C64   284 0001:000B5C70
   287 0001:000B5C79   289 0001:000B5C87   290 0001:000B5C93   293 0001:000B5C9C
   295 0001:000B5CAA   298 0001:000B5CB6   299 0001:000B5CB8   306 0001:000B5CBC
   307 0001:000B5CD1   308 0001:000B5CD9   309 0001:000B5CE1   314 0001:000B5D00
   316 0001:000B5D0B   319 0001:000B5D10   321 0001:000B5D15   322 0001:000B5D21
   327 0001:000B5D30   328 0001:000B5D33   330 0001:000B5D3E   331 0001:000B5D51
   335 0001:000B5D6D   337 0001:000B5D89   341 0001:000B5D8C   342 0001:000B5D9F
   346 0001:000B5DA0   347 0001:000B5DA9   348 0001:000B5DBA   349 0001:000B5DC5
   351 0001:000B5DC9   352 0001:000B5DCD   353 0001:000B5DDD   354 0001:000B5DEB
   355 0001:000B5DFF   359 0001:000B5E14   360 0001:000B5E18   361 0001:000B5E2B
   362 0001:000B5E39   365 0001:000B5E4F   368 0001:000B5E54   369 0001:000B5E57
   370 0001:000B5E68   371 0001:000B5E73   373 0001:000B5E81   375 0001:000B5E96
   380 0001:000B5E98   381 0001:000B5EA4   382 0001:000B5EB3   383 0001:000B5EBA
   384 0001:000B5EC6   385 0001:000B5ED0   386 0001:000B5EDC   387 0001:000B5EE8
   388 0001:000B5EF4   389 0001:000B5F00   390 0001:000B5F0C   391 0001:000B5F18
   392 0001:000B5F24   393 0001:000B5F2D   394 0001:000B5F36   398 0001:000B5F3C
   399 0001:000B5F54   404 0001:000B5F58   405 0001:000B5F5B   406 0001:000B5F6A
   407 0001:000B5F7B   408 0001:000B5F86   409 0001:000B5F8E   413 0001:000B5F90
   414 0001:000B5FA8   424 0001:000B5FAC   428 0001:000B5FCA   433 0001:000B5FE8
   438 0001:000B5FEC   440 0001:000B5FED   448 0001:000B6007   450 0001:000B600B
   451 0001:000B6019   452 0001:000B6027   453 0001:000B6030   454 0001:000B603A
   460 0001:000B604D   466 0001:000B6050   467 0001:000B605C   468 0001:000B606B
   469 0001:000B607A   470 0001:000B6089   471 0001:000B6093   472 0001:000B609D
   473 0001:000B60A3   474 0001:000B60AD   475 0001:000B60B5   476 0001:000B60BD
   503 0001:000B60E4   505 0001:000B60F0   506 0001:000B6102   507 0001:000B6187
   508 0001:000B6190   509 0001:000B619B   510 0001:000B61A3   511 0001:000B61BD
   512 0001:000B61D5   555 0001:000B61E0   556 0001:000B61E5   557 0001:000B61EA
   558 0001:000B6205   559 0001:000B6220   560 0001:000B6238   561 0001:000B6250
   562 0001:000B6264

Line numbers for ALPC_Base(ALPC_Base.Pas) segment .itext

   564 0002:00000C58

Line numbers for ALPC_Client(ALPC_Client.Pas) segment .text

    79 0001:000B6520    80 0001:000B6531    90 0001:000B656C    91 0001:000B6585
    92 0001:000B6596    93 0001:000B659F    96 0001:000B65CC    97 0001:000B65D5
    98 0001:000B65DE    99 0001:000B65E7   100 0001:000B65F3   101 0001:000B65F5
   107 0001:000B65FC   108 0001:000B6600   109 0001:000B6609   115 0001:000B6644
   116 0001:000B6663   118 0001:000B6671   119 0001:000B6685   120 0001:000B6695
   122 0001:000B669E   123 0001:000B66B2   124 0001:000B66CD   127 0001:000B66D6
   129 0001:000B66EB   131 0001:000B6701   132 0001:000B6710   134 0001:000B6716
   135 0001:000B6728   136 0001:000B673F   140 0001:000B6745   142 0001:000B6755
   129 0001:000B6759   143 0001:000B675C   146 0001:000B6772   150 0001:000B679C
   151 0001:000B679F   155 0001:000B67A0   157 0001:000B67A6   159 0001:000B67AD
   161 0001:000B67B1   162 0001:000B67C9   163 0001:000B67DF   164 0001:000B67E6
   180 0001:000B682E   181 0001:000B6840   195 0001:000B687A   197 0001:000B687E
   198 0001:000B6889   199 0001:000B6897   201 0001:000B68A3   204 0001:000B68A8
   206 0001:000B68B4   209 0001:000B68C8   210 0001:000B68D3   211 0001:000B68DA
   215 0001:000B68E8   225 0001:000B6909   231 0001:000B690C   232 0001:000B6916
   233 0001:000B6920   242 0001:000B695A   243 0001:000B6963   247 0001:000B6964
   248 0001:000B6971   252 0001:000B6974   253 0001:000B6981   257 0001:000B6984
   258 0001:000B698B   263 0001:000B698C   264 0001:000B698F   265 0001:000B699D
   278 0001:000B69A4   279 0001:000B69BF

Line numbers for ALPC_Client(ALPC_Client.Pas) segment .itext

   268 0002:00000C6C   269 0002:00000C7B   270 0002:00000C89   272 0002:00000C9B
   273 0002:00000CAD   274 0002:00000CBF   275 0002:00000CD1   276 0002:00000CE3
   277 0002:00000CE8

Line numbers for ALPC_Client_Example(ALPC_Client_Example.Pas) segment .text

    36 0001:000B6C88    37 0001:000B6CA8    38 0001:000B6CB5    39 0001:000B6CBC
    40 0001:000B6CC8    41 0001:000B6CD9    42 0001:000B6CEA    43 0001:000B6CF1
    44 0001:000B6D0E    45 0001:000B6D2C    46 0001:000B6D37    47 0001:000B6D44
    49 0001:000B6D4F    53 0001:000B6D5C    55 0001:000B6D7E    68 0001:000B6DA8
    69 0001:000B6DC6    70 0001:000B6DDE    71 0001:000B6DF6    72 0001:000B6E4B
    77 0001:000B6EA4    78 0001:000B6EA5    79 0001:000B6EB5    80 0001:000B6EC2
    82 0001:000B6EF7

Line numbers for FClient(FClient.dpr) segment .itext

    12 0002:00000CEC    13 0002:00000CFC    14 0002:00000D08    15 0002:00000D16
    16 0002:00000D2E    17 0002:00000D3A

Bound resource files

c:\program files (x86)\embarcadero\rad studio\7.0\lib\Character.res
c:\program files (x86)\embarcadero\rad studio\7.0\lib\controls.res
ALPC_Client_Example.dfm
FClient.res
FClient.drf


Program entry point at 0002:00000CEC
