
 Start         Length     Name                   Class
 0001:00401000 000E59D4H .text                   CODE
 0002:004E7000 0001C664H .itext                  ICODE
 0003:00504000 000041CCH .data                   DATA
 0004:00509000 000055B8H .bss                    BSS
 0005:00000000 0000003CH .tls                    TLS


Detailed map of segments

 0001:00000000 00009381 C=CODE     S=.text    G=(none)   M=System   ACBP=A9
 0001:00009384 0000010D C=CODE     S=.text    G=(none)   M=SysInit  ACBP=A9
 0001:00009494 00000428 C=CODE     S=.text    G=(none)   M=Types    ACBP=A9
 0001:000098BC 00001AF1 C=CODE     S=.text    G=(none)   M=Windows  ACBP=A9
 0001:0000B3B0 0000023D C=CODE     S=.text    G=(none)   M=Messages ACBP=A9
 0001:0000B5F0 00000192 C=CODE     S=.text    G=(none)   M=ActiveX  ACBP=A9
 0001:0000B784 000002AC C=CODE     S=.text    G=(none)   M=CommCtrl ACBP=A9
 0001:0000BA30 00000348 C=CODE     S=.text    G=(none)   M=SysConst ACBP=A9
 0001:0000BD78 000001F0 C=CODE     S=.text    G=(none)   M=RTLConsts ACBP=A9
 0001:0000BF68 00000230 C=CODE     S=.text    G=(none)   M=Character ACBP=A9
 0001:0000C198 00000030 C=CODE     S=.text    G=(none)   M=Math     ACBP=A9
 0001:0000C1C8 00000155 C=CODE     S=.text    G=(none)   M=StrUtils ACBP=A9
 0001:0000C320 00010E8B C=CODE     S=.text    G=(none)   M=SysUtils ACBP=A9
 0001:0001D1AC 000007D3 C=CODE     S=.text    G=(none)   M=VarUtils ACBP=A9
 0001:0001D980 0000818C C=CODE     S=.text    G=(none)   M=Variants ACBP=A9
 0001:00025B0C 00001D7B C=CODE     S=.text    G=(none)   M=TypInfo  ACBP=A9
 0001:00027888 0001991C C=CODE     S=.text    G=(none)   M=Classes  ACBP=A9
 0001:000411A4 000002B0 C=CODE     S=.text    G=(none)   M=TimeSpan ACBP=A9
 0001:00041454 000014EB C=CODE     S=.text    G=(none)   M=SyncObjs ACBP=A9
 0001:00042940 00000D46 C=CODE     S=.text    G=(none)   M=UxTheme  ACBP=A9
 0001:00043688 0000005B C=CODE     S=.text    G=(none)   M=Dwmapi   ACBP=A9
 0001:000436E4 0000038D C=CODE     S=.text    G=(none)   M=Contnrs  ACBP=A9
 0001:00043A74 00001FDE C=CODE     S=.text    G=(none)   M=HelpIntfs ACBP=A9
 0001:00045A54 0000086B C=CODE     S=.text    G=(none)   M=MultiMon ACBP=A9
 0001:000462C0 00000094 C=CODE     S=.text    G=(none)   M=Wincodec ACBP=A9
 0001:00046354 00000390 C=CODE     S=.text    G=(none)   M=Consts   ACBP=A9
 0001:000466E4 000000FC C=CODE     S=.text    G=(none)   M=IOUtils  ACBP=A9
 0001:000467E0 00003417 C=CODE     S=.text    G=(none)   M=IniFiles ACBP=A9
 0001:00049BF8 000056DA C=CODE     S=.text    G=(none)   M=Registry ACBP=A9
 0001:0004F2D4 00011AC4 C=CODE     S=.text    G=(none)   M=Graphics ACBP=A9
 0001:00060D98 0000178A C=CODE     S=.text    G=(none)   M=GraphUtil ACBP=A9
 0001:00062524 0000744C C=CODE     S=.text    G=(none)   M=StdCtrls ACBP=A9
 0001:00069970 00000026 C=CODE     S=.text    G=(none)   M=WinSpool ACBP=A9
 0001:00069998 00001DDB C=CODE     S=.text    G=(none)   M=Printers ACBP=A9
 0001:0006B774 00000047 C=CODE     S=.text    G=(none)   M=WideStrUtils ACBP=A9
 0001:0006B7BC 000010A7 C=CODE     S=.text    G=(none)   M=Clipbrd  ACBP=A9
 0001:0006C864 00001483 C=CODE     S=.text    G=(none)   M=ExtCtrls ACBP=A9
 0001:0006DCE8 00000461 C=CODE     S=.text    G=(none)   M=ComCtrls ACBP=A9
 0001:0006E14C 00005244 C=CODE     S=.text    G=(none)   M=Dialogs  ACBP=A9
 0001:00073390 00000189 C=CODE     S=.text    G=(none)   M=StdActns ACBP=A9
 0001:0007351C 00000387 C=CODE     S=.text    G=(none)   M=FlatSB   ACBP=A9
 0001:000738A4 00009E75 C=CODE     S=.text    G=(none)   M=Menus    ACBP=A9
 0001:0007D71C 0001FA0C C=CODE     S=.text    G=(none)   M=Controls ACBP=A9
 0001:0009D128 0000580E C=CODE     S=.text    G=(none)   M=Themes   ACBP=A9
 0001:000A2938 00003961 C=CODE     S=.text    G=(none)   M=ImgList  ACBP=A9
 0001:000A629C 0000235F C=CODE     S=.text    G=(none)   M=ActnList ACBP=A9
 0001:000A85FC 000156DD C=CODE     S=.text    G=(none)   M=Forms    ACBP=A9
 0001:000BDCDC 000060B0 C=CODE     S=.text    G=(none)   M=RzCommon ACBP=A9
 0001:000C3D8C 000000A6 C=CODE     S=.text    G=(none)   M=Buttons  ACBP=A9
 0001:000C3E34 00000604 C=CODE     S=.text    G=(none)   M=RzCmboBx ACBP=A9
 0001:000C4438 00000094 C=CODE     S=.text    G=(none)   M=ExtDlgs  ACBP=A9
 0001:000C44CC 0000060C C=CODE     S=.text    G=(none)   M=RzBorder ACBP=A9
 0001:000C4AD8 000000E2 C=CODE     S=.text    G=(none)   M=RzButton ACBP=A9
 0001:000C4BBC 00000155 C=CODE     S=.text    G=(none)   M=RzPopups ACBP=A9
 0001:000C4D14 00001B0D C=CODE     S=.text    G=(none)   M=RzEdit   ACBP=A9
 0001:000C6824 00001486 C=CODE     S=.text    G=(none)   M=Generics.Defaults ACBP=A9
 0001:000C7CAC 0000007E C=CODE     S=.text    G=(none)   M=Generics.Collections ACBP=A9
 0001:000C7D2C 00000472 C=CODE     S=.text    G=(none)   M=Logger   ACBP=A9
 0001:000C81A0 000008E2 C=CODE     S=.text    G=(none)   M=ALPC_LPC_Define ACBP=A9
 0001:000C8A84 000014F8 C=CODE     S=.text    G=(none)   M=ALPC_Base ACBP=A9
 0001:000C9F7C 000007F9 C=CODE     S=.text    G=(none)   M=HlpHashLibTypes ACBP=A9
 0001:000CA778 0000003B C=CODE     S=.text    G=(none)   M=HlpIHashResult ACBP=A9
 0001:000CA7B4 0000002F C=CODE     S=.text    G=(none)   M=HlpIHash ACBP=A9
 0001:000CA7E4 00000192 C=CODE     S=.text    G=(none)   M=HlpArrayUtils ACBP=A9
 0001:000CA978 0000019B C=CODE     S=.text    G=(none)   M=HlpBitConverter ACBP=A9
 0001:000CAB14 00000946 C=CODE     S=.text    G=(none)   M=HlpConverters ACBP=A9
 0001:000CB45C 00001550 C=CODE     S=.text    G=(none)   M=HlpHash  ACBP=A9
 0001:000CC9AC 00000400 C=CODE     S=.text    G=(none)   M=EncdDecd ACBP=A9
 0001:000CCDAC 00001000 C=CODE     S=.text    G=(none)   M=HlpHashResult ACBP=A9
 0001:000CDDAC 00000473 C=CODE     S=.text    G=(none)   M=HlpHashBuffer ACBP=A9
 0001:000CE220 00000A00 C=CODE     S=.text    G=(none)   M=HlpHashCryptoNotBuildIn ACBP=A9
 0001:000CEC20 0000061F C=CODE     S=.text    G=(none)   M=HlpBlake2BConfig ACBP=A9
 0001:000CF240 00000600 C=CODE     S=.text    G=(none)   M=HlpBlake2BTreeConfig ACBP=A9
 0001:000CF840 00000042 C=CODE     S=.text    G=(none)   M=HlpBlake2BIvBuilder ACBP=A9
 0001:000CF884 00000042 C=CODE     S=.text    G=(none)   M=HlpBlake2B ACBP=A9
 0001:000CF8C8 0000061F C=CODE     S=.text    G=(none)   M=HlpBlake2SConfig ACBP=A9
 0001:000CFEE8 0000062C C=CODE     S=.text    G=(none)   M=HlpBlake2STreeConfig ACBP=A9
 0001:000D0514 00000042 C=CODE     S=.text    G=(none)   M=HlpBlake2SIvBuilder ACBP=A9
 0001:000D0558 00000042 C=CODE     S=.text    G=(none)   M=HlpBlake2S ACBP=A9
 0001:000D059C 00000098 C=CODE     S=.text    G=(none)   M=HlpGOST3411_2012 ACBP=A9
 0001:000D0634 00000078 C=CODE     S=.text    G=(none)   M=HlpGost  ACBP=A9
 0001:000D06AC 00000048 C=CODE     S=.text    G=(none)   M=HlpSnefru ACBP=A9
 0001:000D06F4 000001C0 C=CODE     S=.text    G=(none)   M=HlpWhirlPool ACBP=A9
 0001:000D08B4 000021BC C=CODE     S=.text    G=(none)   M=HlpGrindahl512 ACBP=A9
 0001:000D2A70 000010E8 C=CODE     S=.text    G=(none)   M=HlpGrindahl256 ACBP=A9
 0001:000D3B58 00005320 C=CODE     S=.text    G=(none)   M=HlpSHA0  ACBP=A9
 0001:000D8E78 0000227C C=CODE     S=.text    G=(none)   M=HlpSHA1  ACBP=A9
 0001:000DB0F4 000000F0 C=CODE     S=.text    G=(none)   M=HlpCRC32Fast ACBP=A9
 0001:000DB1E4 0000002A C=CODE     S=.text    G=(none)   M=HlpHashFactory ACBP=A9
 0001:000DB210 00003F31 C=CODE     S=.text    G=(none)   M=ALPC_Server ACBP=A9
 0001:000DF144 000006D7 C=CODE     S=.text    G=(none)   M=ALPC_Server_Example ACBP=A9
 0001:000DF81C 000061B6 C=CODE     S=.text    G=(none)   M=FServer  ACBP=A9
 0002:00000000 000000AA C=ICODE    S=.itext   G=(none)   M=System   ACBP=A9
 0002:000000AC 00000016 C=ICODE    S=.itext   G=(none)   M=Windows  ACBP=A9
 0002:000000C4 000000B4 C=ICODE    S=.itext   G=(none)   M=SysUtils ACBP=A9
 0002:00000178 0000000F C=ICODE    S=.itext   G=(none)   M=VarUtils ACBP=A9
 0002:00000188 000000AA C=ICODE    S=.itext   G=(none)   M=Variants ACBP=A9
 0002:00000234 00000008 C=ICODE    S=.itext   G=(none)   M=TypInfo  ACBP=A9
 0002:0000023C 0000009D C=ICODE    S=.itext   G=(none)   M=Classes  ACBP=A9
 0002:000002DC 00000032 C=ICODE    S=.itext   G=(none)   M=TimeSpan ACBP=A9
 0002:00000310 0000000F C=ICODE    S=.itext   G=(none)   M=SyncObjs ACBP=A9
 0002:00000320 0000001B C=ICODE    S=.itext   G=(none)   M=UxTheme  ACBP=A9
 0002:0000033C 00000008 C=ICODE    S=.itext   G=(none)   M=HelpIntfs ACBP=A9
 0002:00000344 0000000F C=ICODE    S=.itext   G=(none)   M=MultiMon ACBP=A9
 0002:00000354 00000460 C=ICODE    S=.itext   G=(none)   M=IOUtils  ACBP=A9
 0002:000007B4 00000008 C=ICODE    S=.itext   G=(none)   M=IniFiles ACBP=A9
 0002:000007BC 00000008 C=ICODE    S=.itext   G=(none)   M=Registry ACBP=A9
 0002:000007C4 000000FB C=ICODE    S=.itext   G=(none)   M=Graphics ACBP=A9
 0002:000008C0 00000086 C=ICODE    S=.itext   G=(none)   M=GraphUtil ACBP=A9
 0002:00000948 00000008 C=ICODE    S=.itext   G=(none)   M=Printers ACBP=A9
 0002:00000950 00000078 C=ICODE    S=.itext   G=(none)   M=Clipbrd  ACBP=A9
 0002:000009C8 00000054 C=ICODE    S=.itext   G=(none)   M=ExtCtrls ACBP=A9
 0002:00000A1C 00000039 C=ICODE    S=.itext   G=(none)   M=ComCtrls ACBP=A9
 0002:00000A58 0000003D C=ICODE    S=.itext   G=(none)   M=Dialogs  ACBP=A9
 0002:00000A98 0000000F C=ICODE    S=.itext   G=(none)   M=FlatSB   ACBP=A9
 0002:00000AA8 00000085 C=ICODE    S=.itext   G=(none)   M=Menus    ACBP=A9
 0002:00000B30 00000088 C=ICODE    S=.itext   G=(none)   M=Controls ACBP=A9
 0002:00000BB8 00000008 C=ICODE    S=.itext   G=(none)   M=Themes   ACBP=A9
 0002:00000BC0 0000002A C=ICODE    S=.itext   G=(none)   M=ActnList ACBP=A9
 0002:00000BEC 0000005C C=ICODE    S=.itext   G=(none)   M=Forms    ACBP=A9
 0002:00000C48 00000054 C=ICODE    S=.itext   G=(none)   M=RzCommon ACBP=A9
 0002:00000C9C 00000025 C=ICODE    S=.itext   G=(none)   M=Buttons  ACBP=A9
 0002:00000CC4 00000008 C=ICODE    S=.itext   G=(none)   M=RzCmboBx ACBP=A9
 0002:00000CCC 00000014 C=ICODE    S=.itext   G=(none)   M=ExtDlgs  ACBP=A9
 0002:00000CE0 00000014 C=ICODE    S=.itext   G=(none)   M=RzBorder ACBP=A9
 0002:00000CF4 00000025 C=ICODE    S=.itext   G=(none)   M=RzButton ACBP=A9
 0002:00000D1C 00000008 C=ICODE    S=.itext   G=(none)   M=RzPopups ACBP=A9
 0002:00000D24 0000000F C=ICODE    S=.itext   G=(none)   M=Logger   ACBP=A9
 0002:00000D34 00000014 C=ICODE    S=.itext   G=(none)   M=ALPC_Base ACBP=A9
 0002:00000D48 0000003A C=ICODE    S=.itext   G=(none)   M=HlpBitConverter ACBP=A9
 0002:00000D84 00000088 C=ICODE    S=.itext   G=(none)   M=HlpBlake2BIvBuilder ACBP=A9
 0002:00000E0C 00000034 C=ICODE    S=.itext   G=(none)   M=HlpBlake2B ACBP=A9
 0002:00000E40 00000088 C=ICODE    S=.itext   G=(none)   M=HlpBlake2SIvBuilder ACBP=A9
 0002:00000EC8 00000034 C=ICODE    S=.itext   G=(none)   M=HlpBlake2S ACBP=A9
 0002:00000EFC 0000D600 C=ICODE    S=.itext   G=(none)   M=HlpGOST3411_2012 ACBP=A9
 0002:0000E4FC 00000A08 C=ICODE    S=.itext   G=(none)   M=HlpGost  ACBP=A9
 0002:0000EF04 0000CE64 C=ICODE    S=.itext   G=(none)   M=HlpSnefru ACBP=A9
 0002:0001BD68 00000480 C=ICODE    S=.itext   G=(none)   M=HlpWhirlPool ACBP=A9
 0002:0001C1E8 000001A8 C=ICODE    S=.itext   G=(none)   M=HlpGrindahl512 ACBP=A9
 0002:0001C390 00000110 C=ICODE    S=.itext   G=(none)   M=HlpGrindahl256 ACBP=A9
 0002:0001C4A0 000000D0 C=ICODE    S=.itext   G=(none)   M=HlpCRC32Fast ACBP=A9
 0002:0001C570 0000006D C=ICODE    S=.itext   G=(none)   M=ALPC_Server ACBP=A9
 0002:0001C5E0 00000030 C=ICODE    S=.itext   G=(none)   M=ALPC_Server_Example ACBP=A9
 0002:0001C610 00000053 C=ICODE    S=.itext   G=(none)   M=FServer  ACBP=A9
 0003:00000000 000009F4 C=DATA     S=.data    G=DGROUP   M=System   ACBP=A9
 0003:000009F4 00000024 C=DATA     S=.data    G=DGROUP   M=SysInit  ACBP=A9
 0003:00000A18 0000000C C=DATA     S=.data    G=DGROUP   M=Windows  ACBP=A9
 0003:00000A24 00000010 C=DATA     S=.data    G=DGROUP   M=ActiveX  ACBP=A9
 0003:00000A34 00000100 C=DATA     S=.data    G=DGROUP   M=Character ACBP=A9
 0003:00000B34 000002E0 C=DATA     S=.data    G=DGROUP   M=SysUtils ACBP=A9
 0003:00000E14 00000008 C=DATA     S=.data    G=DGROUP   M=VarUtils ACBP=A9
 0003:00000E1C 00000152 C=DATA     S=.data    G=DGROUP   M=Variants ACBP=A9
 0003:00000F70 0000000C C=DATA     S=.data    G=DGROUP   M=TypInfo  ACBP=A9
 0003:00000F7C 00000134 C=DATA     S=.data    G=DGROUP   M=Classes  ACBP=A9
 0003:000010B0 00000090 C=DATA     S=.data    G=DGROUP   M=Wincodec ACBP=A9
 0003:00001140 00000010 C=DATA     S=.data    G=DGROUP   M=IOUtils  ACBP=A9
 0003:00001150 0000000C C=DATA     S=.data    G=DGROUP   M=IniFiles ACBP=A9
 0003:0000115C 00000024 C=DATA     S=.data    G=DGROUP   M=Registry ACBP=A9
 0003:00001180 000003C8 C=DATA     S=.data    G=DGROUP   M=Graphics ACBP=A9
 0003:00001548 00000450 C=DATA     S=.data    G=DGROUP   M=GraphUtil ACBP=A9
 0003:00001998 000000D8 C=DATA     S=.data    G=DGROUP   M=StdCtrls ACBP=A9
 0003:00001A70 0000000C C=DATA     S=.data    G=DGROUP   M=Printers ACBP=A9
 0003:00001A7C 00000010 C=DATA     S=.data    G=DGROUP   M=ComCtrls ACBP=A9
 0003:00001A8C 00000198 C=DATA     S=.data    G=DGROUP   M=Dialogs  ACBP=A9
 0003:00001C24 00000144 C=DATA     S=.data    G=DGROUP   M=Menus    ACBP=A9
 0003:00001D68 000001BC C=DATA     S=.data    G=DGROUP   M=Controls ACBP=A9
 0003:00001F24 00000068 C=DATA     S=.data    G=DGROUP   M=Themes   ACBP=A9
 0003:00001F8C 00000048 C=DATA     S=.data    G=DGROUP   M=ImgList  ACBP=A9
 0003:00001FD4 00000144 C=DATA     S=.data    G=DGROUP   M=Forms    ACBP=A9
 0003:00002118 000000FC C=DATA     S=.data    G=DGROUP   M=RzCommon ACBP=A9
 0003:00002214 0000002C C=DATA     S=.data    G=DGROUP   M=Buttons  ACBP=A9
 0003:00002240 0000015C C=DATA     S=.data    G=DGROUP   M=RzCmboBx ACBP=A9
 0003:0000239C 00000018 C=DATA     S=.data    G=DGROUP   M=ExtDlgs  ACBP=A9
 0003:000023B4 00000230 C=DATA     S=.data    G=DGROUP   M=RzBorder ACBP=A9
 0003:000025E4 0000002C C=DATA     S=.data    G=DGROUP   M=RzButton ACBP=A9
 0003:00002610 0000004C C=DATA     S=.data    G=DGROUP   M=RzPopups ACBP=A9
 0003:0000265C 0000053C C=DATA     S=.data    G=DGROUP   M=Generics.Defaults ACBP=A9
 0003:00002B98 00000004 C=DATA     S=.data    G=DGROUP   M=ALPC_Base ACBP=A9
 0003:00002B9C 00000040 C=DATA     S=.data    G=DGROUP   M=EncdDecd ACBP=A9
 0003:00002BDC 00000400 C=DATA     S=.data    G=DGROUP   M=HlpWhirlPool ACBP=A9
 0003:00002FDC 00000800 C=DATA     S=.data    G=DGROUP   M=HlpGrindahl512 ACBP=A9
 0003:000037DC 00000400 C=DATA     S=.data    G=DGROUP   M=HlpGrindahl256 ACBP=A9
 0004:00000000 00002C38 C=BSS      S=.bss     G=DGROUP   M=System   ACBP=A9
 0004:00002C38 0000000C C=BSS      S=.bss     G=DGROUP   M=SysInit  ACBP=A9
 0004:00002C44 00000008 C=BSS      S=.bss     G=DGROUP   M=Windows  ACBP=A9
 0004:00002C4C 0000000C C=BSS      S=.bss     G=DGROUP   M=CommCtrl ACBP=A9
 0004:00002C58 0000001C C=BSS      S=.bss     G=DGROUP   M=Character ACBP=A9
 0004:00002C74 00002240 C=BSS      S=.bss     G=DGROUP   M=SysUtils ACBP=A9
 0004:00004EB4 0000005C C=BSS      S=.bss     G=DGROUP   M=VarUtils ACBP=A9
 0004:00004F10 00000040 C=BSS      S=.bss     G=DGROUP   M=Variants ACBP=A9
 0004:00004F50 00000004 C=BSS      S=.bss     G=DGROUP   M=TypInfo  ACBP=A9
 0004:00004F54 00000048 C=BSS      S=.bss     G=DGROUP   M=Classes  ACBP=A9
 0004:00004F9C 00000014 C=BSS      S=.bss     G=DGROUP   M=TimeSpan ACBP=A9
 0004:00004FB0 00000018 C=BSS      S=.bss     G=DGROUP   M=SyncObjs ACBP=A9
 0004:00004FC8 000000CC C=BSS      S=.bss     G=DGROUP   M=UxTheme  ACBP=A9
 0004:00005094 00000008 C=BSS      S=.bss     G=DGROUP   M=HelpIntfs ACBP=A9
 0004:0000509C 00000031 C=BSS      S=.bss     G=DGROUP   M=MultiMon ACBP=A9
 0004:000050D0 00000024 C=BSS      S=.bss     G=DGROUP   M=IOUtils  ACBP=A9
 0004:000050F4 00000004 C=BSS      S=.bss     G=DGROUP   M=IniFiles ACBP=A9
 0004:000050F8 00000004 C=BSS      S=.bss     G=DGROUP   M=Registry ACBP=A9
 0004:000050FC 00000064 C=BSS      S=.bss     G=DGROUP   M=Graphics ACBP=A9
 0004:00005160 00000010 C=BSS      S=.bss     G=DGROUP   M=GraphUtil ACBP=A9
 0004:00005170 00000004 C=BSS      S=.bss     G=DGROUP   M=Printers ACBP=A9
 0004:00005174 0000000C C=BSS      S=.bss     G=DGROUP   M=Clipbrd  ACBP=A9
 0004:00005180 00000008 C=BSS      S=.bss     G=DGROUP   M=ExtCtrls ACBP=A9
 0004:00005188 00000010 C=BSS      S=.bss     G=DGROUP   M=ComCtrls ACBP=A9
 0004:00005198 0000003C C=BSS      S=.bss     G=DGROUP   M=Dialogs  ACBP=A9
 0004:000051D4 00000034 C=BSS      S=.bss     G=DGROUP   M=FlatSB   ACBP=A9
 0004:00005208 00000010 C=BSS      S=.bss     G=DGROUP   M=Menus    ACBP=A9
 0004:00005218 0000008C C=BSS      S=.bss     G=DGROUP   M=Controls ACBP=A9
 0004:000052A4 0000000C C=BSS      S=.bss     G=DGROUP   M=Themes   ACBP=A9
 0004:000052B0 00000008 C=BSS      S=.bss     G=DGROUP   M=ImgList  ACBP=A9
 0004:000052B8 00000004 C=BSS      S=.bss     G=DGROUP   M=ActnList ACBP=A9
 0004:000052BC 00000028 C=BSS      S=.bss     G=DGROUP   M=Forms    ACBP=A9
 0004:000052E4 000000D4 C=BSS      S=.bss     G=DGROUP   M=RzCommon ACBP=A9
 0004:000053B8 00000030 C=BSS      S=.bss     G=DGROUP   M=Buttons  ACBP=A9
 0004:000053E8 00000004 C=BSS      S=.bss     G=DGROUP   M=RzCmboBx ACBP=A9
 0004:000053EC 00000004 C=BSS      S=.bss     G=DGROUP   M=ExtDlgs  ACBP=A9
 0004:000053F0 00000004 C=BSS      S=.bss     G=DGROUP   M=RzBorder ACBP=A9
 0004:000053F4 00000030 C=BSS      S=.bss     G=DGROUP   M=RzButton ACBP=A9
 0004:00005424 00000004 C=BSS      S=.bss     G=DGROUP   M=RzPopups ACBP=A9
 0004:00005428 0000000C C=BSS      S=.bss     G=DGROUP   M=Logger   ACBP=A9
 0004:00005434 00000058 C=BSS      S=.bss     G=DGROUP   M=ALPC_Base ACBP=A9
 0004:0000548C 00000008 C=BSS      S=.bss     G=DGROUP   M=HlpBitConverter ACBP=A9
 0004:00005494 0000000C C=BSS      S=.bss     G=DGROUP   M=HlpBlake2BIvBuilder ACBP=A9
 0004:000054A0 0000000C C=BSS      S=.bss     G=DGROUP   M=HlpBlake2B ACBP=A9
 0004:000054AC 0000000C C=BSS      S=.bss     G=DGROUP   M=HlpBlake2SIvBuilder ACBP=A9
 0004:000054B8 0000000C C=BSS      S=.bss     G=DGROUP   M=HlpBlake2S ACBP=A9
 0004:000054C4 00000024 C=BSS      S=.bss     G=DGROUP   M=HlpGOST3411_2012 ACBP=A9
 0004:000054E8 00000018 C=BSS      S=.bss     G=DGROUP   M=HlpGost  ACBP=A9
 0004:00005500 0000000C C=BSS      S=.bss     G=DGROUP   M=HlpSnefru ACBP=A9
 0004:0000550C 0000002C C=BSS      S=.bss     G=DGROUP   M=HlpWhirlPool ACBP=A9
 0004:00005538 00000028 C=BSS      S=.bss     G=DGROUP   M=HlpGrindahl512 ACBP=A9
 0004:00005560 00000018 C=BSS      S=.bss     G=DGROUP   M=HlpGrindahl256 ACBP=A9
 0004:00005578 00000014 C=BSS      S=.bss     G=DGROUP   M=HlpCRC32Fast ACBP=A9
 0004:0000558C 00000024 C=BSS      S=.bss     G=DGROUP   M=ALPC_Server ACBP=A9
 0004:000055B0 00000008 C=BSS      S=.bss     G=DGROUP   M=ALPC_Server_Example ACBP=A9
 0005:00000000 00000008 C=TLS      S=.tls     G=(none)   M=System   ACBP=A9
 0005:00000008 0000000C C=TLS      S=.tls     G=(none)   M=Classes  ACBP=A9
 0005:00000014 00000004 C=TLS      S=.tls     G=(none)   M=SyncObjs ACBP=A9
 0005:00000018 00000024 C=TLS      S=.tls     G=(none)   M=GraphUtil ACBP=A9


  Address             Publics by Name

 0001:0000B75C       ActiveX.CoCreateInstance
 0001:0000B764       ActiveX.CoTaskMemAlloc
 0001:0000B76C       ActiveX.CoTaskMemFree
 0003:00000A24       ActiveX.GUID_NULL
 0001:0000B754       ActiveX.IsEqualGUID
 0001:0000B774       ActiveX.OleInitialize
 0001:0000B77C       ActiveX.OleUninitialize
 0004:000052B8       ActnList..9
 0001:000A7484       ActnList..TActionLink
 0001:000A65A4       ActnList..TActionListEnumerator
 0001:000A629C       ActnList..TContainedAction
 0001:000A6E50       ActnList..TCustomAction
 0001:000A6814       ActnList..TCustomActionList
 0001:000A6C28       ActnList..TShortCutList
 0002:00000BC0       ActnList.ActnList
 0001:000A85F4       ActnList.Finalization
 0001:000A7C3C       ActnList.TActionLink.IsCaptionLinked
 0001:000A7C50       ActnList.TActionLink.IsCheckedLinked
 0001:000A7C64       ActnList.TActionLink.IsEnabledLinked
 0001:000A7C78       ActnList.TActionLink.IsGroupIndexLinked
 0001:000A7C8C       ActnList.TActionLink.IsHelpContextLinked
 0001:000A7CA0       ActnList.TActionLink.IsHelpLinked
 0001:000A7CB4       ActnList.TActionLink.IsHintLinked
 0001:000A7CC8       ActnList.TActionLink.IsImageIndexLinked
 0001:000A7CDC       ActnList.TActionLink.IsShortCutLinked
 0001:000A7CF0       ActnList.TActionLink.IsVisibleLinked
 0001:000A7D04       ActnList.TActionLink.SetAutoCheck
 0001:000A7D08       ActnList.TActionLink.SetCaption
 0001:000A7D0C       ActnList.TActionLink.SetChecked
 0001:000A7D10       ActnList.TActionLink.SetEnabled
 0001:000A7D14       ActnList.TActionLink.SetGroupIndex
 0001:000A7D18       ActnList.TActionLink.SetHelpContext
 0001:000A7D1C       ActnList.TActionLink.SetHelpKeyword
 0001:000A7D20       ActnList.TActionLink.SetHelpType
 0001:000A7D24       ActnList.TActionLink.SetHint
 0001:000A7D28       ActnList.TActionLink.SetImageIndex
 0001:000A7D2C       ActnList.TActionLink.SetShortCut
 0001:000A7D30       ActnList.TActionLink.SetVisible
 0001:000A77A0       ActnList.TActionListEnumerator.Create
 0001:000A77E4       ActnList.TActionListEnumerator.GetCurrent
 0001:000A77F0       ActnList.TActionListEnumerator.MoveNext
 0001:000A758C       ActnList.TContainedAction.Destroy
 0001:000A76F8       ActnList.TContainedAction.Execute
 0001:000A75C0       ActnList.TContainedAction.GetIndex
 0001:000A75DC       ActnList.TContainedAction.GetParentComponent
 0001:000A75EC       ActnList.TContainedAction.HasParent
 0001:000A75D8       ActnList.TContainedAction.IsCategoryStored
 0001:000A75FC       ActnList.TContainedAction.ReadState
 0001:000A76A4       ActnList.TContainedAction.SetActionList
 0001:000A7678       ActnList.TContainedAction.SetCategory
 0001:000A7630       ActnList.TContainedAction.SetIndex
 0001:000A76CC       ActnList.TContainedAction.SetParentComponent
 0001:000A7750       ActnList.TContainedAction.Update
 0001:000A7DE0       ActnList.TCustomAction.AssignTo
 0001:000A7D34       ActnList.TCustomAction.Create
 0001:000A7D88       ActnList.TCustomAction.Destroy
 0001:000A846C       ActnList.TCustomAction.DoHint
 0001:000A8494       ActnList.TCustomAction.Execute
 0001:000A84F8       ActnList.TCustomAction.GetSecondaryShortCuts
 0001:000A8578       ActnList.TCustomAction.HandleShortCut
 0001:000A8554       ActnList.TCustomAction.IsSecondaryShortCutsStored
 0001:000A7EEC       ActnList.TCustomAction.SetAutoCheck
 0001:000A7F4C       ActnList.TCustomAction.SetCaption
 0001:000A7FAC       ActnList.TCustomAction.SetChecked
 0001:000A80B4       ActnList.TCustomAction.SetEnabled
 0001:000A8130       ActnList.TCustomAction.SetGroupIndex
 0001:000A8248       ActnList.TCustomAction.SetHelpContext
 0001:000A81E0       ActnList.TCustomAction.SetHelpKeyword
 0001:000A8188       ActnList.TCustomAction.SetHelpType
 0001:000A82A0       ActnList.TCustomAction.SetHint
 0001:000A8300       ActnList.TCustomAction.SetImageIndex
 0001:000A8420       ActnList.TCustomAction.SetName
 0001:000A8520       ActnList.TCustomAction.SetSecondaryShortCuts
 0001:000A835C       ActnList.TCustomAction.SetShortCut
 0001:000A83C0       ActnList.TCustomAction.SetVisible
 0001:000A7A04       ActnList.TCustomActionList.AddAction
 0001:000A7A4C       ActnList.TCustomActionList.Change
 0001:000A780C       ActnList.TCustomActionList.Create
 0001:000A7878       ActnList.TCustomActionList.Destroy
 0001:000A7B58       ActnList.TCustomActionList.ExecuteAction
 0001:000A7948       ActnList.TCustomActionList.GetAction
 0001:000A795C       ActnList.TCustomActionList.GetActionCount
 0001:000A78D0       ActnList.TCustomActionList.GetChildren
 0001:000A7964       ActnList.TCustomActionList.GetEnumerator
 0001:000A79A8       ActnList.TCustomActionList.ImageListChange
 0001:000A7AB4       ActnList.TCustomActionList.IsShortCut
 0001:000A79B4       ActnList.TCustomActionList.Notification
 0001:000A7A24       ActnList.TCustomActionList.RemoveAction
 0001:000A7918       ActnList.TCustomActionList.SetChildOrder
 0001:000A7974       ActnList.TCustomActionList.SetImages
 0001:000A7B98       ActnList.TCustomActionList.SetState
 0001:000A7B78       ActnList.TCustomActionList.UpdateAction
 0001:000A8584       ActnList.TShortCutList.Add
 0001:000A85B0       ActnList.TShortCutList.IndexOfShortCut
 0004:00005488       ALPC_Base..7
 0001:000C8C6C       ALPC_Base..AlpcMessageAttributes
 0001:000C9054       ALPC_Base..AlpcPortAttributes
 0001:000C9168       ALPC_Base..AlpcTransportBase
 0001:000C8AB0       ALPC_Base..MessageStructures
 0001:000C8D48       ALPC_Base..TAlpcCarrier
 0001:000C9560       ALPC_Base.AlpcMessageAttributes.AllocateFlags
 0001:000C950C       ALPC_Base.AlpcMessageAttributes.AssignView
 0004:00005444       ALPC_Base.AlpcMessageAttributes.fBlock
 0004:00005448       ALPC_Base.AlpcMessageAttributes.fMsgAttrBufferSize
 0001:000C93DC       ALPC_Base.AlpcMessageAttributes.Initialize
 0004:00005450       ALPC_Base.AlpcMessageAttributes.pAttrContext
 0004:0000544C       ALPC_Base.AlpcMessageAttributes.pAttrHeader
 0001:000C94E8       ALPC_Base.AlpcMessageAttributes.Terminate
 0001:000C99C8       ALPC_Base.AlpcPortAttributes.Initialize
 0004:00005454       ALPC_Base.AlpcPortAttributes.pPortAttrHeader
 0001:000C9A70       ALPC_Base.AlpcPortAttributes.Terminate
 0001:000C9AE8       ALPC_Base.AlpcTransportBase.CreateCarrier
 0001:000C9B48       ALPC_Base.AlpcTransportBase.CreateLocalView
 0004:00005464       ALPC_Base.AlpcTransportBase.fAllocatedSectionSize
 0004:0000545C       ALPC_Base.AlpcTransportBase.fBlock
 0004:00005468       ALPC_Base.AlpcTransportBase.fDataSizeOfQuotaIfNotUseView
 0004:00005484       ALPC_Base.AlpcTransportBase.fMessageSize
 0004:0000546C       ALPC_Base.AlpcTransportBase.fMsgAttrAllocatedFlags
 0004:00005478       ALPC_Base.AlpcTransportBase.fPortHandle
 0004:00005460       ALPC_Base.AlpcTransportBase.fSectionHandle
 0001:000C9BCC       ALPC_Base.AlpcTransportBase.Initialize
 0004:00005480       ALPC_Base.AlpcTransportBase.pLocalView
 0004:0000547C       ALPC_Base.AlpcTransportBase.pPortName
 0004:00005474       ALPC_Base.AlpcTransportBase.pReciver
 0004:00005470       ALPC_Base.AlpcTransportBase.pSender
 0001:000C9C74       ALPC_Base.AlpcTransportBase.RTL_CONSTANT_STRING
 0001:000C9E68       ALPC_Base.AlpcTransportBase.Terminate
 0002:00000D34       ALPC_Base.ALPC_Base
 0001:000C9F04       ALPC_Base.Finalization
 0004:00005434       ALPC_Base.MessageStructures.fBlock
 0004:00005442       ALPC_Base.MessageStructures.fDataCacheHeaderSize
 0004:00005440       ALPC_Base.MessageStructures.fMsgbufferSize
 0001:000C9208       ALPC_Base.MessageStructures.Initialize
 0004:0000543C       ALPC_Base.MessageStructures.pMsgContext
 0004:00005438       ALPC_Base.MessageStructures.pMsgHeader
 0001:000C9310       ALPC_Base.MessageStructures.Terminate
 0001:000C9334       ALPC_Base.MessageStructures.Zero
 0001:000C9A8C       ALPC_Base.ObjectAttributes.Initialize
 0004:00005458       ALPC_Base.ObjectAttributes.pObjectAttrHeader
 0001:000C9ACC       ALPC_Base.ObjectAttributes.Terminate
 0003:00002B98       ALPC_Base.rpc_mark
 0001:000C96C8       ALPC_Base.TAlpcCarrier.Create
 0001:000C9718       ALPC_Base.TAlpcCarrier.Destroy
 0001:000C9754       ALPC_Base.TAlpcCarrier.Pop
 0001:000C97D8       ALPC_Base.TAlpcCarrier.Pop_V2
 0001:000C9814       ALPC_Base.TAlpcCarrier.Push
 0001:000C9950       ALPC_Base.TAlpcCarrier.Push_V2
 0001:000C8A74       ALPC_LPC_Define.AlpcGetHeaderSize
 0001:000C8A4C       ALPC_LPC_Define.AlpcInitializeMessageAttribute
 0001:000C8A5C       ALPC_LPC_Define.NtAlpcAcceptConnectPort
 0001:000C8A54       ALPC_LPC_Define.NtAlpcCreatePort
 0001:000C8A64       ALPC_LPC_Define.NtAlpcCreatePortSection
 0001:000C8A6C       ALPC_LPC_Define.NtAlpcCreateSectionView
 0001:000C8A44       ALPC_LPC_Define.NtAlpcSendWaitReceivePort
 0001:000C8A7C       ALPC_LPC_Define.NtClose
 0004:000055A4       ALPC_Server..1
 0001:000DCAEC       ALPC_Server..TDictionary<ALPC_Server.THashTable,ALPC_Server.TPerformer>
 0001:000DC138       ALPC_Server..TDictionary<ALPC_Server.THashTable,ALPC_Server.TPerformer>.TKeyCollection
 0001:000DBF50       ALPC_Server..TDictionary<ALPC_Server.THashTable,ALPC_Server.TPerformer>.TKeyEnumerator
 0001:000DC900       ALPC_Server..TDictionary<ALPC_Server.THashTable,ALPC_Server.TPerformer>.TPairEnumerator
 0001:000DC728       ALPC_Server..TDictionary<ALPC_Server.THashTable,ALPC_Server.TPerformer>.TValueCollection
 0001:000DC53C       ALPC_Server..TDictionary<ALPC_Server.THashTable,ALPC_Server.TPerformer>.TValueEnumerator
 0001:000DBE4C       ALPC_Server..TEnumerable<ALPC_Server.THashTable>
 0001:000DC438       ALPC_Server..TEnumerable<ALPC_Server.TPerformer>
 0001:000DB91C       ALPC_Server..TEnumerable<TPair<ALPC_Server.THashTable,ALPC_Server.TPerformer>>
 0001:000DBD24       ALPC_Server..TEnumerator<ALPC_Server.THashTable>
 0001:000DC310       ALPC_Server..TEnumerator<ALPC_Server.TPerformer>
 0001:000DB7B8       ALPC_Server..TEnumerator<TPair<ALPC_Server.THashTable,ALPC_Server.TPerformer>>
 0001:000DB55C       ALPC_Server..TServer
 0001:000DB45C       ALPC_Server..TServer.Tlauncher
 0001:000DDC4C       ALPC_Server.AddFunc
 0002:0001C570       ALPC_Server.ALPC_Server
 0001:000DDCC8       ALPC_Server.Finalization
 0004:000055A8       ALPC_Server.Functions
 0001:000DDA74       ALPC_Server.GetHashTable
 0004:0000558C       ALPC_Server.Initialize
 0004:000055AC       ALPC_Server.Server
 0004:00005594       ALPC_Server.StartServer
 0004:0000559C       ALPC_Server.StopServer
 0001:000DD1C0       ALPC_Server.SyncSetBool
 0001:000DE720       ALPC_Server.TDictionary<ALPC_Server.THashTable,ALPC_Server.TPerformer>.Add
 0001:000DE9A0       ALPC_Server.TDictionary<ALPC_Server.THashTable,ALPC_Server.TPerformer>.AddOrSetValue
 0001:000DE824       ALPC_Server.TDictionary<ALPC_Server.THashTable,ALPC_Server.TPerformer>.Clear
 0001:000DEA18       ALPC_Server.TDictionary<ALPC_Server.THashTable,ALPC_Server.TPerformer>.ContainsKey
 0001:000DEA4C       ALPC_Server.TDictionary<ALPC_Server.THashTable,ALPC_Server.TPerformer>.ContainsValue
 0001:000DE3FC       ALPC_Server.TDictionary<ALPC_Server.THashTable,ALPC_Server.TPerformer>.Create
 0001:000DE494       ALPC_Server.TDictionary<ALPC_Server.THashTable,ALPC_Server.TPerformer>.Create
 0001:000DE618       ALPC_Server.TDictionary<ALPC_Server.THashTable,ALPC_Server.TPerformer>.Create
 0001:000DE564       ALPC_Server.TDictionary<ALPC_Server.THashTable,ALPC_Server.TPerformer>.Create
 0001:000DE448       ALPC_Server.TDictionary<ALPC_Server.THashTable,ALPC_Server.TPerformer>.Create
 0001:000DE6D0       ALPC_Server.TDictionary<ALPC_Server.THashTable,ALPC_Server.TPerformer>.Destroy
 0001:000DE104       ALPC_Server.TDictionary<ALPC_Server.THashTable,ALPC_Server.TPerformer>.DoAdd
 0001:000DE378       ALPC_Server.TDictionary<ALPC_Server.THashTable,ALPC_Server.TPerformer>.DoGetEnumerator
 0001:000DE1F0       ALPC_Server.TDictionary<ALPC_Server.THashTable,ALPC_Server.TPerformer>.DoRemove
 0001:000DE190       ALPC_Server.TDictionary<ALPC_Server.THashTable,ALPC_Server.TPerformer>.DoSetValue
 0001:000DE7CC       ALPC_Server.TDictionary<ALPC_Server.THashTable,ALPC_Server.TPerformer>.ExtractPair
 0001:000DDF30       ALPC_Server.TDictionary<ALPC_Server.THashTable,ALPC_Server.TPerformer>.GetBucketIndex
 0001:000DEB74       ALPC_Server.TDictionary<ALPC_Server.THashTable,ALPC_Server.TPerformer>.GetEnumerator
 0001:000DE020       ALPC_Server.TDictionary<ALPC_Server.THashTable,ALPC_Server.TPerformer>.GetItem
 0001:000DEB04       ALPC_Server.TDictionary<ALPC_Server.THashTable,ALPC_Server.TPerformer>.GetKeys
 0001:000DEB3C       ALPC_Server.TDictionary<ALPC_Server.THashTable,ALPC_Server.TPerformer>.GetValues
 0001:000DDEF8       ALPC_Server.TDictionary<ALPC_Server.THashTable,ALPC_Server.TPerformer>.Grow
 0001:000DDFF0       ALPC_Server.TDictionary<ALPC_Server.THashTable,ALPC_Server.TPerformer>.Hash
 0001:000DE394       ALPC_Server.TDictionary<ALPC_Server.THashTable,ALPC_Server.TPerformer>.KeyNotify
 0001:000DDDC4       ALPC_Server.TDictionary<ALPC_Server.THashTable,ALPC_Server.TPerformer>.Rehash
 0001:000DE084       ALPC_Server.TDictionary<ALPC_Server.THashTable,ALPC_Server.TPerformer>.RehashAdd
 0001:000DE7A0       ALPC_Server.TDictionary<ALPC_Server.THashTable,ALPC_Server.TPerformer>.Remove
 0001:000DDD58       ALPC_Server.TDictionary<ALPC_Server.THashTable,ALPC_Server.TPerformer>.SetCapacity
 0001:000DEC08       ALPC_Server.TDictionary<ALPC_Server.THashTable,ALPC_Server.TPerformer>.TKeyCollection.Create
 0001:000DEBEC       ALPC_Server.TDictionary<ALPC_Server.THashTable,ALPC_Server.TPerformer>.TKeyCollection.DoGetEnumerator
 0001:000DEBD0       ALPC_Server.TDictionary<ALPC_Server.THashTable,ALPC_Server.TPerformer>.TKeyCollection.GetCount
 0001:000DEC58       ALPC_Server.TDictionary<ALPC_Server.THashTable,ALPC_Server.TPerformer>.TKeyCollection.GetEnumerator
 0001:000DECF4       ALPC_Server.TDictionary<ALPC_Server.THashTable,ALPC_Server.TPerformer>.TKeyEnumerator.Create
 0001:000DECBC       ALPC_Server.TDictionary<ALPC_Server.THashTable,ALPC_Server.TPerformer>.TKeyEnumerator.DoGetCurrent
 0001:000DECD8       ALPC_Server.TDictionary<ALPC_Server.THashTable,ALPC_Server.TPerformer>.TKeyEnumerator.DoMoveNext
 0001:000DEC80       ALPC_Server.TDictionary<ALPC_Server.THashTable,ALPC_Server.TPerformer>.TKeyEnumerator.GetCurrent
 0001:000DED4C       ALPC_Server.TDictionary<ALPC_Server.THashTable,ALPC_Server.TPerformer>.TKeyEnumerator.MoveNext
 0001:000DF03C       ALPC_Server.TDictionary<ALPC_Server.THashTable,ALPC_Server.TPerformer>.TPairEnumerator.Create
 0001:000DF004       ALPC_Server.TDictionary<ALPC_Server.THashTable,ALPC_Server.TPerformer>.TPairEnumerator.DoGetCurrent
 0001:000DF020       ALPC_Server.TDictionary<ALPC_Server.THashTable,ALPC_Server.TPerformer>.TPairEnumerator.DoMoveNext
 0001:000DEFA4       ALPC_Server.TDictionary<ALPC_Server.THashTable,ALPC_Server.TPerformer>.TPairEnumerator.GetCurrent
 0001:000DF094       ALPC_Server.TDictionary<ALPC_Server.THashTable,ALPC_Server.TPerformer>.TPairEnumerator.MoveNext
 0001:000DE920       ALPC_Server.TDictionary<ALPC_Server.THashTable,ALPC_Server.TPerformer>.TrimExcess
 0001:000DE93C       ALPC_Server.TDictionary<ALPC_Server.THashTable,ALPC_Server.TPerformer>.TryGetValue
 0001:000DEE14       ALPC_Server.TDictionary<ALPC_Server.THashTable,ALPC_Server.TPerformer>.TValueCollection.Create
 0001:000DEDF8       ALPC_Server.TDictionary<ALPC_Server.THashTable,ALPC_Server.TPerformer>.TValueCollection.DoGetEnumerator
 0001:000DEDDC       ALPC_Server.TDictionary<ALPC_Server.THashTable,ALPC_Server.TPerformer>.TValueCollection.GetCount
 0001:000DEE64       ALPC_Server.TDictionary<ALPC_Server.THashTable,ALPC_Server.TPerformer>.TValueCollection.GetEnumerator
 0001:000DEEF4       ALPC_Server.TDictionary<ALPC_Server.THashTable,ALPC_Server.TPerformer>.TValueEnumerator.Create
 0001:000DEEBC       ALPC_Server.TDictionary<ALPC_Server.THashTable,ALPC_Server.TPerformer>.TValueEnumerator.DoGetCurrent
 0001:000DEED8       ALPC_Server.TDictionary<ALPC_Server.THashTable,ALPC_Server.TPerformer>.TValueEnumerator.DoMoveNext
 0001:000DEE8C       ALPC_Server.TDictionary<ALPC_Server.THashTable,ALPC_Server.TPerformer>.TValueEnumerator.GetCurrent
 0001:000DEF4C       ALPC_Server.TDictionary<ALPC_Server.THashTable,ALPC_Server.TPerformer>.TValueEnumerator.MoveNext
 0001:000DE3C8       ALPC_Server.TDictionary<ALPC_Server.THashTable,ALPC_Server.TPerformer>.ValueNotify
 0001:000DEB98       ALPC_Server.TEnumerable<ALPC_Server.THashTable>.GetEnumerator
 0001:000DEDA4       ALPC_Server.TEnumerable<ALPC_Server.TPerformer>.GetEnumerator
 0001:000DDD20       ALPC_Server.TEnumerable<TPair<ALPC_Server.THashTable,ALPC_Server.TPerformer>>.GetEnumerator
 0001:000DEBB4       ALPC_Server.TEnumerator<ALPC_Server.THashTable>.MoveNext
 0001:000DEDC0       ALPC_Server.TEnumerator<ALPC_Server.TPerformer>.MoveNext
 0001:000DDD3C       ALPC_Server.TEnumerator<TPair<ALPC_Server.THashTable,ALPC_Server.TPerformer>>.MoveNext
 0001:000DF0EC       ALPC_Server.TEqualityComparer<ALPC_Server.THashTable>.Default
 0001:000DF118       ALPC_Server.TEqualityComparer<ALPC_Server.TPerformer>.Default
 0001:000DDCE8       ALPC_Server.TPair<ALPC_Server.THashTable,ALPC_Server.TPerformer>.Create
 0001:000DD314       ALPC_Server.TServer.Accept
 0001:000DD1C8       ALPC_Server.TServer.callback
 0001:000DD3E0       ALPC_Server.TServer.Create
 0001:000DD420       ALPC_Server.TServer.Destroy
 0001:000DD45C       ALPC_Server.TServer.Initialize
 0001:000DD778       ALPC_Server.TServer.Listen
 0001:000DD4BC       ALPC_Server.TServer.start
 0001:000DD600       ALPC_Server.TServer.stop
 0001:000DD9E4       ALPC_Server.TServer.Terminate
 0001:000DDA00       ALPC_Server.TServer.Tlauncher.Create
 0001:000DDA58       ALPC_Server.TServer.Tlauncher.Execute
 0001:000DDB08       ALPC_Server._StubViewer.GetFuncID
 0001:000DDB30       ALPC_Server._StubViewer.Marshal
 0001:000DDB4C       ALPC_Server._StubViewer.PushErrMessage
 0001:000DDC30       ALPC_Server._StubViewer.Sign
 0004:000055B4       ALPC_Server_Example..2
 0001:000DF144       ALPC_Server_Example..TMainForm
 0002:0001C5E0       ALPC_Server_Example.ALPC_Server_Example
 0001:000DF814       ALPC_Server_Example.Finalization
 0004:000055B0       ALPC_Server_Example.MainForm
 0001:000DF4E0       ALPC_Server_Example.sum
 0001:000DF4BC       ALPC_Server_Example.sum
 0001:000DF41C       ALPC_Server_Example.TMainForm.Button1Click
 0001:000DF49C       ALPC_Server_Example.TMainForm.Button2Click
 0004:000053B8       Buttons..5
 0003:00002214       Buttons.BitBtnCaptions
 0004:000053BC       Buttons.BitBtnGlyphs
 0002:00000C9C       Buttons.Buttons
 0001:000C3D8C       Buttons.DestroyLocals
 0001:000C3E24       Buttons.Finalization
 0004:00002C64       Character.CategoryTable
 0004:00002C5C       Character.CatIndexPrimary
 0004:00002C60       Character.CatIndexSecondary
 0004:00002C58       Character.DataTable
 0003:00000A34       Character.Latin1Categories
 0004:00002C70       Character.NumericValueTable
 0004:00002C68       Character.NumIndexPrimary
 0004:00002C6C       Character.NumIndexSecondary
 0001:0000BF68       Character.TCharacter.CheckLetter
 0001:0000BF74       Character.TCharacter.CheckLetterOrDigit
 0001:0000C090       Character.TCharacter.GetUnicodeCategory
 0001:0000C0F0       Character.TCharacter.Initialize
 0001:0000C084       Character.TCharacter.IsAscii
 0001:0000BF84       Character.TCharacter.IsLatin1
 0001:0000BF90       Character.TCharacter.IsLetter
 0001:0000C01C       Character.TCharacter.IsLetterOrDigit
 0004:00004F64       Classes..66
 0001:000281BC       Classes..EBitsError
 0001:00027F54       Classes..EClassNotFound
 0001:000282F4       Classes..EComponentError
 0001:00027C5C       Classes..EFCreateError
 0001:00027D90       Classes..EFilerError
 0001:00027B60       Classes..EFileStreamError
 0001:00027CF8       Classes..EFOpenError
 0001:00027FF0       Classes..EInvalidImage
 0001:00028434       Classes..EInvalidOperation
 0001:00028128       Classes..EListError
 0001:00028394       Classes..EOutOfResources
 0001:00027E28       Classes..EReadError
 0001:0002808C       Classes..EResNotFound
 0001:00027AC4       Classes..EStreamError
 0001:00028250       Classes..EStringListError
 0001:0002F598       Classes..EThread
 0001:00027EBC       Classes..EWriteError
 0001:00030F40       Classes..TBasicAction
 0001:00030D24       Classes..TBasicActionLink
 0001:000291DC       Classes..TBits
 0001:0002C424       Classes..TBytesStream
 0001:0002CE98       Classes..TClassFinder
 0001:00029A60       Classes..TCollection
 0001:000298BC       Classes..TCollectionEnumerator
 0001:00029650       Classes..TCollectionItem
 0001:000303DC       Classes..TComponent
 0001:0003FDDC       Classes..TComponent.FindComponent$ActRec
 0001:0002FF84       Classes..TComponentEnumerator
 0001:0002BF94       Classes..TCustomMemoryStream
 0001:0002D26C       Classes..TFiler
 0001:0002BDB0       Classes..TFileStream
 0001:0002BB98       Classes..THandleStream
 0001:00032DF4       Classes..TIntConst
 0001:000294DC       Classes..TInterfacedPersistent
 0001:00028810       Classes..TList
 0001:00033D20       Classes..TList.Sort$ActRec
 0001:0002863C       Classes..TListEnumerator
 0001:0002C1DC       Classes..TMemoryStream
 0001:00029EF8       Classes..TOwnedCollection
 0001:00029314       Classes..TPersistent
 0001:000382D0       Classes..TPropFixup
 0001:000384FC       Classes..TPropIntfFixup
 0001:0002DC84       Classes..TReader
 0001:000314D4       Classes..TRegGroup
 0001:00031934       Classes..TRegGroups
 0001:0002C56C       Classes..TResourceStream
 0001:0002B58C       Classes..TStream
 0001:0002C8EC       Classes..TStreamAdapter
 0001:0002AF10       Classes..TStringList
 0001:0002A298       Classes..TStrings
 0001:0002A0F0       Classes..TStringsEnumerator
 0001:0002F78C       Classes..TThread
 0001:00028F24       Classes..TThreadList
 0001:0002EB8C       Classes..TWriter
 0001:00032D80       Classes.ActivateClassGroup
 0003:00000F7C       Classes.AddDataModule
 0001:00038828       Classes.AddFinished
 0001:00038860       Classes.AddNotFinished
 0001:000394CC       Classes.AddSubComponentsToLoaded
 0001:00040F48       Classes.AllocateHWnd
 0001:0003CA68       Classes.AncestorIsValid
 0003:00000F8C       Classes.ApplicationHandleException
 0003:00000F94       Classes.ApplicationShowException
 0001:00033260       Classes.BeginGlobalLoading
 0001:0003E4B4       Classes.BinToHex
 0001:0003E4F4       Classes.BinToHex
 0003:00001084       Classes.BlockCode
 0001:00031498       Classes.Bounds
 0001:00040DA8       Classes.CalcJmpOffset
 0001:00039508       Classes.CheckSubComponents
 0001:0003E694       Classes.CheckSynchronize
 0002:0000024C       Classes.Classes
 0001:00032AC4       Classes.ClassNotFound
 0001:00040E5C       Classes.CleanupInstFreeList
 0001:00033500       Classes.CollectionsEqual
 0001:000395E8       Classes.ComponentCreated
 0003:00000FD4       Classes.Convert
 0003:00000FF4       Classes.Convert
 0001:0003B508       Classes.CopyBinary
 0001:0003B478       Classes.CopyBytes
 0001:0003B42C       Classes.CopyList
 0001:0003B3A4       Classes.CopySetBody
 0001:00039668       Classes.CreateComponent
 0003:00000F9C       Classes.CreateVCLComObjectProc
 0001:00040FFC       Classes.DeallocateHWnd
 0001:0003E5BC       Classes.DoneThreadSynchronization
 0001:000353AC       Classes.DoWrite
 0003:00000FAC       Classes.Dummy32bitResHeader
 0001:00041024       Classes.EFileStreamError.Create
 0001:000332E8       Classes.EndGlobalLoading
 0001:00038108       Classes.Error
 0001:00032568       Classes.Error
 0004:00004F90       Classes.ExternalThreads
 0003:00000FA8       Classes.FilerSignature
 0001:000410D4       Classes.Finalization
 0001:0003C158       Classes.FindAncestor
 0001:00032B9C       Classes.FindClass
 0001:00039818       Classes.FindExistingComponent
 0001:00033178       Classes.FindGlobalComponent
 0004:00004F70       Classes.FindGlobalComponentProcs
 0001:0003301C       Classes.FindIdentToInt
 0001:00032FA0       Classes.FindIntToIdent
 0001:0003CEDC       Classes.FindMethodName
 0001:00038730       Classes.FindNestedComponent
 0001:0003A894       Classes.FindUniqueName
 0001:0003E5D4       Classes.FreeExternalThreads
 0001:00040D08       Classes.FreeIntConstList
 0001:00040E48       Classes.FreeObjectInstance
 0001:00032B30       Classes.GetClass
 0001:0003D5D0       Classes.GetComponentValue
 0001:000347C0       Classes.GetDesigner
 0001:00032AB8       Classes.GetFieldClassTable
 0001:00040E98       Classes.GetFreeInstBlockItemCount
 0004:00004F74       Classes.GlobalFixupList
 0001:000388A8       Classes.GlobalFixupReferences
 0005:00000010       Classes.GlobalLists
 0005:0000000C       Classes.GlobalLoaded
 0004:00004F58       Classes.GlobalNameSpace
 0001:00032D14       Classes.GroupDescendentsWith
 0001:0003A028       Classes.HandleException
 0001:0003E4FC       Classes.HexToBin
 0001:00033098       Classes.IdentToInt
 0001:00033344       Classes.InitComponent
 0001:000333D0       Classes.InitInheritedComponent
 0001:0003E588       Classes.InitThreadSynchronization
 0004:00004F94       Classes.InstBlockList
 0004:00004F98       Classes.InstFreeList
 0004:00004F68       Classes.IntConstList
 0001:000331DC       Classes.InternalReadComponentRes
 0001:000330DC       Classes.IntToIdent
 0001:000314C0       Classes.InvalidPoint
 0001:0003CC5C       Classes.IsDefault
 0001:0003CAD8       Classes.IsDefaultFloatProp
 0001:0003CB34       Classes.IsDefaultInt64Prop
 0001:0003CE00       Classes.IsDefaultInterfaceProp
 0001:0003CF34       Classes.IsDefaultMethodProp
 0001:0003CCB4       Classes.IsDefaultObjectProp
 0001:0003CA80       Classes.IsDefaultOrdProp
 0001:0003D06C       Classes.IsDefaultPropertyValue
 0001:0003CB8C       Classes.IsDefaultStrProp
 0001:0003CD34       Classes.IsDefaultValue
 0001:0003CFD4       Classes.IsDefaultVariantProp
 0001:000331B8       Classes.IsUniqueGlobalComponentName
 0004:00004F5C       Classes.IsUniqueGlobalComponentNameProc
 0001:00040DB0       Classes.MakeObjectInstance
 0001:00034410       Classes.Min
 0001:00040D80       Classes.ModuleUnload
 0003:00000FCC       Classes.NilMethod
 0001:00034864       Classes.NotifyDesigner
 0001:000332B8       Classes.NotifyGlobalLoading
 0001:0003CC1C       Classes.ObjectAncestorMatch
 0001:0003D5B8       Classes.OwnedBy
 0001:00031450       Classes.Point
 0003:00001068       Classes.Priorities
 0001:00038BE8       Classes.PropertyNotFound
 0001:0003A0F8       Classes.PropPathError
 0001:00038BDC       Classes.PropValueError
 0001:00033BE8       Classes.QuickSort
 0001:000371F0       Classes.RaiseException
 0001:0003B9F0       Classes.ReadCustomVariant
 0001:00038BC4       Classes.ReadError
 0001:00039608       Classes.Recover
 0001:00031470       Classes.Rect
 0004:00004F6C       Classes.RegGroups
 0001:00032BBC       Classes.RegisterClass
 0001:00033120       Classes.RegisterFindGlobalComponentProc
 0001:00032F74       Classes.RegisterIntegerConsts
 0001:00040EC8       Classes.ReleaseObjectInstanceBlocks
 0003:00000F84       Classes.RemoveDataModule
 0001:00038A7C       Classes.RemoveFixupReferences
 0001:00038B30       Classes.RemoveFixups
 0001:00038F2C       Classes.RemoveGlobalFixup
 0001:0003E660       Classes.ResetSyncEvent
 0001:00033764       Classes.ReturnAddr
 0001:00035518       Classes.ReturnAddr
 0001:00039778       Classes.SetCompName
 0001:00038C14       Classes.SetElementValue
 0001:0003A470       Classes.SetInterfaceReference
 0001:0003A38C       Classes.SetIntIdent
 0001:0003A3D4       Classes.SetObjectIdent
 0001:00039580       Classes.SetSubComponentState
 0001:0003A414       Classes.SetVariantReference
 0001:0003E688       Classes.SignalSyncEvent
 0001:0003B160       Classes.SkipBinary
 0001:0003B190       Classes.SkipCollection
 0001:0003B134       Classes.SkipList
 0001:00032CAC       Classes.StartClassGroup
 0001:00040D88       Classes.StdWndProc
 0001:00036FDC       Classes.StringListCompareStrings
 0004:00004F60       Classes.SyncEvent
 0003:00001064       Classes.SyncList
 0001:00040774       Classes.TBasicAction.Change
 0001:00040600       Classes.TBasicAction.Create
 0001:00040644       Classes.TBasicAction.Destroy
 0001:000406E0       Classes.TBasicAction.Execute
 0001:000406B0       Classes.TBasicAction.ExecuteTarget
 0001:000406AC       Classes.TBasicAction.HandlesTarget
 0001:000406B4       Classes.TBasicAction.Notification
 0001:00040788       Classes.TBasicAction.RegisterChanges
 0001:000407D4       Classes.TBasicAction.SetActionComponent
 0001:00040718       Classes.TBasicAction.SetOnExecute
 0001:00040794       Classes.TBasicAction.UnRegisterChanges
 0001:000406FC       Classes.TBasicAction.Update
 0001:000406DC       Classes.TBasicAction.UpdateTarget
 0001:00040550       Classes.TBasicActionLink.AssignClient
 0001:00040588       Classes.TBasicActionLink.Change
 0001:0004050C       Classes.TBasicActionLink.Create
 0001:00040554       Classes.TBasicActionLink.Destroy
 0001:000405A0       Classes.TBasicActionLink.Execute
 0001:000405E8       Classes.TBasicActionLink.IsOnExecuteLinked
 0001:000405BC       Classes.TBasicActionLink.SetAction
 0001:000405EC       Classes.TBasicActionLink.SetOnExecute
 0001:000405F4       Classes.TBasicActionLink.Update
 0001:000343C8       Classes.TBits.Destroy
 0001:000343F8       Classes.TBits.Error
 0001:000344EC       Classes.TBits.OpenBit
 0001:000344C0       Classes.TBits.SetBit
 0001:0003441C       Classes.TBits.SetSize
 0001:00037F8C       Classes.TBytesStream.Create
 0001:00037FF0       Classes.TBytesStream.Realloc
 0001:00032824       Classes.TClassFinder.Create
 0001:00032964       Classes.TClassFinder.Destroy
 0001:00032994       Classes.TClassFinder.GetClass
 0001:00032A30       Classes.TClassFinder.GetClasses
 0001:00034B94       Classes.TCollection.Add
 0001:000350B0       Classes.TCollection.Added
 0001:00034BB4       Classes.TCollection.Assign
 0001:00034C5C       Classes.TCollection.BeginUpdate
 0001:00034C60       Classes.TCollection.Changed
 0001:00034C70       Classes.TCollection.Clear
 0001:00034AFC       Classes.TCollection.Create
 0001:00035074       Classes.TCollection.Delete
 0001:000350B4       Classes.TCollection.Deleting
 0001:00034B48       Classes.TCollection.Destroy
 0001:00034CD8       Classes.TCollection.EndUpdate
 0001:00034CE4       Classes.TCollection.FindItemID
 0001:00034D18       Classes.TCollection.GetAttr
 0001:00034D14       Classes.TCollection.GetAttrCount
 0001:00034D38       Classes.TCollection.GetCapacity
 0001:00034D60       Classes.TCollection.GetCount
 0001:00034D28       Classes.TCollection.GetEnumerator
 0001:00034D68       Classes.TCollection.GetItem
 0001:00034D40       Classes.TCollection.GetItemAttr
 0001:00034D7C       Classes.TCollection.GetNamePath
 0001:00034E30       Classes.TCollection.GetPropName
 0001:00034F84       Classes.TCollection.Insert
 0001:00034FA0       Classes.TCollection.InsertItem
 0001:000350B8       Classes.TCollection.Notify
 0001:000350A4       Classes.TCollection.Owner
 0001:00035008       Classes.TCollection.RemoveItem
 0001:0003505C       Classes.TCollection.SetCapacity
 0001:0003506C       Classes.TCollection.SetItemName
 0001:00035070       Classes.TCollection.Update
 0001:00034A90       Classes.TCollectionEnumerator.Create
 0001:00034AD4       Classes.TCollectionEnumerator.GetCurrent
 0001:00034AE0       Classes.TCollectionEnumerator.MoveNext
 0001:00034930       Classes.TCollectionItem.Changed
 0001:000348C8       Classes.TCollectionItem.Create
 0001:00034900       Classes.TCollectionItem.Destroy
 0001:0003496C       Classes.TCollectionItem.GetDisplayName
 0001:00034954       Classes.TCollectionItem.GetIndex
 0001:00034980       Classes.TCollectionItem.GetNamePath
 0001:00034A2C       Classes.TCollectionItem.GetOwner
 0001:00034A30       Classes.TCollectionItem.SetCollection
 0001:00034A58       Classes.TCollectionItem.SetDisplayName
 0001:00034A60       Classes.TCollectionItem.SetIndex
 0001:00040004       Classes.TComponent.AddSortedComponent
 0001:0003F820       Classes.TComponent.BeforeDestruction
 0001:000400B8       Classes.TComponent.ChangeName
 0001:0003F78C       Classes.TComponent.Create
 0001:0003FBCC       Classes.TComponent.DefineProperties
 0001:0003F7D8       Classes.TComponent.Destroy
 0001:0003FA50       Classes.TComponent.DestroyComponents
 0001:0003FABC       Classes.TComponent.Destroying
 0001:00040214       Classes.TComponent.ExecuteAction
 0001:0003FEA0       Classes.TComponent.FindComponent
 0001:0003FE94       Classes.TComponent.FindComponent$ActRec.$0$Body
 0001:0003FF8C       Classes.TComponent.FindSortedComponent
 0001:0003F86C       Classes.TComponent.FreeNotification
 0001:00040348       Classes.TComponent.FreeOnRelease
 0001:0003FC70       Classes.TComponent.GetChildOwner
 0001:0003FC74       Classes.TComponent.GetChildParent
 0001:0003FC68       Classes.TComponent.GetChildren
 0001:00040278       Classes.TComponent.GetComObject
 0001:0004010C       Classes.TComponent.GetComponent
 0001:00040138       Classes.TComponent.GetComponentCount
 0001:000400F0       Classes.TComponent.GetComponentIndex
 0001:0003FC78       Classes.TComponent.GetEnumerator
 0001:0003FC88       Classes.TComponent.GetNamePath
 0001:0003FC9C       Classes.TComponent.GetOwner
 0001:0003FCA4       Classes.TComponent.GetParentComponent
 0001:0003FC64       Classes.TComponent.HasParent
 0001:0003F900       Classes.TComponent.Insert
 0001:0003F9B4       Classes.TComponent.InsertComponent
 0001:000403E0       Classes.TComponent.IntfGetComponent
 0001:000403E4       Classes.TComponent.IsImplementorOf
 0001:0003FCC4       Classes.TComponent.Loaded
 0001:0003FB6C       Classes.TComponent.Notification
 0001:0003FCD0       Classes.TComponent.PaletteCreated
 0001:00040360       Classes.TComponent.QueryInterface
 0001:0003F8C0       Classes.TComponent.ReadLeft
 0001:0003FCD4       Classes.TComponent.ReadState
 0001:0003F8D4       Classes.TComponent.ReadTop
 0001:00040464       Classes.TComponent.ReferenceInterface
 0001:0003F93C       Classes.TComponent.Remove
 0001:0003FA18       Classes.TComponent.RemoveComponent
 0001:0003FB50       Classes.TComponent.RemoveFreeNotification
 0001:0003F82C       Classes.TComponent.RemoveFreeNotifications
 0001:0003FAF8       Classes.TComponent.RemoveNotification
 0001:00040330       Classes.TComponent.SafeCallException
 0001:0003FCA0       Classes.TComponent.SetChildOrder
 0001:00040148       Classes.TComponent.SetComponentIndex
 0001:0004019C       Classes.TComponent.SetDesigning
 0001:00040028       Classes.TComponent.SetName
 0001:0003FCA8       Classes.TComponent.SetParentComponent
 0001:000401EC       Classes.TComponent.SetReference
 0001:00040264       Classes.TComponent.SetSubComponent
 0001:0004023C       Classes.TComponent.UpdateAction
 0001:0003FCB8       Classes.TComponent.Updated
 0001:00040358       Classes.TComponent.UpdateRegistry
 0001:0003FCAC       Classes.TComponent.Updating
 0001:0003FD6C       Classes.TComponent.ValidateContainer
 0001:0003FD80       Classes.TComponent.ValidateInsert
 0001:0003FCE4       Classes.TComponent.ValidateRename
 0001:0003F8E8       Classes.TComponent.WriteLeft
 0001:0003FCDC       Classes.TComponent.WriteState
 0001:0003F8F4       Classes.TComponent.WriteTop
 0001:000403A0       Classes.TComponent._AddRef
 0001:000403C0       Classes.TComponent._Release
 0001:0003F720       Classes.TComponentEnumerator.Create
 0001:0003F764       Classes.TComponentEnumerator.GetCurrent
 0001:0003F770       Classes.TComponentEnumerator.MoveNext
 0001:00037CCC       Classes.TCustomMemoryStream.Read
 0001:00037D40       Classes.TCustomMemoryStream.SaveToFile
 0001:00037D28       Classes.TCustomMemoryStream.SaveToStream
 0001:00037D04       Classes.TCustomMemoryStream.Seek
 0001:00037CC4       Classes.TCustomMemoryStream.SetPointer
 0001:0003825C       Classes.TFiler.Create
 0001:0002D624       Classes.TFiler.DefineBinaryProperty
 0001:0002D61C       Classes.TFiler.DefineProperty
 0001:000382A4       Classes.TFiler.Destroy
 0001:0002D62C       Classes.TFiler.FlushBuffer
 0001:000382CC       Classes.TFiler.SetRoot
 0001:00037B1C       Classes.TFileStream.Create
 0001:00037AD8       Classes.TFileStream.Create
 0001:00037C90       Classes.TFileStream.Destroy
 0001:00037A14       Classes.THandleStream.Create
 0001:00037A50       Classes.THandleStream.Read
 0001:00037A70       Classes.THandleStream.Seek
 0001:00037A9C       Classes.THandleStream.SetSize
 0001:00037AB0       Classes.THandleStream.SetSize
 0001:00037A60       Classes.THandleStream.Write
 0004:00004F78       Classes.ThreadLock
 0001:0003E888       Classes.ThreadProc
 0001:00032F3C       Classes.TIntConst.Create
 0001:00034708       Classes.TInterfacedPersistent.AfterConstruction
 0001:00034798       Classes.TInterfacedPersistent.QueryInterface
 0001:00034758       Classes.TInterfacedPersistent._AddRef
 0001:00034778       Classes.TInterfacedPersistent._Release
 0001:000336A4       Classes.TList.Add
 0001:00033EE0       Classes.TList.Assign
 0001:000336E4       Classes.TList.Clear
 0001:000336FC       Classes.TList.Delete
 0001:00033684       Classes.TList.Destroy
 0001:00033768       Classes.TList.Error
 0001:000337A0       Classes.TList.Error
 0001:000337F4       Classes.TList.Exchange
 0001:00033844       Classes.TList.Expand
 0001:00033E84       Classes.TList.Extract
 0001:00033E8C       Classes.TList.ExtractItem
 0001:0003385C       Classes.TList.First
 0001:00033864       Classes.TList.Get
 0001:00033888       Classes.TList.GetEnumerator
 0001:00033898       Classes.TList.Grow
 0001:000338CC       Classes.TList.IndexOf
 0001:000338F0       Classes.TList.IndexOfItem
 0001:0003391C       Classes.TList.Insert
 0001:00033994       Classes.TList.Last
 0001:000339B8       Classes.TList.Move
 0001:00033EDC       Classes.TList.Notify
 0001:00033A94       Classes.TList.Pack
 0001:00033A10       Classes.TList.Put
 0001:00033A6C       Classes.TList.Remove
 0001:00033A74       Classes.TList.RemoveItem
 0001:00033B08       Classes.TList.SetCapacity
 0001:00033B44       Classes.TList.SetCount
 0001:00033DE4       Classes.TList.Sort
 0001:00033DD8       Classes.TList.Sort$ActRec.$0$Body
 0001:00033E64       Classes.TList.SortList
 0001:0003361C       Classes.TListEnumerator.Create
 0001:00033660       Classes.TListEnumerator.GetCurrent
 0001:0003366C       Classes.TListEnumerator.MoveNext
 0001:00037DC4       Classes.TMemoryStream.Clear
 0001:00037D98       Classes.TMemoryStream.Destroy
 0001:00037E14       Classes.TMemoryStream.LoadFromFile
 0001:00037DDC       Classes.TMemoryStream.LoadFromStream
 0001:00037EBC       Classes.TMemoryStream.Realloc
 0001:00037E68       Classes.TMemoryStream.SetCapacity
 0001:00037E90       Classes.TMemoryStream.SetSize
 0001:00037F3C       Classes.TMemoryStream.Write
 0001:000350DC       Classes.TOwnedCollection.Create
 0001:00035120       Classes.TOwnedCollection.GetOwner
 0001:00034590       Classes.TPersistent.Assign
 0001:000345A4       Classes.TPersistent.AssignError
 0001:00034660       Classes.TPersistent.AssignTo
 0001:00034668       Classes.TPersistent.DefineProperties
 0001:00034564       Classes.TPersistent.Destroy
 0001:0003466C       Classes.TPersistent.GetNamePath
 0001:00034704       Classes.TPersistent.GetOwner
 0001:000385E4       Classes.TPropFixup.Create
 0001:0003863C       Classes.TPropFixup.MakeGlobalReference
 0001:0003869C       Classes.TPropFixup.ResolveReference
 0001:000386AC       Classes.TPropIntfFixup.ResolveReference
 0001:00038C68       Classes.TReader.BeginReferences
 0001:00038CD0       Classes.TReader.CheckValue
 0001:0003B560       Classes.TReader.CopyValue
 0001:00038D30       Classes.TReader.DefineBinaryProperty
 0001:00038CF4       Classes.TReader.DefineProperty
 0001:00038C2C       Classes.TReader.Destroy
 0001:00038FB4       Classes.TReader.DoFixupReferences
 0001:00038E18       Classes.TReader.EndOfList
 0001:00038E2C       Classes.TReader.EndReferences
 0001:00038E48       Classes.TReader.Error
 0001:0003B83C       Classes.TReader.FindAncestorComponent
 0001:0003B934       Classes.TReader.FindComponentClass
 0001:00038EDC       Classes.TReader.FindMethod
 0001:00038E6C       Classes.TReader.FindMethodInstance
 0001:000390F8       Classes.TReader.FixupReferences
 0001:00039130       Classes.TReader.FlushBuffer
 0001:00039154       Classes.TReader.FreeFixups
 0001:00039190       Classes.TReader.GetFieldClass
 0001:00039224       Classes.TReader.GetPosition
 0001:0003923C       Classes.TReader.NextValue
 0001:0003924C       Classes.TReader.PropertyError
 0001:00039260       Classes.TReader.Read
 0001:000392E8       Classes.TReader.ReadBoolean
 0001:000392AC       Classes.TReader.ReadBuffer
 0001:000392FC       Classes.TReader.ReadChar
 0001:000393F0       Classes.TReader.ReadCollection
 0001:000398BC       Classes.TReader.ReadComponent
 0001:0003AC30       Classes.TReader.ReadComponents
 0001:00039CFC       Classes.TReader.ReadCurrency
 0001:00039AFC       Classes.TReader.ReadData
 0001:00039B6C       Classes.TReader.ReadDataInner
 0001:00039D4C       Classes.TReader.ReadDate
 0001:00039C74       Classes.TReader.ReadDouble
 0001:00039C3C       Classes.TReader.ReadFloat
 0001:00039D90       Classes.TReader.ReadIdent
 0001:00039F94       Classes.TReader.ReadInt64
 0001:00039F28       Classes.TReader.ReadInteger
 0001:00039FD8       Classes.TReader.ReadListBegin
 0001:00039FE0       Classes.TReader.ReadListEnd
 0001:00039FE8       Classes.TReader.ReadPrefix
 0001:0003A114       Classes.TReader.ReadProperty
 0001:0003A530       Classes.TReader.ReadPropValue
 0001:0003A8FC       Classes.TReader.ReadRootComponent
 0001:0003AD20       Classes.TReader.ReadSet
 0001:0003ADDC       Classes.TReader.ReadSignature
 0001:00039CB8       Classes.TReader.ReadSingle
 0001:0003AE00       Classes.TReader.ReadStr
 0001:0003AE90       Classes.TReader.ReadString
 0001:0003B0B8       Classes.TReader.ReadValue
 0001:0003BBB8       Classes.TReader.ReadVariant
 0001:00039390       Classes.TReader.ReadWideChar
 0001:0003AF78       Classes.TReader.ReadWideString
 0001:0003B8F4       Classes.TReader.ReferenceName
 0001:0003B90C       Classes.TReader.SetName
 0001:0003B0CC       Classes.TReader.SetPosition
 0001:0003B9A8       Classes.TReader.SkipBytes
 0001:0003B790       Classes.TReader.SkipComponent
 0001:0003B748       Classes.TReader.SkipProperty
 0001:0003B0EC       Classes.TReader.SkipSetBody
 0001:0003B1F4       Classes.TReader.SkipValue
 0001:00031E10       Classes.TRegGroup.AddClass
 0001:00031E1C       Classes.TRegGroup.BestClass
 0001:00031E7C       Classes.TRegGroup.BestGroup
 0001:00031EEC       Classes.TRegGroup.Create
 0001:00031F48       Classes.TRegGroup.Destroy
 0001:00031F88       Classes.TRegGroup.GetClass
 0001:00031FD8       Classes.TRegGroup.GetClasses
 0001:00032020       Classes.TRegGroup.IndexOfClass
 0001:00032098       Classes.TRegGroup.InGroup
 0001:000320DC       Classes.TRegGroup.RegisterClass
 0001:00032190       Classes.TRegGroup.RegisterClassAlias
 0001:000321C8       Classes.TRegGroup.Registered
 0001:000321E0       Classes.TRegGroup.UnregisterClass
 0001:00032240       Classes.TRegGroup.UnregisterModuleClasses
 0001:00032380       Classes.TRegGroups.Activate
 0001:000323CC       Classes.TRegGroups.AddClass
 0001:000323EC       Classes.TRegGroups.Create
 0001:00032460       Classes.TRegGroups.Destroy
 0001:000324C0       Classes.TRegGroups.FindGroup
 0001:00032504       Classes.TRegGroups.GetClass
 0001:00032548       Classes.TRegGroups.GroupedWith
 0001:000325EC       Classes.TRegGroups.GroupWith
 0001:000326C0       Classes.TRegGroups.Lock
 0001:000326CC       Classes.TRegGroups.RegisterClass
 0001:000326E4       Classes.TRegGroups.RegisterClassAlias
 0001:00032704       Classes.TRegGroups.Registered
 0001:00032748       Classes.TRegGroups.StartGroup
 0001:00032798       Classes.TRegGroups.Unlock
 0001:000327A4       Classes.TRegGroups.UnregisterClass
 0001:000327D4       Classes.TRegGroups.UnregisterModuleClasses
 0001:0003805C       Classes.TResourceStream.Create
 0001:000380B4       Classes.TResourceStream.CreateFromID
 0001:00038214       Classes.TResourceStream.Destroy
 0001:000381A8       Classes.TResourceStream.Initialize
 0001:00038244       Classes.TResourceStream.Write
 0001:000373C8       Classes.TStream.CopyFrom
 0001:00037830       Classes.TStream.FixupResourceHeader
 0001:00037104       Classes.TStream.GetPosition
 0001:00037138       Classes.TStream.GetSize
 0001:0002BB88       Classes.TStream.Read
 0001:00037358       Classes.TStream.ReadBuffer
 0001:000374BC       Classes.TStream.ReadComponent
 0001:00037580       Classes.TStream.ReadComponentRes
 0001:00037928       Classes.TStream.ReadResHeader
 0001:000372E8       Classes.TStream.Seek
 0001:00037264       Classes.TStream.Seek
 0001:00037124       Classes.TStream.SetPosition
 0001:00037184       Classes.TStream.SetSize
 0001:0003719C       Classes.TStream.SetSize
 0001:00037188       Classes.TStream.SetSize64
 0001:0002BB90       Classes.TStream.Write
 0001:00037390       Classes.TStream.WriteBuffer
 0001:0003751C       Classes.TStream.WriteComponent
 0001:0003759C       Classes.TStream.WriteComponentRes
 0001:00037524       Classes.TStream.WriteDescendent
 0001:000378F4       Classes.TStream.WriteDescendentRes
 0001:000375A4       Classes.TStream.WriteResourceHeader
 0001:00040CF0       Classes.TStreamAdapter.Clone
 0001:00040C44       Classes.TStreamAdapter.Commit
 0001:00040A3C       Classes.TStreamAdapter.CopyTo
 0001:00040800       Classes.TStreamAdapter.Create
 0001:0004084C       Classes.TStreamAdapter.Destroy
 0001:00040C5C       Classes.TStreamAdapter.LockRegion
 0001:00040884       Classes.TStreamAdapter.Read
 0001:00040C50       Classes.TStreamAdapter.Revert
 0001:00040954       Classes.TStreamAdapter.Seek
 0001:000409D8       Classes.TStreamAdapter.SetSize
 0001:00040C74       Classes.TStreamAdapter.Stat
 0001:00040C68       Classes.TStreamAdapter.UnlockRegion
 0001:000408EC       Classes.TStreamAdapter.Write
 0001:000369EC       Classes.TStringList.Add
 0001:000369FC       Classes.TStringList.AddObject
 0001:00036A60       Classes.TStringList.Changed
 0001:00036A7C       Classes.TStringList.Changing
 0001:00036A98       Classes.TStringList.Clear
 0001:00037044       Classes.TStringList.CompareStrings
 0001:00037060       Classes.TStringList.Create
 0001:00037098       Classes.TStringList.Create
 0001:0003700C       Classes.TStringList.CustomSort
 0001:00036B00       Classes.TStringList.Delete
 0001:00036968       Classes.TStringList.Destroy
 0001:00036B80       Classes.TStringList.Exchange
 0001:00036BDC       Classes.TStringList.ExchangeItems
 0001:00036C00       Classes.TStringList.Find
 0001:00036C84       Classes.TStringList.Get
 0001:00036CB4       Classes.TStringList.GetCapacity
 0001:00036CB8       Classes.TStringList.GetCount
 0001:00036CBC       Classes.TStringList.GetObject
 0001:00036CE0       Classes.TStringList.Grow
 0001:00036D14       Classes.TStringList.IndexOf
 0001:00036D50       Classes.TStringList.Insert
 0001:00036DB4       Classes.TStringList.InsertItem
 0001:00036D60       Classes.TStringList.InsertObject
 0001:00036E30       Classes.TStringList.Put
 0001:00036E88       Classes.TStringList.PutObject
 0001:00036EC4       Classes.TStringList.QuickSort
 0001:00036F5C       Classes.TStringList.SetCapacity
 0001:000370DC       Classes.TStringList.SetCaseSensitive
 0001:00036F9C       Classes.TStringList.SetSorted
 0001:00036FBC       Classes.TStringList.SetUpdateState
 0001:00036FFC       Classes.TStringList.Sort
 0001:000351CC       Classes.TStrings.Add
 0001:000351F0       Classes.TStrings.AddObject
 0001:00035220       Classes.TStrings.AddStrings
 0001:00035214       Classes.TStrings.Append
 0001:000352D8       Classes.TStrings.Assign
 0001:00035394       Classes.TStrings.BeginUpdate
 0001:0002AE10       Classes.TStrings.Clear
 0001:00036920       Classes.TStrings.CompareStrings
 0001:00035404       Classes.TStrings.DefineProperties
 0001:0002AE18       Classes.TStrings.Delete
 0001:0003519C       Classes.TStrings.Destroy
 0001:0003545C       Classes.TStrings.EndUpdate
 0001:00035470       Classes.TStrings.Equals
 0001:00035554       Classes.TStrings.Error
 0001:0003551C       Classes.TStrings.Error
 0001:000355AC       Classes.TStrings.Exchange
 0001:00035698       Classes.TStrings.ExtractName
 0001:00035714       Classes.TStrings.GetCapacity
 0001:0003571C       Classes.TStrings.GetCommaText
 0001:000357B4       Classes.TStrings.GetDelimitedText
 0001:0003680C       Classes.TStrings.GetDelimiter
 0001:00035A24       Classes.TStrings.GetEnumerator
 0001:00036828       Classes.TStrings.GetLineBreak
 0001:00035A34       Classes.TStrings.GetName
 0001:0003692C       Classes.TStrings.GetNameValueSeparator
 0001:00035A94       Classes.TStrings.GetObject
 0001:00036864       Classes.TStrings.GetQuoteChar
 0001:00036880       Classes.TStrings.GetStrictDelimiter
 0001:00035A98       Classes.TStrings.GetText
 0001:00035AEC       Classes.TStrings.GetTextStr
 0001:00035C84       Classes.TStrings.IndexOf
 0001:00035D10       Classes.TStrings.IndexOfName
 0001:00035DE4       Classes.TStrings.IndexOfObject
 0001:0002AE20       Classes.TStrings.Insert
 0001:00035E18       Classes.TStrings.InsertObject
 0001:00035E9C       Classes.TStrings.LoadFromFile
 0001:00035E48       Classes.TStrings.LoadFromFile
 0001:00035EF8       Classes.TStrings.LoadFromStream
 0001:00035F04       Classes.TStrings.LoadFromStream
 0001:00035FF8       Classes.TStrings.Move
 0001:000360A8       Classes.TStrings.Put
 0001:000360D8       Classes.TStrings.PutObject
 0001:000360DC       Classes.TStrings.ReadData
 0001:0003619C       Classes.TStrings.SaveToFile
 0001:0003618C       Classes.TStrings.SaveToFile
 0001:0003620C       Classes.TStrings.SaveToStream
 0001:000361FC       Classes.TStrings.SaveToStream
 0001:000362C4       Classes.TStrings.SetCapacity
 0001:000362C8       Classes.TStrings.SetCommaText
 0001:0003665C       Classes.TStrings.SetDelimitedText
 0001:00036898       Classes.TStrings.SetDelimiter
 0001:000368B8       Classes.TStrings.SetLineBreak
 0001:00036948       Classes.TStrings.SetNameValueSeparator
 0001:000368E4       Classes.TStrings.SetQuoteChar
 0001:00036904       Classes.TStrings.SetStrictDelimiter
 0001:000362F0       Classes.TStrings.SetStringsAdapter
 0001:00036324       Classes.TStrings.SetText
 0001:00036374       Classes.TStrings.SetTextStr
 0001:00036520       Classes.TStrings.SetUpdateState
 0001:00036524       Classes.TStrings.SetValue
 0001:000365D8       Classes.TStrings.WriteData
 0001:00035124       Classes.TStringsEnumerator.Create
 0001:00035168       Classes.TStringsEnumerator.GetCurrent
 0001:00035180       Classes.TStringsEnumerator.MoveNext
 0004:00004F54       Classes.TThread.$ClassInitFlag
 0001:0003EADC       Classes.TThread.AfterConstruction
 0001:0003EB84       Classes.TThread.CallOnTerminate
 0001:0003EAF0       Classes.TThread.CheckThreadError
 0001:0003EB6C       Classes.TThread.CheckThreadError
 0001:0003E93C       Classes.TThread.Create
 0002:0000023C       Classes.TThread.Create@
 0001:0003EA40       Classes.TThread.Destroy
 0001:0003EAB4       Classes.TThread.Destroy@
 0001:0003EB98       Classes.TThread.DoTerminate
 0005:00000008       Classes.TThread.FCurrentThread
 0001:0003EBAC       Classes.TThread.GetPriority
 0001:0003EBE8       Classes.TThread.InternalStart
 0001:0003F680       Classes.TThread.NameThreadForDebugging
 0001:0003EE14       Classes.TThread.Queue
 0001:0003ED48       Classes.TThread.Queue
 0001:0003ECC0       Classes.TThread.Queue
 0001:0003F27C       Classes.TThread.Queue
 0001:0003EEB4       Classes.TThread.RemoveQueuedEvents
 0001:0003F4B4       Classes.TThread.RemoveQueuedEvents
 0001:0003F410       Classes.TThread.RemoveQueuedEvents
 0001:0003F574       Classes.TThread.Resume
 0001:0003EC94       Classes.TThread.SetPriority
 0001:0003F4C8       Classes.TThread.SetSuspended
 0001:0003F4E0       Classes.TThread.SpinWait
 0001:0003F4FC       Classes.TThread.Start
 0001:0003EF78       Classes.TThread.StaticQueue
 0001:0003F3FC       Classes.TThread.StaticSynchronize
 0001:0003F504       Classes.TThread.Suspend
 0001:0003EF8C       Classes.TThread.Synchronize
 0001:0003F360       Classes.TThread.Synchronize
 0001:0003F1EC       Classes.TThread.Synchronize
 0001:0003F184       Classes.TThread.Synchronize
 0001:0003F150       Classes.TThread.Synchronize
 0001:0003F59C       Classes.TThread.Terminate
 0001:0003F5C0       Classes.TThread.WaitFor
 0001:0003427C       Classes.TThreadList.Add
 0001:00034304       Classes.TThreadList.Clear
 0001:000341AC       Classes.TThreadList.Create
 0001:00034200       Classes.TThreadList.Destroy
 0001:0003434C       Classes.TThreadList.LockList
 0001:00034360       Classes.TThreadList.Remove
 0001:00034368       Classes.TThreadList.RemoveItem
 0001:000343BC       Classes.TThreadList.UnlockList
 0001:0003BE04       Classes.TWriter.AddAncestor
 0001:0003BE38       Classes.TWriter.DefineBinaryProperty
 0001:0003BE10       Classes.TWriter.DefineProperty
 0001:0003BDD8       Classes.TWriter.Destroy
 0001:0003BE74       Classes.TWriter.FindMethodName
 0001:0003BEBC       Classes.TWriter.FlushBuffer
 0001:0003E490       Classes.TWriter.GetLookupInfo
 0001:0003BE64       Classes.TWriter.GetPosition
 0001:0003BEC4       Classes.TWriter.SetPosition
 0001:0003BF00       Classes.TWriter.SetRoot
 0001:0003BF18       Classes.TWriter.Write
 0001:0003BF64       Classes.TWriter.WriteBinary
 0001:0003C004       Classes.TWriter.WriteBoolean
 0001:0003BFEC       Classes.TWriter.WriteBuffer
 0001:0003C018       Classes.TWriter.WriteChar
 0001:0003C0B8       Classes.TWriter.WriteCollection
 0001:0003C1A8       Classes.TWriter.WriteComponent
 0001:0003C750       Classes.TWriter.WriteCurrency
 0001:0003C2FC       Classes.TWriter.WriteData
 0001:0003C774       Classes.TWriter.WriteDate
 0001:0003C6BC       Classes.TWriter.WriteDescendent
 0001:0003C72C       Classes.TWriter.WriteDouble
 0001:0003C6E4       Classes.TWriter.WriteFloat
 0001:0003C798       Classes.TWriter.WriteIdent
 0001:0003C87C       Classes.TWriter.WriteInteger
 0001:0003C8F0       Classes.TWriter.WriteInteger
 0001:0003C948       Classes.TWriter.WriteListBegin
 0001:0003C950       Classes.TWriter.WriteListEnd
 0001:0003E154       Classes.TWriter.WriteMinStr
 0001:0003C958       Classes.TWriter.WritePrefix
 0001:0003C9A0       Classes.TWriter.WriteProperties
 0001:0003DAF8       Classes.TWriter.WriteProperty
 0001:0003E02C       Classes.TWriter.WritePropName
 0001:0003E080       Classes.TWriter.WriteRootComponent
 0001:0003E088       Classes.TWriter.WriteSignature
 0001:0003C708       Classes.TWriter.WriteSingle
 0001:0003E098       Classes.TWriter.WriteStr
 0001:0003E288       Classes.TWriter.WriteString
 0001:0003E3A0       Classes.TWriter.WriteUTF8Str
 0001:0003E47C       Classes.TWriter.WriteValue
 0001:0003DC4C       Classes.TWriter.WriteVariant
 0001:0003C068       Classes.TWriter.WriteWideChar
 0001:0003E474       Classes.TWriter.WriteWideString
 0001:00033160       Classes.UnregisterFindGlobalComponentProc
 0001:00032C44       Classes.UnRegisterModuleClasses
 0003:00001088       Classes.UtilWindowClass
 0001:0003E66C       Classes.WaitForSyncEvent
 0003:00000FA0       Classes.WakeMainThread
 0001:00033494       Classes.WriteCollection
 0001:0003D328       Classes.WriteCollectionProp
 0001:0003D4C4       Classes.WriteFloatProp
 0001:0003D504       Classes.WriteInt64Prop
 0001:0003D928       Classes.WriteInterfaceProp
 0001:0003D2BC       Classes.WriteIntProp
 0001:0003DA04       Classes.WriteMethodProp
 0001:0003D714       Classes.WriteObjectProp
 0001:0003D3CC       Classes.WriteOrdProp
 0001:0003D1D0       Classes.WritePropPath
 0001:0003D228       Classes.WriteSet
 0001:0003D540       Classes.WriteStrProp
 0001:0003DA94       Classes.WriteVariantProp
 0004:00005178       Clipbrd..3
 0001:0006BC20       Clipbrd..EClipboardException
 0001:0006B7BC       Clipbrd..TClipboard
 0004:00005176       Clipbrd.CF_COMPONENT
 0004:00005174       Clipbrd.CF_PICTURE
 0001:0006C7A0       Clipbrd.Clipboard
 0002:00000950       Clipbrd.Clipbrd
 0004:0000517C       Clipbrd.FClipboard
 0001:0006C850       Clipbrd.Finalization
 0001:0006C6E8       Clipbrd.HasAPicture
 0001:0006BD0C       Clipbrd.TClipboard.Adding
 0001:0006C5E8       Clipbrd.TClipboard.Assign
 0001:0006C564       Clipbrd.TClipboard.AssignGraphic
 0001:0006C4E0       Clipbrd.TClipboard.AssignPicture
 0001:0006C478       Clipbrd.TClipboard.AssignTo
 0001:0006C3A8       Clipbrd.TClipboard.AssignToBitmap
 0001:0006C414       Clipbrd.TClipboard.AssignToMetafile
 0001:0006C2F0       Clipbrd.TClipboard.AssignToPicture
 0001:0006BCC8       Clipbrd.TClipboard.Clear
 0001:0006BD28       Clipbrd.TClipboard.Close
 0001:0006C81C       Clipbrd.TClipboard.Destroy
 0001:0006C634       Clipbrd.TClipboard.GetAsHandle
 0001:0006C1E4       Clipbrd.TClipboard.GetAsText
 0001:0006BE28       Clipbrd.TClipboard.GetComponent
 0001:0006C6E0       Clipbrd.TClipboard.GetFormatCount
 0001:0006C13C       Clipbrd.TClipboard.GetTextBuf
 0001:0006C768       Clipbrd.TClipboard.HasFormat
 0001:0006C7C0       Clipbrd.TClipboard.MainWndProc
 0001:0006BD54       Clipbrd.TClipboard.Open
 0001:0006C688       Clipbrd.TClipboard.SetAsHandle
 0001:0006C264       Clipbrd.TClipboard.SetAsText
 0001:0006BFCC       Clipbrd.TClipboard.SetBuffer
 0001:0006C0CC       Clipbrd.TClipboard.SetComponent
 0001:0006C1C0       Clipbrd.TClipboard.SetTextBuf
 0001:0006BE08       Clipbrd.TClipboard.WndProc
 0004:00005188       ComCtrls..96
 0001:0006DD34       ComCtrls..TConversion
 0002:00000A1C       ComCtrls.ComCtrls
 0004:0000518C       ComCtrls.ConversionFormatList
 0001:0006E0CC       ComCtrls.Finalization
 0001:0006E06C       ComCtrls.FreeConversionFormatList
 0004:00005194       ComCtrls.FRichEditModule
 0003:00001A7C       ComCtrls.RTFConversionFormat
 0004:00005190       ComCtrls.ShellModule
 0001:0006DFB4       ComCtrls.TConversion.ConvertReadStream
 0001:0006E010       ComCtrls.TConversion.ConvertWriteStream
 0001:0006DF7C       ComCtrls.TConversion.Create
 0003:00001A84       ComCtrls.TextConversionFormat
 0004:00002C4C       CommCtrl.ComCtl32DLL
 0001:0000B960       CommCtrl.FlatSB_GetScrollInfo
 0001:0000B968       CommCtrl.FlatSB_GetScrollPos
 0001:0000B970       CommCtrl.FlatSB_SetScrollInfo
 0001:0000B978       CommCtrl.FlatSB_SetScrollPos
 0001:0000B980       CommCtrl.FlatSB_SetScrollProp
 0001:0000B898       CommCtrl.ImageList_Add
 0001:0000B8F8       CommCtrl.ImageList_BeginDrag
 0001:0000B8F0       CommCtrl.ImageList_Copy
 0001:0000B878       CommCtrl.ImageList_Create
 0001:0000B880       CommCtrl.ImageList_Destroy
 0001:0000B908       CommCtrl.ImageList_DragEnter
 0001:0000B910       CommCtrl.ImageList_DragLeave
 0001:0000B918       CommCtrl.ImageList_DragMove
 0001:0000B920       CommCtrl.ImageList_DragShowNolock
 0001:0000B8C0       CommCtrl.ImageList_Draw
 0001:0000B8D0       CommCtrl.ImageList_DrawEx
 0001:0000B900       CommCtrl.ImageList_EndDrag
 0001:0000B8B0       CommCtrl.ImageList_GetBkColor
 0001:0000B928       CommCtrl.ImageList_GetDragImage
 0001:0000B8E0       CommCtrl.ImageList_GetIcon
 0001:0000B940       CommCtrl.ImageList_GetIconSize
 0001:0000B888       CommCtrl.ImageList_GetImageCount
 0001:0000B950       CommCtrl.ImageList_GetImageInfo
 0001:0000B8E8       CommCtrl.ImageList_LoadImage
 0001:0000B930       CommCtrl.ImageList_Read
 0001:0000B8D8       CommCtrl.ImageList_Remove
 0001:0000B8C8       CommCtrl.ImageList_Replace
 0001:0000B8A0       CommCtrl.ImageList_ReplaceIcon
 0001:0000B8A8       CommCtrl.ImageList_SetBkColor
 0001:0000B948       CommCtrl.ImageList_SetIconSize
 0001:0000B890       CommCtrl.ImageList_SetImageCount
 0001:0000B8B8       CommCtrl.ImageList_SetOverlayImage
 0001:0000B938       CommCtrl.ImageList_Write
 0001:0000B7F8       CommCtrl.InitComCtl
 0001:0000B988       CommCtrl.InitializeFlatSB
 0001:0000B990       CommCtrl.TaskDialogIndirect
 0004:00002C50       CommCtrl._InitCommonControlsEx
 0004:00002C54       CommCtrl._TaskDialogIndirect
 0001:0000B958       CommCtrl._TrackMouseEvent
 0001:000436E4       Contnrs..TOrderedList
 0001:000438FC       Contnrs..TStack
 0001:0004398C       Contnrs.TOrderedList.AtLeast
 0001:000439B8       Contnrs.TOrderedList.Count
 0001:000439C0       Contnrs.TOrderedList.Create
 0001:00043A04       Contnrs.TOrderedList.Destroy
 0001:00043998       Contnrs.TOrderedList.Peek
 0001:00043A34       Contnrs.TOrderedList.PeekItem
 0001:000439A0       Contnrs.TOrderedList.Pop
 0001:00043A48       Contnrs.TOrderedList.PopItem
 0001:000439A8       Contnrs.TOrderedList.Push
 0001:00043A68       Contnrs.TStack.PushItem
 0004:00005228       Controls..44
 0001:0007DFD0       Controls..TBaseDragControlObject
 0001:00081E30       Controls..TControl
 0001:0007EC5C       Controls..TControlActionLink
 0001:0007E844       Controls..TControlCanvas
[...]

   296 0001:000D1488   297 0001:000D148F   298 0001:000D149A   300 0001:000D14A5
   302 0001:000D14AD   307 0001:000D14B0   309 0001:000D14CF   311 0001:000D14F3
   313 0001:000D14FD   321 0001:000D166B   327 0001:000D17DA   333 0001:000D1949
   339 0001:000D1AB8   346 0001:000D1C27   353 0001:000D1D95   360 0001:000D1F03
   367 0001:000D2071   373 0001:000D21DF   379 0001:000D234E   385 0001:000D24BD
   391 0001:000D262C   397 0001:000D279B   398 0001:000D27AF   399 0001:000D27C6
   401 0001:000D27DA   405 0001:000D2804   407 0001:000D2813   409 0001:000D2850
   411 0001:000D29AC   413 0001:000D29B6

Line numbers for HlpGrindahl512(HlpGrindahl512.pas) segment .itext

   415 0002:0001C388

Line numbers for HlpGrindahl256(HlpGrindahl256.pas) segment .text

   110 0001:000D2DE0   111 0001:000D2DEF   112 0001:000D2E0A   113 0001:000D2E0F
   115 0001:000D2E18   117 0001:000D2E50   113 0001:000D2E53   119 0001:000D2E5C
   124 0001:000D2E60   125 0001:000D2E88   126 0001:000D2E97   127 0001:000D2EAE
   128 0001:000D2EC5   129 0001:000D2F13   130 0001:000D2F25   131 0001:000D2F3C
   132 0001:000D2F4C   135 0001:000D2F84   136 0001:000D2F9C   137 0001:000D2FAF
   138 0001:000D2FCA   139 0001:000D2FE5   146 0001:000D3004   148 0001:000D3024
   149 0001:000D303F   151 0001:000D305B   153 0001:000D3075   155 0001:000D307B
   157 0001:000D31A5   159 0001:000D3264   161 0001:000D3278   163 0001:000D32AD
   165 0001:000D331B   167 0001:000D3325   169 0001:000D332A   171 0001:000D3330
   172 0001:000D333A   169 0001:000D333D   175 0001:000D3343   178 0001:000D337C
   180 0001:000D3388   182 0001:000D33A0   185 0001:000D33EE

Line numbers for HlpGrindahl256(HlpGrindahl256.pas) segment .itext

   190 0002:0001C390   192 0002:0001C3B5   194 0002:0001C3D2   195 0002:0001C3D7
   197 0002:0001C3DC   200 0002:0001C3FB   201 0002:0001C420   202 0002:0001C445
   203 0002:0001C46A

Line numbers for HlpGrindahl256(HlpGrindahl256.pas) segment .text

   206 0001:000D33F4   207 0001:000D33FB   208 0001:000D3406   210 0001:000D3411
   212 0001:000D3419   217 0001:000D341C   219 0001:000D343B   221 0001:000D3445
   223 0001:000D344B   228 0001:000D34B6   232 0001:000D3521   236 0001:000D358C
   240 0001:000D35F8   244 0001:000D3663   248 0001:000D36CF   252 0001:000D373B
   256 0001:000D37A7   260 0001:000D3813   264 0001:000D387F   268 0001:000D38EA
   272 0001:000D3956   276 0001:000D39C2   277 0001:000D39D6   278 0001:000D39ED
   280 0001:000D3A01   284 0001:000D3A28   286 0001:000D3A37   288 0001:000D3A68
   290 0001:000D3AD6   292 0001:000D3AE0

Line numbers for HlpGrindahl256(HlpGrindahl256.pas) segment .itext

   294 0002:0001C498

Line numbers for HlpSHA2_512Base(HlpSHA2_512Base.pas) segment .text

  1317 0001:00000000

Line numbers for HlpSHA2_512_256(HlpSHA2_512_256.pas) segment .text

    80 0001:00000000

Line numbers for HlpSHA2_512_224(HlpSHA2_512_224.pas) segment .text

    81 0001:00000000

Line numbers for HlpSHA2_512(HlpSHA2_512.pas) segment .text

    79 0001:00000000

Line numbers for HlpSHA2_384(HlpSHA2_384.pas) segment .text

    80 0001:00000000

Line numbers for HlpSHA2_224(HlpSHA2_224.pas) segment .text

    77 0001:00000000

Line numbers for HlpSHA0(HlpSHA0.pas) segment .text

    60 0001:000D3E90    61 0001:000D3EB8    62 0001:000D3EC7    63 0001:000D3EDE
    64 0001:000D3F2C    65 0001:000D3F3E    66 0001:000D3F55    67 0001:000D3F65
    70 0001:000D3F9C    71 0001:000D3FB4    72 0001:000D3FC7    73 0001:000D3FE2
    80 0001:000D4004    83 0001:000D4010    85 0001:000D402D    87 0001:000D404B
    89 0001:000D4069    91 0001:000D4087    93 0001:000D40A5    95 0001:000D40C3
    97 0001:000D40E1    99 0001:000D40FF   101 0001:000D411D   103 0001:000D413B
   105 0001:000D4159   107 0001:000D4177   109 0001:000D4195   111 0001:000D41B3
   113 0001:000D41D1   115 0001:000D41EF   117 0001:000D4210   119 0001:000D4231
   121 0001:000D4252   123 0001:000D4276   125 0001:000D429A   127 0001:000D42BE
   129 0001:000D42E2   131 0001:000D4306   133 0001:000D432D   135 0001:000D4354
   137 0001:000D437B   139 0001:000D43A2   141 0001:000D43C9   143 0001:000D43F0
   145 0001:000D441A   147 0001:000D4444   149 0001:000D4471   151 0001:000D449E
   153 0001:000D44CB   155 0001:000D44F8   157 0001:000D4525   159 0001:000D4552
   161 0001:000D457F   163 0001:000D45AC   165 0001:000D45D9   167 0001:000D4606
   169 0001:000D4633   171 0001:000D4660   173 0001:000D468D   175 0001:000D46BA
   177 0001:000D46E7   179 0001:000D4714   181 0001:000D4741   183 0001:000D476E
   185 0001:000D479B   187 0001:000D47C8   189 0001:000D47F5   191 0001:000D4822
   193 0001:000D484F   195 0001:000D487C   197 0001:000D48A9   199 0001:000D48D6
   201 0001:000D4903   203 0001:000D4930   205 0001:000D495D   207 0001:000D498A
   209 0001:000D49B7   219 0001:000D49E4   226 0001:000D49E8   227 0001:000D4A08
   228 0001:000D4A20   230 0001:000D4A38   232 0001:000D4A57   234 0001:000D4A74
   236 0001:000D4A91   238 0001:000D4A97   240 0001:000D4BC1   242 0001:000D4C68
   244 0001:000D4C6C   246 0001:000D4C7D   249 0001:000D4CB4   251 0001:000D4CC0
   252 0001:000D4CD8   255 0001:000D4D20   258 0001:000D4D24   260 0001:000D4D2B
   261 0001:000D4D37   262 0001:000D4D44   263 0001:000D4D51   264 0001:000D4D5E
   266 0001:000D4D6B   268 0001:000D4D73   276 0001:000D4D78   278 0001:000D4D8A
   280 0001:000D4D93   282 0001:000D4DC4   284 0001:000D4DCF   285 0001:000D4DDA
   286 0001:000D4DE6   287 0001:000D4DF2   288 0001:000D4DFE   290 0001:000D4E0A
   293 0001:000D4E68   294 0001:000D4EAD   297 0001:000D4F0B   298 0001:000D4F50
   301 0001:000D4FAE   302 0001:000D4FF3   305 0001:000D5051   306 0001:000D5096
   309 0001:000D50F4   310 0001:000D5139   313 0001:000D5197   314 0001:000D51E2
   317 0001:000D5255   318 0001:000D52AF   321 0001:000D5322   322 0001:000D537C
   325 0001:000D53EF   326 0001:000D5449   329 0001:000D54BC   330 0001:000D5516
   333 0001:000D5589   334 0001:000D55E3   337 0001:000D5656   338 0001:000D56B0
   341 0001:000D5723   342 0001:000D577D   345 0001:000D57F0   346 0001:000D584A
   349 0001:000D58BD   350 0001:000D5917   353 0001:000D598A   354 0001:000D59E4
   357 0001:000D5A57   358 0001:000D5AB1   361 0001:000D5B24   362 0001:000D5B7E
   365 0001:000D5BF1   366 0001:000D5C4B   369 0001:000D5CBE   370 0001:000D5D18
   372 0001:000D5D88   373 0001:000D5DE2   375 0001:000D5E52   376 0001:000D5EAC
   378 0001:000D5F1C   379 0001:000D5F76   381 0001:000D5FE6   382 0001:000D6040
   384 0001:000D60B0   385 0001:000D610A   387 0001:000D617A   388 0001:000D61D4
   390 0001:000D6244   391 0001:000D629E   393 0001:000D630E   394 0001:000D6368
   396 0001:000D63D8   397 0001:000D6432   399 0001:000D64A2   400 0001:000D64FC
   402 0001:000D656C   403 0001:000D65C6   405 0001:000D6636   406 0001:000D6690
   408 0001:000D6700   409 0001:000D675A   411 0001:000D67CA   412 0001:000D6824
   414 0001:000D6894   415 0001:000D68EE   417 0001:000D695E   418 0001:000D69B8
   420 0001:000D6A28   421 0001:000D6A82   423 0001:000D6AF2   424 0001:000D6B4C
   426 0001:000D6BBC   427 0001:000D6C16   429 0001:000D6C86   430 0001:000D6CE0
   433 0001:000D6D59   434 0001:000D6DB3   437 0001:000D6E2C   438 0001:000D6E86
   441 0001:000D6EFF   442 0001:000D6F59   445 0001:000D6FD2   446 0001:000D702C
   449 0001:000D70A5   450 0001:000D70FF   453 0001:000D7178   454 0001:000D71D2
   457 0001:000D724B   458 0001:000D72A5   461 0001:000D731E   462 0001:000D7378
   465 0001:000D73F1   466 0001:000D744B   469 0001:000D74C4   470 0001:000D751E
   473 0001:000D7597   474 0001:000D75F1   477 0001:000D766A   478 0001:000D76C4
   481 0001:000D773D   482 0001:000D7797   485 0001:000D7810   486 0001:000D786A
   489 0001:000D78E3   490 0001:000D793D   493 0001:000D79B6   494 0001:000D7A10
   497 0001:000D7A89   498 0001:000D7AE3   501 0001:000D7B5C   502 0001:000D7BB6
   505 0001:000D7C2F   506 0001:000D7C89   509 0001:000D7D02   510 0001:000D7D5C
   512 0001:000D7DCC   513 0001:000D7E26   515 0001:000D7E96   516 0001:000D7EF0
   518 0001:000D7F60   519 0001:000D7FBA   521 0001:000D802A   522 0001:000D8084
   524 0001:000D80F4   525 0001:000D814E   527 0001:000D81BE   528 0001:000D8218
   530 0001:000D8288   531 0001:000D82E2   533 0001:000D8352   534 0001:000D83AC
   536 0001:000D841C   537 0001:000D8476   539 0001:000D84E6   540 0001:000D8540
   542 0001:000D85B0   543 0001:000D860A   545 0001:000D867A   546 0001:000D86D4
   548 0001:000D8744   549 0001:000D879E   551 0001:000D880E   552 0001:000D8868
   554 0001:000D88D8   555 0001:000D8932   557 0001:000D89A2   558 0001:000D89FC
   560 0001:000D8A6C   561 0001:000D8AC6   563 0001:000D8B36   564 0001:000D8B90
   566 0001:000D8C00   567 0001:000D8C5A   569 0001:000D8CCA   571 0001:000D8D24
   572 0001:000D8D2F   573 0001:000D8D3B   574 0001:000D8D47   575 0001:000D8D53
   577 0001:000D8D5F   579 0001:000D8D71   581 0001:000D8E7F

Line numbers for HlpSHA1(HlpSHA1.pas) segment .text

    38 0001:000D8FA0    39 0001:000D8FC2    40 0001:000D8FD1    41 0001:000D8FE8
    42 0001:000D900A    43 0001:000D901C    44 0001:000D9033    45 0001:000D9043
    48 0001:000D907C    49 0001:000D9094    50 0001:000D909E    58 0001:000D90C0
    61 0001:000D90CF    62 0001:000D90E9    63 0001:000D9131    65 0001:000D914C
    66 0001:000D9194    68 0001:000D91AF    69 0001:000D91F7    71 0001:000D9212
    72 0001:000D925A    74 0001:000D9275    75 0001:000D92BD    77 0001:000D92D8
    78 0001:000D9320    80 0001:000D933B    81 0001:000D9383    83 0001:000D939E
    84 0001:000D93E6    86 0001:000D9401    87 0001:000D9449    89 0001:000D9464
    90 0001:000D94AC    92 0001:000D94C7    93 0001:000D950F    95 0001:000D952A
    96 0001:000D9572    98 0001:000D958D    99 0001:000D95D5   101 0001:000D95F0
   102 0001:000D9638   104 0001:000D9653   105 0001:000D96A1   107 0001:000D96BC
   108 0001:000D9719   110 0001:000D9734   111 0001:000D9794   113 0001:000D97AF
   114 0001:000D980F   116 0001:000D982A   117 0001:000D988A   119 0001:000D98A8
   120 0001:000D9908   122 0001:000D9926   123 0001:000D9986   125 0001:000D99A4
   126 0001:000D9A04   128 0001:000D9A22   129 0001:000D9A82   131 0001:000D9AA0
   132 0001:000D9B00   134 0001:000D9B21   135 0001:000D9B81   137 0001:000D9BA2
   138 0001:000D9C02   140 0001:000D9C23   141 0001:000D9C83   143 0001:000D9CA4
   144 0001:000D9D04   146 0001:000D9D25   147 0001:000D9D85   149 0001:000D9DA6
   150 0001:000D9E06   152 0001:000D9E2A   153 0001:000D9E8A   155 0001:000D9EAE
   156 0001:000D9F0E   158 0001:000D9F35   159 0001:000D9F95   161 0001:000D9FBC
   162 0001:000DA01C   164 0001:000DA043   165 0001:000DA0A3   167 0001:000DA0CA
   168 0001:000DA12A   170 0001:000DA151   171 0001:000DA1B1   173 0001:000DA1D8
   174 0001:000DA238   176 0001:000DA25F   177 0001:000DA2BF   179 0001:000DA2E6
   180 0001:000DA346   182 0001:000DA36D   183 0001:000DA3CD   185 0001:000DA3F4
   186 0001:000DA454   188 0001:000DA47B   189 0001:000DA4DB   191 0001:000DA502
   192 0001:000DA562   194 0001:000DA589   195 0001:000DA5E9   197 0001:000DA610
   198 0001:000DA670   200 0001:000DA697   201 0001:000DA6F7   203 0001:000DA71E
   204 0001:000DA77E   206 0001:000DA7A5   207 0001:000DA805   209 0001:000DA82C
   210 0001:000DA88C   212 0001:000DA8B3   213 0001:000DA913   215 0001:000DA93A
   216 0001:000DA99A   218 0001:000DA9C1   219 0001:000DAA21   221 0001:000DAA48
   222 0001:000DAAA8   224 0001:000DAACF   225 0001:000DAB2F   227 0001:000DAB56
   228 0001:000DABB6   230 0001:000DABDD   231 0001:000DAC3D   233 0001:000DAC64
   234 0001:000DACC4   236 0001:000DACEB   237 0001:000DAD4B   239 0001:000DAD72
   240 0001:000DADD2   242 0001:000DADF9   243 0001:000DAE59   245 0001:000DAE80
   246 0001:000DAEE0   248 0001:000DAF07   249 0001:000DAF67   251 0001:000DAF8E
   260 0001:000DAFEE   262 0001:000DB0FB

Line numbers for HlpMD5(HlpMD5.pas) segment .text

   211 0001:00000000

Line numbers for HlpMD4(HlpMD4.pas) segment .text

   177 0001:00000000

Line numbers for HlpMD2(HlpMD2.pas) segment .text

   184 0001:00000000

Line numbers for HlpTiger2(HlpTiger2.pas) segment .text

  1117 0001:00000000

Line numbers for HlpTiger(HlpTiger.pas) segment .text

  1117 0001:00000000

Line numbers for HlpMurmurHash3_x64_128(HlpNullable.pas) segment .text

   219 0001:00000000

Line numbers for HlpMurmurHash3_x86_128(HlpNullable.pas) segment .text

   219 0001:00000000

Line numbers for HlpXXHash64(HlpNullable.pas) segment .text

   219 0001:00000000

Line numbers for HlpSipHash(HlpNullable.pas) segment .text

   219 0001:00000000

Line numbers for HlpMultipleTransformNonBlock(HlpMultipleTransformNonBlock.pas) segment .text

    97 0001:00000000

Line numbers for HlpMurmur2_64(HlpNullable.pas) segment .text

   219 0001:00000000

Line numbers for HlpFNV1a64(HlpFNV1a64.pas) segment .text

    81 0001:00000000

Line numbers for HlpFNV64(HlpFNV64.pas) segment .text

    81 0001:00000000

Line numbers for HlpXXHash32(HlpNullable.pas) segment .text

   219 0001:00000000

Line numbers for HlpSuperFast(HlpSuperFast.pas) segment .text

   134 0001:00000000

Line numbers for HlpShiftAndXor(HlpShiftAndXor.pas) segment .text

    80 0001:00000000

Line numbers for HlpSDBM(HlpSDBM.pas) segment .text

    81 0001:00000000

Line numbers for HlpRS(HlpRS.pas) segment .text

    86 0001:00000000

Line numbers for HlpRotating(HlpRotating.pas) segment .text

    82 0001:00000000

Line numbers for HlpPJW(HlpPJW.pas) segment .text

    91 0001:00000000

Line numbers for HlpOneAtTime(HlpOneAtTime.pas) segment .text

    86 0001:00000000

Line numbers for HlpMurmurHash3_x86_32(HlpNullable.pas) segment .text

   219 0001:00000000

Line numbers for HlpMurmur2(HlpNullable.pas) segment .text

   219 0001:00000000

Line numbers for HlpJS(HlpJS.pas) segment .text

    81 0001:00000000

Line numbers for HlpJenkins3(HlpJenkins3.pas) segment .text

   417 0001:00000000

Line numbers for HlpFNV1a(HlpFNV1a.pas) segment .text

    81 0001:00000000

Line numbers for HlpFNV(HlpFNV.pas) segment .text

    81 0001:00000000

Line numbers for HlpELF(HlpELF.pas) segment .text

    87 0001:00000000

Line numbers for HlpDJB(HlpDJB.pas) segment .text

    81 0001:00000000

Line numbers for HlpDEK(HlpDEK.pas) segment .text

    68 0001:00000000

Line numbers for HlpBKDR(HlpBKDR.pas) segment .text

    84 0001:00000000

Line numbers for HlpBernstein1(HlpBernstein1.pas) segment .text

    81 0001:00000000

Line numbers for HlpBernstein(HlpBernstein.pas) segment .text

    81 0001:00000000

Line numbers for HlpAP(HlpAP.pas) segment .text

    92 0001:00000000

Line numbers for HlpICRC(HlpICRC.pas) segment .text

    37 0001:00000000

Line numbers for HlpCRC(HlpCRC.pas) segment .text

  1454 0001:00000000

Line numbers for HlpCRC64(HlpCRC64.pas) segment .text

    95 0001:00000000

Line numbers for HlpCRC32Fast(HlpCRC32Fast.pas) segment .text

    88 0001:000DB104    89 0001:000DB110    90 0001:000DB12B    92 0001:000DB130
    93 0001:000DB136    95 0001:000DB13B    96 0001:000DB140   114 0001:000DB146
   115 0001:000DB15B   116 0001:000DB16F    96 0001:000DB172   118 0001:000DB178
    93 0001:000DB17B   119 0001:000DB181    90 0001:000DB184   120 0001:000DB18D

Line numbers for HlpCRC32Fast(HlpCRC32Fast.pas) segment .itext

   210 0002:0001C4A0   211 0002:0001C4BC   212 0002:0001C4DC   238 0002:0001C504
   239 0002:0001C520   240 0002:0001C540   242 0002:0001C568

Line numbers for HlpCRC32(HlpCRC32.pas) segment .text

   115 0001:00000000

Line numbers for HlpCRC16(HlpCRC16.pas) segment .text

    87 0001:00000000

Line numbers for HlpAdler32(HlpAdler32.pas) segment .text

   118 0001:00000000

Line numbers for HlpNullDigest(HlpNullDigest.pas) segment .text

    95 0001:00000000

Line numbers for HlpHashFactory(HlpHashFactory.pas) segment .text

   991 0001:000DB1E4   992 0001:000DB1ED   993 0001:000DB20A  1344 0001:000DB20E

Line numbers for ALPC_Server(ALPC_Server.Pas) segment .text

    84 0001:000DD1C0    89 0001:000DD1C8    90 0001:000DD1EA    91 0001:000DD1EF
    92 0001:000DD1F9    93 0001:000DD207    94 0001:000DD223    97 0001:000DD240
    98 0001:000DD24D   100 0001:000DD257   101 0001:000DD25D   102 0001:000DD266
   103 0001:000DD26D   105 0001:000DD287   107 0001:000DD2C1   115 0001:000DD314
   116 0001:000DD323   117 0001:000DD32B   118 0001:000DD33A   119 0001:000DD348
   120 0001:000DD356   123 0001:000DD392   125 0001:000DD3AB   126 0001:000DD3B0
   128 0001:000DD3C0   131 0001:000DD3E0   132 0001:000DD3F8   133 0001:000DD400
   143 0001:000DD420   144 0001:000DD431   145 0001:000DD439   146 0001:000DD447
   149 0001:000DD45C   150 0001:000DD468   153 0001:000DD48C   154 0001:000DD4B3
   157 0001:000DD4BC   159 0001:000DD4C3   161 0001:000DD4CC   162 0001:000DD4E9
   163 0001:000DD4FE   164 0001:000DD509   166 0001:000DD513   169 0001:000DD600
   171 0001:000DD609   173 0001:000DD612   174 0001:000DD62F   175 0001:000DD63D
   176 0001:000DD64A   177 0001:000DD655   178 0001:000DD660   179 0001:000DD680
   182 0001:000DD689   187 0001:000DD778   188 0001:000DD784   189 0001:000DD78D
   191 0001:000DD797   193 0001:000DD7A1   194 0001:000DD7AD   196 0001:000DD7B9
   197 0001:000DD7C5   200 0001:000DD7E7   203 0001:000DD815   204 0001:000DD832
   205 0001:000DD84F   207 0001:000DD859   210 0001:000DD880   215 0001:000DD891
   216 0001:000DD8B1   219 0001:000DD8DB   221 0001:000DD8E1   226 0001:000DD8F5
   227 0001:000DD903   228 0001:000DD90F   230 0001:000DD918   231 0001:000DD924
   235 0001:000DD93B   245 0001:000DD942   246 0001:000DD94B   198 0001:000DD95F
   249 0001:000DD96C   252 0001:000DD9E4   253 0001:000DD9EB   254 0001:000DD9F3
   255 0001:000DD9FD   262 0001:000DDA00   263 0001:000DDA1B   264 0001:000DDA27
   265 0001:000DDA37   268 0001:000DDA58   270 0001:000DDA60   271 0001:000DDA67
   272 0001:000DDA70

Line numbers for ALPC_Server(StubViewerBody.Inc) segment .text

     6 0001:000DDA74     7 0001:000DDA93     8 0001:000DDA9B     9 0001:000DDACE
    10 0001:000DDAD6    21 0001:000DDB08    22 0001:000DDB16    23 0001:000DDB29
    62 0001:000DDB30    63 0001:000DDB39    64 0001:000DDB42    77 0001:000DDB4C
    78 0001:000DDB6F    79 0001:000DDC0E    90 0001:000DDC30    91 0001:000DDC3C

Line numbers for ALPC_Server(ALPC_Server.Pas) segment .text

   274 0001:000DDC45   279 0001:000DDC4C   280 0001:000DDC6B   281 0001:000DDC76
   282 0001:000DDCA6   294 0001:000DDCC8   295 0001:000DDCDA   297 0001:000DDCE4

Line numbers for ALPC_Server(ALPC_Server.Pas) segment .itext

   284 0002:0001C570   286 0002:0001C579   287 0002:0001C58C   288 0002:0001C59D
   289 0002:0001C5B2   290 0002:0001C5C7   292 0002:0001C5DC

Line numbers for ALPC_Server_Example(ALPC_Server_Example.pas) segment .text

    31 0001:000DF41C    32 0001:000DF429    33 0001:000DF447    34 0001:000DF452
    37 0001:000DF49C    38 0001:000DF4A9    39 0001:000DF4B4    42 0001:000DF4BC
    43 0001:000DF4C8    44 0001:000DF4D8    45 0001:000DF4E0    46 0001:000DF4ED
    47 0001:000DF50F    48 0001:000DF527    49 0001:000DF53E    50 0001:000DF675
    51 0001:000DF80D

Line numbers for ALPC_Server_Example(ALPC_Server_Example.pas) segment .itext

    53 0002:0001C5E0    54 0002:0001C5E9    55 0002:0001C5F8

Line numbers for FServer(FServer.dpr) segment .itext

    19 0002:0001C610    20 0002:0001C620    21 0002:0001C62C    22 0002:0001C63A
    23 0002:0001C652    24 0002:0001C65E

Bound resource files

c:\program files (x86)\embarcadero\rad studio\7.0\lib\Character.res
c:\program files (x86)\embarcadero\rad studio\7.0\lib\controls.res
c:\program files (x86)\embarcadero\rad studio\7.0\lib\buttons.res
C:\Program Files (x86)\Raize\RC6\Lib\RS2010\RzCmboBx.res
C:\Program Files (x86)\Raize\RC6\Lib\RS2010\RzCommonBitmaps.res
c:\program files (x86)\embarcadero\rad studio\7.0\lib\extdlgs.res
C:\Program Files (x86)\Raize\RC6\Lib\RS2010\RzCommonCursors.res
C:\Program Files (x86)\Raize\RC6\Lib\RS2010\RzToolbarForm.dfm
ALPC_Server_Example.dfm
FServer.res
FServer.drf


Program entry point at 0002:0001C610
