
 Start         Length     Name                   Class
 0001:00401000 000B90B0H .text                   CODE
 0002:004BB000 0001B970H .itext                  ICODE
 0003:004D7000 0000541CH .data                   DATA
 0004:004DD000 0000028CH .bss                    BSS
 0005:00000000 00000000H .tls                    TLS


Detailed map of segments

 0001:00000000 0000023E C=CODE     S=.text    G=(none)   M=System   ACBP=A9
 0001:00000240 000001C3 C=CODE     S=.text    G=(none)   M=SysInit  ACBP=A9
 0001:00000404 000000A6 C=CODE     S=.text    G=(none)   M=SysUtils ACBP=A9
 0001:000004AC 00000069 C=CODE     S=.text    G=(none)   M=Windows  ACBP=A9
 0001:00000518 00000006 C=CODE     S=.text    G=(none)   M=StrUtils ACBP=A9
 0001:00000520 00000993 C=CODE     S=.text    G=(none)   M=HlpHashLibTypes ACBP=A9
 0001:00000EB4 00000043 C=CODE     S=.text    G=(none)   M=HlpIHashResult ACBP=A9
 0001:00000EF8 0000004E C=CODE     S=.text    G=(none)   M=Classes  ACBP=A9
 0001:00000F48 0000000E C=CODE     S=.text    G=(none)   M=TypInfo  ACBP=A9
 0001:00000F58 00000006 C=CODE     S=.text    G=(none)   M=Variants ACBP=A9
 0001:00000F60 00000006 C=CODE     S=.text    G=(none)   M=VarUtils ACBP=A9
 0001:00000F68 00000037 C=CODE     S=.text    G=(none)   M=HlpIHash ACBP=A9
 0001:00000FA0 00000F47 C=CODE     S=.text    G=(none)   M=HlpBitConverter ACBP=A9
 0001:00001EE8 0000087F C=CODE     S=.text    G=(none)   M=HlpBits  ACBP=A9
 0001:00002768 0000141F C=CODE     S=.text    G=(none)   M=HlpConverters ACBP=A9
 0001:00003B88 00000F0F C=CODE     S=.text    G=(none)   M=HlpHash  ACBP=A9
 0001:00004A98 000003EB C=CODE     S=.text    G=(none)   M=HlpArrayUtils ACBP=A9
 0001:00004E84 000002CF C=CODE     S=.text    G=(none)   M=HlpHashBuffer ACBP=A9
 0001:00005154 00000006 C=CODE     S=.text    G=(none)   M=EncdDecd ACBP=A9
 0001:0000515C 00000DC7 C=CODE     S=.text    G=(none)   M=HlpHashResult ACBP=A9
 0001:00005F24 0000053B C=CODE     S=.text    G=(none)   M=HlpNullable ACBP=A9
 0001:00006460 00000067 C=CODE     S=.text    G=(none)   M=HlpArgon2TypeAndVersion ACBP=A9
 0001:000064C8 00000037 C=CODE     S=.text    G=(none)   M=HlpIKDF  ACBP=A9
 0001:00006500 00000577 C=CODE     S=.text    G=(none)   M=HlpIHashInfo ACBP=A9
 0001:00006A78 000005EB C=CODE     S=.text    G=(none)   M=HlpHashCryptoNotBuildIn ACBP=A9
 0001:00007064 00000CEF C=CODE     S=.text    G=(none)   M=HlpHMACNotBuildInAdapter ACBP=A9
 0001:00007D54 000001BF C=CODE     S=.text    G=(none)   M=HlpKDF   ACBP=A9
 0001:00007F14 00000A23 C=CODE     S=.text    G=(none)   M=HlpPBKDF2_HMACNotBuildInAdapter ACBP=A9
 0001:00008938 0000936F C=CODE     S=.text    G=(none)   M=HlpSHA2_256Base ACBP=A9
 0001:00011CA8 00000347 C=CODE     S=.text    G=(none)   M=HlpSHA2_256 ACBP=A9
 0001:00011FF0 0000104B C=CODE     S=.text    G=(none)   M=HlpPBKDF_ScryptNotBuildInAdapter ACBP=A9
 0001:0001303C 0000004B C=CODE     S=.text    G=(none)   M=HlpIBlake2BConfig ACBP=A9
 0001:00013088 00000007 C=CODE     S=.text    G=(none)   M=HlpHashSize ACBP=A9
 0001:00013090 0000067B C=CODE     S=.text    G=(none)   M=HlpBlake2BConfig ACBP=A9
 0001:0001370C 00000053 C=CODE     S=.text    G=(none)   M=HlpIBlake2BTreeConfig ACBP=A9
 0001:00013760 00000563 C=CODE     S=.text    G=(none)   M=HlpBlake2BTreeConfig ACBP=A9
 0001:00013CC4 00000612 C=CODE     S=.text    G=(none)   M=HlpBlake2BIvBuilder ACBP=A9
 0001:000142D8 00015BFA C=CODE     S=.text    G=(none)   M=HlpBlake2B ACBP=A9
 0001:00029ED4 0000498B C=CODE     S=.text    G=(none)   M=HlpPBKDF_Argon2NotBuildInAdapter ACBP=A9
 0001:0002E860 00000053 C=CODE     S=.text    G=(none)   M=HlpIBlake2STreeConfig ACBP=A9
 0001:0002E8B4 0000004B C=CODE     S=.text    G=(none)   M=HlpIBlake2SConfig ACBP=A9
 0001:0002E900 0000067B C=CODE     S=.text    G=(none)   M=HlpBlake2SConfig ACBP=A9
 0001:0002EF7C 000005BF C=CODE     S=.text    G=(none)   M=HlpBlake2STreeConfig ACBP=A9
 0001:0002F53C 000005B2 C=CODE     S=.text    G=(none)   M=HlpBlake2SIvBuilder ACBP=A9
 0001:0002FAF0 0000752E C=CODE     S=.text    G=(none)   M=HlpBlake2S ACBP=A9
 0001:00037020 00005F77 C=CODE     S=.text    G=(none)   M=HlpSHA3  ACBP=A9
 0001:0003CF98 000005F7 C=CODE     S=.text    G=(none)   M=HlpMDBase ACBP=A9
 0001:0003D590 00005FA7 C=CODE     S=.text    G=(none)   M=HlpRIPEMD320 ACBP=A9
 0001:00043538 00002DA7 C=CODE     S=.text    G=(none)   M=HlpRIPEMD256 ACBP=A9
 0001:000462E0 00005F4F C=CODE     S=.text    G=(none)   M=HlpRIPEMD160 ACBP=A9
 0001:0004C230 00002D2F C=CODE     S=.text    G=(none)   M=HlpRIPEMD128 ACBP=A9
 0001:0004EF60 00002B23 C=CODE     S=.text    G=(none)   M=HlpRIPEMD ACBP=A9
 0001:00051A84 00000AD3 C=CODE     S=.text    G=(none)   M=HlpHAS160 ACBP=A9
 0001:00052558 000025BC C=CODE     S=.text    G=(none)   M=HlpGOST3411_2012 ACBP=A9
 0001:00054B14 00001D94 C=CODE     S=.text    G=(none)   M=HlpGost  ACBP=A9
 0001:000568A8 00000007 C=CODE     S=.text    G=(none)   M=HlpHashRounds ACBP=A9
 0001:000568B0 000122B7 C=CODE     S=.text    G=(none)   M=HlpHaval ACBP=A9
 0001:00068B68 00000CD4 C=CODE     S=.text    G=(none)   M=HlpSnefru ACBP=A9
 0001:0006983C 000009B7 C=CODE     S=.text    G=(none)   M=HlpRadioGatun64 ACBP=A9
 0001:0006A1F4 000008B3 C=CODE     S=.text    G=(none)   M=HlpRadioGatun32 ACBP=A9
 0001:0006AAA8 00000E80 C=CODE     S=.text    G=(none)   M=HlpWhirlPool ACBP=A9
 0001:0006B928 000012EF C=CODE     S=.text    G=(none)   M=HlpPanama ACBP=A9
 0001:0006CC18 00001D78 C=CODE     S=.text    G=(none)   M=HlpGrindahl512 ACBP=A9
 0001:0006E990 00000E98 C=CODE     S=.text    G=(none)   M=HlpGrindahl256 ACBP=A9
 0001:0006F828 00016EF3 C=CODE     S=.text    G=(none)   M=HlpSHA2_512Base ACBP=A9
 0001:0008671C 0000038B C=CODE     S=.text    G=(none)   M=HlpSHA2_512_256 ACBP=A9
 0001:00086AA8 000003A7 C=CODE     S=.text    G=(none)   M=HlpSHA2_512_224 ACBP=A9
 0001:00086E50 0000037F C=CODE     S=.text    G=(none)   M=HlpSHA2_512 ACBP=A9
 0001:000871D0 0000037F C=CODE     S=.text    G=(none)   M=HlpSHA2_384 ACBP=A9
 0001:00087550 00000347 C=CODE     S=.text    G=(none)   M=HlpSHA2_224 ACBP=A9
 0001:00087898 0000392B C=CODE     S=.text    G=(none)   M=HlpSHA0  ACBP=A9
 0001:0008B1C4 0000142B C=CODE     S=.text    G=(none)   M=HlpSHA1  ACBP=A9
 0001:0008C5F0 000017E7 C=CODE     S=.text    G=(none)   M=HlpMD5   ACBP=A9
 0001:0008DDD8 0000116F C=CODE     S=.text    G=(none)   M=HlpMD4   ACBP=A9
 0001:0008EF48 00000693 C=CODE     S=.text    G=(none)   M=HlpMD2   ACBP=A9
 0001:0008F5DC 000043F3 C=CODE     S=.text    G=(none)   M=HlpTiger2 ACBP=A9
 0001:000939D0 000043F3 C=CODE     S=.text    G=(none)   M=HlpTiger ACBP=A9
 0001:00097DC4 000024DB C=CODE     S=.text    G=(none)   M=HlpMurmurHash3_x64_128 ACBP=A9
 0001:0009A2A0 000018EF C=CODE     S=.text    G=(none)   M=HlpMurmurHash3_x86_128 ACBP=A9
 0001:0009BB90 00001B7B C=CODE     S=.text    G=(none)   M=HlpXXHash64 ACBP=A9
 0001:0009D70C 00002E6F C=CODE     S=.text    G=(none)   M=HlpSipHash ACBP=A9
 0001:000A057C 000004BF C=CODE     S=.text    G=(none)   M=HlpMultipleTransformNonBlock ACBP=A9
 0001:000A0A3C 00000ECF C=CODE     S=.text    G=(none)   M=HlpMurmur2_64 ACBP=A9
 0001:000A190C 000004EF C=CODE     S=.text    G=(none)   M=HlpFNV1a64 ACBP=A9
 0001:000A1DFC 00000503 C=CODE     S=.text    G=(none)   M=HlpFNV64 ACBP=A9
 0001:000A2300 0000113F C=CODE     S=.text    G=(none)   M=HlpXXHash32 ACBP=A9
 0001:000A3440 000004FB C=CODE     S=.text    G=(none)   M=HlpSuperFast ACBP=A9
 0001:000A393C 000004DB C=CODE     S=.text    G=(none)   M=HlpShiftAndXor ACBP=A9
 0001:000A3E18 000004F3 C=CODE     S=.text    G=(none)   M=HlpSDBM  ACBP=A9
 0001:000A430C 000004D7 C=CODE     S=.text    G=(none)   M=HlpRS    ACBP=A9
 0001:000A47E4 000004EB C=CODE     S=.text    G=(none)   M=HlpRotating ACBP=A9
 0001:000A4CD0 000004D7 C=CODE     S=.text    G=(none)   M=HlpPJW   ACBP=A9
 0001:000A51A8 000004EF C=CODE     S=.text    G=(none)   M=HlpOneAtTime ACBP=A9
 0001:000A5698 0000104F C=CODE     S=.text    G=(none)   M=HlpMurmurHash3_x86_32 ACBP=A9
 0001:000A66E8 00000AA7 C=CODE     S=.text    G=(none)   M=HlpMurmur2 ACBP=A9
 0001:000A7190 000004BF C=CODE     S=.text    G=(none)   M=HlpJS    ACBP=A9
 0001:000A7650 00000D7F C=CODE     S=.text    G=(none)   M=HlpJenkins3 ACBP=A9
 0001:000A83D0 000004B7 C=CODE     S=.text    G=(none)   M=HlpFNV1a ACBP=A9
 0001:000A8888 000004B7 C=CODE     S=.text    G=(none)   M=HlpFNV   ACBP=A9
 0001:000A8D40 000004D7 C=CODE     S=.text    G=(none)   M=HlpELF   ACBP=A9
 0001:000A9218 000004BF C=CODE     S=.text    G=(none)   M=HlpDJB   ACBP=A9
 0001:000A96D8 000003F3 C=CODE     S=.text    G=(none)   M=HlpDEK   ACBP=A9
 0001:000A9ACC 000004B7 C=CODE     S=.text    G=(none)   M=HlpBKDR  ACBP=A9
 0001:000A9F84 000004CF C=CODE     S=.text    G=(none)   M=HlpBernstein1 ACBP=A9
 0001:000AA454 000004CB C=CODE     S=.text    G=(none)   M=HlpBernstein ACBP=A9
 0001:000AA920 000004FF C=CODE     S=.text    G=(none)   M=HlpAP    ACBP=A9
 0001:000AAE20 00000037 C=CODE     S=.text    G=(none)   M=HlpICRC  ACBP=A9
 0001:000AAE58 00005FDF C=CODE     S=.text    G=(none)   M=HlpCRC   ACBP=A9
 0001:000B0E38 0000090F C=CODE     S=.text    G=(none)   M=HlpCRC64 ACBP=A9
 0001:000B1748 00000C44 C=CODE     S=.text    G=(none)   M=HlpCRC32Fast ACBP=A9
 0001:000B238C 00000BA7 C=CODE     S=.text    G=(none)   M=HlpCRC32 ACBP=A9
 0001:000B2F34 00000903 C=CODE     S=.text    G=(none)   M=HlpCRC16 ACBP=A9
 0001:000B3838 00000683 C=CODE     S=.text    G=(none)   M=HlpAdler32 ACBP=A9
 0001:000B3EBC 000004EB C=CODE     S=.text    G=(none)   M=HlpNullDigest ACBP=A9
 0001:000B43A8 00003DC3 C=CODE     S=.text    G=(none)   M=HlpHashFactory ACBP=A9
 0001:000B816C 00000F43 C=CODE     S=.text    G=(none)   M=.HashLib4PascalPackage ACBP=A9
 0002:00000000 00000006 C=ICODE    S=.itext   G=(none)   M=System   ACBP=A9
 0002:00000008 0000001E C=ICODE    S=.itext   G=(none)   M=SysUtils ACBP=A9
 0002:00000028 00000016 C=ICODE    S=.itext   G=(none)   M=Windows  ACBP=A9
 0002:00000040 00000008 C=ICODE    S=.itext   G=(none)   M=HlpHashLibTypes ACBP=A9
 0002:00000048 00000008 C=ICODE    S=.itext   G=(none)   M=HlpIHashResult ACBP=A9
 0002:00000050 0000000E C=ICODE    S=.itext   G=(none)   M=Classes  ACBP=A9
 0002:00000060 00000006 C=ICODE    S=.itext   G=(none)   M=TypInfo  ACBP=A9
 0002:00000068 00000006 C=ICODE    S=.itext   G=(none)   M=Variants ACBP=A9
 0002:00000070 00000006 C=ICODE    S=.itext   G=(none)   M=VarUtils ACBP=A9
 0002:00000078 00000008 C=ICODE    S=.itext   G=(none)   M=HlpIHash ACBP=A9
 0002:00000080 0000002C C=ICODE    S=.itext   G=(none)   M=HlpBitConverter ACBP=A9
 0002:000000AC 00000008 C=ICODE    S=.itext   G=(none)   M=HlpBits  ACBP=A9
 0002:000000B4 00000008 C=ICODE    S=.itext   G=(none)   M=HlpConverters ACBP=A9
 0002:000000BC 00000008 C=ICODE    S=.itext   G=(none)   M=HlpHash  ACBP=A9
 0002:000000C4 00000008 C=ICODE    S=.itext   G=(none)   M=HlpArrayUtils ACBP=A9
 0002:000000CC 00000008 C=ICODE    S=.itext   G=(none)   M=HlpHashBuffer ACBP=A9
 0002:000000D4 00000008 C=ICODE    S=.itext   G=(none)   M=HlpHashResult ACBP=A9
 0002:000000DC 00000008 C=ICODE    S=.itext   G=(none)   M=HlpNullable ACBP=A9
 0002:000000E4 00000008 C=ICODE    S=.itext   G=(none)   M=HlpArgon2TypeAndVersion ACBP=A9
 0002:000000EC 00000008 C=ICODE    S=.itext   G=(none)   M=HlpIKDF  ACBP=A9
 0002:000000F4 00000008 C=ICODE    S=.itext   G=(none)   M=HlpIHashInfo ACBP=A9
 0002:000000FC 00000008 C=ICODE    S=.itext   G=(none)   M=HlpHashCryptoNotBuildIn ACBP=A9
 0002:00000104 00000008 C=ICODE    S=.itext   G=(none)   M=HlpHMACNotBuildInAdapter ACBP=A9
 0002:0000010C 00000008 C=ICODE    S=.itext   G=(none)   M=HlpKDF   ACBP=A9
 0002:00000114 00000008 C=ICODE    S=.itext   G=(none)   M=HlpPBKDF2_HMACNotBuildInAdapter ACBP=A9
 0002:0000011C 00000008 C=ICODE    S=.itext   G=(none)   M=HlpSHA2_256Base ACBP=A9
 0002:00000124 00000008 C=ICODE    S=.itext   G=(none)   M=HlpSHA2_256 ACBP=A9
 0002:0000012C 00000008 C=ICODE    S=.itext   G=(none)   M=HlpPBKDF_ScryptNotBuildInAdapter ACBP=A9
 0002:00000134 00000008 C=ICODE    S=.itext   G=(none)   M=HlpIBlake2BConfig ACBP=A9
 0002:0000013C 00000008 C=ICODE    S=.itext   G=(none)   M=HlpHashSize ACBP=A9
 0002:00000144 00000008 C=ICODE    S=.itext   G=(none)   M=HlpBlake2BConfig ACBP=A9
 0002:0000014C 00000008 C=ICODE    S=.itext   G=(none)   M=HlpIBlake2BTreeConfig ACBP=A9
 0002:00000154 00000008 C=ICODE    S=.itext   G=(none)   M=HlpBlake2BTreeConfig ACBP=A9
 0002:0000015C 00000090 C=ICODE    S=.itext   G=(none)   M=HlpBlake2BIvBuilder ACBP=A9
 0002:000001EC 00000034 C=ICODE    S=.itext   G=(none)   M=HlpBlake2B ACBP=A9
 0002:00000220 00000008 C=ICODE    S=.itext   G=(none)   M=HlpPBKDF_Argon2NotBuildInAdapter ACBP=A9
 0002:00000228 00000008 C=ICODE    S=.itext   G=(none)   M=HlpIBlake2STreeConfig ACBP=A9
 0002:00000230 00000008 C=ICODE    S=.itext   G=(none)   M=HlpIBlake2SConfig ACBP=A9
 0002:00000238 00000008 C=ICODE    S=.itext   G=(none)   M=HlpBlake2SConfig ACBP=A9
 0002:00000240 00000008 C=ICODE    S=.itext   G=(none)   M=HlpBlake2STreeConfig ACBP=A9
 0002:00000248 00000090 C=ICODE    S=.itext   G=(none)   M=HlpBlake2SIvBuilder ACBP=A9
 0002:000002D8 00000034 C=ICODE    S=.itext   G=(none)   M=HlpBlake2S ACBP=A9
 0002:0000030C 00000008 C=ICODE    S=.itext   G=(none)   M=HlpSHA3  ACBP=A9
 0002:00000314 00000008 C=ICODE    S=.itext   G=(none)   M=HlpMDBase ACBP=A9
 0002:0000031C 00000008 C=ICODE    S=.itext   G=(none)   M=HlpRIPEMD320 ACBP=A9
 0002:00000324 00000008 C=ICODE    S=.itext   G=(none)   M=HlpRIPEMD256 ACBP=A9
 0002:0000032C 00000008 C=ICODE    S=.itext   G=(none)   M=HlpRIPEMD160 ACBP=A9
 0002:00000334 00000008 C=ICODE    S=.itext   G=(none)   M=HlpRIPEMD128 ACBP=A9
 0002:0000033C 00000008 C=ICODE    S=.itext   G=(none)   M=HlpRIPEMD ACBP=A9
 0002:00000344 00000008 C=ICODE    S=.itext   G=(none)   M=HlpHAS160 ACBP=A9
 0002:0000034C 0000D600 C=ICODE    S=.itext   G=(none)   M=HlpGOST3411_2012 ACBP=A9
 0002:0000D94C 000008B4 C=ICODE    S=.itext   G=(none)   M=HlpGost  ACBP=A9
 0002:0000E200 00000008 C=ICODE    S=.itext   G=(none)   M=HlpHashRounds ACBP=A9
 0002:0000E208 00000008 C=ICODE    S=.itext   G=(none)   M=HlpHaval ACBP=A9
 0002:0000E210 0000CE64 C=ICODE    S=.itext   G=(none)   M=HlpSnefru ACBP=A9
 0002:0001B074 00000008 C=ICODE    S=.itext   G=(none)   M=HlpRadioGatun64 ACBP=A9
 0002:0001B07C 00000008 C=ICODE    S=.itext   G=(none)   M=HlpRadioGatun32 ACBP=A9
 0002:0001B084 000003DC C=ICODE    S=.itext   G=(none)   M=HlpWhirlPool ACBP=A9
 0002:0001B460 00000008 C=ICODE    S=.itext   G=(none)   M=HlpPanama ACBP=A9
 0002:0001B468 0000019C C=ICODE    S=.itext   G=(none)   M=HlpGrindahl512 ACBP=A9
 0002:0001B604 00000104 C=ICODE    S=.itext   G=(none)   M=HlpGrindahl256 ACBP=A9
 0002:0001B708 00000008 C=ICODE    S=.itext   G=(none)   M=HlpSHA2_512Base ACBP=A9
 0002:0001B710 00000008 C=ICODE    S=.itext   G=(none)   M=HlpSHA2_512_256 ACBP=A9
 0002:0001B718 00000008 C=ICODE    S=.itext   G=(none)   M=HlpSHA2_512_224 ACBP=A9
 0002:0001B720 00000008 C=ICODE    S=.itext   G=(none)   M=HlpSHA2_512 ACBP=A9
 0002:0001B728 00000008 C=ICODE    S=.itext   G=(none)   M=HlpSHA2_384 ACBP=A9
 0002:0001B730 00000008 C=ICODE    S=.itext   G=(none)   M=HlpSHA2_224 ACBP=A9
 0002:0001B738 00000008 C=ICODE    S=.itext   G=(none)   M=HlpSHA0  ACBP=A9
 0002:0001B740 00000008 C=ICODE    S=.itext   G=(none)   M=HlpSHA1  ACBP=A9
 0002:0001B748 00000008 C=ICODE    S=.itext   G=(none)   M=HlpMD5   ACBP=A9
 0002:0001B750 00000008 C=ICODE    S=.itext   G=(none)   M=HlpMD4   ACBP=A9
 0002:0001B758 00000008 C=ICODE    S=.itext   G=(none)   M=HlpMD2   ACBP=A9
 0002:0001B760 00000008 C=ICODE    S=.itext   G=(none)   M=HlpTiger2 ACBP=A9
 0002:0001B768 00000008 C=ICODE    S=.itext   G=(none)   M=HlpTiger ACBP=A9
 0002:0001B770 00000008 C=ICODE    S=.itext   G=(none)   M=HlpMurmurHash3_x64_128 ACBP=A9
 0002:0001B778 00000008 C=ICODE    S=.itext   G=(none)   M=HlpMurmurHash3_x86_128 ACBP=A9
 0002:0001B780 00000008 C=ICODE    S=.itext   G=(none)   M=HlpXXHash64 ACBP=A9
 0002:0001B788 00000008 C=ICODE    S=.itext   G=(none)   M=HlpSipHash ACBP=A9
 0002:0001B790 00000008 C=ICODE    S=.itext   G=(none)   M=HlpMultipleTransformNonBlock ACBP=A9
 0002:0001B798 00000008 C=ICODE    S=.itext   G=(none)   M=HlpMurmur2_64 ACBP=A9
 0002:0001B7A0 00000008 C=ICODE    S=.itext   G=(none)   M=HlpFNV1a64 ACBP=A9
 0002:0001B7A8 00000008 C=ICODE    S=.itext   G=(none)   M=HlpFNV64 ACBP=A9
 0002:0001B7B0 00000008 C=ICODE    S=.itext   G=(none)   M=HlpXXHash32 ACBP=A9
 0002:0001B7B8 00000008 C=ICODE    S=.itext   G=(none)   M=HlpSuperFast ACBP=A9
 0002:0001B7C0 00000008 C=ICODE    S=.itext   G=(none)   M=HlpShiftAndXor ACBP=A9
 0002:0001B7C8 00000008 C=ICODE    S=.itext   G=(none)   M=HlpSDBM  ACBP=A9
 0002:0001B7D0 00000008 C=ICODE    S=.itext   G=(none)   M=HlpRS    ACBP=A9
 0002:0001B7D8 00000008 C=ICODE    S=.itext   G=(none)   M=HlpRotating ACBP=A9
 0002:0001B7E0 00000008 C=ICODE    S=.itext   G=(none)   M=HlpPJW   ACBP=A9
 0002:0001B7E8 00000008 C=ICODE    S=.itext   G=(none)   M=HlpOneAtTime ACBP=A9
 0002:0001B7F0 00000008 C=ICODE    S=.itext   G=(none)   M=HlpMurmurHash3_x86_32 ACBP=A9
 0002:0001B7F8 00000008 C=ICODE    S=.itext   G=(none)   M=HlpMurmur2 ACBP=A9
 0002:0001B800 00000008 C=ICODE    S=.itext   G=(none)   M=HlpJS    ACBP=A9
 0002:0001B808 00000008 C=ICODE    S=.itext   G=(none)   M=HlpJenkins3 ACBP=A9
 0002:0001B810 00000008 C=ICODE    S=.itext   G=(none)   M=HlpFNV1a ACBP=A9
 0002:0001B818 00000008 C=ICODE    S=.itext   G=(none)   M=HlpFNV   ACBP=A9
 0002:0001B820 00000008 C=ICODE    S=.itext   G=(none)   M=HlpELF   ACBP=A9
 0002:0001B828 00000008 C=ICODE    S=.itext   G=(none)   M=HlpDJB   ACBP=A9
 0002:0001B830 00000008 C=ICODE    S=.itext   G=(none)   M=HlpDEK   ACBP=A9
 0002:0001B838 00000008 C=ICODE    S=.itext   G=(none)   M=HlpBKDR  ACBP=A9
 0002:0001B840 00000008 C=ICODE    S=.itext   G=(none)   M=HlpBernstein1 ACBP=A9
 0002:0001B848 00000008 C=ICODE    S=.itext   G=(none)   M=HlpBernstein ACBP=A9
 0002:0001B850 00000008 C=ICODE    S=.itext   G=(none)   M=HlpAP    ACBP=A9
 0002:0001B858 00000008 C=ICODE    S=.itext   G=(none)   M=HlpICRC  ACBP=A9
 0002:0001B860 00000008 C=ICODE    S=.itext   G=(none)   M=HlpCRC   ACBP=A9
 0002:0001B868 00000008 C=ICODE    S=.itext   G=(none)   M=HlpCRC64 ACBP=A9
 0002:0001B870 000000D0 C=ICODE    S=.itext   G=(none)   M=HlpCRC32Fast ACBP=A9
 0002:0001B940 00000008 C=ICODE    S=.itext   G=(none)   M=HlpCRC32 ACBP=A9
 0002:0001B948 00000008 C=ICODE    S=.itext   G=(none)   M=HlpCRC16 ACBP=A9
 0002:0001B950 00000008 C=ICODE    S=.itext   G=(none)   M=HlpAdler32 ACBP=A9
 0002:0001B958 00000008 C=ICODE    S=.itext   G=(none)   M=HlpNullDigest ACBP=A9
 0002:0001B960 00000008 C=ICODE    S=.itext   G=(none)   M=HlpHashFactory ACBP=A9
 0002:0001B968 00000005 C=ICODE    S=.itext   G=(none)   M=.HashLib4PascalPackage ACBP=A9
 0003:00000000 00000030 C=DATA     S=.data    G=DGROUP   M=SysInit  ACBP=A9
 0003:00000030 0000000C C=DATA     S=.data    G=DGROUP   M=Windows  ACBP=A9
 0003:0000003C 00000005 C=DATA     S=.data    G=DGROUP   M=HlpPBKDF_Argon2NotBuildInAdapter ACBP=A9
 0003:00000044 000000C0 C=DATA     S=.data    G=DGROUP   M=HlpSHA3  ACBP=A9
 0003:00000104 000001E0 C=DATA     S=.data    G=DGROUP   M=HlpHAS160 ACBP=A9
 0003:000002E4 00000010 C=DATA     S=.data    G=DGROUP   M=HlpSnefru ACBP=A9
 0003:000002F4 00000400 C=DATA     S=.data    G=DGROUP   M=HlpWhirlPool ACBP=A9
 0003:000006F4 00000800 C=DATA     S=.data    G=DGROUP   M=HlpGrindahl512 ACBP=A9
 0003:00000EF4 00000400 C=DATA     S=.data    G=DGROUP   M=HlpGrindahl256 ACBP=A9
 0003:000012F4 00000100 C=DATA     S=.data    G=DGROUP   M=HlpMD2   ACBP=A9
 0003:000013F4 00002000 C=DATA     S=.data    G=DGROUP   M=HlpTiger2 ACBP=A9
 0003:000033F4 00002000 C=DATA     S=.data    G=DGROUP   M=HlpTiger ACBP=A9
 0004:00000000 0000000C C=BSS      S=.bss     G=DGROUP   M=SysInit  ACBP=A9
 0004:0000000C 00000008 C=BSS      S=.bss     G=DGROUP   M=Windows  ACBP=A9
 0004:00000014 00000004 C=BSS      S=.bss     G=DGROUP   M=HlpHashLibTypes ACBP=A9
 0004:00000018 00000004 C=BSS      S=.bss     G=DGROUP   M=HlpIHashResult ACBP=A9
 0004:0000001C 00000004 C=BSS      S=.bss     G=DGROUP   M=HlpIHash ACBP=A9
 0004:00000020 0000000C C=BSS      S=.bss     G=DGROUP   M=HlpBitConverter ACBP=A9
 0004:0000002C 00000004 C=BSS      S=.bss     G=DGROUP   M=HlpBits  ACBP=A9
 0004:00000030 00000004 C=BSS      S=.bss     G=DGROUP   M=HlpConverters ACBP=A9
 0004:00000034 00000004 C=BSS      S=.bss     G=DGROUP   M=HlpHash  ACBP=A9
 0004:00000038 00000004 C=BSS      S=.bss     G=DGROUP   M=HlpArrayUtils ACBP=A9
 0004:0000003C 00000004 C=BSS      S=.bss     G=DGROUP   M=HlpHashBuffer ACBP=A9
 0004:00000040 00000004 C=BSS      S=.bss     G=DGROUP   M=HlpHashResult ACBP=A9
 0004:00000044 00000004 C=BSS      S=.bss     G=DGROUP   M=HlpNullable ACBP=A9
 0004:00000048 00000004 C=BSS      S=.bss     G=DGROUP   M=HlpArgon2TypeAndVersion ACBP=A9
 0004:0000004C 00000004 C=BSS      S=.bss     G=DGROUP   M=HlpIKDF  ACBP=A9
 0004:00000050 00000004 C=BSS      S=.bss     G=DGROUP   M=HlpIHashInfo ACBP=A9
 0004:00000054 00000004 C=BSS      S=.bss     G=DGROUP   M=HlpHashCryptoNotBuildIn ACBP=A9
 0004:00000058 00000004 C=BSS      S=.bss     G=DGROUP   M=HlpHMACNotBuildInAdapter ACBP=A9
 0004:0000005C 00000004 C=BSS      S=.bss     G=DGROUP   M=HlpKDF   ACBP=A9
 0004:00000060 00000004 C=BSS      S=.bss     G=DGROUP   M=HlpPBKDF2_HMACNotBuildInAdapter ACBP=A9
 0004:00000064 00000004 C=BSS      S=.bss     G=DGROUP   M=HlpSHA2_256Base ACBP=A9
 0004:00000068 00000004 C=BSS      S=.bss     G=DGROUP   M=HlpSHA2_256 ACBP=A9
 0004:0000006C 00000004 C=BSS      S=.bss     G=DGROUP   M=HlpPBKDF_ScryptNotBuildInAdapter ACBP=A9
 0004:00000070 00000004 C=BSS      S=.bss     G=DGROUP   M=HlpIBlake2BConfig ACBP=A9
 0004:00000074 00000004 C=BSS      S=.bss     G=DGROUP   M=HlpHashSize ACBP=A9
 0004:00000078 00000004 C=BSS      S=.bss     G=DGROUP   M=HlpBlake2BConfig ACBP=A9
 0004:0000007C 00000004 C=BSS      S=.bss     G=DGROUP   M=HlpIBlake2BTreeConfig ACBP=A9
 0004:00000080 00000004 C=BSS      S=.bss     G=DGROUP   M=HlpBlake2BTreeConfig ACBP=A9
 0004:00000084 0000000C C=BSS      S=.bss     G=DGROUP   M=HlpBlake2BIvBuilder ACBP=A9
 0004:00000090 0000000C C=BSS      S=.bss     G=DGROUP   M=HlpBlake2B ACBP=A9
 0004:0000009C 00000004 C=BSS      S=.bss     G=DGROUP   M=HlpPBKDF_Argon2NotBuildInAdapter ACBP=A9
 0004:000000A0 00000004 C=BSS      S=.bss     G=DGROUP   M=HlpIBlake2STreeConfig ACBP=A9
 0004:000000A4 00000004 C=BSS      S=.bss     G=DGROUP   M=HlpIBlake2SConfig ACBP=A9
 0004:000000A8 00000004 C=BSS      S=.bss     G=DGROUP   M=HlpBlake2SConfig ACBP=A9
 0004:000000AC 00000004 C=BSS      S=.bss     G=DGROUP   M=HlpBlake2STreeConfig ACBP=A9
 0004:000000B0 0000000C C=BSS      S=.bss     G=DGROUP   M=HlpBlake2SIvBuilder ACBP=A9
 0004:000000BC 0000000C C=BSS      S=.bss     G=DGROUP   M=HlpBlake2S ACBP=A9
 0004:000000C8 00000004 C=BSS      S=.bss     G=DGROUP   M=HlpSHA3  ACBP=A9
 0004:000000CC 00000004 C=BSS      S=.bss     G=DGROUP   M=HlpMDBase ACBP=A9
 0004:000000D0 00000004 C=BSS      S=.bss     G=DGROUP   M=HlpRIPEMD320 ACBP=A9
 0004:000000D4 00000004 C=BSS      S=.bss     G=DGROUP   M=HlpRIPEMD256 ACBP=A9
 0004:000000D8 00000004 C=BSS      S=.bss     G=DGROUP   M=HlpRIPEMD160 ACBP=A9
 0004:000000DC 00000004 C=BSS      S=.bss     G=DGROUP   M=HlpRIPEMD128 ACBP=A9
 0004:000000E0 00000004 C=BSS      S=.bss     G=DGROUP   M=HlpRIPEMD ACBP=A9
 0004:000000E4 00000004 C=BSS      S=.bss     G=DGROUP   M=HlpHAS160 ACBP=A9
 0004:000000E8 00000024 C=BSS      S=.bss     G=DGROUP   M=HlpGOST3411_2012 ACBP=A9
 0004:0000010C 00000018 C=BSS      S=.bss     G=DGROUP   M=HlpGost  ACBP=A9
 0004:00000124 00000004 C=BSS      S=.bss     G=DGROUP   M=HlpHashRounds ACBP=A9
 0004:00000128 00000004 C=BSS      S=.bss     G=DGROUP   M=HlpHaval ACBP=A9
 0004:0000012C 0000000C C=BSS      S=.bss     G=DGROUP   M=HlpSnefru ACBP=A9
 0004:00000138 00000004 C=BSS      S=.bss     G=DGROUP   M=HlpRadioGatun64 ACBP=A9
 0004:0000013C 00000004 C=BSS      S=.bss     G=DGROUP   M=HlpRadioGatun32 ACBP=A9
 0004:00000140 0000002C C=BSS      S=.bss     G=DGROUP   M=HlpWhirlPool ACBP=A9
 0004:0000016C 00000004 C=BSS      S=.bss     G=DGROUP   M=HlpPanama ACBP=A9
 0004:00000170 00000028 C=BSS      S=.bss     G=DGROUP   M=HlpGrindahl512 ACBP=A9
 0004:00000198 00000018 C=BSS      S=.bss     G=DGROUP   M=HlpGrindahl256 ACBP=A9
 0004:000001B0 00000004 C=BSS      S=.bss     G=DGROUP   M=HlpSHA2_512Base ACBP=A9
 0004:000001B4 00000004 C=BSS      S=.bss     G=DGROUP   M=HlpSHA2_512_256 ACBP=A9
 0004:000001B8 00000004 C=BSS      S=.bss     G=DGROUP   M=HlpSHA2_512_224 ACBP=A9
 0004:000001BC 00000004 C=BSS      S=.bss     G=DGROUP   M=HlpSHA2_512 ACBP=A9
 0004:000001C0 00000004 C=BSS      S=.bss     G=DGROUP   M=HlpSHA2_384 ACBP=A9
 0004:000001C4 00000004 C=BSS      S=.bss     G=DGROUP   M=HlpSHA2_224 ACBP=A9
 0004:000001C8 00000004 C=BSS      S=.bss     G=DGROUP   M=HlpSHA0  ACBP=A9
 0004:000001CC 00000004 C=BSS      S=.bss     G=DGROUP   M=HlpSHA1  ACBP=A9
 0004:000001D0 00000004 C=BSS      S=.bss     G=DGROUP   M=HlpMD5   ACBP=A9
 0004:000001D4 00000004 C=BSS      S=.bss     G=DGROUP   M=HlpMD4   ACBP=A9
 0004:000001D8 00000004 C=BSS      S=.bss     G=DGROUP   M=HlpMD2   ACBP=A9
 0004:000001DC 00000004 C=BSS      S=.bss     G=DGROUP   M=HlpTiger2 ACBP=A9
 0004:000001E0 00000004 C=BSS      S=.bss     G=DGROUP   M=HlpTiger ACBP=A9
 0004:000001E4 00000004 C=BSS      S=.bss     G=DGROUP   M=HlpMurmurHash3_x64_128 ACBP=A9
 0004:000001E8 00000004 C=BSS      S=.bss     G=DGROUP   M=HlpMurmurHash3_x86_128 ACBP=A9
 0004:000001EC 00000004 C=BSS      S=.bss     G=DGROUP   M=HlpXXHash64 ACBP=A9
 0004:000001F0 00000004 C=BSS      S=.bss     G=DGROUP   M=HlpSipHash ACBP=A9
 0004:000001F4 00000004 C=BSS      S=.bss     G=DGROUP   M=HlpMultipleTransformNonBlock ACBP=A9
 0004:000001F8 00000004 C=BSS      S=.bss     G=DGROUP   M=HlpMurmur2_64 ACBP=A9
 0004:000001FC 00000004 C=BSS      S=.bss     G=DGROUP   M=HlpFNV1a64 ACBP=A9
 0004:00000200 00000004 C=BSS      S=.bss     G=DGROUP   M=HlpFNV64 ACBP=A9
 0004:00000204 00000004 C=BSS      S=.bss     G=DGROUP   M=HlpXXHash32 ACBP=A9
 0004:00000208 00000004 C=BSS      S=.bss     G=DGROUP   M=HlpSuperFast ACBP=A9
 0004:0000020C 00000004 C=BSS      S=.bss     G=DGROUP   M=HlpShiftAndXor ACBP=A9
 0004:00000210 00000004 C=BSS      S=.bss     G=DGROUP   M=HlpSDBM  ACBP=A9
 0004:00000214 00000004 C=BSS      S=.bss     G=DGROUP   M=HlpRS    ACBP=A9
 0004:00000218 00000004 C=BSS      S=.bss     G=DGROUP   M=HlpRotating ACBP=A9
 0004:0000021C 00000004 C=BSS      S=.bss     G=DGROUP   M=HlpPJW   ACBP=A9
 0004:00000220 00000004 C=BSS      S=.bss     G=DGROUP   M=HlpOneAtTime ACBP=A9
 0004:00000224 00000004 C=BSS      S=.bss     G=DGROUP   M=HlpMurmurHash3_x86_32 ACBP=A9
 0004:00000228 00000004 C=BSS      S=.bss     G=DGROUP   M=HlpMurmur2 ACBP=A9
 0004:0000022C 00000004 C=BSS      S=.bss     G=DGROUP   M=HlpJS    ACBP=A9
 0004:00000230 00000004 C=BSS      S=.bss     G=DGROUP   M=HlpJenkins3 ACBP=A9
 0004:00000234 00000004 C=BSS      S=.bss     G=DGROUP   M=HlpFNV1a ACBP=A9
 0004:00000238 00000004 C=BSS      S=.bss     G=DGROUP   M=HlpFNV   ACBP=A9
 0004:0000023C 00000004 C=BSS      S=.bss     G=DGROUP   M=HlpELF   ACBP=A9
 0004:00000240 00000004 C=BSS      S=.bss     G=DGROUP   M=HlpDJB   ACBP=A9
 0004:00000244 00000004 C=BSS      S=.bss     G=DGROUP   M=HlpDEK   ACBP=A9
 0004:00000248 00000004 C=BSS      S=.bss     G=DGROUP   M=HlpBKDR  ACBP=A9
 0004:0000024C 00000004 C=BSS      S=.bss     G=DGROUP   M=HlpBernstein1 ACBP=A9
 0004:00000250 00000004 C=BSS      S=.bss     G=DGROUP   M=HlpBernstein ACBP=A9
 0004:00000254 00000004 C=BSS      S=.bss     G=DGROUP   M=HlpAP    ACBP=A9
 0004:00000258 00000004 C=BSS      S=.bss     G=DGROUP   M=HlpICRC  ACBP=A9
 0004:0000025C 00000004 C=BSS      S=.bss     G=DGROUP   M=HlpCRC   ACBP=A9
 0004:00000260 00000004 C=BSS      S=.bss     G=DGROUP   M=HlpCRC64 ACBP=A9
 0004:00000264 00000014 C=BSS      S=.bss     G=DGROUP   M=HlpCRC32Fast ACBP=A9
 0004:00000278 00000004 C=BSS      S=.bss     G=DGROUP   M=HlpCRC32 ACBP=A9
 0004:0000027C 00000004 C=BSS      S=.bss     G=DGROUP   M=HlpCRC16 ACBP=A9
 0004:00000280 00000004 C=BSS      S=.bss     G=DGROUP   M=HlpAdler32 ACBP=A9
 0004:00000284 00000004 C=BSS      S=.bss     G=DGROUP   M=HlpNullDigest ACBP=A9
 0004:00000288 00000004 C=BSS      S=.bss     G=DGROUP   M=HlpHashFactory ACBP=A9


  Address             Publics by Name

 0002:0001B968       .HashLib4PascalPackage..HashLib4PascalPackage
 0001:000B9090       .HashLib4PascalPackage.@GetPackageInfoTable
 0001:000B9098       .HashLib4PascalPackage.@PackageLoad
 0001:000B90A4       .HashLib4PascalPackage.@PackageUnload
 0002:00000058       Classes.Classes
 0001:00000F40       Classes.Finalization
 0001:00000F30       Classes.HexToBin
 0001:00000F28       Classes.TBytesStream.Create
 0001:00000F18       Classes.TFileStream.Create
 0001:00000F20       Classes.TMemoryStream.Clear
 0001:00000F10       Classes.TStream.CopyFrom
 0001:00000EF8       Classes.TStream.GetPosition
 0001:00000F00       Classes.TStream.SetPosition
 0001:00000F08       Classes.TStream.SetSize64
 0002:00000050       Classes.TThread.Create@
 0001:00000F38       Classes.TThread.Destroy@
 0001:00005154       EncdDecd.EncodeBase64
 0004:00000280       HlpAdler32..2
 0001:000B3B48       HlpAdler32..TAdler32
 0001:000B3EB4       HlpAdler32.Finalization
 0002:0001B950       HlpAdler32.HlpAdler32
 0001:000B3D70       HlpAdler32.TAdler32.Clone
 0001:000B3DC4       HlpAdler32.TAdler32.Create
 0001:000B3E00       HlpAdler32.TAdler32.Initialize
 0001:000B3E10       HlpAdler32.TAdler32.TransformBytes
 0001:000B3E7C       HlpAdler32.TAdler32.TransformFinal
 0004:00000254       HlpAP..2
 0001:000AAAD0       HlpAP..TAP
 0001:000AAE18       HlpAP.Finalization
 0002:0001B850       HlpAP.HlpAP
 0001:000AACF0       HlpAP.TAP.Clone
 0001:000AAD44       HlpAP.TAP.Create
 0001:000AAD80       HlpAP.TAP.Initialize
 0001:000AAD90       HlpAP.TAP.TransformBytes
 0001:000AADE8       HlpAP.TAP.TransformFinal
 0004:00000048       HlpArgon2TypeAndVersion..1
 0001:000064C0       HlpArgon2TypeAndVersion.Finalization
 0002:000000E4       HlpArgon2TypeAndVersion.HlpArgon2TypeAndVersion
 0004:00000038       HlpArrayUtils..2
 0001:00004A98       HlpArrayUtils..TArrayUtils
 0001:00004E7C       HlpArrayUtils.Finalization
 0002:000000C4       HlpArrayUtils.HlpArrayUtils
 0001:00004D40       HlpArrayUtils.TArrayUtils.AreEqual
 0001:00004D78       HlpArrayUtils.TArrayUtils.ConstantTimeAreEqual
 0001:00004E04       HlpArrayUtils.TArrayUtils.Fill
 0001:00004DE8       HlpArrayUtils.TArrayUtils.Fill
 0001:00004DCC       HlpArrayUtils.TArrayUtils.Fill
 0001:00004E28       HlpArrayUtils.TArrayUtils.ZeroFill
 0001:00004E60       HlpArrayUtils.TArrayUtils.ZeroFill
 0001:00004E44       HlpArrayUtils.TArrayUtils.ZeroFill
 0004:00000250       HlpBernstein..2
 0001:000AA604       HlpBernstein..TBernstein
 0001:000AA918       HlpBernstein.Finalization
 0002:0001B848       HlpBernstein.HlpBernstein
 0001:000AA824       HlpBernstein.TBernstein.Clone
 0001:000AA874       HlpBernstein.TBernstein.Create
 0001:000AA8B0       HlpBernstein.TBernstein.Initialize
 0001:000AA8B8       HlpBernstein.TBernstein.TransformBytes
 0001:000AA8E8       HlpBernstein.TBernstein.TransformFinal
 0004:0000024C       HlpBernstein1..2
 0001:000AA134       HlpBernstein1..TBernstein1
 0001:000AA44C       HlpBernstein1.Finalization
 0002:0001B840       HlpBernstein1.HlpBernstein1
 0001:000AA358       HlpBernstein1.TBernstein1.Clone
 0001:000AA3A8       HlpBernstein1.TBernstein1.Create
 0001:000AA3E4       HlpBernstein1.TBernstein1.Initialize
 0001:000AA3EC       HlpBernstein1.TBernstein1.TransformBytes
 0001:000AA41C       HlpBernstein1.TBernstein1.TransformFinal
 0004:00000028       HlpBitConverter..2
 0001:00000FA8       HlpBitConverter..TBitConverter
 0001:00001EE0       HlpBitConverter.Finalization
 0002:000000A4       HlpBitConverter.HlpBitConverter
 0004:00000024       HlpBitConverter.TBitConverter.$ClassInitFlag
 0002:00000080       HlpBitConverter.TBitConverter.BitConverter@
 0001:00000FA0       HlpBitConverter.TBitConverter.Destroy@
 0004:00000020       HlpBitConverter.TBitConverter.FIsLittleEndian
 0001:00001718       HlpBitConverter.TBitConverter.GetBytes
 0001:0000174C       HlpBitConverter.TBitConverter.GetBytes
 0001:0000177C       HlpBitConverter.TBitConverter.GetBytes
 0001:000017AC       HlpBitConverter.TBitConverter.GetBytes
 0001:000017DC       HlpBitConverter.TBitConverter.GetBytes
 0001:0000180C       HlpBitConverter.TBitConverter.GetBytes
 0001:00001840       HlpBitConverter.TBitConverter.GetBytes
 0001:00001874       HlpBitConverter.TBitConverter.GetBytes
 0001:000018A4       HlpBitConverter.TBitConverter.GetBytes
 0001:000016E8       HlpBitConverter.TBitConverter.GetBytes
 0001:000016B8       HlpBitConverter.TBitConverter.GetBytes
 0001:000018D8       HlpBitConverter.TBitConverter.GetHexValue
 0001:000018EC       HlpBitConverter.TBitConverter.GetIsLittleEndian
 0001:000018F4       HlpBitConverter.TBitConverter.ToBoolean
 0001:0000190C       HlpBitConverter.TBitConverter.ToChar
 0001:0000193C       HlpBitConverter.TBitConverter.ToDouble
 0001:00001A40       HlpBitConverter.TBitConverter.ToInt16
 0001:00001A70       HlpBitConverter.TBitConverter.ToInt32
 0001:00001AC8       HlpBitConverter.TBitConverter.ToInt64
 0001:00001BAC       HlpBitConverter.TBitConverter.ToSingle
 0001:00001C5C       HlpBitConverter.TBitConverter.ToString
 0001:00001C20       HlpBitConverter.TBitConverter.ToString
 0001:00001C38       HlpBitConverter.TBitConverter.ToString
 0001:00001D54       HlpBitConverter.TBitConverter.ToUInt16
 0001:00001D84       HlpBitConverter.TBitConverter.ToUInt32
 0001:00001DDC       HlpBitConverter.TBitConverter.ToUInt64
 0001:00001D3C       HlpBitConverter.TBitConverter.ToUInt8
 0004:0000002C       HlpBits..2
 0001:00001EE8       HlpBits..TBits
 0001:00002760       HlpBits.Finalization
 0002:000000AC       HlpBits.HlpBits
 0001:00002534       HlpBits.TBits.Asr32
 0001:00002574       HlpBits.TBits.Asr64
 0001:00002398       HlpBits.TBits.ReverseBitsUInt8
 0001:00002308       HlpBits.TBits.ReverseByteArray
 0001:00002344       HlpBits.TBits.ReverseBytesInt32
 0001:000023D0       HlpBits.TBits.ReverseBytesUInt16
 0001:000023EC       HlpBits.TBits.ReverseBytesUInt32
 0001:00002420       HlpBits.TBits.ReverseBytesUInt64
 0001:00002674       HlpBits.TBits.RotateLeft32
 0001:00002690       HlpBits.TBits.RotateLeft64
 0001:00002658       HlpBits.TBits.RotateLeft8
 0001:000026F8       HlpBits.TBits.RotateRight32
 0001:00002714       HlpBits.TBits.RotateRight64
 0001:000026DC       HlpBits.TBits.RotateRight8
 0004:00000248       HlpBKDR..2
 0001:000A9C7C       HlpBKDR..TBKDR
 0001:000A9F7C       HlpBKDR.Finalization
 0002:0001B838       HlpBKDR.HlpBKDR
 0001:000A9E8C       HlpBKDR.TBKDR.Clone
 0001:000A9EDC       HlpBKDR.TBKDR.Create
 0001:000A9F18       HlpBKDR.TBKDR.Initialize
 0001:000A9F20       HlpBKDR.TBKDR.TransformBytes
 0001:000A9F4C       HlpBKDR.TBKDR.TransformFinal
 0004:00000098       HlpBlake2B..2
 0001:000144D0       HlpBlake2B..TBlake2B
 0001:00029E98       HlpBlake2B.Finalization
 0002:00000218       HlpBlake2B.HlpBlake2B
 0004:00000094       HlpBlake2B.TBlake2B.$ClassInitFlag
 0002:000001EC       HlpBlake2B.TBlake2B.Blake2BConfig@
 0001:00014960       HlpBlake2B.TBlake2B.Clone
 0001:00014AF0       HlpBlake2B.TBlake2B.Compress
 0001:00029734       HlpBlake2B.TBlake2B.Create
 0001:000148C0       HlpBlake2B.TBlake2B.Create
 0001:000296FC       HlpBlake2B.TBlake2B.Create
 0001:000142E0       HlpBlake2B.TBlake2B.Destroy@
 0004:00000090       HlpBlake2B.TBlake2B.FDefaultConfig
 0001:000298DC       HlpBlake2B.TBlake2B.Finish
 0001:00029E00       HlpBlake2B.TBlake2B.GetName
 0001:00029974       HlpBlake2B.TBlake2B.Initialize
 0001:00029B60       HlpBlake2B.TBlake2B.TransformBytes
 0001:00029CA8       HlpBlake2B.TBlake2B.TransformFinal
 0004:00000078       HlpBlake2BConfig..2
 0001:0001315C       HlpBlake2BConfig..TBlake2BConfig
 0001:00013704       HlpBlake2BConfig.Finalization
 0002:00000144       HlpBlake2BConfig.HlpBlake2BConfig
 0001:00013604       HlpBlake2BConfig.TBlake2BConfig.Create
 0001:00013688       HlpBlake2BConfig.TBlake2BConfig.Create
 0001:0001346C       HlpBlake2BConfig.TBlake2BConfig.GetHashSize
 0001:00013470       HlpBlake2BConfig.TBlake2BConfig.GetKey
 0001:0001348C       HlpBlake2BConfig.TBlake2BConfig.GetPersonalisation
 0001:000134A8       HlpBlake2BConfig.TBlake2BConfig.GetSalt
 0001:000134C4       HlpBlake2BConfig.TBlake2BConfig.SetHashSize
 0001:00013508       HlpBlake2BConfig.TBlake2BConfig.SetKey
 0001:0001355C       HlpBlake2BConfig.TBlake2BConfig.SetPersonalisation
 0001:000135B0       HlpBlake2BConfig.TBlake2BConfig.SetSalt
 0001:00013378       HlpBlake2BConfig.TBlake2BConfig.ValidateHashSize
 0001:000133B8       HlpBlake2BConfig.TBlake2BConfig.ValidateKeyLength
 0001:000133F4       HlpBlake2BConfig.TBlake2BConfig.ValidatePersonalisationLength
 0001:00013430       HlpBlake2BConfig.TBlake2BConfig.ValidateSaltLength
 0004:0000008C       HlpBlake2BIvBuilder..2
 0001:00013CF4       HlpBlake2BIvBuilder..TBlake2BIvBuilder
 0001:0001429C       HlpBlake2BIvBuilder.Finalization
 0002:000001E4       HlpBlake2BIvBuilder.HlpBlake2BIvBuilder
 0004:00000088       HlpBlake2BIvBuilder.TBlake2BIvBuilder.$ClassInitFlag
 0002:0000015C       HlpBlake2BIvBuilder.TBlake2BIvBuilder.Blake2BIvBuilder@
 0001:00013FC8       HlpBlake2BIvBuilder.TBlake2BIvBuilder.ConfigB
 0001:00013CEC       HlpBlake2BIvBuilder.TBlake2BIvBuilder.Destroy@
 0004:00000084       HlpBlake2BIvBuilder.TBlake2BIvBuilder.FSequentialTreeConfig
 0001:00013DF0       HlpBlake2BIvBuilder.TBlake2BIvBuilder.VerifyConfigB
 0004:00000080       HlpBlake2BTreeConfig..2
 0001:00013874       HlpBlake2BTreeConfig..TBlake2BTreeConfig
 0001:00013CBC       HlpBlake2BTreeConfig.Finalization
 0002:00000154       HlpBlake2BTreeConfig.HlpBlake2BTreeConfig
 0001:00013C80       HlpBlake2BTreeConfig.TBlake2BTreeConfig.Create
 0001:00013B94       HlpBlake2BTreeConfig.TBlake2BTreeConfig.GetFanOut
 0001:00013B9C       HlpBlake2BTreeConfig.TBlake2BTreeConfig.GetInnerHashSize
 0001:00013BA4       HlpBlake2BTreeConfig.TBlake2BTreeConfig.GetIsLastNode
 0001:00013BAC       HlpBlake2BTreeConfig.TBlake2BTreeConfig.GetLeafSize
 0001:00013BB0       HlpBlake2BTreeConfig.TBlake2BTreeConfig.GetMaxDepth
 0001:00013BB8       HlpBlake2BTreeConfig.TBlake2BTreeConfig.GetNodeDepth
 0001:00013BC0       HlpBlake2BTreeConfig.TBlake2BTreeConfig.GetNodeOffset
 0001:00013BDC       HlpBlake2BTreeConfig.TBlake2BTreeConfig.SetFanOut
 0001:00013BFC       HlpBlake2BTreeConfig.TBlake2BTreeConfig.SetInnerHashSize
 0001:00013C20       HlpBlake2BTreeConfig.TBlake2BTreeConfig.SetIsLastNode
 0001:00013C24       HlpBlake2BTreeConfig.TBlake2BTreeConfig.SetLeafSize
 0001:00013C28       HlpBlake2BTreeConfig.TBlake2BTreeConfig.SetMaxDepth
 0001:00013C4C       HlpBlake2BTreeConfig.TBlake2BTreeConfig.SetNodeDepth
 0001:00013C6C       HlpBlake2BTreeConfig.TBlake2BTreeConfig.SetNodeOffset
 0001:00013B20       HlpBlake2BTreeConfig.TBlake2BTreeConfig.ValidateFanOut
 0001:00013B3C       HlpBlake2BTreeConfig.TBlake2BTreeConfig.ValidateInnerHashSize
 0001:00013B58       HlpBlake2BTreeConfig.TBlake2BTreeConfig.ValidateMaxDepth
 0001:00013B78       HlpBlake2BTreeConfig.TBlake2BTreeConfig.ValidateNodeDepth
 0004:000000C4       HlpBlake2S..2
 0001:0002FCE8       HlpBlake2S..TBlake2S
 0001:00036FE4       HlpBlake2S.Finalization
 0002:00000304       HlpBlake2S.HlpBlake2S
 0004:000000C0       HlpBlake2S.TBlake2S.$ClassInitFlag
 0002:000002D8       HlpBlake2S.TBlake2S.Blake2SConfig@
 0001:00030178       HlpBlake2S.TBlake2S.Clone
 0001:000302A8       HlpBlake2S.TBlake2S.Compress
 0001:00036A60       HlpBlake2S.TBlake2S.Create
 0001:000300D8       HlpBlake2S.TBlake2S.Create
 0001:00036A28       HlpBlake2S.TBlake2S.Create
 0001:0002FAF8       HlpBlake2S.TBlake2S.Destroy@
 0004:000000BC       HlpBlake2S.TBlake2S.FDefaultConfig
 0001:00036BF0       HlpBlake2S.TBlake2S.Finish
 0001:00036F4C       HlpBlake2S.TBlake2S.GetName
 0001:00036C50       HlpBlake2S.TBlake2S.Initialize
 0001:00036D7C       HlpBlake2S.TBlake2S.TransformBytes
 0001:00036E34       HlpBlake2S.TBlake2S.TransformFinal
 0004:000000A8       HlpBlake2SConfig..2
 0001:0002E9CC       HlpBlake2SConfig..TBlake2SConfig
 0001:0002EF74       HlpBlake2SConfig.Finalization
 0002:00000238       HlpBlake2SConfig.HlpBlake2SConfig
 0001:0002EE74       HlpBlake2SConfig.TBlake2SConfig.Create
 0001:0002EEF8       HlpBlake2SConfig.TBlake2SConfig.Create
 0001:0002ECDC       HlpBlake2SConfig.TBlake2SConfig.GetHashSize
 0001:0002ECE0       HlpBlake2SConfig.TBlake2SConfig.GetKey
 0001:0002ECFC       HlpBlake2SConfig.TBlake2SConfig.GetPersonalisation
 0001:0002ED18       HlpBlake2SConfig.TBlake2SConfig.GetSalt
 0001:0002ED34       HlpBlake2SConfig.TBlake2SConfig.SetHashSize
 0001:0002ED78       HlpBlake2SConfig.TBlake2SConfig.SetKey
 0001:0002EDCC       HlpBlake2SConfig.TBlake2SConfig.SetPersonalisation
 0001:0002EE20       HlpBlake2SConfig.TBlake2SConfig.SetSalt
 0001:0002EBE8       HlpBlake2SConfig.TBlake2SConfig.ValidateHashSize
 0001:0002EC28       HlpBlake2SConfig.TBlake2SConfig.ValidateKeyLength
 0001:0002EC64       HlpBlake2SConfig.TBlake2SConfig.ValidatePersonalisationLength
 0001:0002ECA0       HlpBlake2SConfig.TBlake2SConfig.ValidateSaltLength
 0004:000000B8       HlpBlake2SIvBuilder..2
 0001:0002F56C       HlpBlake2SIvBuilder..TBlake2SIvBuilder
 0001:0002FAB4       HlpBlake2SIvBuilder.Finalization
 0002:000002D0       HlpBlake2SIvBuilder.HlpBlake2SIvBuilder
 0004:000000B4       HlpBlake2SIvBuilder.TBlake2SIvBuilder.$ClassInitFlag
 0002:00000248       HlpBlake2SIvBuilder.TBlake2SIvBuilder.Blake2SIvBuilder@
 0001:0002F840       HlpBlake2SIvBuilder.TBlake2SIvBuilder.ConfigS
 0001:0002F564       HlpBlake2SIvBuilder.TBlake2SIvBuilder.Destroy@
 0004:000000B0       HlpBlake2SIvBuilder.TBlake2SIvBuilder.FSequentialTreeConfig
 0001:0002F668       HlpBlake2SIvBuilder.TBlake2SIvBuilder.VerifyConfigS
 0004:000000AC       HlpBlake2STreeConfig..2
 0001:0002F098       HlpBlake2STreeConfig..TBlake2STreeConfig
 0001:0002F534       HlpBlake2STreeConfig.Finalization
 0002:00000240       HlpBlake2STreeConfig.HlpBlake2STreeConfig
 0001:0002F4F8       HlpBlake2STreeConfig.TBlake2STreeConfig.Create
 0001:0002F3E4       HlpBlake2STreeConfig.TBlake2STreeConfig.GetFanOut
 0001:0002F3EC       HlpBlake2STreeConfig.TBlake2STreeConfig.GetInnerHashSize
 0001:0002F3F4       HlpBlake2STreeConfig.TBlake2STreeConfig.GetIsLastNode
 0001:0002F3FC       HlpBlake2STreeConfig.TBlake2STreeConfig.GetLeafSize
 0001:0002F400       HlpBlake2STreeConfig.TBlake2STreeConfig.GetMaxDepth
 0001:0002F408       HlpBlake2STreeConfig.TBlake2STreeConfig.GetNodeDepth
 0001:0002F410       HlpBlake2STreeConfig.TBlake2STreeConfig.GetNodeOffset
 0001:0002F42C       HlpBlake2STreeConfig.TBlake2STreeConfig.SetFanOut
 0001:0002F44C       HlpBlake2STreeConfig.TBlake2STreeConfig.SetInnerHashSize
 0001:0002F470       HlpBlake2STreeConfig.TBlake2STreeConfig.SetIsLastNode
 0001:0002F474       HlpBlake2STreeConfig.TBlake2STreeConfig.SetLeafSize
 0001:0002F478       HlpBlake2STreeConfig.TBlake2STreeConfig.SetMaxDepth
 0001:0002F49C       HlpBlake2STreeConfig.TBlake2STreeConfig.SetNodeDepth
 0001:0002F4BC       HlpBlake2STreeConfig.TBlake2STreeConfig.SetNodeOffset
 0001:0002F344       HlpBlake2STreeConfig.TBlake2STreeConfig.ValidateFanOut
 0001:0002F360       HlpBlake2STreeConfig.TBlake2STreeConfig.ValidateInnerHashSize
 0001:0002F37C       HlpBlake2STreeConfig.TBlake2STreeConfig.ValidateMaxDepth
 0001:0002F39C       HlpBlake2STreeConfig.TBlake2STreeConfig.ValidateNodeDepth
 0001:0002F3B8       HlpBlake2STreeConfig.TBlake2STreeConfig.ValidateNodeOffset
 0004:00000030       HlpConverters..2
 0001:00002770       HlpConverters..TConverters
 0001:00003B80       HlpConverters.Finalization
 0002:000000B4       HlpConverters.HlpConverters
 0001:000030A8       HlpConverters.TConverters.be2me_32
 0001:000030E8       HlpConverters.TConverters.be2me_64
 0001:00003218       HlpConverters.TConverters.be32_copy
 0001:00003250       HlpConverters.TConverters.be64_copy
 0001:0000376C       HlpConverters.TConverters.ConvertBytesToHexString
 0001:000039F8       HlpConverters.TConverters.ConvertBytesToString
 0001:00003900       HlpConverters.TConverters.ConvertHexStringToBytes
 0001:000039C4       HlpConverters.TConverters.ConvertStringToBytes
 0001:00003288       HlpConverters.TConverters.le2me_32
 0001:000032C8       HlpConverters.TConverters.le2me_64
 0001:000033F8       HlpConverters.TConverters.le32_copy
 0001:00003430       HlpConverters.TConverters.le64_copy
 0001:00003468       HlpConverters.TConverters.ReadBytesAsUInt32LE
 0001:00003488       HlpConverters.TConverters.ReadBytesAsUInt64LE
 0001:00003660       HlpConverters.TConverters.ReadUInt32AsBytesBE
 0001:000034B8       HlpConverters.TConverters.ReadUInt32AsBytesLE
 0001:00003640       HlpConverters.TConverters.ReadUInt32AsBytesLE
 0001:000036F8       HlpConverters.TConverters.ReadUInt64AsBytesBE
 0001:00003554       HlpConverters.TConverters.ReadUInt64AsBytesLE
 0001:00003684       HlpConverters.TConverters.ReadUInt64AsBytesLE
 0001:00003A2C       HlpConverters.TConverters.SplitString
 0001:00002E7C       HlpConverters.TConverters.swap_copy_str_to_u32
 0001:00002F28       HlpConverters.TConverters.swap_copy_str_to_u64
 0004:0000025C       HlpCRC..2
 0001:000AB50C       HlpCRC..TCRC
 0001:000B0E30       HlpCRC.Finalization
 0002:0001B860       HlpCRC.HlpCRC
 0001:000ABB0C       HlpCRC.TCRC.CalculateCRCbyTable
 0001:000ABBF0       HlpCRC.TCRC.CalculateCRCdirect
 0001:000ABCE8       HlpCRC.TCRC.Clone
 0001:000ABDE0       HlpCRC.TCRC.Create
 0001:000ABF38       HlpCRC.TCRC.CreateCRCObject
 0001:000B0A64       HlpCRC.TCRC.GenerateTable
 0001:000AB940       HlpCRC.TCRC.GetCheckValue
 0001:000AB95C       HlpCRC.TCRC.GetInitial
 0001:000AB9B0       HlpCRC.TCRC.GetIsInputReflected
 0001:000AB9B8       HlpCRC.TCRC.GetIsOutputReflected
 0001:000ABA58       HlpCRC.TCRC.GetName
 0001:000AB978       HlpCRC.TCRC.GetNames
 0001:000AB9C4       HlpCRC.TCRC.GetOutputXor
 0001:000AB994       HlpCRC.TCRC.GetPolynomial
 0001:000AB9C0       HlpCRC.TCRC.GetWidth
 0001:000B0B84       HlpCRC.TCRC.Initialize
 0001:000B0C00       HlpCRC.TCRC.Reflect
 0001:000AB9E0       HlpCRC.TCRC.SetCheckValue
 0001:000AB9F4       HlpCRC.TCRC.SetInitial
 0001:000ABA38       HlpCRC.TCRC.SetIsInputReflected
 0001:000ABA3C       HlpCRC.TCRC.SetIsOutputReflected
 0001:000ABA08       HlpCRC.TCRC.SetNames
 0001:000ABA44       HlpCRC.TCRC.SetOutputXor
 0001:000ABA24       HlpCRC.TCRC.SetPolynomial
 0001:000ABA40       HlpCRC.TCRC.SetWidth
 0001:000B0CA4       HlpCRC.TCRC.TransformBytes
 0001:000B0CC8       HlpCRC.TCRC.TransformFinal
 0004:0000027C       HlpCRC16..4
 0001:000B32E0       HlpCRC16..TCRC16
 0001:000B2F34       HlpCRC16..TCRC16Polynomials
 0001:000B3544       HlpCRC16..TCRC16_BUYPASS
 0001:000B3830       HlpCRC16.Finalization
 0002:0001B948       HlpCRC16.HlpCRC16
 0001:000B363C       HlpCRC16.TCRC16.Create
 0001:000B36CC       HlpCRC16.TCRC16.Initialize
 0001:000B36D8       HlpCRC16.TCRC16.TransformBytes
 0001:000B36F4       HlpCRC16.TCRC16.TransformFinal
 0001:000B3708       HlpCRC16.TCRC16_BUYPASS.Create
 0004:00000278       HlpCRC32..5
 0001:000B2738       HlpCRC32..TCRC32
 0001:000B238C       HlpCRC32..TCRC32Polynomials
 0001:000B2AC4       HlpCRC32..TCRC32_CASTAGNOLI
 0001:000B29D4       HlpCRC32..TCRC32_PKZIP
 0001:000B2F2C       HlpCRC32.Finalization
 0002:0001B940       HlpCRC32.HlpCRC32
 0001:000B2BBC       HlpCRC32.TCRC32.Clone
 0001:000B2BD0       HlpCRC32.TCRC32.Create
 0001:000B2C60       HlpCRC32.TCRC32.Initialize
 0001:000B2C6C       HlpCRC32.TCRC32.TransformBytes
 0001:000B2C88       HlpCRC32.TCRC32.TransformFinal
 0001:000B2DD8       HlpCRC32.TCRC32_CASTAGNOLI.Create
 0001:000B2C9C       HlpCRC32.TCRC32_PKZIP.Create
 0004:00000274       HlpCRC32Fast..4
 0001:000B1A68       HlpCRC32Fast..TCRC32Fast
 0001:000B1D80       HlpCRC32Fast..TCRC32_CASTAGNOLI
 0001:000B1BEC       HlpCRC32Fast..TCRC32_PKZIP
 0001:000B233C       HlpCRC32Fast.Finalization
 0002:0001B938       HlpCRC32Fast.HlpCRC32Fast
 0001:000B2180       HlpCRC32Fast.TCRC32Fast.Create
 0001:000B21BC       HlpCRC32Fast.TCRC32Fast.Initialize
 0001:000B1F20       HlpCRC32Fast.TCRC32Fast.Init_CRC_Table
 0001:000B1F84       HlpCRC32Fast.TCRC32Fast.LocalCRCCompute
 0001:000B21C4       HlpCRC32Fast.TCRC32Fast.TransformFinal
 0004:00000270       HlpCRC32Fast.TCRC32_CASTAGNOLI.$ClassInitFlag
 0001:000B2298       HlpCRC32Fast.TCRC32_CASTAGNOLI.Clone
 0002:0001B8D4       HlpCRC32Fast.TCRC32_CASTAGNOLI.CRC32_CASTAGNOLI@
 0001:000B22E8       HlpCRC32Fast.TCRC32_CASTAGNOLI.Create
 0001:000B1750       HlpCRC32Fast.TCRC32_CASTAGNOLI.Destroy@
 0004:0000026C       HlpCRC32Fast.TCRC32_CASTAGNOLI.FCRC32_CASTAGNOLI_Table
 0001:000B2320       HlpCRC32Fast.TCRC32_CASTAGNOLI.TransformBytes
 0004:00000268       HlpCRC32Fast.TCRC32_PKZIP.$ClassInitFlag
 0001:000B21F4       HlpCRC32Fast.TCRC32_PKZIP.Clone
 0002:0001B870       HlpCRC32Fast.TCRC32_PKZIP.CRC32_PKZIP@
 0001:000B2244       HlpCRC32Fast.TCRC32_PKZIP.Create
 0001:000B1748       HlpCRC32Fast.TCRC32_PKZIP.Destroy@
 0004:00000264       HlpCRC32Fast.TCRC32_PKZIP.FCRC32_PKZIP_Table
 0001:000B227C       HlpCRC32Fast.TCRC32_PKZIP.TransformBytes
 0004:00000260       HlpCRC64..4
 0001:000B11E4       HlpCRC64..TCRC64
 0001:000B0E38       HlpCRC64..TCRC64Polynomials
 0001:000B1480       HlpCRC64..TCRC64_ECMA_182
 0001:000B1740       HlpCRC64.Finalization
 0002:0001B868       HlpCRC64.HlpCRC64
 0001:000B1578       HlpCRC64.TCRC64.Clone
 0001:000B158C       HlpCRC64.TCRC64.Create
 0001:000B161C       HlpCRC64.TCRC64.Initialize
 0001:000B1628       HlpCRC64.TCRC64.TransformBytes
 0001:000B1644       HlpCRC64.TCRC64.TransformFinal
 0001:000B1658       HlpCRC64.TCRC64_ECMA_182.Create
 0004:00000244       HlpDEK..2
 0001:000A9888       HlpDEK..TDEK
 0001:000A9AC4       HlpDEK.Finalization
 0002:0001B830       HlpDEK.HlpDEK
 0001:000A99E0       HlpDEK.TDEK.Clone
 0001:000A9A4C       HlpDEK.TDEK.ComputeAggregatedBytes
 0001:000A99A4       HlpDEK.TDEK.Create
 0004:00000240       HlpDJB..2
 0001:000A93C8       HlpDJB..TDJB
 0001:000A96D0       HlpDJB.Finalization
 0002:0001B828       HlpDJB.HlpDJB
 0001:000A95D8       HlpDJB.TDJB.Clone
 0001:000A9628       HlpDJB.TDJB.Create
 0001:000A9664       HlpDJB.TDJB.Initialize
 0001:000A966C       HlpDJB.TDJB.TransformBytes
 0001:000A96A0       HlpDJB.TDJB.TransformFinal
 0004:0000023C       HlpELF..2
 0001:000A8EF0       HlpELF..TELF
 0001:000A9210       HlpELF.Finalization
 0002:0001B820       HlpELF.HlpELF
 0001:000A9100       HlpELF.TELF.Clone
 0001:000A9150       HlpELF.TELF.Create
 0001:000A918C       HlpELF.TELF.Initialize
 0001:000A9194       HlpELF.TELF.TransformBytes
 0001:000A91E0       HlpELF.TELF.TransformFinal
 0004:00000238       HlpFNV..2
 0001:000A8A38       HlpFNV..TFNV
 0001:000A8D38       HlpFNV.Finalization
 0002:0001B818       HlpFNV.HlpFNV
 0001:000A8C48       HlpFNV.TFNV.Clone
 0001:000A8C98       HlpFNV.TFNV.Create
 0001:000A8CD4       HlpFNV.TFNV.Initialize
 0001:000A8CDC       HlpFNV.TFNV.TransformBytes
 0001:000A8D08       HlpFNV.TFNV.TransformFinal
 0004:00000234       HlpFNV1a..2
 0001:000A8580       HlpFNV1a..TFNV1a
 0001:000A8880       HlpFNV1a.Finalization
 0002:0001B810       HlpFNV1a.HlpFNV1a
 0001:000A8794       HlpFNV1a.TFNV1a.Clone
 0001:000A87E4       HlpFNV1a.TFNV1a.Create
 0001:000A8820       HlpFNV1a.TFNV1a.Initialize
 0001:000A8828       HlpFNV1a.TFNV1a.TransformBytes
 0001:000A8850       HlpFNV1a.TFNV1a.TransformFinal
 0004:000001FC       HlpFNV1a64..2
 0001:000A1ABC       HlpFNV1a64..TFNV1a64
 0001:000A1DF4       HlpFNV1a64.Finalization
 0002:0001B7A0       HlpFNV1a64.HlpFNV1a64
 0001:000A1CD8       HlpFNV1a64.TFNV1a64.Clone
 0001:000A1D2C       HlpFNV1a64.TFNV1a64.Create
 0001:000A1D68       HlpFNV1a64.TFNV1a64.Initialize
 0001:000A1D78       HlpFNV1a64.TFNV1a64.TransformBytes
 0001:000A1DC0       HlpFNV1a64.TFNV1a64.TransformFinal
 0004:00000200       HlpFNV64..2
 0001:000A1FAC       HlpFNV64..TFNV64
 0001:000A22F8       HlpFNV64.Finalization
 0002:0001B7A8       HlpFNV64.HlpFNV64
 0001:000A21C0       HlpFNV64.TFNV64.Clone
 0001:000A2214       HlpFNV64.TFNV64.Create
 0001:000A2250       HlpFNV64.TFNV64.Initialize
 0001:000A2260       HlpFNV64.TFNV64.TransformBytes
 0001:000A22C4       HlpFNV64.TFNV64.TransformFinal
 0004:00000120       HlpGost..2
 0001:00054CCC       HlpGost..TGost
 0001:00056838       HlpGost.Finalization
 0002:0000E1F8       HlpGost.HlpGost
 0004:0000011C       HlpGost.TGost.$ClassInitFlag
 0001:00054E6C       HlpGost.TGost.Clone
 0001:00054F3C       HlpGost.TGost.Compress
 0001:000565A8       HlpGost.TGost.Create
 0001:00054B14       HlpGost.TGost.Destroy@
 0001:00056618       HlpGost.TGost.Finish
 0004:0000010C       HlpGost.TGost.Fs_sbox1
 0004:00000110       HlpGost.TGost.Fs_sbox2
 0004:00000114       HlpGost.TGost.Fs_sbox3
 0004:00000118       HlpGost.TGost.Fs_sbox4
 0001:0005670C       HlpGost.TGost.GetResult
 0002:0000D94C       HlpGost.TGost.Gost@
 0001:00056760       HlpGost.TGost.Initialize
 0001:0005677C       HlpGost.TGost.TransformBlock
 0004:00000108       HlpGOST3411_2012..4
 0001:00052710       HlpGOST3411_2012..TGOST3411_2012
 0001:000529A8       HlpGOST3411_2012..TGOST3411_2012_256
 0001:00052B30       HlpGOST3411_2012..TGOST3411_2012_512
 0001:00054A94       HlpGOST3411_2012.Finalization
 0002:0000D944       HlpGOST3411_2012.HlpGOST3411_2012
 0004:000000F4       HlpGOST3411_2012.TGOST3411_2012.$ClassInitFlag
 0001:00052D1C       HlpGOST3411_2012.TGOST3411_2012.addMod512
 0001:00052C84       HlpGOST3411_2012.TGOST3411_2012.addMod512
 0001:00052D70       HlpGOST3411_2012.TGOST3411_2012.Create
 0001:00052558       HlpGOST3411_2012.TGOST3411_2012.Destroy@
 0001:00052EA0       HlpGOST3411_2012.TGOST3411_2012.E
 0001:00053020       HlpGOST3411_2012.TGOST3411_2012.F
 0004:000000EC       HlpGOST3411_2012.TGOST3411_2012.FC
 0004:000000F0       HlpGOST3411_2012.TGOST3411_2012.FT
 0004:000000E8       HlpGOST3411_2012.TGOST3411_2012.FZero
 0002:0000034C       HlpGOST3411_2012.TGOST3411_2012.GOST3411_2012@
 0001:00053EB0       HlpGOST3411_2012.TGOST3411_2012.g_N
 0001:00053F98       HlpGOST3411_2012.TGOST3411_2012.Initialize
 0001:00053FCC       HlpGOST3411_2012.TGOST3411_2012.InternalUpdate
 0001:000540E8       HlpGOST3411_2012.TGOST3411_2012.reverse
 0001:0005411C       HlpGOST3411_2012.TGOST3411_2012.TransformBytes
 0001:0005449C       HlpGOST3411_2012.TGOST3411_2012.TransformFinal
 0001:00052C70       HlpGOST3411_2012.TGOST3411_2012.xor512
 0004:000000FC       HlpGOST3411_2012.TGOST3411_2012_256.$ClassInitFlag
 0001:000547AC       HlpGOST3411_2012.TGOST3411_2012_256.Clone
 0001:00054884       HlpGOST3411_2012.TGOST3411_2012_256.Create
 0001:000529A0       HlpGOST3411_2012.TGOST3411_2012_256.Destroy@
 0004:000000F8       HlpGOST3411_2012.TGOST3411_2012_256.FIV_256
 0002:0000D4C4       HlpGOST3411_2012.TGOST3411_2012_256.TGOST3411_2012_256@
 0001:000548C4       HlpGOST3411_2012.TGOST3411_2012_256.TransformFinal
 0004:00000104       HlpGOST3411_2012.TGOST3411_2012_512.$ClassInitFlag
 0001:0005497C       HlpGOST3411_2012.TGOST3411_2012_512.Clone
 0001:00054A54       HlpGOST3411_2012.TGOST3411_2012_512.Create
 0001:00052B28       HlpGOST3411_2012.TGOST3411_2012_512.Destroy@
 0004:00000100       HlpGOST3411_2012.TGOST3411_2012_512.FIV_512
 0002:0000D704       HlpGOST3411_2012.TGOST3411_2012_512.TGOST3411_2012_512@
 0004:000001AC       HlpGrindahl256..2
 0001:0006EB48       HlpGrindahl256..TGrindahl256
 0001:0006F7B8       HlpGrindahl256.Finalization
 0002:0001B700       HlpGrindahl256.HlpGrindahl256
 0004:000001A8       HlpGrindahl256.TGrindahl256.$ClassInitFlag
 0001:0006ED00       HlpGrindahl256.TGrindahl256.CalcTable
 0001:0006ED5C       HlpGrindahl256.TGrindahl256.Clone
 0001:0006EE60       HlpGrindahl256.TGrindahl256.Create
 0001:0006E990       HlpGrindahl256.TGrindahl256.Destroy@
 0001:0006EED0       HlpGrindahl256.TGrindahl256.Finish
 0004:00000198       HlpGrindahl256.TGrindahl256.Fs_table_0
 0004:0000019C       HlpGrindahl256.TGrindahl256.Fs_table_1
 0004:000001A0       HlpGrindahl256.TGrindahl256.Fs_table_2
 0004:000001A4       HlpGrindahl256.TGrindahl256.Fs_table_3
 0001:0006F1D8       HlpGrindahl256.TGrindahl256.GetResult
 0002:0001B604       HlpGrindahl256.TGrindahl256.Grindahl256@
 0001:0006F230       HlpGrindahl256.TGrindahl256.Initialize
 0001:0006F24C       HlpGrindahl256.TGrindahl256.InjectMsg
 0003:00000EF4       HlpGrindahl256.TGrindahl256.s_master_table
 0001:0006F730       HlpGrindahl256.TGrindahl256.TransformBlock
 0004:00000194       HlpGrindahl512..2
 0001:0006CDD0       HlpGrindahl512..TGrindahl512
 0001:0006E8DC       HlpGrindahl512.Finalization
 0002:0001B5FC       HlpGrindahl512.HlpGrindahl512
 0004:00000190       HlpGrindahl512.TGrindahl512.$ClassInitFlag
 0001:0006CF88       HlpGrindahl512.TGrindahl512.CalcTable
 0001:0006D028       HlpGrindahl512.TGrindahl512.Clone
 0001:0006D12C       HlpGrindahl512.TGrindahl512.Create
 0001:0006CC18       HlpGrindahl512.TGrindahl512.Destroy@
 0001:0006D19C       HlpGrindahl512.TGrindahl512.Finish
 0004:00000170       HlpGrindahl512.TGrindahl512.Fs_table_0
 0004:00000174       HlpGrindahl512.TGrindahl512.Fs_table_1
 0004:00000178       HlpGrindahl512.TGrindahl512.Fs_table_2
 0004:0000017C       HlpGrindahl512.TGrindahl512.Fs_table_3
 0004:00000180       HlpGrindahl512.TGrindahl512.Fs_table_4
 0004:00000184       HlpGrindahl512.TGrindahl512.Fs_table_5
 0004:00000188       HlpGrindahl512.TGrindahl512.Fs_table_6
 0004:0000018C       HlpGrindahl512.TGrindahl512.Fs_table_7
 0001:0006D5B8       HlpGrindahl512.TGrindahl512.GetResult
 0002:0001B468       HlpGrindahl512.TGrindahl512.Grindahl512@
 0001:0006D610       HlpGrindahl512.TGrindahl512.Initialize
 0001:0006D62C       HlpGrindahl512.TGrindahl512.InjectMsg
 0003:000006F4       HlpGrindahl512.TGrindahl512.s_master_table
 0001:0006E74C       HlpGrindahl512.TGrindahl512.TransformBlock
 0004:000000E4       HlpHAS160..2
 0001:00051C34       HlpHAS160..THAS160
 0001:00052550       HlpHAS160.Finalization
 0002:00000344       HlpHAS160.HlpHAS160
 0001:00051DC0       HlpHAS160.THAS160.Clone
 0001:00051EB4       HlpHAS160.THAS160.Create
 0001:00051F0C       HlpHAS160.THAS160.Finish
 0001:00052180       HlpHAS160.THAS160.GetResult
 0001:000521D4       HlpHAS160.THAS160.Initialize
 0003:000001A4       HlpHAS160.THAS160.s_index
 0003:00000104       HlpHAS160.THAS160.s_rot
 0003:00000154       HlpHAS160.THAS160.s_tor
 0001:0005220C       HlpHAS160.THAS160.TransformBlock
 0004:00000034       HlpHash..2
 0001:00003D18       HlpHash..THash
 0001:00004A90       HlpHash.Finalization
 0002:000000BC       HlpHash.HlpHash
 0001:000046EC       HlpHash.THash.Clone
 0001:0000475C       HlpHash.THash.ComputeBytes
 0001:000046B4       HlpHash.THash.ComputeFile
 0001:00004680       HlpHash.THash.ComputeStream
 0001:000044EC       HlpHash.THash.ComputeString
 0001:00004554       HlpHash.THash.ComputeUntyped
 0001:00004454       HlpHash.THash.Create
 0001:000044DC       HlpHash.THash.GetBlockSize
 0001:000044B8       HlpHash.THash.GetBufferSize
 0001:000044E4       HlpHash.THash.GetHashSize
 0001:000044A4       HlpHash.THash.GetName
 0001:00004444       HlpHash.THash.Initialize
 0001:000044E0       HlpHash.THash.SetBlockSize
 0001:000044BC       HlpHash.THash.SetBufferSize
 0001:000044E8       HlpHash.THash.SetHashSize
 0001:000047E0       HlpHash.THash.TransformBytes
 0001:0000443C       HlpHash.THash.TransformBytes
 0001:000047FC       HlpHash.THash.TransformBytes
 0001:00004A00       HlpHash.THash.TransformFile
 0001:0000444C       HlpHash.THash.TransformFinal
 0001:00004824       HlpHash.THash.TransformStream
 0001:00004784       HlpHash.THash.TransformString
 0001:00004588       HlpHash.THash.TransformUntyped
 0004:0000003C       HlpHashBuffer..1
 0001:0000514C       HlpHashBuffer.Finalization
 0002:000000CC       HlpHashBuffer.HlpHashBuffer
 0001:00004EDC       HlpHashBuffer.THashBuffer.Clone
 0001:00004F10       HlpHashBuffer.THashBuffer.Create
 0001:00004F4C       HlpHashBuffer.THashBuffer.Feed
 0001:00004FA8       HlpHashBuffer.THashBuffer.Feed
 0001:00005030       HlpHashBuffer.THashBuffer.GetBytes
 0001:00005050       HlpHashBuffer.THashBuffer.GetBytesZeroPadded
 0001:00005088       HlpHashBuffer.THashBuffer.GetIsEmpty
 0001:00004F38       HlpHashBuffer.THashBuffer.GetIsFull
 0001:00005090       HlpHashBuffer.THashBuffer.GetLength
 0001:00005098       HlpHashBuffer.THashBuffer.GetPos
 0001:0000509C       HlpHashBuffer.THashBuffer.Initialize
 0001:000050AC       HlpHashBuffer.THashBuffer.ToString
 0004:00000054       HlpHashCryptoNotBuildIn..2
 0001:00006AC4       HlpHashCryptoNotBuildIn..TBlockHash
 0001:0000705C       HlpHashCryptoNotBuildIn.Finalization
 0002:000000FC       HlpHashCryptoNotBuildIn.HlpHashCryptoNotBuildIn
 0001:00006D34       HlpHashCryptoNotBuildIn.TBlockHash.Create
 0001:00006DE4       HlpHashCryptoNotBuildIn.TBlockHash.Initialize
 0001:00006E00       HlpHashCryptoNotBuildIn.TBlockHash.TransformBuffer
 0001:00006E70       HlpHashCryptoNotBuildIn.TBlockHash.TransformBytes
 0001:00006FE4       HlpHashCryptoNotBuildIn.TBlockHash.TransformFinal
 0004:00000288       HlpHashFactory..51
 0001:000B65AC       HlpHashFactory..THashFactory
 0001:000B48F4       HlpHashFactory..THashFactory.TChecksum
 0001:000B44A0       HlpHashFactory..THashFactory.TCRC
 0001:000B517C       HlpHashFactory..THashFactory.TCrypto
 0001:000B5050       HlpHashFactory..THashFactory.THash128
 0001:000B49D8       HlpHashFactory..THashFactory.THash32
 0001:000B4EA8       HlpHashFactory..THashFactory.THash64
 0001:000B64B4       HlpHashFactory..THashFactory.THMAC
 0001:000B43A8       HlpHashFactory..THashFactory.TNullDigestFactory
 0001:000B636C       HlpHashFactory..THashFactory.TXOF
 0001:000B69BC       HlpHashFactory..TKDF
 0001:000B6648       HlpHashFactory..TKDF.TPBKDF2_HMAC
 0001:000B676C       HlpHashFactory..TKDF.TPBKDF_Argon2
 0001:000B6878       HlpHashFactory..TKDF.TPBKDF_Scrypt
 0001:000B8164       HlpHashFactory.Finalization
 0002:0001B960       HlpHashFactory.HlpHashFactory
 0001:000B6C64       HlpHashFactory.THashFactory.TChecksum.CreateAdler32
 0001:000B6AC4       HlpHashFactory.THashFactory.TCRC.CreateCRC
 0001:000B6A6C       HlpHashFactory.THashFactory.TCRC.CreateCRC
 0001:000B6AD8       HlpHashFactory.THashFactory.TCRC.CreateCRC16
 0001:000B6B2C       HlpHashFactory.THashFactory.TCRC.CreateCRC16_BUYPASS
 0001:000B6B50       HlpHashFactory.THashFactory.TCRC.CreateCRC32
 0001:000B6BA4       HlpHashFactory.THashFactory.TCRC.CreateCRC32_CASTAGNOLI
 0001:000B6BC8       HlpHashFactory.THashFactory.TCRC.CreateCRC32_PKZIP
 0001:000B6BEC       HlpHashFactory.THashFactory.TCRC.CreateCRC64
 0001:000B6C40       HlpHashFactory.THashFactory.TCRC.CreateCRC64_ECMA_182
 0001:000B794C       HlpHashFactory.THashFactory.TCrypto.CreateBlake2B
 0001:000B79DC       HlpHashFactory.THashFactory.TCrypto.CreateBlake2B_160
 0001:000B7A00       HlpHashFactory.THashFactory.TCrypto.CreateBlake2B_256
 0001:000B7A24       HlpHashFactory.THashFactory.TCrypto.CreateBlake2B_384
 0001:000B7A48       HlpHashFactory.THashFactory.TCrypto.CreateBlake2B_512
 0001:000B7A6C       HlpHashFactory.THashFactory.TCrypto.CreateBlake2S
 0001:000B7AFC       HlpHashFactory.THashFactory.TCrypto.CreateBlake2S_128
 0001:000B7B20       HlpHashFactory.THashFactory.TCrypto.CreateBlake2S_160
 0001:000B7B44       HlpHashFactory.THashFactory.TCrypto.CreateBlake2S_224
 0001:000B7B68       HlpHashFactory.THashFactory.TCrypto.CreateBlake2S_256
 0001:000B707C       HlpHashFactory.THashFactory.TCrypto.CreateGost
 0001:000B70A0       HlpHashFactory.THashFactory.TCrypto.CreateGOST3411_2012_256
 0001:000B70C4       HlpHashFactory.THashFactory.TCrypto.CreateGOST3411_2012_512
 0001:000B70E8       HlpHashFactory.THashFactory.TCrypto.CreateGrindahl256
 0001:000B710C       HlpHashFactory.THashFactory.TCrypto.CreateGrindahl512
 0001:000B7130       HlpHashFactory.THashFactory.TCrypto.CreateHAS160
 0001:000B7154       HlpHashFactory.THashFactory.TCrypto.CreateHaval
 0001:000B7340       HlpHashFactory.THashFactory.TCrypto.CreateHaval_3_128
 0001:000B7364       HlpHashFactory.THashFactory.TCrypto.CreateHaval_3_160
 0001:000B7388       HlpHashFactory.THashFactory.TCrypto.CreateHaval_3_192
 0001:000B73AC       HlpHashFactory.THashFactory.TCrypto.CreateHaval_3_224
 0001:000B73D0       HlpHashFactory.THashFactory.TCrypto.CreateHaval_3_256
 0001:000B73F4       HlpHashFactory.THashFactory.TCrypto.CreateHaval_4_128
 0001:000B7418       HlpHashFactory.THashFactory.TCrypto.CreateHaval_4_160
 0001:000B743C       HlpHashFactory.THashFactory.TCrypto.CreateHaval_4_192
 0001:000B7460       HlpHashFactory.THashFactory.TCrypto.CreateHaval_4_224
 0001:000B7484       HlpHashFactory.THashFactory.TCrypto.CreateHaval_4_256
 0001:000B74A8       HlpHashFactory.THashFactory.TCrypto.CreateHaval_5_128
 0001:000B74CC       HlpHashFactory.THashFactory.TCrypto.CreateHaval_5_160
 0001:000B74F0       HlpHashFactory.THashFactory.TCrypto.CreateHaval_5_192
 0001:000B7514       HlpHashFactory.THashFactory.TCrypto.CreateHaval_5_224
 0001:000B7538       HlpHashFactory.THashFactory.TCrypto.CreateHaval_5_256
 0001:000B7898       HlpHashFactory.THashFactory.TCrypto.CreateKeccak_224
 0001:000B78BC       HlpHashFactory.THashFactory.TCrypto.CreateKeccak_256
 0001:000B78E0       HlpHashFactory.THashFactory.TCrypto.CreateKeccak_288
 0001:000B7904       HlpHashFactory.THashFactory.TCrypto.CreateKeccak_384
 0001:000B7928       HlpHashFactory.THashFactory.TCrypto.CreateKeccak_512
 0001:000B755C       HlpHashFactory.THashFactory.TCrypto.CreateMD2
 0001:000B7580       HlpHashFactory.THashFactory.TCrypto.CreateMD4
 0001:000B75A4       HlpHashFactory.THashFactory.TCrypto.CreateMD5
 0001:000B75C8       HlpHashFactory.THashFactory.TCrypto.CreatePanama
 0001:000B75EC       HlpHashFactory.THashFactory.TCrypto.CreateRadioGatun32
 0001:000B7610       HlpHashFactory.THashFactory.TCrypto.CreateRadioGatun64
 0001:000B7634       HlpHashFactory.THashFactory.TCrypto.CreateRIPEMD
 0001:000B7658       HlpHashFactory.THashFactory.TCrypto.CreateRIPEMD128
 0001:000B767C       HlpHashFactory.THashFactory.TCrypto.CreateRIPEMD160
 0001:000B76A0       HlpHashFactory.THashFactory.TCrypto.CreateRIPEMD256
 0001:000B76C4       HlpHashFactory.THashFactory.TCrypto.CreateRIPEMD320
 0001:000B76E8       HlpHashFactory.THashFactory.TCrypto.CreateSHA0
 0001:000B770C       HlpHashFactory.THashFactory.TCrypto.CreateSHA1
 0001:000B7730       HlpHashFactory.THashFactory.TCrypto.CreateSHA2_224
 0001:000B7754       HlpHashFactory.THashFactory.TCrypto.CreateSHA2_256
 0001:000B7778       HlpHashFactory.THashFactory.TCrypto.CreateSHA2_384
 0001:000B779C       HlpHashFactory.THashFactory.TCrypto.CreateSHA2_512
 0001:000B77C0       HlpHashFactory.THashFactory.TCrypto.CreateSHA2_512_224
 0001:000B77E4       HlpHashFactory.THashFactory.TCrypto.CreateSHA2_512_256
 0001:000B7808       HlpHashFactory.THashFactory.TCrypto.CreateSHA3_224
 0001:000B782C       HlpHashFactory.THashFactory.TCrypto.CreateSHA3_256
 0001:000B7850       HlpHashFactory.THashFactory.TCrypto.CreateSHA3_384
 0001:000B7874       HlpHashFactory.THashFactory.TCrypto.CreateSHA3_512
 0001:000B7B8C       HlpHashFactory.THashFactory.TCrypto.CreateSnefru
 0001:000B7BF8       HlpHashFactory.THashFactory.TCrypto.CreateSnefru_8_128
 0001:000B7C0C       HlpHashFactory.THashFactory.TCrypto.CreateSnefru_8_256
 0001:000B7D88       HlpHashFactory.THashFactory.TCrypto.CreateTiger
 0001:000B7DE0       HlpHashFactory.THashFactory.TCrypto.CreateTiger2
 0001:000B7E38       HlpHashFactory.THashFactory.TCrypto.CreateTiger2_3_128
 0001:000B7E5C       HlpHashFactory.THashFactory.TCrypto.CreateTiger2_3_160
 0001:000B7E80       HlpHashFactory.THashFactory.TCrypto.CreateTiger2_3_192
 0001:000B7EA4       HlpHashFactory.THashFactory.TCrypto.CreateTiger2_4_128
 0001:000B7EC8       HlpHashFactory.THashFactory.TCrypto.CreateTiger2_4_160
 0001:000B7EEC       HlpHashFactory.THashFactory.TCrypto.CreateTiger2_4_192
 0001:000B7F10       HlpHashFactory.THashFactory.TCrypto.CreateTiger2_5_128
 0001:000B7F34       HlpHashFactory.THashFactory.TCrypto.CreateTiger2_5_160
 0001:000B7F58       HlpHashFactory.THashFactory.TCrypto.CreateTiger2_5_192
 0001:000B7C20       HlpHashFactory.THashFactory.TCrypto.CreateTiger_3_128
 0001:000B7C44       HlpHashFactory.THashFactory.TCrypto.CreateTiger_3_160
 0001:000B7C68       HlpHashFactory.THashFactory.TCrypto.CreateTiger_3_192
 0001:000B7C8C       HlpHashFactory.THashFactory.TCrypto.CreateTiger_4_128
 0001:000B7CB0       HlpHashFactory.THashFactory.TCrypto.CreateTiger_4_160
 0001:000B7CD4       HlpHashFactory.THashFactory.TCrypto.CreateTiger_4_192
 0001:000B7CF8       HlpHashFactory.THashFactory.TCrypto.CreateTiger_5_128
 0001:000B7D1C       HlpHashFactory.THashFactory.TCrypto.CreateTiger_5_160
 0001:000B7D40       HlpHashFactory.THashFactory.TCrypto.CreateTiger_5_192
 0001:000B7D64       HlpHashFactory.THashFactory.TCrypto.CreateWhirlPool
 0001:000B7058       HlpHashFactory.THashFactory.THash128.CreateMurmurHash3_x64_128
 0001:000B7034       HlpHashFactory.THashFactory.THash128.CreateMurmurHash3_x86_128
 0001:000B6C88       HlpHashFactory.THashFactory.THash32.CreateAP
 0001:000B6CAC       HlpHashFactory.THashFactory.THash32.CreateBernstein
 0001:000B6CD0       HlpHashFactory.THashFactory.THash32.CreateBernstein1
 0001:000B6CF4       HlpHashFactory.THashFactory.THash32.CreateBKDR
 0001:000B6D18       HlpHashFactory.THashFactory.THash32.CreateDEK
 0001:000B6D3C       HlpHashFactory.THashFactory.THash32.CreateDJB
 0001:000B6D60       HlpHashFactory.THashFactory.THash32.CreateELF
 0001:000B6D84       HlpHashFactory.THashFactory.THash32.CreateFNV
 0001:000B6DA8       HlpHashFactory.THashFactory.THash32.CreateFNV1a
 0001:000B6DCC       HlpHashFactory.THashFactory.THash32.CreateJenkins3
 0001:000B6DF4       HlpHashFactory.THashFactory.THash32.CreateJS
 0001:000B6E18       HlpHashFactory.THashFactory.THash32.CreateMurmur2
 0001:000B6E3C       HlpHashFactory.THashFactory.THash32.CreateMurmurHash3_x86_32
 0001:000B6E60       HlpHashFactory.THashFactory.THash32.CreateOneAtTime
 0001:000B6E84       HlpHashFactory.THashFactory.THash32.CreatePJW
 0001:000B6EA8       HlpHashFactory.THashFactory.THash32.CreateRotating
 0001:000B6ECC       HlpHashFactory.THashFactory.THash32.CreateRS
 0001:000B6EF0       HlpHashFactory.THashFactory.THash32.CreateSDBM
 0001:000B6F14       HlpHashFactory.THashFactory.THash32.CreateShiftAndXor
 0001:000B6F38       HlpHashFactory.THashFactory.THash32.CreateSuperFast
 0001:000B6F5C       HlpHashFactory.THashFactory.THash32.CreateXXHash32
 0001:000B6F80       HlpHashFactory.THashFactory.THash64.CreateFNV
 0001:000B6FA4       HlpHashFactory.THashFactory.THash64.CreateFNV1a
 0001:000B6FC8       HlpHashFactory.THashFactory.THash64.CreateMurmur2
 0001:000B6FEC       HlpHashFactory.THashFactory.THash64.CreateSipHash2_4
 0001:000B7010       HlpHashFactory.THashFactory.THash64.CreateXXHash64
 0001:000B80AC       HlpHashFactory.THashFactory.THMAC.CreateHMAC
 0001:000B6A48       HlpHashFactory.THashFactory.TNullDigestFactory.CreateNullDigest
 0001:000B7F7C       HlpHashFactory.THashFactory.TXOF.CreateShake_128
 0001:000B8014       HlpHashFactory.THashFactory.TXOF.CreateShake_256
 0001:000B80C4       HlpHashFactory.TKDF.TPBKDF2_HMAC.CreatePBKDF2_HMAC
 0001:000B80FC       HlpHashFactory.TKDF.TPBKDF_Argon2.CreatePBKDF_Argon2
 0001:000B8128       HlpHashFactory.TKDF.TPBKDF_Scrypt.CreatePBKDF_Scrypt
 0004:00000014       HlpHashLibTypes..11
 0001:00000764       HlpHashLibTypes..EArgumentHashLibException
 0001:00000820       HlpHashLibTypes..EArgumentInvalidHashLibException
 0001:000008EC       HlpHashLibTypes..EArgumentNilHashLibException
 0001:000009B0       HlpHashLibTypes..EArgumentOutOfRangeHashLibException
 0001:00000520       HlpHashLibTypes..EHashLibException
 0001:00000698       HlpHashLibTypes..EIndexOutOfRangeHashLibException
 0001:000005CC       HlpHashLibTypes..EInvalidOperationHashLibException
 0001:00000B44       HlpHashLibTypes..ENotImplementedHashLibException
 0001:00000A80       HlpHashLibTypes..ENullReferenceHashLibException
 0001:00000C0C       HlpHashLibTypes..EUnsupportedTypeHashLibException
 0001:00000EAC       HlpHashLibTypes.Finalization
 0002:00000040       HlpHashLibTypes.HlpHashLibTypes
 0004:00000040       HlpHashResult..2
 0001:00005240       HlpHashResult..THashResult
 0001:00005F1C       HlpHashResult.Finalization
 0002:000000D4       HlpHashResult.HlpHashResult
 0001:000057D4       HlpHashResult.THashResult.Create
 0001:000058A4       HlpHashResult.THashResult.Create
 0001:0000595C       HlpHashResult.THashResult.Create
 0001:00005A18       HlpHashResult.THashResult.Create
 0001:0000566C       HlpHashResult.THashResult.Create
 0001:00005788       HlpHashResult.THashResult.Create
 0001:00005B24       HlpHashResult.THashResult.Equals
 0001:00005B80       HlpHashResult.THashResult.GetBytes
 0001:00005B9C       HlpHashResult.THashResult.GetHashCode
 0001:00005CEC       HlpHashResult.THashResult.GetInt32
 0001:00005D6C       HlpHashResult.THashResult.GetUInt16
 0001:00005DA8       HlpHashResult.THashResult.GetUInt32
 0001:00005DFC       HlpHashResult.THashResult.GetUInt64
 0001:00005D40       HlpHashResult.THashResult.GetUInt8
 0001:00005F00       HlpHashResult.THashResult.ToString
 0004:00000124       HlpHashRounds..1
 0001:000568A8       HlpHashRounds.Finalization
 0002:0000E200       HlpHashRounds.HlpHashRounds
 0004:00000074       HlpHashSize..1
 0001:00013088       HlpHashSize.Finalization
 0002:0000013C       HlpHashSize.HlpHashSize
 0004:00000128       HlpHaval..02
 0001:00056A70       HlpHaval..THaval
 0001:00056BBC       HlpHaval..THaval3
 0001:00056C98       HlpHaval..THaval4
 0001:00056D74       HlpHaval..THaval5
 0001:00056E50       HlpHaval..THaval_3_128
 0001:000571EC       HlpHaval..THaval_3_160
 0001:00057588       HlpHaval..THaval_3_192
 0001:00057924       HlpHaval..THaval_3_224
 0001:00057CC0       HlpHaval..THaval_3_256
 0001:00056F84       HlpHaval..THaval_4_128
 0001:00057320       HlpHaval..THaval_4_160
 0001:000576BC       HlpHaval..THaval_4_192
 0001:00057A58       HlpHaval..THaval_4_224
 0001:00057DF4       HlpHaval..THaval_4_256
 0001:000570B8       HlpHaval..THaval_5_128
 0001:00057454       HlpHaval..THaval_5_160
 0001:000577F0       HlpHaval..THaval_5_192
 0001:00057B8C       HlpHaval..THaval_5_224
 0001:00057F28       HlpHaval..THaval_5_256
 0001:00068B60       HlpHaval.Finalization
 0002:0000E208       HlpHaval.HlpHaval
 0001:0005805C       HlpHaval.THaval.Create
 0001:000580D4       HlpHaval.THaval.Finish
 0001:00058368       HlpHaval.THaval.GetResult
 0001:000583CC       HlpHaval.THaval.Initialize
 0001:00058424       HlpHaval.THaval.TailorDigestBits
 0001:0005880C       HlpHaval.THaval3.Create
 0001:00058844       HlpHaval.THaval3.TransformBlock
 0001:0005C2A8       HlpHaval.THaval4.Create
 0001:0005C2E0       HlpHaval.THaval4.TransformBlock
 0001:00061394       HlpHaval.THaval5.Create
 0001:000613CC       HlpHaval.THaval5.TransformBlock
 0001:00067918       HlpHaval.THaval_3_128.Clone
 0001:00067A18       HlpHaval.THaval_3_128.Create
 0001:00067CC0       HlpHaval.THaval_3_160.Clone
 0001:00067DC0       HlpHaval.THaval_3_160.Create
 0001:00068068       HlpHaval.THaval_3_192.Clone
 0001:00068168       HlpHaval.THaval_3_192.Create
 0001:00068410       HlpHaval.THaval_3_224.Clone
 0001:00068510       HlpHaval.THaval_3_224.Create
 0001:000687B8       HlpHaval.THaval_3_256.Clone
 0001:000688B8       HlpHaval.THaval_3_256.Create
 0001:00067A50       HlpHaval.THaval_4_128.Clone
 0001:00067B50       HlpHaval.THaval_4_128.Create
 0001:00067DF8       HlpHaval.THaval_4_160.Clone
 0001:00067EF8       HlpHaval.THaval_4_160.Create
 0001:000681A0       HlpHaval.THaval_4_192.Clone
 0001:000682A0       HlpHaval.THaval_4_192.Create
 0001:00068548       HlpHaval.THaval_4_224.Clone
 0001:00068648       HlpHaval.THaval_4_224.Create
 0001:000688F0       HlpHaval.THaval_4_256.Clone
 0001:000689F0       HlpHaval.THaval_4_256.Create
 0001:00067B88       HlpHaval.THaval_5_128.Clone
 0001:00067C88       HlpHaval.THaval_5_128.Create
 0001:00067F30       HlpHaval.THaval_5_160.Clone
 0001:00068030       HlpHaval.THaval_5_160.Create
 0001:000682D8       HlpHaval.THaval_5_192.Clone
 0001:000683D8       HlpHaval.THaval_5_192.Create
 0001:00068680       HlpHaval.THaval_5_224.Clone
 0001:00068780       HlpHaval.THaval_5_224.Create
 0001:00068A28       HlpHaval.THaval_5_256.Clone
 0001:00068B28       HlpHaval.THaval_5_256.Create
 0004:00000058       HlpHMACNotBuildInAdapter..2
 0001:000073B4       HlpHMACNotBuildInAdapter..THMACNotBuildInAdapter
 0001:00007C7C       HlpHMACNotBuildInAdapter.Finalization
 0002:00000104       HlpHMACNotBuildInAdapter.HlpHMACNotBuildInAdapter
 0001:00007D28       HlpHMACNotBuildInAdapter.Nullable<System.Integer>.&op_Implicit
 0001:00007D18       HlpHMACNotBuildInAdapter.Nullable<System.Integer>.ClearValue
 0001:000077C4       HlpHMACNotBuildInAdapter.THMACNotBuildInAdapter.Clear
 0001:000077D0       HlpHMACNotBuildInAdapter.THMACNotBuildInAdapter.Clone
 0001:00007884       HlpHMACNotBuildInAdapter.THMACNotBuildInAdapter.Create
 0001:00007C20       HlpHMACNotBuildInAdapter.THMACNotBuildInAdapter.CreateHMAC
 0001:00007928       HlpHMACNotBuildInAdapter.THMACNotBuildInAdapter.Destroy
 0001:00007954       HlpHMACNotBuildInAdapter.THMACNotBuildInAdapter.GetKey
 0001:00007970       HlpHMACNotBuildInAdapter.THMACNotBuildInAdapter.GetKeyLength
 0001:00007B74       HlpHMACNotBuildInAdapter.THMACNotBuildInAdapter.GetName
 0001:00007ABC       HlpHMACNotBuildInAdapter.THMACNotBuildInAdapter.Initialize
 0001:00007980       HlpHMACNotBuildInAdapter.THMACNotBuildInAdapter.SetKey
 0001:00007B58       HlpHMACNotBuildInAdapter.THMACNotBuildInAdapter.TransformBytes
 0001:00007ADC       HlpHMACNotBuildInAdapter.THMACNotBuildInAdapter.TransformFinal
 0001:000079B8       HlpHMACNotBuildInAdapter.THMACNotBuildInAdapter.UpdatePads
 0004:00000070       HlpIBlake2BConfig..1
 0001:00013080       HlpIBlake2BConfig.Finalization
 0002:00000134       HlpIBlake2BConfig.HlpIBlake2BConfig
 0004:0000007C       HlpIBlake2BTreeConfig..1
 0001:00013758       HlpIBlake2BTreeConfig.Finalization
 0002:0000014C       HlpIBlake2BTreeConfig.HlpIBlake2BTreeConfig
 0004:000000A4       HlpIBlake2SConfig..1
 0001:0002E8F8       HlpIBlake2SConfig.Finalization
 0002:00000230       HlpIBlake2SConfig.HlpIBlake2SConfig
 0004:000000A0       HlpIBlake2STreeConfig..1
 0001:0002E8AC       HlpIBlake2STreeConfig.Finalization
 0002:00000228       HlpIBlake2STreeConfig.HlpIBlake2STreeConfig
 0004:00000258       HlpICRC..1
 0001:000AAE50       HlpICRC.Finalization
 0002:0001B858       HlpICRC.HlpICRC
 0004:0000001C       HlpIHash..1
 0001:00000F98       HlpIHash.Finalization
 0002:00000078       HlpIHash.HlpIHash
 0004:00000050       HlpIHashInfo..1
 0001:00006A70       HlpIHashInfo.Finalization
 0002:000000F4       HlpIHashInfo.HlpIHashInfo
 0004:00000018       HlpIHashResult..1
 0001:00000EF0       HlpIHashResult.Finalization
 0002:00000048       HlpIHashResult.HlpIHashResult
 0004:0000004C       HlpIKDF..1
 0001:000064F8       HlpIKDF.Finalization
 0002:000000EC       HlpIKDF.HlpIKDF
 0004:00000230       HlpJenkins3..2
 0001:000A7800       HlpJenkins3..TJenkins3
 0001:000A83C8       HlpJenkins3.Finalization
 0002:0001B808       HlpJenkins3.HlpJenkins3
 0001:000A79A4       HlpJenkins3.TJenkins3.Clone
 0001:000A7A18       HlpJenkins3.TJenkins3.ComputeAggregatedBytes
 0001:000A7960       HlpJenkins3.TJenkins3.Create
 0004:0000022C       HlpJS..2
 0001:000A7340       HlpJS..TJS
 0001:000A7648       HlpJS.Finalization
 0002:0001B800       HlpJS.HlpJS
 0001:000A754C       HlpJS.TJS.Clone
 0001:000A759C       HlpJS.TJS.Create
 0001:000A75D8       HlpJS.TJS.Initialize
[...]
 0001:000B76C4       HlpHashFactory.THashFactory.TCrypto.CreateRIPEMD320
 0001:000B76E8       HlpHashFactory.THashFactory.TCrypto.CreateSHA0
 0001:000B770C       HlpHashFactory.THashFactory.TCrypto.CreateSHA1
 0001:000B7730       HlpHashFactory.THashFactory.TCrypto.CreateSHA2_224
 0001:000B7754       HlpHashFactory.THashFactory.TCrypto.CreateSHA2_256
 0001:000B7778       HlpHashFactory.THashFactory.TCrypto.CreateSHA2_384
 0001:000B779C       HlpHashFactory.THashFactory.TCrypto.CreateSHA2_512
 0001:000B77C0       HlpHashFactory.THashFactory.TCrypto.CreateSHA2_512_224
 0001:000B77E4       HlpHashFactory.THashFactory.TCrypto.CreateSHA2_512_256
 0001:000B7808       HlpHashFactory.THashFactory.TCrypto.CreateSHA3_224
 0001:000B782C       HlpHashFactory.THashFactory.TCrypto.CreateSHA3_256
 0001:000B7850       HlpHashFactory.THashFactory.TCrypto.CreateSHA3_384
 0001:000B7874       HlpHashFactory.THashFactory.TCrypto.CreateSHA3_512
 0001:000B7898       HlpHashFactory.THashFactory.TCrypto.CreateKeccak_224
 0001:000B78BC       HlpHashFactory.THashFactory.TCrypto.CreateKeccak_256
 0001:000B78E0       HlpHashFactory.THashFactory.TCrypto.CreateKeccak_288
 0001:000B7904       HlpHashFactory.THashFactory.TCrypto.CreateKeccak_384
 0001:000B7928       HlpHashFactory.THashFactory.TCrypto.CreateKeccak_512
 0001:000B794C       HlpHashFactory.THashFactory.TCrypto.CreateBlake2B
 0001:000B79DC       HlpHashFactory.THashFactory.TCrypto.CreateBlake2B_160
 0001:000B7A00       HlpHashFactory.THashFactory.TCrypto.CreateBlake2B_256
 0001:000B7A24       HlpHashFactory.THashFactory.TCrypto.CreateBlake2B_384
 0001:000B7A48       HlpHashFactory.THashFactory.TCrypto.CreateBlake2B_512
 0001:000B7A6C       HlpHashFactory.THashFactory.TCrypto.CreateBlake2S
 0001:000B7AFC       HlpHashFactory.THashFactory.TCrypto.CreateBlake2S_128
 0001:000B7B20       HlpHashFactory.THashFactory.TCrypto.CreateBlake2S_160
 0001:000B7B44       HlpHashFactory.THashFactory.TCrypto.CreateBlake2S_224
 0001:000B7B68       HlpHashFactory.THashFactory.TCrypto.CreateBlake2S_256
 0001:000B7B8C       HlpHashFactory.THashFactory.TCrypto.CreateSnefru
 0001:000B7BF8       HlpHashFactory.THashFactory.TCrypto.CreateSnefru_8_128
 0001:000B7C0C       HlpHashFactory.THashFactory.TCrypto.CreateSnefru_8_256
 0001:000B7C20       HlpHashFactory.THashFactory.TCrypto.CreateTiger_3_128
 0001:000B7C44       HlpHashFactory.THashFactory.TCrypto.CreateTiger_3_160
 0001:000B7C68       HlpHashFactory.THashFactory.TCrypto.CreateTiger_3_192
 0001:000B7C8C       HlpHashFactory.THashFactory.TCrypto.CreateTiger_4_128
 0001:000B7CB0       HlpHashFactory.THashFactory.TCrypto.CreateTiger_4_160
 0001:000B7CD4       HlpHashFactory.THashFactory.TCrypto.CreateTiger_4_192
 0001:000B7CF8       HlpHashFactory.THashFactory.TCrypto.CreateTiger_5_128
 0001:000B7D1C       HlpHashFactory.THashFactory.TCrypto.CreateTiger_5_160
 0001:000B7D40       HlpHashFactory.THashFactory.TCrypto.CreateTiger_5_192
 0001:000B7D64       HlpHashFactory.THashFactory.TCrypto.CreateWhirlPool
 0001:000B7D88       HlpHashFactory.THashFactory.TCrypto.CreateTiger
 0001:000B7DE0       HlpHashFactory.THashFactory.TCrypto.CreateTiger2
 0001:000B7E38       HlpHashFactory.THashFactory.TCrypto.CreateTiger2_3_128
 0001:000B7E5C       HlpHashFactory.THashFactory.TCrypto.CreateTiger2_3_160
 0001:000B7E80       HlpHashFactory.THashFactory.TCrypto.CreateTiger2_3_192
 0001:000B7EA4       HlpHashFactory.THashFactory.TCrypto.CreateTiger2_4_128
 0001:000B7EC8       HlpHashFactory.THashFactory.TCrypto.CreateTiger2_4_160
 0001:000B7EEC       HlpHashFactory.THashFactory.TCrypto.CreateTiger2_4_192
 0001:000B7F10       HlpHashFactory.THashFactory.TCrypto.CreateTiger2_5_128
 0001:000B7F34       HlpHashFactory.THashFactory.TCrypto.CreateTiger2_5_160
 0001:000B7F58       HlpHashFactory.THashFactory.TCrypto.CreateTiger2_5_192
 0001:000B7F7C       HlpHashFactory.THashFactory.TXOF.CreateShake_128
 0001:000B8014       HlpHashFactory.THashFactory.TXOF.CreateShake_256
 0001:000B80AC       HlpHashFactory.THashFactory.THMAC.CreateHMAC
 0001:000B80C4       HlpHashFactory.TKDF.TPBKDF2_HMAC.CreatePBKDF2_HMAC
 0001:000B80FC       HlpHashFactory.TKDF.TPBKDF_Argon2.CreatePBKDF_Argon2
 0001:000B8128       HlpHashFactory.TKDF.TPBKDF_Scrypt.CreatePBKDF_Scrypt
 0001:000B8164       HlpHashFactory.Finalization
 0001:000B9090       .HashLib4PascalPackage.@GetPackageInfoTable
 0001:000B9098       .HashLib4PascalPackage.@PackageLoad
 0001:000B90A4       .HashLib4PascalPackage.@PackageUnload
 0002:00000000       System.System
 0002:00000008       SysUtils.TLanguages.Create@
 0002:00000010       SysUtils.TEncoding.Create@
 0002:00000018       SysUtils.Exception.Create@
 0002:00000020       SysUtils.SysUtils
 0002:00000028       Windows.Windows
 0002:00000040       HlpHashLibTypes.HlpHashLibTypes
 0002:00000048       HlpIHashResult.HlpIHashResult
 0002:00000050       Classes.TThread.Create@
 0002:00000058       Classes.Classes
 0002:00000060       TypInfo.TypInfo
 0002:00000068       Variants.Variants
 0002:00000070       VarUtils.VarUtils
 0002:00000078       HlpIHash.HlpIHash
 0002:00000080       HlpBitConverter.TBitConverter.BitConverter@
 0002:000000A4       HlpBitConverter.HlpBitConverter
 0002:000000AC       HlpBits.HlpBits
 0002:000000B4       HlpConverters.HlpConverters
 0002:000000BC       HlpHash.HlpHash
 0002:000000C4       HlpArrayUtils.HlpArrayUtils
 0002:000000CC       HlpHashBuffer.HlpHashBuffer
 0002:000000D4       HlpHashResult.HlpHashResult
 0002:000000DC       HlpNullable.HlpNullable
 0002:000000E4       HlpArgon2TypeAndVersion.HlpArgon2TypeAndVersion
 0002:000000EC       HlpIKDF.HlpIKDF
 0002:000000F4       HlpIHashInfo.HlpIHashInfo
 0002:000000FC       HlpHashCryptoNotBuildIn.HlpHashCryptoNotBuildIn
 0002:00000104       HlpHMACNotBuildInAdapter.HlpHMACNotBuildInAdapter
 0002:0000010C       HlpKDF.HlpKDF
 0002:00000114       HlpPBKDF2_HMACNotBuildInAdapter.HlpPBKDF2_HMACNotBuildInAdapter
 0002:0000011C       HlpSHA2_256Base.HlpSHA2_256Base
 0002:00000124       HlpSHA2_256.HlpSHA2_256
 0002:0000012C       HlpPBKDF_ScryptNotBuildInAdapter.HlpPBKDF_ScryptNotBuildInAdapter
 0002:00000134       HlpIBlake2BConfig.HlpIBlake2BConfig
 0002:0000013C       HlpHashSize.HlpHashSize
 0002:00000144       HlpBlake2BConfig.HlpBlake2BConfig
 0002:0000014C       HlpIBlake2BTreeConfig.HlpIBlake2BTreeConfig
 0002:00000154       HlpBlake2BTreeConfig.HlpBlake2BTreeConfig
 0002:0000015C       HlpBlake2BIvBuilder.TBlake2BIvBuilder.Blake2BIvBuilder@
 0002:000001E4       HlpBlake2BIvBuilder.HlpBlake2BIvBuilder
 0002:000001EC       HlpBlake2B.TBlake2B.Blake2BConfig@
 0002:00000218       HlpBlake2B.HlpBlake2B
 0002:00000220       HlpPBKDF_Argon2NotBuildInAdapter.HlpPBKDF_Argon2NotBuildInAdapter
 0002:00000228       HlpIBlake2STreeConfig.HlpIBlake2STreeConfig
 0002:00000230       HlpIBlake2SConfig.HlpIBlake2SConfig
 0002:00000238       HlpBlake2SConfig.HlpBlake2SConfig
 0002:00000240       HlpBlake2STreeConfig.HlpBlake2STreeConfig
 0002:00000248       HlpBlake2SIvBuilder.TBlake2SIvBuilder.Blake2SIvBuilder@
 0002:000002D0       HlpBlake2SIvBuilder.HlpBlake2SIvBuilder
 0002:000002D8       HlpBlake2S.TBlake2S.Blake2SConfig@
 0002:00000304       HlpBlake2S.HlpBlake2S
 0002:0000030C       HlpSHA3.HlpSHA3
 0002:00000314       HlpMDBase.HlpMDBase
 0002:0000031C       HlpRIPEMD320.HlpRIPEMD320
 0002:00000324       HlpRIPEMD256.HlpRIPEMD256
 0002:0000032C       HlpRIPEMD160.HlpRIPEMD160
 0002:00000334       HlpRIPEMD128.HlpRIPEMD128
 0002:0000033C       HlpRIPEMD.HlpRIPEMD
 0002:00000344       HlpHAS160.HlpHAS160
 0002:0000034C       HlpGOST3411_2012.TGOST3411_2012.GOST3411_2012@
 0002:0000D4C4       HlpGOST3411_2012.TGOST3411_2012_256.TGOST3411_2012_256@
 0002:0000D704       HlpGOST3411_2012.TGOST3411_2012_512.TGOST3411_2012_512@
 0002:0000D944       HlpGOST3411_2012.HlpGOST3411_2012
 0002:0000D94C       HlpGost.TGost.Gost@
 0002:0000E1F8       HlpGost.HlpGost
 0002:0000E200       HlpHashRounds.HlpHashRounds
 0002:0000E208       HlpHaval.HlpHaval
 0002:0000E210       HlpSnefru.TSnefru.Snefru@
 0002:0001B06C       HlpSnefru.HlpSnefru
 0002:0001B074       HlpRadioGatun64.HlpRadioGatun64
 0002:0001B07C       HlpRadioGatun32.HlpRadioGatun32
 0002:0001B084       HlpWhirlPool.TWhirlPool.WhirlPool@
 0002:0001B458       HlpWhirlPool.HlpWhirlPool
 0002:0001B460       HlpPanama.HlpPanama
 0002:0001B468       HlpGrindahl512.TGrindahl512.Grindahl512@
 0002:0001B5FC       HlpGrindahl512.HlpGrindahl512
 0002:0001B604       HlpGrindahl256.TGrindahl256.Grindahl256@
 0002:0001B700       HlpGrindahl256.HlpGrindahl256
 0002:0001B708       HlpSHA2_512Base.HlpSHA2_512Base
 0002:0001B710       HlpSHA2_512_256.HlpSHA2_512_256
 0002:0001B718       HlpSHA2_512_224.HlpSHA2_512_224
 0002:0001B720       HlpSHA2_512.HlpSHA2_512
 0002:0001B728       HlpSHA2_384.HlpSHA2_384
 0002:0001B730       HlpSHA2_224.HlpSHA2_224
 0002:0001B738       HlpSHA0.HlpSHA0
 0002:0001B740       HlpSHA1.HlpSHA1
 0002:0001B748       HlpMD5.HlpMD5
 0002:0001B750       HlpMD4.HlpMD4
 0002:0001B758       HlpMD2.HlpMD2
 0002:0001B760       HlpTiger2.HlpTiger2
 0002:0001B768       HlpTiger.HlpTiger
 0002:0001B770       HlpMurmurHash3_x64_128.HlpMurmurHash3_x64_128
 0002:0001B778       HlpMurmurHash3_x86_128.HlpMurmurHash3_x86_128
 0002:0001B780       HlpXXHash64.HlpXXHash64
 0002:0001B788       HlpSipHash.HlpSipHash
 0002:0001B790       HlpMultipleTransformNonBlock.HlpMultipleTransformNonBlock
 0002:0001B798       HlpMurmur2_64.HlpMurmur2_64
 0002:0001B7A0       HlpFNV1a64.HlpFNV1a64
 0002:0001B7A8       HlpFNV64.HlpFNV64
 0002:0001B7B0       HlpXXHash32.HlpXXHash32
 0002:0001B7B8       HlpSuperFast.HlpSuperFast
 0002:0001B7C0       HlpShiftAndXor.HlpShiftAndXor
 0002:0001B7C8       HlpSDBM.HlpSDBM
 0002:0001B7D0       HlpRS.HlpRS
 0002:0001B7D8       HlpRotating.HlpRotating
 0002:0001B7E0       HlpPJW.HlpPJW
 0002:0001B7E8       HlpOneAtTime.HlpOneAtTime
 0002:0001B7F0       HlpMurmurHash3_x86_32.HlpMurmurHash3_x86_32
 0002:0001B7F8       HlpMurmur2.HlpMurmur2
 0002:0001B800       HlpJS.HlpJS
 0002:0001B808       HlpJenkins3.HlpJenkins3
 0002:0001B810       HlpFNV1a.HlpFNV1a
 0002:0001B818       HlpFNV.HlpFNV
 0002:0001B820       HlpELF.HlpELF
 0002:0001B828       HlpDJB.HlpDJB
 0002:0001B830       HlpDEK.HlpDEK
 0002:0001B838       HlpBKDR.HlpBKDR
 0002:0001B840       HlpBernstein1.HlpBernstein1
 0002:0001B848       HlpBernstein.HlpBernstein
 0002:0001B850       HlpAP.HlpAP
 0002:0001B858       HlpICRC.HlpICRC
 0002:0001B860       HlpCRC.HlpCRC
 0002:0001B868       HlpCRC64.HlpCRC64
 0002:0001B870       HlpCRC32Fast.TCRC32_PKZIP.CRC32_PKZIP@
 0002:0001B8D4       HlpCRC32Fast.TCRC32_CASTAGNOLI.CRC32_CASTAGNOLI@
 0002:0001B938       HlpCRC32Fast.HlpCRC32Fast
 0002:0001B940       HlpCRC32.HlpCRC32
 0002:0001B948       HlpCRC16.HlpCRC16
 0002:0001B950       HlpAdler32.HlpAdler32
 0002:0001B958       HlpNullDigest.HlpNullDigest
 0002:0001B960       HlpHashFactory.HlpHashFactory
 0002:0001B968       .HashLib4PascalPackage..HashLib4PascalPackage
 0003:00000000       SysInit.TlsIndex
 0003:00000004       SysInit.Module
 0003:00000020       SysInit.TlsProc
 0003:00000030       Windows.Win32MajorVersion
 0003:00000034       Windows.Win32MinorVersion
 0003:00000038       Windows.Win32Platform
 0003:0000003C       HlpPBKDF_Argon2NotBuildInAdapter.TArgon2ParametersBuilder.DEFAULT_TYPE
 0003:00000040       HlpPBKDF_Argon2NotBuildInAdapter.TArgon2ParametersBuilder.DEFAULT_VERSION
 0003:00000044       HlpSHA3.TSHA3.RC
 0003:00000104       HlpHAS160.THAS160.s_rot
 0003:00000154       HlpHAS160.THAS160.s_tor
 0003:000001A4       HlpHAS160.THAS160.s_index
 0003:000002E4       HlpSnefru.TSnefru.s_shifts
 0003:000002F4       HlpWhirlPool.TWhirlPool.s_SBOX
 0003:000006F4       HlpGrindahl512.TGrindahl512.s_master_table
 0003:00000EF4       HlpGrindahl256.TGrindahl256.s_master_table
 0003:000012F4       HlpMD2.TMD2.s_pi
 0003:000013F4       HlpTiger2.TTiger2.s_T1
 0003:00001BF4       HlpTiger2.TTiger2.s_T2
 0003:000023F4       HlpTiger2.TTiger2.s_T3
 0003:00002BF4       HlpTiger2.TTiger2.s_T4
 0003:000033F4       HlpTiger.TTiger.s_T1
 0003:00003BF4       HlpTiger.TTiger.s_T2
 0003:000043F4       HlpTiger.TTiger.s_T3
 0003:00004BF4       HlpTiger.TTiger.s_T4
 0004:00000000       SysInit.ModuleIsLib
 0004:00000001       SysInit.ModuleIsPackage
 0004:00000004       SysInit.HInstance
 0004:00000008       SysInit.tlsBuffer
 0004:0000000C       Windows..2
 0004:00000010       Windows.HtmlHelpModule
 0004:00000014       HlpHashLibTypes..11
 0004:00000018       HlpIHashResult..1
 0004:0000001C       HlpIHash..1
 0004:00000020       HlpBitConverter.TBitConverter.FIsLittleEndian
 0004:00000024       HlpBitConverter.TBitConverter.$ClassInitFlag
 0004:00000028       HlpBitConverter..2
 0004:0000002C       HlpBits..2
 0004:00000030       HlpConverters..2
 0004:00000034       HlpHash..2
 0004:00000038       HlpArrayUtils..2
 0004:0000003C       HlpHashBuffer..1
 0004:00000040       HlpHashResult..2
 0004:00000044       HlpNullable..1
 0004:00000048       HlpArgon2TypeAndVersion..1
 0004:0000004C       HlpIKDF..1
 0004:00000050       HlpIHashInfo..1
 0004:00000054       HlpHashCryptoNotBuildIn..2
 0004:00000058       HlpHMACNotBuildInAdapter..2
 0004:0000005C       HlpKDF..2
 0004:00000060       HlpPBKDF2_HMACNotBuildInAdapter..2
 0004:00000064       HlpSHA2_256Base..2
 0004:00000068       HlpSHA2_256..2
 0004:0000006C       HlpPBKDF_ScryptNotBuildInAdapter..2
 0004:00000070       HlpIBlake2BConfig..1
 0004:00000074       HlpHashSize..1
 0004:00000078       HlpBlake2BConfig..2
 0004:0000007C       HlpIBlake2BTreeConfig..1
 0004:00000080       HlpBlake2BTreeConfig..2
 0004:00000084       HlpBlake2BIvBuilder.TBlake2BIvBuilder.FSequentialTreeConfig
 0004:00000088       HlpBlake2BIvBuilder.TBlake2BIvBuilder.$ClassInitFlag
 0004:0000008C       HlpBlake2BIvBuilder..2
 0004:00000090       HlpBlake2B.TBlake2B.FDefaultConfig
 0004:00000094       HlpBlake2B.TBlake2B.$ClassInitFlag
 0004:00000098       HlpBlake2B..2
 0004:0000009C       HlpPBKDF_Argon2NotBuildInAdapter..7
 0004:000000A0       HlpIBlake2STreeConfig..1
 0004:000000A4       HlpIBlake2SConfig..1
 0004:000000A8       HlpBlake2SConfig..2
 0004:000000AC       HlpBlake2STreeConfig..2
 0004:000000B0       HlpBlake2SIvBuilder.TBlake2SIvBuilder.FSequentialTreeConfig
 0004:000000B4       HlpBlake2SIvBuilder.TBlake2SIvBuilder.$ClassInitFlag
 0004:000000B8       HlpBlake2SIvBuilder..2
 0004:000000BC       HlpBlake2S.TBlake2S.FDefaultConfig
 0004:000000C0       HlpBlake2S.TBlake2S.$ClassInitFlag
 0004:000000C4       HlpBlake2S..2
 0004:000000C8       HlpSHA3..41
 0004:000000CC       HlpMDBase..2
 0004:000000D0       HlpRIPEMD320..2
 0004:000000D4       HlpRIPEMD256..2
 0004:000000D8       HlpRIPEMD160..2
 0004:000000DC       HlpRIPEMD128..2
 0004:000000E0       HlpRIPEMD..2
 0004:000000E4       HlpHAS160..2
 0004:000000E8       HlpGOST3411_2012.TGOST3411_2012.FZero
 0004:000000EC       HlpGOST3411_2012.TGOST3411_2012.FC
 0004:000000F0       HlpGOST3411_2012.TGOST3411_2012.FT
 0004:000000F4       HlpGOST3411_2012.TGOST3411_2012.$ClassInitFlag
 0004:000000F8       HlpGOST3411_2012.TGOST3411_2012_256.FIV_256
 0004:000000FC       HlpGOST3411_2012.TGOST3411_2012_256.$ClassInitFlag
 0004:00000100       HlpGOST3411_2012.TGOST3411_2012_512.FIV_512
 0004:00000104       HlpGOST3411_2012.TGOST3411_2012_512.$ClassInitFlag
 0004:00000108       HlpGOST3411_2012..4
 0004:0000010C       HlpGost.TGost.Fs_sbox1
 0004:00000110       HlpGost.TGost.Fs_sbox2
 0004:00000114       HlpGost.TGost.Fs_sbox3
 0004:00000118       HlpGost.TGost.Fs_sbox4
 0004:0000011C       HlpGost.TGost.$ClassInitFlag
 0004:00000120       HlpGost..2
 0004:00000124       HlpHashRounds..1
 0004:00000128       HlpHaval..02
 0004:0000012C       HlpSnefru.TSnefru.Fs_boxes
 0004:00000130       HlpSnefru.TSnefru.$ClassInitFlag
 0004:00000134       HlpSnefru..2
 0004:00000138       HlpRadioGatun64..2
 0004:0000013C       HlpRadioGatun32..2
 0004:00000140       HlpWhirlPool.TWhirlPool.Fs_C0
 0004:00000144       HlpWhirlPool.TWhirlPool.Fs_C1
 0004:00000148       HlpWhirlPool.TWhirlPool.Fs_C2
 0004:0000014C       HlpWhirlPool.TWhirlPool.Fs_C3
 0004:00000150       HlpWhirlPool.TWhirlPool.Fs_C4
 0004:00000154       HlpWhirlPool.TWhirlPool.Fs_C5
 0004:00000158       HlpWhirlPool.TWhirlPool.Fs_C6
 0004:0000015C       HlpWhirlPool.TWhirlPool.Fs_C7
 0004:00000160       HlpWhirlPool.TWhirlPool.Fs_rc
 0004:00000164       HlpWhirlPool.TWhirlPool.$ClassInitFlag
 0004:00000168       HlpWhirlPool..2
 0004:0000016C       HlpPanama..2
 0004:00000170       HlpGrindahl512.TGrindahl512.Fs_table_0
 0004:00000174       HlpGrindahl512.TGrindahl512.Fs_table_1
 0004:00000178       HlpGrindahl512.TGrindahl512.Fs_table_2
 0004:0000017C       HlpGrindahl512.TGrindahl512.Fs_table_3
 0004:00000180       HlpGrindahl512.TGrindahl512.Fs_table_4
 0004:00000184       HlpGrindahl512.TGrindahl512.Fs_table_5
 0004:00000188       HlpGrindahl512.TGrindahl512.Fs_table_6
 0004:0000018C       HlpGrindahl512.TGrindahl512.Fs_table_7
 0004:00000190       HlpGrindahl512.TGrindahl512.$ClassInitFlag
 0004:00000194       HlpGrindahl512..2
 0004:00000198       HlpGrindahl256.TGrindahl256.Fs_table_0
 0004:0000019C       HlpGrindahl256.TGrindahl256.Fs_table_1
 0004:000001A0       HlpGrindahl256.TGrindahl256.Fs_table_2
 0004:000001A4       HlpGrindahl256.TGrindahl256.Fs_table_3
 0004:000001A8       HlpGrindahl256.TGrindahl256.$ClassInitFlag
 0004:000001AC       HlpGrindahl256..2
 0004:000001B0       HlpSHA2_512Base..2
 0004:000001B4       HlpSHA2_512_256..2
 0004:000001B8       HlpSHA2_512_224..2
 0004:000001BC       HlpSHA2_512..2
 0004:000001C0       HlpSHA2_384..2
 0004:000001C4       HlpSHA2_224..2
 0004:000001C8       HlpSHA0..2
 0004:000001CC       HlpSHA1..2
 0004:000001D0       HlpMD5..2
 0004:000001D4       HlpMD4..2
 0004:000001D8       HlpMD2..2
 0004:000001DC       HlpTiger2..6
 0004:000001E0       HlpTiger..6
 0004:000001E4       HlpMurmurHash3_x64_128..2
 0004:000001E8       HlpMurmurHash3_x86_128..2
 0004:000001EC       HlpXXHash64..2
 0004:000001F0       HlpSipHash..3
 0004:000001F4       HlpMultipleTransformNonBlock..2
 0004:000001F8       HlpMurmur2_64..2
 0004:000001FC       HlpFNV1a64..2
 0004:00000200       HlpFNV64..2
 0004:00000204       HlpXXHash32..2
 0004:00000208       HlpSuperFast..2
 0004:0000020C       HlpShiftAndXor..2
 0004:00000210       HlpSDBM..2
 0004:00000214       HlpRS..2
 0004:00000218       HlpRotating..2
 0004:0000021C       HlpPJW..2
 0004:00000220       HlpOneAtTime..2
 0004:00000224       HlpMurmurHash3_x86_32..2
 0004:00000228       HlpMurmur2..2
 0004:0000022C       HlpJS..2
 0004:00000230       HlpJenkins3..2
 0004:00000234       HlpFNV1a..2
 0004:00000238       HlpFNV..2
 0004:0000023C       HlpELF..2
 0004:00000240       HlpDJB..2
 0004:00000244       HlpDEK..2
 0004:00000248       HlpBKDR..2
 0004:0000024C       HlpBernstein1..2
 0004:00000250       HlpBernstein..2
 0004:00000254       HlpAP..2
 0004:00000258       HlpICRC..1
 0004:0000025C       HlpCRC..2
 0004:00000260       HlpCRC64..4
 0004:00000264       HlpCRC32Fast.TCRC32_PKZIP.FCRC32_PKZIP_Table
 0004:00000268       HlpCRC32Fast.TCRC32_PKZIP.$ClassInitFlag
 0004:0000026C       HlpCRC32Fast.TCRC32_CASTAGNOLI.FCRC32_CASTAGNOLI_Table
 0004:00000270       HlpCRC32Fast.TCRC32_CASTAGNOLI.$ClassInitFlag
 0004:00000274       HlpCRC32Fast..4
 0004:00000278       HlpCRC32..5
 0004:0000027C       HlpCRC16..4
 0004:00000280       HlpAdler32..2
 0004:00000284       HlpNullDigest..2
 0004:00000288       HlpHashFactory..51
 0005:00000000       SysInit.TlsLast


Line numbers for .HashLib4PascalPackage(D:\Ranger\Documents\Visual Studio 2015\Source\Repos\HashLib4Pascal\HashLib\src\Packages\Delphi\HashLib4PascalPackage.dpk) segment .itext

   138 0002:0001B968

Bound resource files

D:\Ranger\Documents\Visual Studio 2015\Source\Repos\HashLib4Pascal\HashLib\src\Packages\Delphi\HashLib4PascalPackage.res
HashLib4PascalPackage.drf


Program entry point at 0002:0001B968
