
 Start         Length     Name                   Class
 0001:00401000 0000760CH .text                   CODE
 0002:00409000 000001E0H .itext                  ICODE
 0003:0040A000 00000088H .data                   DATA
 0004:0040B000 00000088H .bss                    BSS
 0005:00000000 00000000H .tls                    TLS


Detailed map of segments

 0001:00000000 000001F6 C=CODE     S=.text    G=(none)   M=System   ACBP=A9
 0001:000001F8 000001C3 C=CODE     S=.text    G=(none)   M=SysInit  ACBP=A9
 0001:000003BC 00000006 C=CODE     S=.text    G=(none)   M=Forms    ACBP=A9
 0001:000003C4 00000006 C=CODE     S=.text    G=(none)   M=UxTheme  ACBP=A9
 0001:000003CC 000001B5 C=CODE     S=.text    G=(none)   M=Windows  ACBP=A9
 0001:00000584 00000006 C=CODE     S=.text    G=(none)   M=SyncObjs ACBP=A9
 0001:0000058C 000000CE C=CODE     S=.text    G=(none)   M=Classes  ACBP=A9
 0001:0000065C 00000006 C=CODE     S=.text    G=(none)   M=TypInfo  ACBP=A9
 0001:00000664 00000046 C=CODE     S=.text    G=(none)   M=SysUtils ACBP=A9
 0001:000006AC 00000006 C=CODE     S=.text    G=(none)   M=Variants ACBP=A9
 0001:000006B4 00000006 C=CODE     S=.text    G=(none)   M=VarUtils ACBP=A9
 0001:000006BC 00000006 C=CODE     S=.text    G=(none)   M=TimeSpan ACBP=A9
 0001:000006C4 00000006 C=CODE     S=.text    G=(none)   M=HelpIntfs ACBP=A9
 0001:000006CC 00000006 C=CODE     S=.text    G=(none)   M=MultiMon ACBP=A9
 0001:000006D4 00000006 C=CODE     S=.text    G=(none)   M=ActnList ACBP=A9
 0001:000006DC 00000006 C=CODE     S=.text    G=(none)   M=Graphics ACBP=A9
 0001:000006E4 00000006 C=CODE     S=.text    G=(none)   M=Registry ACBP=A9
 0001:000006EC 00000006 C=CODE     S=.text    G=(none)   M=IniFiles ACBP=A9
 0001:000006F4 0000000E C=CODE     S=.text    G=(none)   M=IOUtils  ACBP=A9
 0001:00000704 00000006 C=CODE     S=.text    G=(none)   M=Themes   ACBP=A9
 0001:0000070C 00000006 C=CODE     S=.text    G=(none)   M=Controls ACBP=A9
 0001:00000714 00000006 C=CODE     S=.text    G=(none)   M=Menus    ACBP=A9
 0001:0000071C 00000006 C=CODE     S=.text    G=(none)   M=Dialogs  ACBP=A9
 0001:00000724 00000006 C=CODE     S=.text    G=(none)   M=ComCtrls ACBP=A9
 0001:0000072C 00000006 C=CODE     S=.text    G=(none)   M=GraphUtil ACBP=A9
 0001:00000734 00000006 C=CODE     S=.text    G=(none)   M=ExtCtrls ACBP=A9
 0001:0000073C 00000006 C=CODE     S=.text    G=(none)   M=Printers ACBP=A9
 0001:00000744 00000006 C=CODE     S=.text    G=(none)   M=Clipbrd  ACBP=A9
 0001:0000074C 00000006 C=CODE     S=.text    G=(none)   M=FlatSB   ACBP=A9
 0001:00000754 00000006 C=CODE     S=.text    G=(none)   M=Logger   ACBP=A9
 0001:0000075C 00000006 C=CODE     S=.text    G=(none)   M=Generics.Collections ACBP=A9
 0001:00000764 00000006 C=CODE     S=.text    G=(none)   M=Generics.Defaults ACBP=A9
 0001:0000076C 00001263 C=CODE     S=.text    G=(none)   M=ALPC_LPC_Define ACBP=A9
 0001:000019D0 00001548 C=CODE     S=.text    G=(none)   M=ALPC_Base ACBP=A9
 0001:00002F18 0000042F C=CODE     S=.text    G=(none)   M=SHA1     ACBP=A9
 0001:00003348 00003E50 C=CODE     S=.text    G=(none)   M=ALPC_Server ACBP=A9
 0001:00007198 00000473 C=CODE     S=.text    G=(none)   M=.NtAlpcServer ACBP=A9
 0002:00000000 00000006 C=ICODE    S=.itext   G=(none)   M=System   ACBP=A9
 0002:00000008 00000006 C=ICODE    S=.itext   G=(none)   M=Forms    ACBP=A9
 0002:00000010 00000006 C=ICODE    S=.itext   G=(none)   M=UxTheme  ACBP=A9
 0002:00000018 00000016 C=ICODE    S=.itext   G=(none)   M=Windows  ACBP=A9
 0002:00000030 00000006 C=ICODE    S=.itext   G=(none)   M=SyncObjs ACBP=A9
 0002:00000038 0000000E C=ICODE    S=.itext   G=(none)   M=Classes  ACBP=A9
 0002:00000048 00000006 C=ICODE    S=.itext   G=(none)   M=TypInfo  ACBP=A9
 0002:00000050 0000001E C=ICODE    S=.itext   G=(none)   M=SysUtils ACBP=A9
 0002:00000070 00000006 C=ICODE    S=.itext   G=(none)   M=Variants ACBP=A9
 0002:00000078 00000006 C=ICODE    S=.itext   G=(none)   M=VarUtils ACBP=A9
 0002:00000080 00000006 C=ICODE    S=.itext   G=(none)   M=TimeSpan ACBP=A9
 0002:00000088 00000006 C=ICODE    S=.itext   G=(none)   M=HelpIntfs ACBP=A9
 0002:00000090 00000006 C=ICODE    S=.itext   G=(none)   M=MultiMon ACBP=A9
 0002:00000098 00000006 C=ICODE    S=.itext   G=(none)   M=ActnList ACBP=A9
 0002:000000A0 00000006 C=ICODE    S=.itext   G=(none)   M=Graphics ACBP=A9
 0002:000000A8 00000006 C=ICODE    S=.itext   G=(none)   M=Registry ACBP=A9
 0002:000000B0 00000006 C=ICODE    S=.itext   G=(none)   M=IniFiles ACBP=A9
 0002:000000B8 0000000E C=ICODE    S=.itext   G=(none)   M=IOUtils  ACBP=A9
 0002:000000C8 00000006 C=ICODE    S=.itext   G=(none)   M=Themes   ACBP=A9
 0002:000000D0 00000006 C=ICODE    S=.itext   G=(none)   M=Controls ACBP=A9
 0002:000000D8 00000006 C=ICODE    S=.itext   G=(none)   M=Menus    ACBP=A9
 0002:000000E0 00000006 C=ICODE    S=.itext   G=(none)   M=Dialogs  ACBP=A9
 0002:000000E8 00000006 C=ICODE    S=.itext   G=(none)   M=ComCtrls ACBP=A9
 0002:000000F0 00000006 C=ICODE    S=.itext   G=(none)   M=GraphUtil ACBP=A9
 0002:000000F8 00000006 C=ICODE    S=.itext   G=(none)   M=ExtCtrls ACBP=A9
 0002:00000100 00000006 C=ICODE    S=.itext   G=(none)   M=Printers ACBP=A9
 0002:00000108 00000006 C=ICODE    S=.itext   G=(none)   M=Clipbrd  ACBP=A9
 0002:00000110 00000006 C=ICODE    S=.itext   G=(none)   M=FlatSB   ACBP=A9
 0002:00000118 00000008 C=ICODE    S=.itext   G=(none)   M=ALPC_LPC_Define ACBP=A9
 0002:00000120 00000014 C=ICODE    S=.itext   G=(none)   M=ALPC_Base ACBP=A9
 0002:00000134 00000032 C=ICODE    S=.itext   G=(none)   M=SHA1     ACBP=A9
 0002:00000168 0000006D C=ICODE    S=.itext   G=(none)   M=ALPC_Server ACBP=A9
 0002:000001D8 00000005 C=ICODE    S=.itext   G=(none)   M=.NtAlpcServer ACBP=A9
 0003:00000000 00000030 C=DATA     S=.data    G=DGROUP   M=SysInit  ACBP=A9
 0003:00000030 0000000C C=DATA     S=.data    G=DGROUP   M=Windows  ACBP=A9
 0003:0000003C 00000004 C=DATA     S=.data    G=DGROUP   M=ALPC_Base ACBP=A9
 0003:00000040 00000020 C=DATA     S=.data    G=DGROUP   M=SHA1     ACBP=A9
 0004:00000000 0000000C C=BSS      S=.bss     G=DGROUP   M=SysInit  ACBP=A9
 0004:0000000C 00000008 C=BSS      S=.bss     G=DGROUP   M=Windows  ACBP=A9
 0004:00000014 00000004 C=BSS      S=.bss     G=DGROUP   M=ALPC_LPC_Define ACBP=A9
 0004:00000018 00000038 C=BSS      S=.bss     G=DGROUP   M=ALPC_Base ACBP=A9
 0004:00000050 00000014 C=BSS      S=.bss     G=DGROUP   M=SHA1     ACBP=A9
 0004:00000064 00000024 C=BSS      S=.bss     G=DGROUP   M=ALPC_Server ACBP=A9


  Address             Publics by Name

 0002:000001D8       .NtAlpcServer..NtAlpcServer
 0001:000075EC       .NtAlpcServer.@GetPackageInfoTable
 0001:000075F4       .NtAlpcServer.@PackageLoad
 0001:00007600       .NtAlpcServer.@PackageUnload
 0002:00000098       ActnList.ActnList
 0001:000006D4       ActnList.Finalization
 0004:0000004C       ALPC_Base..7
 0001:00001CD0       ALPC_Base..AlpcMessageAttributes
 0001:00002140       ALPC_Base..AlpcPortAttributes
 0001:000023CC       ALPC_Base..AlpcTransportBase
 0001:000019FC       ALPC_Base..MessageStructures
 0001:00002294       ALPC_Base..ObjectAttributes
 0001:00001E34       ALPC_Base..TAlpcCarrier
 0001:000026D0       ALPC_Base.AlpcMessageAttributes.AllocateFlags
 0001:000026AC       ALPC_Base.AlpcMessageAttributes.AssignView
 0001:000025BC       ALPC_Base.AlpcMessageAttributes.Initialize
 0001:00002688       ALPC_Base.AlpcMessageAttributes.Terminate
 0001:000029F8       ALPC_Base.AlpcPortAttributes.Initialize
 0001:00002A5C       ALPC_Base.AlpcPortAttributes.Terminate
 0001:00002AB8       ALPC_Base.AlpcTransportBase.CreateCarrier
 0001:00002AF8       ALPC_Base.AlpcTransportBase.CreateLocalView
 0004:00000020       ALPC_Base.AlpcTransportBase.fAllocatedSectionSize
 0004:00000018       ALPC_Base.AlpcTransportBase.fBlock
 0004:00000024       ALPC_Base.AlpcTransportBase.fDataSizeOfQuotaIfNotUseView
 0004:00000048       ALPC_Base.AlpcTransportBase.fMessageSize
 0004:00000028       ALPC_Base.AlpcTransportBase.fMsgAttrAllocatedFlags
 0004:00000030       ALPC_Base.AlpcTransportBase.fObjectAttr
 0004:0000002C       ALPC_Base.AlpcTransportBase.fPortAttr
 0004:0000003C       ALPC_Base.AlpcTransportBase.fPortHandle
 0004:0000001C       ALPC_Base.AlpcTransportBase.fSectionHandle
 0001:00002B5C       ALPC_Base.AlpcTransportBase.Initialize
 0001:00002C00       ALPC_Base.AlpcTransportBase.NewMem
 0004:00000044       ALPC_Base.AlpcTransportBase.pLocalView
 0004:00000040       ALPC_Base.AlpcTransportBase.pPortName
 0004:00000038       ALPC_Base.AlpcTransportBase.pReciver
 0004:00000034       ALPC_Base.AlpcTransportBase.pSender
 0001:00002C7C       ALPC_Base.AlpcTransportBase.Recv
 0001:00002CE8       ALPC_Base.AlpcTransportBase.RTL_CONSTANT_STRING
 0001:00002D5C       ALPC_Base.AlpcTransportBase.Send
 0001:00002D9C       ALPC_Base.AlpcTransportBase.Send_Recv
 0001:00002E18       ALPC_Base.AlpcTransportBase.Terminate
 0002:00000120       ALPC_Base.ALPC_Base
 0001:00002EC0       ALPC_Base.Finalization
 0001:000024A0       ALPC_Base.MessageStructures.Initialize
 0001:00002550       ALPC_Base.MessageStructures.Terminate
 0001:00002574       ALPC_Base.MessageStructures.Zero
 0001:00002A70       ALPC_Base.ObjectAttributes.Initialize
 0001:00002AA4       ALPC_Base.ObjectAttributes.Terminate
 0003:0000003C       ALPC_Base.rpc_mark
 0001:000027EC       ALPC_Base.TAlpcCarrier.Create
 0001:00002860       ALPC_Base.TAlpcCarrier.Destroy
 0001:000028A8       ALPC_Base.TAlpcCarrier.Pop
 0001:000028F8       ALPC_Base.TAlpcCarrier.Pop_V2
 0001:00002914       ALPC_Base.TAlpcCarrier.Push
 0001:000029B4       ALPC_Base.TAlpcCarrier.Push_V2
 0004:00000014       ALPC_LPC_Define..1
 0001:000019B8       ALPC_LPC_Define.AlpcGetHeaderSize
 0001:00001990       ALPC_LPC_Define.AlpcInitializeMessageAttribute
 0002:00000118       ALPC_LPC_Define.ALPC_LPC_Define
 0001:000019C8       ALPC_LPC_Define.Finalization
 0001:000019A0       ALPC_LPC_Define.NtAlpcAcceptConnectPort
 0001:00001998       ALPC_LPC_Define.NtAlpcCreatePort
 0001:000019A8       ALPC_LPC_Define.NtAlpcCreatePortSection
 0001:000019B0       ALPC_LPC_Define.NtAlpcCreateSectionView
 0001:00001988       ALPC_LPC_Define.NtAlpcSendWaitReceivePort
 0001:000019C0       ALPC_LPC_Define.NtClose
 0004:0000007C       ALPC_Server..1
 0001:00004FDC       ALPC_Server..TDictionary<ALPC_Server.THashTable,ALPC_Server.TPerformer>
 0001:00004628       ALPC_Server..TDictionary<ALPC_Server.THashTable,ALPC_Server.TPerformer>.TKeyCollection
 0001:00004440       ALPC_Server..TDictionary<ALPC_Server.THashTable,ALPC_Server.TPerformer>.TKeyEnumerator
 0001:00004DF0       ALPC_Server..TDictionary<ALPC_Server.THashTable,ALPC_Server.TPerformer>.TPairEnumerator
 0001:00004C18       ALPC_Server..TDictionary<ALPC_Server.THashTable,ALPC_Server.TPerformer>.TValueCollection
 0001:00004A2C       ALPC_Server..TDictionary<ALPC_Server.THashTable,ALPC_Server.TPerformer>.TValueEnumerator
 0001:0000433C       ALPC_Server..TEnumerable<ALPC_Server.THashTable>
 0001:00004928       ALPC_Server..TEnumerable<ALPC_Server.TPerformer>
 0001:00003E0C       ALPC_Server..TEnumerable<TPair<ALPC_Server.THashTable,ALPC_Server.TPerformer>>
 0001:00004214       ALPC_Server..TEnumerator<ALPC_Server.THashTable>
 0001:00004800       ALPC_Server..TEnumerator<ALPC_Server.TPerformer>
 0001:00003CA8       ALPC_Server..TEnumerator<TPair<ALPC_Server.THashTable,ALPC_Server.TPerformer>>
 0001:00003A18       ALPC_Server..TServer
 0001:00003918       ALPC_Server..TServer.Tlauncher
 0001:0000631C       ALPC_Server.AddFunc
 0002:00000168       ALPC_Server.ALPC_Server
 0001:000063C8       ALPC_Server.Finalization
 0004:00000080       ALPC_Server.Functions
 0001:00005E9C       ALPC_Server.GetHashTable
 0004:00000064       ALPC_Server.Initialize
 0001:00006390       ALPC_Server.Register
 0004:00000084       ALPC_Server.Server
 0004:0000006C       ALPC_Server.StartServer
 0004:00000074       ALPC_Server.StopServer
 0001:000056B0       ALPC_Server.SyncSetBool
 0001:00006B1C       ALPC_Server.TDictionary<ALPC_Server.THashTable,ALPC_Server.TPerformer>.Add
 0001:00006D00       ALPC_Server.TDictionary<ALPC_Server.THashTable,ALPC_Server.TPerformer>.AddOrSetValue
 0001:00006BE4       ALPC_Server.TDictionary<ALPC_Server.THashTable,ALPC_Server.TPerformer>.Clear
 0001:00006D5C       ALPC_Server.TDictionary<ALPC_Server.THashTable,ALPC_Server.TPerformer>.ContainsKey
 0001:00006D80       ALPC_Server.TDictionary<ALPC_Server.THashTable,ALPC_Server.TPerformer>.ContainsValue
 0001:0000688C       ALPC_Server.TDictionary<ALPC_Server.THashTable,ALPC_Server.TPerformer>.Create
 0001:0000697C       ALPC_Server.TDictionary<ALPC_Server.THashTable,ALPC_Server.TPerformer>.Create
 0001:00006854       ALPC_Server.TDictionary<ALPC_Server.THashTable,ALPC_Server.TPerformer>.Create
 0001:00006A2C       ALPC_Server.TDictionary<ALPC_Server.THashTable,ALPC_Server.TPerformer>.Create
 0001:000068C4       ALPC_Server.TDictionary<ALPC_Server.THashTable,ALPC_Server.TPerformer>.Create
 0001:00006AE0       ALPC_Server.TDictionary<ALPC_Server.THashTable,ALPC_Server.TPerformer>.Destroy
 0001:00006690       ALPC_Server.TDictionary<ALPC_Server.THashTable,ALPC_Server.TPerformer>.DoAdd
 0001:0000681C       ALPC_Server.TDictionary<ALPC_Server.THashTable,ALPC_Server.TPerformer>.DoGetEnumerator
 0001:00006724       ALPC_Server.TDictionary<ALPC_Server.THashTable,ALPC_Server.TPerformer>.DoRemove
 0001:000066F0       ALPC_Server.TDictionary<ALPC_Server.THashTable,ALPC_Server.TPerformer>.DoSetValue
 0001:00006BA0       ALPC_Server.TDictionary<ALPC_Server.THashTable,ALPC_Server.TPerformer>.ExtractPair
 0001:0000655C       ALPC_Server.TDictionary<ALPC_Server.THashTable,ALPC_Server.TPerformer>.GetBucketIndex
 0001:00006E54       ALPC_Server.TDictionary<ALPC_Server.THashTable,ALPC_Server.TPerformer>.GetEnumerator
 0001:000065F8       ALPC_Server.TDictionary<ALPC_Server.THashTable,ALPC_Server.TPerformer>.GetItem
 0001:00006E14       ALPC_Server.TDictionary<ALPC_Server.THashTable,ALPC_Server.TPerformer>.GetKeys
 0001:00006E34       ALPC_Server.TDictionary<ALPC_Server.THashTable,ALPC_Server.TPerformer>.GetValues
 0001:00006538       ALPC_Server.TDictionary<ALPC_Server.THashTable,ALPC_Server.TPerformer>.Grow
 0001:000065D8       ALPC_Server.TDictionary<ALPC_Server.THashTable,ALPC_Server.TPerformer>.Hash
 0001:00006824       ALPC_Server.TDictionary<ALPC_Server.THashTable,ALPC_Server.TPerformer>.KeyNotify
 0001:00006450       ALPC_Server.TDictionary<ALPC_Server.THashTable,ALPC_Server.TPerformer>.Rehash
 0001:0000663C       ALPC_Server.TDictionary<ALPC_Server.THashTable,ALPC_Server.TPerformer>.RehashAdd
 0001:00006B80       ALPC_Server.TDictionary<ALPC_Server.THashTable,ALPC_Server.TPerformer>.Remove
 0001:00006410       ALPC_Server.TDictionary<ALPC_Server.THashTable,ALPC_Server.TPerformer>.SetCapacity
 0001:00006E84       ALPC_Server.TDictionary<ALPC_Server.THashTable,ALPC_Server.TPerformer>.TKeyCollection.Create
 0001:00006E7C       ALPC_Server.TDictionary<ALPC_Server.THashTable,ALPC_Server.TPerformer>.TKeyCollection.DoGetEnumerator
 0001:00006E74       ALPC_Server.TDictionary<ALPC_Server.THashTable,ALPC_Server.TPerformer>.TKeyCollection.GetCount
 0001:00006EC0       ALPC_Server.TDictionary<ALPC_Server.THashTable,ALPC_Server.TPerformer>.TKeyCollection.GetEnumerator
 0001:00006F0C       ALPC_Server.TDictionary<ALPC_Server.THashTable,ALPC_Server.TPerformer>.TKeyEnumerator.Create
 0001:00006EF0       ALPC_Server.TDictionary<ALPC_Server.THashTable,ALPC_Server.TPerformer>.TKeyEnumerator.DoGetCurrent
 0001:00006F04       ALPC_Server.TDictionary<ALPC_Server.THashTable,ALPC_Server.TPerformer>.TKeyEnumerator.DoMoveNext
 0001:00006ED0       ALPC_Server.TDictionary<ALPC_Server.THashTable,ALPC_Server.TPerformer>.TKeyEnumerator.GetCurrent
 0001:00006F50       ALPC_Server.TDictionary<ALPC_Server.THashTable,ALPC_Server.TPerformer>.TKeyEnumerator.MoveNext
 0001:000070DC       ALPC_Server.TDictionary<ALPC_Server.THashTable,ALPC_Server.TPerformer>.TPairEnumerator.Create
 0001:000070C0       ALPC_Server.TDictionary<ALPC_Server.THashTable,ALPC_Server.TPerformer>.TPairEnumerator.DoGetCurrent
 0001:000070D4       ALPC_Server.TDictionary<ALPC_Server.THashTable,ALPC_Server.TPerformer>.TPairEnumerator.DoMoveNext
 0001:00007090       ALPC_Server.TDictionary<ALPC_Server.THashTable,ALPC_Server.TPerformer>.TPairEnumerator.GetCurrent
 0001:00007120       ALPC_Server.TDictionary<ALPC_Server.THashTable,ALPC_Server.TPerformer>.TPairEnumerator.MoveNext
 0001:00006CB4       ALPC_Server.TDictionary<ALPC_Server.THashTable,ALPC_Server.TPerformer>.TrimExcess
 0001:00006CC0       ALPC_Server.TDictionary<ALPC_Server.THashTable,ALPC_Server.TPerformer>.TryGetValue
 0001:00006FA8       ALPC_Server.TDictionary<ALPC_Server.THashTable,ALPC_Server.TPerformer>.TValueCollection.Create
 0001:00006FA0       ALPC_Server.TDictionary<ALPC_Server.THashTable,ALPC_Server.TPerformer>.TValueCollection.DoGetEnumerator
 0001:00006F98       ALPC_Server.TDictionary<ALPC_Server.THashTable,ALPC_Server.TPerformer>.TValueCollection.GetCount
 0001:00006FE4       ALPC_Server.TDictionary<ALPC_Server.THashTable,ALPC_Server.TPerformer>.TValueCollection.GetEnumerator
 0001:00007014       ALPC_Server.TDictionary<ALPC_Server.THashTable,ALPC_Server.TPerformer>.TValueEnumerator.Create
 0001:00007004       ALPC_Server.TDictionary<ALPC_Server.THashTable,ALPC_Server.TPerformer>.TValueEnumerator.DoGetCurrent
 0001:0000700C       ALPC_Server.TDictionary<ALPC_Server.THashTable,ALPC_Server.TPerformer>.TValueEnumerator.DoMoveNext
 0001:00006FF4       ALPC_Server.TDictionary<ALPC_Server.THashTable,ALPC_Server.TPerformer>.TValueEnumerator.GetCurrent
 0001:00007058       ALPC_Server.TDictionary<ALPC_Server.THashTable,ALPC_Server.TPerformer>.TValueEnumerator.MoveNext
 0001:0000683C       ALPC_Server.TDictionary<ALPC_Server.THashTable,ALPC_Server.TPerformer>.ValueNotify
 0001:00006E64       ALPC_Server.TEnumerable<ALPC_Server.THashTable>.GetEnumerator
 0001:00006F88       ALPC_Server.TEnumerable<ALPC_Server.TPerformer>.GetEnumerator
 0001:00006400       ALPC_Server.TEnumerable<TPair<ALPC_Server.THashTable,ALPC_Server.TPerformer>>.GetEnumerator
 0001:00006E6C       ALPC_Server.TEnumerator<ALPC_Server.THashTable>.MoveNext
 0001:00006F90       ALPC_Server.TEnumerator<ALPC_Server.TPerformer>.MoveNext
 0001:00006408       ALPC_Server.TEnumerator<TPair<ALPC_Server.THashTable,ALPC_Server.TPerformer>>.MoveNext
 0001:00007158       ALPC_Server.TEqualityComparer<ALPC_Server.THashTable>.Default
 0001:00007178       ALPC_Server.TEqualityComparer<ALPC_Server.TPerformer>.Default
 0001:000063E8       ALPC_Server.TPair<ALPC_Server.THashTable,ALPC_Server.TPerformer>.Create
 0001:0000584C       ALPC_Server.TServer.Accept
 0001:000056B8       ALPC_Server.TServer.callback
 0001:000058F0       ALPC_Server.TServer.Create
 0001:00005918       ALPC_Server.TServer.Destroy
 0001:00005944       ALPC_Server.TServer.Initialize
 0001:00005C10       ALPC_Server.TServer.Listen
 0001:00005990       ALPC_Server.TServer.start
 0001:00005AC4       ALPC_Server.TServer.stop
 0001:00005E30       ALPC_Server.TServer.Terminate
 0001:00005E44       ALPC_Server.TServer.Tlauncher.Create
 0001:00005E8C       ALPC_Server.TServer.Tlauncher.Execute
 0001:0000619C       ALPC_Server._StubViewer.DecodeDynamicData
 0001:000060D8       ALPC_Server._StubViewer.EncodeDynamicData
 0001:000061FC       ALPC_Server._StubViewer.FillServerCache
 0001:00006060       ALPC_Server._StubViewer.GetFuncID
 0001:00006074       ALPC_Server._StubViewer.IsSucessful
 0001:000061F8       ALPC_Server._StubViewer.Marshal
 0001:00006038       ALPC_Server._StubViewer.pArg
 0001:00005F5C       ALPC_Server._StubViewer.pArg
 0001:00005F00       ALPC_Server._StubViewer.pArg
 0001:00005FC8       ALPC_Server._StubViewer.pArg
 0001:00006204       ALPC_Server._StubViewer.PopErrMessage
 0001:00006218       ALPC_Server._StubViewer.PushErrMessage
 0001:00006280       ALPC_Server._StubViewer.SetFuncID
 0001:0000630C       ALPC_Server._StubViewer.Sign
 0002:00000040       Classes.Classes
 0001:00000654       Classes.Finalization
 0001:0000058C       Classes.RegisterComponents
 0001:000005F4       Classes.TComponent.BeforeDestruction
 0001:000005E4       Classes.TComponent.Create
 0001:00000604       Classes.TComponent.DefineProperties
 0001:000005EC       Classes.TComponent.Destroy
 0001:0000060C       Classes.TComponent.Loaded
 0001:000005FC       Classes.TComponent.Notification
 0001:0000064C       Classes.TComponent.QueryInterface
 0001:00000614       Classes.TComponent.ReadState
 0001:0000063C       Classes.TComponent.SafeCallException
 0001:0000062C       Classes.TComponent.SetName
 0001:00000634       Classes.TComponent.UpdateAction
 0001:00000644       Classes.TComponent.UpdateRegistry
 0001:00000624       Classes.TComponent.ValidateRename
 0001:0000061C       Classes.TComponent.WriteState
 0001:00000594       Classes.TPersistent.Assign
 0001:0000059C       Classes.TPersistent.AssignTo
 0001:000005BC       Classes.TThread.AfterConstruction
 0001:000005A4       Classes.TThread.Create
 0002:00000038       Classes.TThread.Create@
 0001:000005AC       Classes.TThread.Destroy
 0001:000005B4       Classes.TThread.Destroy@
 0001:000005C4       Classes.TThread.DoTerminate
 0001:000005CC       Classes.TThread.Resume
 0001:000005D4       Classes.TThread.Terminate
 0001:000005DC       Classes.TThread.WaitFor
 0002:00000108       Clipbrd.Clipbrd
 0001:00000744       Clipbrd.Finalization
 0002:000000E8       ComCtrls.ComCtrls
 0001:00000724       ComCtrls.Finalization
 0002:000000D0       Controls.Controls
 0001:0000070C       Controls.Finalization
 0002:000000E0       Dialogs.Dialogs
 0001:0000071C       Dialogs.Finalization
 0002:000000F8       ExtCtrls.ExtCtrls
 0001:00000734       ExtCtrls.Finalization
 0001:0000074C       FlatSB.Finalization
 0002:00000110       FlatSB.FlatSB
 0001:000003BC       Forms.Finalization
 0002:00000008       Forms.Forms
 0001:0000075C       Generics.Collections.InCircularRange
 0001:00000764       Generics.Defaults._LookupVtableInfo
 0001:000006DC       Graphics.Finalization
 0002:000000A0       Graphics.Graphics
 0001:0000072C       GraphUtil.Finalization
 0002:000000F0       GraphUtil.GraphUtil
 0001:000006C4       HelpIntfs.Finalization
 0002:00000088       HelpIntfs.HelpIntfs
 0001:000006EC       IniFiles.Finalization
 0002:000000B0       IniFiles.IniFiles
 0001:000006FC       IOUtils.Finalization
 0002:000000C0       IOUtils.IOUtils
 0002:000000B8       IOUtils.TPath.Create@
 0001:000006F4       IOUtils.TPath.Destroy@
 0001:00000754       Logger.Printf
 0001:00000714       Menus.Finalization
 0002:000000D8       Menus.Menus
 0001:000006CC       MultiMon.Finalization
 0002:00000090       MultiMon.MultiMon
 0001:0000073C       Printers.Finalization
 0002:00000100       Printers.Printers
 0001:000006E4       Registry.Finalization
 0002:000000A8       Registry.Registry
 0004:00000050       SHA1..1
 0001:00003310       SHA1.f0
 0001:00003320       SHA1.f1
 0001:00003328       SHA1.f2
 0001:00003338       SHA1.f3
 0001:00003340       SHA1.Finalization
 0001:00002F18       SHA1.GetSha1
 0003:00000040       SHA1.K
 0004:00000054       SHA1.LogicalFunctions
 0002:00000134       SHA1.SHA1
 0001:00000584       SyncObjs.Finalization
 0002:00000030       SyncObjs.SyncObjs
 0001:00000340       SysInit.@InitPkg
 0001:000003A4       SysInit.@PackageLoad
 0001:000003B0       SysInit.@PackageUnload
 0001:00000230       SysInit.AllocTlsBuffer
 0001:000002EC       SysInit.ExitProcessTLS
 0001:000002B4       SysInit.ExitThreadTLS
 0001:000001F8       SysInit.FreeLibrary
 0001:0000023C       SysInit.GetTlsSize
 0004:00000004       SysInit.HInstance
 0001:00000310       SysInit.InitializeModule
 0001:00000288       SysInit.InitProcessTLS
 0001:00000244       SysInit.InitThreadTLS
 0001:00000200       SysInit.LocalAlloc
 0001:00000208       SysInit.LocalFree
 0003:00000004       SysInit.Module
 0004:00000000       SysInit.ModuleIsLib
 0004:00000001       SysInit.ModuleIsPackage
 0001:00000210       SysInit.TlsAlloc
 0004:00000008       SysInit.tlsBuffer
 0001:00000218       SysInit.TlsFree
 0001:00000220       SysInit.TlsGetValue
 0003:00000000       SysInit.TlsIndex
 0005:00000000       SysInit.TlsLast
 0003:00000020       SysInit.TlsProc
 0001:00000228       SysInit.TlsSetValue
 0001:0000031C       SysInit.UninitializeModule
 0001:00000028       System.@AbstractError
 0001:000000B0       System.@AfterConstruction
 0001:00000100       System.@Assert
 0001:000000B8       System.@BeforeDestruction
 0001:000000A0       System.@ClassCreate
 0001:000000A8       System.@ClassDestroy
 0001:000000D8       System.@DoneExcept
 0001:000001C8       System.@DynArrayAsg
 0001:000001C0       System.@DynArrayClear
 0001:000001B0       System.@DynArrayLength
 0001:000001B8       System.@DynArraySetLength
 0001:00000120       System.@EnsureAnsiString
 0001:00000118       System.@EnsureUnicodeString
 0001:00000030       System.@FillChar
 0001:000001A8       System.@FinalizeArray
 0001:00000008       System.@FreeMem
 0001:00000000       System.@GetMem
 0001:000000C0       System.@HandleAnyException
 0001:000000C8       System.@HandleFinally
 0001:000000F0       System.@InitWideStrings
 0001:000001E0       System.@IntfClear
 0001:000001E8       System.@IntfCopy
 0001:00000130       System.@LStrAddRef
 0001:00000110       System.@LStrArrayClr
 0001:00000108       System.@LStrClr
 0001:00000190       System.@LStrFromUStr
 0001:00000128       System.@LStrLen
 0001:00000138       System.@LStrToPChar
 0001:000000E0       System.@PackageLoad
 0001:000000E8       System.@PackageUnload
 0001:000000D0       System.@RaiseExcept
 0001:000000F8       System.@RunError
 0001:00000020       System.@TRUNC
 0001:00000140       System.@UniqueStringA
 0001:00000160       System.@UStrAddRef
 0001:00000170       System.@UStrArrayClr
 0001:000001A0       System.@UStrCatN
 0001:00000168       System.@UStrClr
 0001:00000188       System.@UStrFromPWChar
 0001:00000178       System.@UStrFromPWCharLen
 0001:00000180       System.@UStrFromWChar
 0001:00000198       System.@UStrLen
 0001:00000148       System.@WStrClr
 0001:00000158       System.@WStrLen
 0001:00000150       System.@WStrToPWChar
 0001:00000010       System.ExceptObject
 0001:000001F0       System.Finalization
 0001:00000018       System.Move
 0001:000001D0       System.RegisterModule
 0002:00000000       System.System
 0001:00000088       System.TObject.AfterConstruction
 0001:00000090       System.TObject.BeforeDestruction
 0001:00000048       System.TObject.Create
 0001:00000080       System.TObject.DefaultHandler
 0001:00000050       System.TObject.Destroy
 0001:00000098       System.TObject.Dispatch
 0001:00000060       System.TObject.Equals
 0001:00000058       System.TObject.Free
 0001:00000040       System.TObject.FreeInstance
 0001:00000068       System.TObject.GetHashCode
 0001:00000038       System.TObject.NewInstance
 0001:00000070       System.TObject.SafeCallException
 0001:00000078       System.TObject.ToString
 0001:000001D8       System.UnregisterModule
 0001:00000674       SysUtils.Exception.Create
 0002:00000060       SysUtils.Exception.Create@
 0001:0000067C       SysUtils.Exception.CreateRes
 0001:00000684       SysUtils.Exception.Destroy@
 0001:000006A4       SysUtils.Finalization
 0001:0000068C       SysUtils.FreeAndNil
 0001:00000664       SysUtils.IntToHex
 0001:0000066C       SysUtils.OutOfMemoryError
 0002:00000068       SysUtils.SysUtils
 0002:00000058       SysUtils.TEncoding.Create@
 0001:0000069C       SysUtils.TEncoding.Destroy@
 0002:00000050       SysUtils.TLanguages.Create@
 0001:00000694       SysUtils.TLanguages.Destroy@
 0001:00000704       Themes.Finalization
 0002:000000C8       Themes.Themes
 0002:00000080       TimeSpan.TTimeSpan.Create@
 0001:000006BC       TimeSpan.TTimeSpan.Destroy@
 0001:0000065C       TypInfo.Finalization
 0002:00000048       TypInfo.TypInfo
 0001:000003C4       UxTheme.Finalization
 0002:00000010       UxTheme.UxTheme
 0001:000006AC       Variants.Finalization
 0002:00000070       Variants.Variants
 0001:000006B4       VarUtils.Finalization
 0002:00000078       VarUtils.VarUtils
 0004:0000000C       Windows..2
 0001:00000564       Windows.Finalization
 0001:00000518       Windows.FreeLibrary
 0001:00000520       Windows.GetVersionEx
 0004:00000010       Windows.HtmlHelpModule
 0001:00000528       Windows.InitVersionInfo
 0003:00000030       Windows.Win32MajorVersion
 0003:00000034       Windows.Win32MinorVersion
 0003:00000038       Windows.Win32Platform
 0002:00000018       Windows.Windows


  Address             Publics by Value

 0001:00000000       System.@GetMem
 0001:00000008       System.@FreeMem
 0001:00000010       System.ExceptObject
 0001:00000018       System.Move
 0001:00000020       System.@TRUNC
 0001:00000028       System.@AbstractError
 0001:00000030       System.@FillChar
 0001:00000038       System.TObject.NewInstance
 0001:00000040       System.TObject.FreeInstance
 0001:00000048       System.TObject.Create
 0001:00000050       System.TObject.Destroy
 0001:00000058       System.TObject.Free
 0001:00000060       System.TObject.Equals
 0001:00000068       System.TObject.GetHashCode
 0001:00000070       System.TObject.SafeCallException
 0001:00000078       System.TObject.ToString
 0001:00000080       System.TObject.DefaultHandler
 0001:00000088       System.TObject.AfterConstruction
 0001:00000090       System.TObject.BeforeDestruction
 0001:00000098       System.TObject.Dispatch
 0001:000000A0       System.@ClassCreate
 0001:000000A8       System.@ClassDestroy
 0001:000000B0       System.@AfterConstruction
 0001:000000B8       System.@BeforeDestruction
 0001:000000C0       System.@HandleAnyException
 0001:000000C8       System.@HandleFinally
 0001:000000D0       System.@RaiseExcept
 0001:000000D8       System.@DoneExcept
 0001:000000E0       System.@PackageLoad
 0001:000000E8       System.@PackageUnload
 0001:000000F0       System.@InitWideStrings
 0001:000000F8       System.@RunError
 0001:00000100       System.@Assert
 0001:00000108       System.@LStrClr
 0001:00000110       System.@LStrArrayClr
 0001:00000118       System.@EnsureUnicodeString
 0001:00000120       System.@EnsureAnsiString
 0001:00000128       System.@LStrLen
 0001:00000130       System.@LStrAddRef
 0001:00000138       System.@LStrToPChar
 0001:00000140       System.@UniqueStringA
 0001:00000148       System.@WStrClr
 0001:00000150       System.@WStrToPWChar
 0001:00000158       System.@WStrLen
 0001:00000160       System.@UStrAddRef
 0001:00000168       System.@UStrClr
 0001:00000170       System.@UStrArrayClr
 0001:00000178       System.@UStrFromPWCharLen
 0001:00000180       System.@UStrFromWChar
 0001:00000188       System.@UStrFromPWChar
 0001:00000190       System.@LStrFromUStr
 0001:00000198       System.@UStrLen
 0001:000001A0       System.@UStrCatN
 0001:000001A8       System.@FinalizeArray
 0001:000001B0       System.@DynArrayLength
 0001:000001B8       System.@DynArraySetLength
 0001:000001C0       System.@DynArrayClear
 0001:000001C8       System.@DynArrayAsg
 0001:000001D0       System.RegisterModule
 0001:000001D8       System.UnregisterModule
 0001:000001E0       System.@IntfClear
 0001:000001E8       System.@IntfCopy
 0001:000001F0       System.Finalization
 0001:000001F8       SysInit.FreeLibrary
 0001:00000200       SysInit.LocalAlloc
 0001:00000208       SysInit.LocalFree
 0001:00000210       SysInit.TlsAlloc
 0001:00000218       SysInit.TlsFree
 0001:00000220       SysInit.TlsGetValue
 0001:00000228       SysInit.TlsSetValue
 0001:00000230       SysInit.AllocTlsBuffer
 0001:0000023C       SysInit.GetTlsSize
 0001:00000244       SysInit.InitThreadTLS
 0001:00000288       SysInit.InitProcessTLS
 0001:000002B4       SysInit.ExitThreadTLS
 0001:000002EC       SysInit.ExitProcessTLS
 0001:00000310       SysInit.InitializeModule
 0001:0000031C       SysInit.UninitializeModule
 0001:00000340       SysInit.@InitPkg
 0001:000003A4       SysInit.@PackageLoad
 0001:000003B0       SysInit.@PackageUnload
 0001:000003BC       Forms.Finalization
 0001:000003C4       UxTheme.Finalization
 0001:00000518       Windows.FreeLibrary
 0001:00000520       Windows.GetVersionEx
 0001:00000528       Windows.InitVersionInfo
 0001:00000564       Windows.Finalization
 0001:00000584       SyncObjs.Finalization
 0001:0000058C       Classes.RegisterComponents
 0001:00000594       Classes.TPersistent.Assign
 0001:0000059C       Classes.TPersistent.AssignTo
 0001:000005A4       Classes.TThread.Create
 0001:000005AC       Classes.TThread.Destroy
 0001:000005B4       Classes.TThread.Destroy@
 0001:000005BC       Classes.TThread.AfterConstruction
 0001:000005C4       Classes.TThread.DoTerminate
 0001:000005CC       Classes.TThread.Resume
 0001:000005D4       Classes.TThread.Terminate
 0001:000005DC       Classes.TThread.WaitFor
 0001:000005E4       Classes.TComponent.Create
 0001:000005EC       Classes.TComponent.Destroy
 0001:000005F4       Classes.TComponent.BeforeDestruction
 0001:000005FC       Classes.TComponent.Notification
 0001:00000604       Classes.TComponent.DefineProperties
 0001:0000060C       Classes.TComponent.Loaded
 0001:00000614       Classes.TComponent.ReadState
 0001:0000061C       Classes.TComponent.WriteState
 0001:00000624       Classes.TComponent.ValidateRename
 0001:0000062C       Classes.TComponent.SetName
 0001:00000634       Classes.TComponent.UpdateAction
 0001:0000063C       Classes.TComponent.SafeCallException
 0001:00000644       Classes.TComponent.UpdateRegistry
 0001:0000064C       Classes.TComponent.QueryInterface
 0001:00000654       Classes.Finalization
 0001:0000065C       TypInfo.Finalization
 0001:00000664       SysUtils.IntToHex
 0001:0000066C       SysUtils.OutOfMemoryError
 0001:00000674       SysUtils.Exception.Create
 0001:0000067C       SysUtils.Exception.CreateRes
 0001:00000684       SysUtils.Exception.Destroy@
 0001:0000068C       SysUtils.FreeAndNil
 0001:00000694       SysUtils.TLanguages.Destroy@
 0001:0000069C       SysUtils.TEncoding.Destroy@
 0001:000006A4       SysUtils.Finalization
 0001:000006AC       Variants.Finalization
 0001:000006B4       VarUtils.Finalization
 0001:000006BC       TimeSpan.TTimeSpan.Destroy@
 0001:000006C4       HelpIntfs.Finalization
 0001:000006CC       MultiMon.Finalization
 0001:000006D4       ActnList.Finalization
 0001:000006DC       Graphics.Finalization
 0001:000006E4       Registry.Finalization
 0001:000006EC       IniFiles.Finalization
 0001:000006F4       IOUtils.TPath.Destroy@
 0001:000006FC       IOUtils.Finalization
 0001:00000704       Themes.Finalization
 0001:0000070C       Controls.Finalization
 0001:00000714       Menus.Finalization
 0001:0000071C       Dialogs.Finalization
 0001:00000724       ComCtrls.Finalization
 0001:0000072C       GraphUtil.Finalization
 0001:00000734       ExtCtrls.Finalization
 0001:0000073C       Printers.Finalization
 0001:00000744       Clipbrd.Finalization
 0001:0000074C       FlatSB.Finalization
 0001:00000754       Logger.Printf
 0001:0000075C       Generics.Collections.InCircularRange
 0001:00000764       Generics.Defaults._LookupVtableInfo
 0001:00001988       ALPC_LPC_Define.NtAlpcSendWaitReceivePort
 0001:00001990       ALPC_LPC_Define.AlpcInitializeMessageAttribute
 0001:00001998       ALPC_LPC_Define.NtAlpcCreatePort
 0001:000019A0       ALPC_LPC_Define.NtAlpcAcceptConnectPort
 0001:000019A8       ALPC_LPC_Define.NtAlpcCreatePortSection
 0001:000019B0       ALPC_LPC_Define.NtAlpcCreateSectionView
 0001:000019B8       ALPC_LPC_Define.AlpcGetHeaderSize
 0001:000019C0       ALPC_LPC_Define.NtClose
 0001:000019C8       ALPC_LPC_Define.Finalization
 0001:000019FC       ALPC_Base..MessageStructures
 0001:00001CD0       ALPC_Base..AlpcMessageAttributes
 0001:00001E34       ALPC_Base..TAlpcCarrier
 0001:00002140       ALPC_Base..AlpcPortAttributes
 0001:00002294       ALPC_Base..ObjectAttributes
 0001:000023CC       ALPC_Base..AlpcTransportBase
 0001:000024A0       ALPC_Base.MessageStructures.Initialize
 0001:00002550       ALPC_Base.MessageStructures.Terminate
 0001:00002574       ALPC_Base.MessageStructures.Zero
 0001:000025BC       ALPC_Base.AlpcMessageAttributes.Initialize
 0001:00002688       ALPC_Base.AlpcMessageAttributes.Terminate
 0001:000026AC       ALPC_Base.AlpcMessageAttributes.AssignView
 0001:000026D0       ALPC_Base.AlpcMessageAttributes.AllocateFlags
 0001:000027EC       ALPC_Base.TAlpcCarrier.Create
 0001:00002860       ALPC_Base.TAlpcCarrier.Destroy
 0001:000028A8       ALPC_Base.TAlpcCarrier.Pop
 0001:000028F8       ALPC_Base.TAlpcCarrier.Pop_V2
 0001:00002914       ALPC_Base.TAlpcCarrier.Push
 0001:000029B4       ALPC_Base.TAlpcCarrier.Push_V2
 0001:000029F8       ALPC_Base.AlpcPortAttributes.Initialize
 0001:00002A5C       ALPC_Base.AlpcPortAttributes.Terminate
 0001:00002A70       ALPC_Base.ObjectAttributes.Initialize
 0001:00002AA4       ALPC_Base.ObjectAttributes.Terminate
 0001:00002AB8       ALPC_Base.AlpcTransportBase.CreateCarrier
 0001:00002AF8       ALPC_Base.AlpcTransportBase.CreateLocalView
 0001:00002B5C       ALPC_Base.AlpcTransportBase.Initialize
 0001:00002C00       ALPC_Base.AlpcTransportBase.NewMem
 0001:00002C7C       ALPC_Base.AlpcTransportBase.Recv
 0001:00002CE8       ALPC_Base.AlpcTransportBase.RTL_CONSTANT_STRING
 0001:00002D5C       ALPC_Base.AlpcTransportBase.Send
 0001:00002D9C       ALPC_Base.AlpcTransportBase.Send_Recv
 0001:00002E18       ALPC_Base.AlpcTransportBase.Terminate
 0001:00002EC0       ALPC_Base.Finalization
 0001:00002F18       SHA1.GetSha1
 0001:00003310       SHA1.f0
 0001:00003320       SHA1.f1
 0001:00003328       SHA1.f2
 0001:00003338       SHA1.f3
 0001:00003340       SHA1.Finalization
 0001:00003918       ALPC_Server..TServer.Tlauncher
 0001:00003A18       ALPC_Server..TServer
 0001:00003CA8       ALPC_Server..TEnumerator<TPair<ALPC_Server.THashTable,ALPC_Server.TPerformer>>
 0001:00003E0C       ALPC_Server..TEnumerable<TPair<ALPC_Server.THashTable,ALPC_Server.TPerformer>>
 0001:00004214       ALPC_Server..TEnumerator<ALPC_Server.THashTable>
 0001:0000433C       ALPC_Server..TEnumerable<ALPC_Server.THashTable>
 0001:00004440       ALPC_Server..TDictionary<ALPC_Server.THashTable,ALPC_Server.TPerformer>.TKeyEnumerator
 0001:00004628       ALPC_Server..TDictionary<ALPC_Server.THashTable,ALPC_Server.TPerformer>.TKeyCollection
 0001:00004800       ALPC_Server..TEnumerator<ALPC_Server.TPerformer>
 0001:00004928       ALPC_Server..TEnumerable<ALPC_Server.TPerformer>
 0001:00004A2C       ALPC_Server..TDictionary<ALPC_Server.THashTable,ALPC_Server.TPerformer>.TValueEnumerator
 0001:00004C18       ALPC_Server..TDictionary<ALPC_Server.THashTable,ALPC_Server.TPerformer>.TValueCollection
 0001:00004DF0       ALPC_Server..TDictionary<ALPC_Server.THashTable,ALPC_Server.TPerformer>.TPairEnumerator
 0001:00004FDC       ALPC_Server..TDictionary<ALPC_Server.THashTable,ALPC_Server.TPerformer>
 0001:000056B0       ALPC_Server.SyncSetBool
 0001:000056B8       ALPC_Server.TServer.callback
 0001:0000584C       ALPC_Server.TServer.Accept
 0001:000058F0       ALPC_Server.TServer.Create
 0001:00005918       ALPC_Server.TServer.Destroy
 0001:00005944       ALPC_Server.TServer.Initialize
 0001:00005990       ALPC_Server.TServer.start
 0001:00005AC4       ALPC_Server.TServer.stop
 0001:00005C10       ALPC_Server.TServer.Listen
 0001:00005E30       ALPC_Server.TServer.Terminate
 0001:00005E44       ALPC_Server.TServer.Tlauncher.Create
 0001:00005E8C       ALPC_Server.TServer.Tlauncher.Execute
 0001:00005E9C       ALPC_Server.GetHashTable
 0001:00005F00       ALPC_Server._StubViewer.pArg
 0001:00005F5C       ALPC_Server._StubViewer.pArg
 0001:00005FC8       ALPC_Server._StubViewer.pArg
 0001:00006038       ALPC_Server._StubViewer.pArg
 0001:00006060       ALPC_Server._StubViewer.GetFuncID
 0001:00006074       ALPC_Server._StubViewer.IsSucessful
 0001:000060D8       ALPC_Server._StubViewer.EncodeDynamicData
 0001:0000619C       ALPC_Server._StubViewer.DecodeDynamicData
 0001:000061F8       ALPC_Server._StubViewer.Marshal
 0001:000061FC       ALPC_Server._StubViewer.FillServerCache
 0001:00006204       ALPC_Server._StubViewer.PopErrMessage
 0001:00006218       ALPC_Server._StubViewer.PushErrMessage
 0001:00006280       ALPC_Server._StubViewer.SetFuncID
 0001:0000630C       ALPC_Server._StubViewer.Sign
 0001:0000631C       ALPC_Server.AddFunc
 0001:00006390       ALPC_Server.Register
 0001:000063C8       ALPC_Server.Finalization
 0001:000063E8       ALPC_Server.TPair<ALPC_Server.THashTable,ALPC_Server.TPerformer>.Create
 0001:00006400       ALPC_Server.TEnumerable<TPair<ALPC_Server.THashTable,ALPC_Server.TPerformer>>.GetEnumerator
 0001:00006408       ALPC_Server.TEnumerator<TPair<ALPC_Server.THashTable,ALPC_Server.TPerformer>>.MoveNext
 0001:00006410       ALPC_Server.TDictionary<ALPC_Server.THashTable,ALPC_Server.TPerformer>.SetCapacity
 0001:00006450       ALPC_Server.TDictionary<ALPC_Server.THashTable,ALPC_Server.TPerformer>.Rehash
 0001:00006538       ALPC_Server.TDictionary<ALPC_Server.THashTable,ALPC_Server.TPerformer>.Grow
 0001:0000655C       ALPC_Server.TDictionary<ALPC_Server.THashTable,ALPC_Server.TPerformer>.GetBucketIndex
 0001:000065D8       ALPC_Server.TDictionary<ALPC_Server.THashTable,ALPC_Server.TPerformer>.Hash
 0001:000065F8       ALPC_Server.TDictionary<ALPC_Server.THashTable,ALPC_Server.TPerformer>.GetItem
 0001:0000663C       ALPC_Server.TDictionary<ALPC_Server.THashTable,ALPC_Server.TPerformer>.RehashAdd
 0001:00006690       ALPC_Server.TDictionary<ALPC_Server.THashTable,ALPC_Server.TPerformer>.DoAdd
 0001:000066F0       ALPC_Server.TDictionary<ALPC_Server.THashTable,ALPC_Server.TPerformer>.DoSetValue
 0001:00006724       ALPC_Server.TDictionary<ALPC_Server.THashTable,ALPC_Server.TPerformer>.DoRemove
 0001:0000681C       ALPC_Server.TDictionary<ALPC_Server.THashTable,ALPC_Server.TPerformer>.DoGetEnumerator
 0001:00006824       ALPC_Server.TDictionary<ALPC_Server.THashTable,ALPC_Server.TPerformer>.KeyNotify
 0001:0000683C       ALPC_Server.TDictionary<ALPC_Server.THashTable,ALPC_Server.TPerformer>.ValueNotify
 0001:00006854       ALPC_Server.TDictionary<ALPC_Server.THashTable,ALPC_Server.TPerformer>.Create
 0001:0000688C       ALPC_Server.TDictionary<ALPC_Server.THashTable,ALPC_Server.TPerformer>.Create
 0001:000068C4       ALPC_Server.TDictionary<ALPC_Server.THashTable,ALPC_Server.TPerformer>.Create
 0001:0000697C       ALPC_Server.TDictionary<ALPC_Server.THashTable,ALPC_Server.TPerformer>.Create
 0001:00006A2C       ALPC_Server.TDictionary<ALPC_Server.THashTable,ALPC_Server.TPerformer>.Create
 0001:00006AE0       ALPC_Server.TDictionary<ALPC_Server.THashTable,ALPC_Server.TPerformer>.Destroy
 0001:00006B1C       ALPC_Server.TDictionary<ALPC_Server.THashTable,ALPC_Server.TPerformer>.Add
 0001:00006B80       ALPC_Server.TDictionary<ALPC_Server.THashTable,ALPC_Server.TPerformer>.Remove
 0001:00006BA0       ALPC_Server.TDictionary<ALPC_Server.THashTable,ALPC_Server.TPerformer>.ExtractPair
 0001:00006BE4       ALPC_Server.TDictionary<ALPC_Server.THashTable,ALPC_Server.TPerformer>.Clear
 0001:00006CB4       ALPC_Server.TDictionary<ALPC_Server.THashTable,ALPC_Server.TPerformer>.TrimExcess
 0001:00006CC0       ALPC_Server.TDictionary<ALPC_Server.THashTable,ALPC_Server.TPerformer>.TryGetValue
 0001:00006D00       ALPC_Server.TDictionary<ALPC_Server.THashTable,ALPC_Server.TPerformer>.AddOrSetValue
 0001:00006D5C       ALPC_Server.TDictionary<ALPC_Server.THashTable,ALPC_Server.TPerformer>.ContainsKey
 0001:00006D80       ALPC_Server.TDictionary<ALPC_Server.THashTable,ALPC_Server.TPerformer>.ContainsValue
 0001:00006E14       ALPC_Server.TDictionary<ALPC_Server.THashTable,ALPC_Server.TPerformer>.GetKeys
 0001:00006E34       ALPC_Server.TDictionary<ALPC_Server.THashTable,ALPC_Server.TPerformer>.GetValues
 0001:00006E54       ALPC_Server.TDictionary<ALPC_Server.THashTable,ALPC_Server.TPerformer>.GetEnumerator
 0001:00006E64       ALPC_Server.TEnumerable<ALPC_Server.THashTable>.GetEnumerator
 0001:00006E6C       ALPC_Server.TEnumerator<ALPC_Server.THashTable>.MoveNext
 0001:00006E74       ALPC_Server.TDictionary<ALPC_Server.THashTable,ALPC_Server.TPerformer>.TKeyCollection.GetCount
 0001:00006E7C       ALPC_Server.TDictionary<ALPC_Server.THashTable,ALPC_Server.TPerformer>.TKeyCollection.DoGetEnumerator
 0001:00006E84       ALPC_Server.TDictionary<ALPC_Server.THashTable,ALPC_Server.TPerformer>.TKeyCollection.Create
 0001:00006EC0       ALPC_Server.TDictionary<ALPC_Server.THashTable,ALPC_Server.TPerformer>.TKeyCollection.GetEnumerator
 0001:00006ED0       ALPC_Server.TDictionary<ALPC_Server.THashTable,ALPC_Server.TPerformer>.TKeyEnumerator.GetCurrent
 0001:00006EF0       ALPC_Server.TDictionary<ALPC_Server.THashTable,ALPC_Server.TPerformer>.TKeyEnumerator.DoGetCurrent
 0001:00006F04       ALPC_Server.TDictionary<ALPC_Server.THashTable,ALPC_Server.TPerformer>.TKeyEnumerator.DoMoveNext
 0001:00006F0C       ALPC_Server.TDictionary<ALPC_Server.THashTable,ALPC_Server.TPerformer>.TKeyEnumerator.Create
 0001:00006F50       ALPC_Server.TDictionary<ALPC_Server.THashTable,ALPC_Server.TPerformer>.TKeyEnumerator.MoveNext
 0001:00006F88       ALPC_Server.TEnumerable<ALPC_Server.TPerformer>.GetEnumerator
 0001:00006F90       ALPC_Server.TEnumerator<ALPC_Server.TPerformer>.MoveNext
 0001:00006F98       ALPC_Server.TDictionary<ALPC_Server.THashTable,ALPC_Server.TPerformer>.TValueCollection.GetCount
 0001:00006FA0       ALPC_Server.TDictionary<ALPC_Server.THashTable,ALPC_Server.TPerformer>.TValueCollection.DoGetEnumerator
 0001:00006FA8       ALPC_Server.TDictionary<ALPC_Server.THashTable,ALPC_Server.TPerformer>.TValueCollection.Create
 0001:00006FE4       ALPC_Server.TDictionary<ALPC_Server.THashTable,ALPC_Server.TPerformer>.TValueCollection.GetEnumerator
 0001:00006FF4       ALPC_Server.TDictionary<ALPC_Server.THashTable,ALPC_Server.TPerformer>.TValueEnumerator.GetCurrent
 0001:00007004       ALPC_Server.TDictionary<ALPC_Server.THashTable,ALPC_Server.TPerformer>.TValueEnumerator.DoGetCurrent
 0001:0000700C       ALPC_Server.TDictionary<ALPC_Server.THashTable,ALPC_Server.TPerformer>.TValueEnumerator.DoMoveNext
 0001:00007014       ALPC_Server.TDictionary<ALPC_Server.THashTable,ALPC_Server.TPerformer>.TValueEnumerator.Create
 0001:00007058       ALPC_Server.TDictionary<ALPC_Server.THashTable,ALPC_Server.TPerformer>.TValueEnumerator.MoveNext
 0001:00007090       ALPC_Server.TDictionary<ALPC_Server.THashTable,ALPC_Server.TPerformer>.TPairEnumerator.GetCurrent
 0001:000070C0       ALPC_Server.TDictionary<ALPC_Server.THashTable,ALPC_Server.TPerformer>.TPairEnumerator.DoGetCurrent
 0001:000070D4       ALPC_Server.TDictionary<ALPC_Server.THashTable,ALPC_Server.TPerformer>.TPairEnumerator.DoMoveNext
 0001:000070DC       ALPC_Server.TDictionary<ALPC_Server.THashTable,ALPC_Server.TPerformer>.TPairEnumerator.Create
 0001:00007120       ALPC_Server.TDictionary<ALPC_Server.THashTable,ALPC_Server.TPerformer>.TPairEnumerator.MoveNext
 0001:00007158       ALPC_Server.TEqualityComparer<ALPC_Server.THashTable>.Default
 0001:00007178       ALPC_Server.TEqualityComparer<ALPC_Server.TPerformer>.Default
 0001:000075EC       .NtAlpcServer.@GetPackageInfoTable
 0001:000075F4       .NtAlpcServer.@PackageLoad
 0001:00007600       .NtAlpcServer.@PackageUnload
 0002:00000000       System.System
 0002:00000008       Forms.Forms
 0002:00000010       UxTheme.UxTheme
 0002:00000018       Windows.Windows
 0002:00000030       SyncObjs.SyncObjs
 0002:00000038       Classes.TThread.Create@
 0002:00000040       Classes.Classes
 0002:00000048       TypInfo.TypInfo
 0002:00000050       SysUtils.TLanguages.Create@
 0002:00000058       SysUtils.TEncoding.Create@
 0002:00000060       SysUtils.Exception.Create@
 0002:00000068       SysUtils.SysUtils
 0002:00000070       Variants.Variants
 0002:00000078       VarUtils.VarUtils
 0002:00000080       TimeSpan.TTimeSpan.Create@
 0002:00000088       HelpIntfs.HelpIntfs
 0002:00000090       MultiMon.MultiMon
 0002:00000098       ActnList.ActnList
 0002:000000A0       Graphics.Graphics
 0002:000000A8       Registry.Registry
 0002:000000B0       IniFiles.IniFiles
 0002:000000B8       IOUtils.TPath.Create@
 0002:000000C0       IOUtils.IOUtils
 0002:000000C8       Themes.Themes
 0002:000000D0       Controls.Controls
 0002:000000D8       Menus.Menus
 0002:000000E0       Dialogs.Dialogs
 0002:000000E8       ComCtrls.ComCtrls
 0002:000000F0       GraphUtil.GraphUtil
 0002:000000F8       ExtCtrls.ExtCtrls
 0002:00000100       Printers.Printers
 0002:00000108       Clipbrd.Clipbrd
 0002:00000110       FlatSB.FlatSB
 0002:00000118       ALPC_LPC_Define.ALPC_LPC_Define
 0002:00000120       ALPC_Base.ALPC_Base
 0002:00000134       SHA1.SHA1
 0002:00000168       ALPC_Server.ALPC_Server
 0002:000001D8       .NtAlpcServer..NtAlpcServer
 0003:00000000       SysInit.TlsIndex
 0003:00000004       SysInit.Module
 0003:00000020       SysInit.TlsProc
 0003:00000030       Windows.Win32MajorVersion
 0003:00000034       Windows.Win32MinorVersion
 0003:00000038       Windows.Win32Platform
 0003:0000003C       ALPC_Base.rpc_mark
 0003:00000040       SHA1.K
 0004:00000000       SysInit.ModuleIsLib
 0004:00000001       SysInit.ModuleIsPackage
 0004:00000004       SysInit.HInstance
 0004:00000008       SysInit.tlsBuffer
 0004:0000000C       Windows..2
 0004:00000010       Windows.HtmlHelpModule
 0004:00000014       ALPC_LPC_Define..1
 0004:00000018       ALPC_Base.AlpcTransportBase.fBlock
 0004:0000001C       ALPC_Base.AlpcTransportBase.fSectionHandle
 0004:00000020       ALPC_Base.AlpcTransportBase.fAllocatedSectionSize
 0004:00000024       ALPC_Base.AlpcTransportBase.fDataSizeOfQuotaIfNotUseView
 0004:00000028       ALPC_Base.AlpcTransportBase.fMsgAttrAllocatedFlags
 0004:0000002C       ALPC_Base.AlpcTransportBase.fPortAttr
 0004:00000030       ALPC_Base.AlpcTransportBase.fObjectAttr
 0004:00000034       ALPC_Base.AlpcTransportBase.pSender
 0004:00000038       ALPC_Base.AlpcTransportBase.pReciver
 0004:0000003C       ALPC_Base.AlpcTransportBase.fPortHandle
 0004:00000040       ALPC_Base.AlpcTransportBase.pPortName
 0004:00000044       ALPC_Base.AlpcTransportBase.pLocalView
 0004:00000048       ALPC_Base.AlpcTransportBase.fMessageSize
 0004:0000004C       ALPC_Base..7
 0004:00000050       SHA1..1
 0004:00000054       SHA1.LogicalFunctions
 0004:00000064       ALPC_Server.Initialize
 0004:0000006C       ALPC_Server.StartServer
 0004:00000074       ALPC_Server.StopServer
 0004:0000007C       ALPC_Server..1
 0004:00000080       ALPC_Server.Functions
 0004:00000084       ALPC_Server.Server
 0005:00000000       SysInit.TlsLast


Line numbers for ALPC_LPC_Define(..\ALPC_LPC_Define.Pas) segment .text

   466 0001:00001988   471 0001:00001990   476 0001:00001998   484 0001:000019A0
   493 0001:000019A8   497 0001:000019B0   518 0001:000019B8   558 0001:000019C0

Line numbers for ALPC_LPC_Define(..\ALPC_LPC_Define.Pas) segment .itext

   590 0002:00000118

Line numbers for ALPC_Base(..\ALPC_Base.Pas) segment .text

   180 0001:000024A0   181 0001:000024A9   182 0001:000024AD   184 0001:000024B3
   185 0001:000024B9   186 0001:00002534   187 0001:0000253A   188 0001:00002540
   189 0001:00002544   192 0001:00002550   193 0001:00002551   194 0001:00002570
   198 0001:00002574   199 0001:00002578   201 0001:0000258A   202 0001:0000258C
   204 0001:00002596   205 0001:000025A2   206 0001:000025B0   207 0001:000025B4
   212 0001:000025BC   213 0001:000025C8   214 0001:000025CD   215 0001:000025DB
   216 0001:000025E3   217 0001:0000265D   218 0001:00002663   228 0001:00002669
   229 0001:00002673   230 0001:00002678   233 0001:00002688   234 0001:00002689
   235 0001:000026A8   238 0001:000026AC   239 0001:000026AD   241 0001:000026B7
   242 0001:000026BB   243 0001:000026C1   244 0001:000026C7   247 0001:000026CD
   252 0001:000026D0   253 0001:000026DA   254 0001:000026DF   255 0001:000026F9
   257 0001:0000270B   259 0001:00002719   260 0001:00002721   263 0001:0000272A
   265 0001:00002738   266 0001:00002741   269 0001:0000274A   271 0001:00002758
   272 0001:00002761   275 0001:0000276A   277 0001:00002778   278 0001:00002781
   281 0001:0000278A   283 0001:00002798   284 0001:000027A1   287 0001:000027AA
   289 0001:000027B8   290 0001:000027C1   293 0001:000027CA   295 0001:000027D8
   298 0001:000027E1   299 0001:000027E3   306 0001:000027EC   307 0001:00002806
   308 0001:00002817   309 0001:00002821   310 0001:00002832   311 0001:0000283C
   316 0001:00002860   318 0001:0000286B   319 0001:00002873   321 0001:0000287B
   322 0001:00002883   324 0001:0000288B   325 0001:00002897   330 0001:000028A8
   331 0001:000028AE   333 0001:000028BA   334 0001:000028C5   338 0001:000028E4
   340 0001:000028F3   343 0001:000028F8   344 0001:000028F9   345 0001:00002911
   349 0001:00002914   350 0001:0000291D   351 0001:0000292F   352 0001:0000293B
   354 0001:0000293F   355 0001:00002943   356 0001:00002950   357 0001:0000295B
   358 0001:00002969   362 0001:0000297E   363 0001:00002982   364 0001:00002992
   365 0001:0000299D   368 0001:000029AD   371 0001:000029B4   372 0001:000029BA
   373 0001:000029CC   374 0001:000029D7   376 0001:000029DF   378 0001:000029F5
   383 0001:000029F8   384 0001:00002A02   385 0001:00002A11   386 0001:00002A13
   387 0001:00002A19   388 0001:00002A1E   389 0001:00002A25   390 0001:00002A2C
   391 0001:00002A33   392 0001:00002A3A   393 0001:00002A41   394 0001:00002A48
   395 0001:00002A4F   396 0001:00002A53   397 0001:00002A57   401 0001:00002A5C
   402 0001:00002A6F   407 0001:00002A70   408 0001:00002A77   409 0001:00002A86
   410 0001:00002A94   411 0001:00002A9D   412 0001:00002AA0   416 0001:00002AA4
   417 0001:00002AB7   427 0001:00002AB8   431 0001:00002AD6   436 0001:00002AF4
   441 0001:00002AF8   443 0001:00002AF9   451 0001:00002B13   453 0001:00002B17
   454 0001:00002B25   455 0001:00002B33   456 0001:00002B3C   457 0001:00002B46
   463 0001:00002B59   469 0001:00002B5C   470 0001:00002B68   471 0001:00002B77
   472 0001:00002B86   473 0001:00002B95   474 0001:00002BA6   475 0001:00002BB5
   476 0001:00002BC6   477 0001:00002BD6   478 0001:00002BDC   479 0001:00002BE6
   480 0001:00002BEE   481 0001:00002BF6   485 0001:00002C00   486 0001:00002C0C
   487 0001:00002C73   491 0001:00002C7C   492 0001:00002C80   502 0001:00002CB1
   504 0001:00002CB5   506 0001:00002CC1   514 0001:00002CE8   516 0001:00002CEF
   517 0001:00002CFA   518 0001:00002D0B   519 0001:00002D14   520 0001:00002D1C
   521 0001:00002D24   522 0001:00002D3E   523 0001:00002D55   527 0001:00002D5C
   528 0001:00002D5F   529 0001:00002D6E   539 0001:00002D9A   543 0001:00002D9C
   544 0001:00002DA3   548 0001:00002DB4   558 0001:00002DFF   560 0001:00002E03
   562 0001:00002E0F   566 0001:00002E18   568 0001:00002E21   569 0001:00002E2B
   571 0001:00002E35   573 0001:00002E3E   574 0001:00002E48   576 0001:00002E52
   577 0001:00002E65   578 0001:00002E78   579 0001:00002E90   580 0001:00002EA8
   581 0001:00002EBC

Line numbers for ALPC_Base(..\ALPC_Base.Pas) segment .itext

   583 0002:00000120

Line numbers for SHA1(SHA1.pas) segment .text

    55 0001:00002F18    56 0001:00002F61    57 0001:00002F69    58 0001:00002F77
    59 0001:00002F85    60 0001:00002F93    61 0001:00002FA1    64 0001:00002FAF
    65 0001:00002FB1    66 0001:00002FB4    67 0001:00002FB9    68 0001:00002FBB
    69 0001:00002FBE    71 0001:00002FC1    73 0001:00002FCE    77 0001:00002FD3
    79 0001:00002FD9    83 0001:00002FDE    87 0001:00002FE2    88 0001:00002FEB
    91 0001:00002FF6    92 0001:00002FF7    93 0001:00002FF8    94 0001:00002FFB
    95 0001:00002FFE    96 0001:00003001    97 0001:00003004    98 0001:00003005
    99 0001:00003007   100 0001:00003009   101 0001:0000300C   102 0001:00003011
   103 0001:00003013   104 0001:00003015   105 0001:00003017   106 0001:00003018
   109 0001:00003019   110 0001:00003023   112 0001:00003038   113 0001:00003042
   110 0001:00003045   114 0001:0000304A   116 0001:00003056   117 0001:00003061
   118 0001:0000306C   119 0001:00003077   121 0001:00003082   122 0001:00003090
   123 0001:0000309E   124 0001:000030AC   127 0001:000030BA   128 0001:000030BD
   129 0001:000030C0   131 0001:000030C3   132 0001:000030C5   133 0001:000030C7
   134 0001:000030C9   135 0001:000030CC   136 0001:000030CD   139 0001:000030CF
   143 0001:000030E6   145 0001:000030EE   146 0001:00003102   143 0001:00003106
   148 0001:0000310B   150 0001:00003116   152 0001:00003124   153 0001:00003127
   154 0001:00003129   156 0001:0000312C   157 0001:00003132   148 0001:00003136
   159 0001:0000313B   160 0001:00003141   161 0001:00003147   162 0001:0000314D
   163 0001:00003153   167 0001:00003159   170 0001:00003161   171 0001:00003164
   172 0001:00003167   174 0001:0000316A   175 0001:00003177   176 0001:000031A0
   177 0001:000031A6   179 0001:000031AC   180 0001:000031AF   181 0001:000031B2
   183 0001:000031B5   184 0001:000031BB   185 0001:000031BE   167 0001:000031C2
   189 0001:000031C7   190 0001:000031D9   191 0001:000031EB   192 0001:000031FD
   193 0001:0000320F   194 0001:00003221   139 0001:00003224   195 0001:0000322D
   197 0001:00003235   200 0001:000032E4   205 0001:00003310   206 0001:00003311
   207 0001:00003313   208 0001:00003315   209 0001:00003317   210 0001:00003319
   211 0001:0000331B   212 0001:0000331C   217 0001:00003320   218 0001:00003322
   219 0001:00003324   224 0001:00003328   225 0001:00003329   226 0001:0000332B
   227 0001:0000332D   228 0001:0000332F   229 0001:00003331   230 0001:00003333
   231 0001:00003335   232 0001:00003336   237 0001:00003338   238 0001:0000333A
   239 0001:0000333C

Line numbers for SHA1(SHA1.pas) segment .itext

   241 0002:00000134   244 0002:0000013D   245 0002:00000147   246 0002:00000151
   247 0002:0000015B   249 0002:00000165

Line numbers for ALPC_Server(..\ALPC_Server.Pas) segment .text

    86 0001:000056B0    91 0001:000056B8    92 0001:000056D9    94 0001:000056DE
    95 0001:000056EC    96 0001:0000570A    99 0001:00005723   100 0001:0000572F
   101 0001:00005738   103 0001:00005745   105 0001:00005749   106 0001:00005752
   107 0001:00005759   108 0001:00005763   112 0001:0000576D   113 0001:00005779
   114 0001:00005782   117 0001:0000579B   118 0001:000057BB   120 0001:000057C9
   128 0001:0000584C   129 0001:00005859   130 0001:0000585E   131 0001:0000586D
   132 0001:0000587B   133 0001:0000588C   138 0001:000058D0   139 0001:000058D8
   141 0001:000058E8   144 0001:000058F0   145 0001:000058FC   146 0001:00005901
   156 0001:00005918   157 0001:00005923   158 0001:0000592A   159 0001:00005936
   163 0001:00005944   166 0001:00005962   167 0001:0000598C   170 0001:00005990
   172 0001:00005994   174 0001:0000599A   175 0001:000059B4   176 0001:000059C7
   177 0001:000059CE   179 0001:000059D5   182 0001:00005AC4   184 0001:00005AC7
   186 0001:00005ACD   187 0001:00005AE7   188 0001:00005AF2   189 0001:00005AFF
   190 0001:00005B07   191 0001:00005B0F   192 0001:00005B17   195 0001:00005B20
   200 0001:00005C10   201 0001:00005C1A   202 0001:00005C23   204 0001:00005C2D
   206 0001:00005C37   207 0001:00005C43   209 0001:00005C55   210 0001:00005C68
   213 0001:00005C81   216 0001:00005CBA   218 0001:00005CC2   221 0001:00005CF3
   226 0001:00005D04   227 0001:00005D30   229 0001:00005D51   232 0001:00005D7E
   234 0001:00005D82   239 0001:00005D95   241 0001:00005DA3   243 0001:00005DAC
   244 0001:00005DB8   248 0001:00005DCF   258 0001:00005DD6   259 0001:00005DDE
   211 0001:00005DF2   262 0001:00005DFF   265 0001:00005E30   266 0001:00005E33
   267 0001:00005E3A   268 0001:00005E41   275 0001:00005E44   276 0001:00005E59
   277 0001:00005E64   278 0001:00005E6E   281 0001:00005E8C   283 0001:00005E8D
   284 0001:00005E91   285 0001:00005E99

Line numbers for ALPC_Server(StubViewerBody.Inc) segment .text

    13 0001:00005E9C    14 0001:00005EBC    15 0001:00005EDC    20 0001:00005F00
    21 0001:00005F0A    22 0001:00005F0C    24 0001:00005F1D    25 0001:00005F2B
    31 0001:00005F52    34 0001:00005F5C    35 0001:00005F77    36 0001:00005F79
    38 0001:00005F8A    39 0001:00005F98    45 0001:00005FBE    48 0001:00005FC8
    49 0001:00005FD2    50 0001:00005FD4    52 0001:00005FE5    53 0001:00005FF3
    54 0001:00006009    60 0001:00006031    63 0001:00006038    64 0001:00006041
    65 0001:0000605B    70 0001:00006060    71 0001:00006062    72 0001:0000606F
    75 0001:00006074    76 0001:0000608E    77 0001:0000609C    79 0001:000060A0
    80 0001:000060A4    82 0001:000060B3    91 0001:000060D8    92 0001:000060DF
    93 0001:000060E3    94 0001:000060E8    95 0001:000060F8    96 0001:000060FE
    98 0001:00006108   100 0001:00006119   101 0001:0000612A   102 0001:0000614F
   103 0001:0000615D   104 0001:0000616E   105 0001:0000617F   106 0001:0000618F
    98 0001:00006190   108 0001:00006193   114 0001:0000619C   115 0001:000061A3
   116 0001:000061AF   117 0001:000061BC   119 0001:000061CD   120 0001:000061DE
   121 0001:000061EC   117 0001:000061ED   122 0001:000061F0   127 0001:000061F8
   128 0001:000061FB   132 0001:000061FC   133 0001:00006203   136 0001:00006204
   137 0001:0000620A   138 0001:00006214   141 0001:00006218   142 0001:00006238
   143 0001:0000625C   148 0001:00006280   149 0001:0000629B   150 0001:000062B5
   151 0001:000062E1   155 0001:0000630C

Line numbers for ALPC_Server(..\ALPC_Server.Pas) segment .text

   287 0001:0000631A   292 0001:0000631C   293 0001:00006337   294 0001:00006351
   295 0001:00006367   298 0001:00006390   299 0001:00006391   300 0001:000063A7
   312 0001:000063C8   313 0001:000063DA   315 0001:000063E4

Line numbers for ALPC_Server(..\ALPC_Server.Pas) segment .itext

   302 0002:00000168   304 0002:00000171   305 0002:00000184   306 0002:00000195
   307 0002:000001AA   308 0002:000001BF   310 0002:000001D4

Line numbers for .NtAlpcServer(NtAlpcServer.dpk) segment .itext

    40 0002:000001D8

Bound resource files

NtAlpcServer.res
NtAlpcServer.drf


Program entry point at 0002:000001D8
